============================= test session starts ==============================
platform linux -- Python 3.12.3, pytest-8.3.3, pluggy-1.6.0 -- /home/ubuntu/kittygram/backend/venv/bin/python
django: version: 5.1.1, settings: kittygram_backend.settings (from ini)
rootdir: /home/ubuntu/kittygram
configfile: pytest.ini
plugins: pythonpath-0.7.3, django-4.9.0
collecting ... collected 6 items

tests/test_connection.py::test_link_connection[name_taski] FAILED        [ 16%]
tests/test_connection.py::test_link_connection[name_kittygram] PASSED    [ 33%]
tests/test_connection.py::test_projects_on_same_ip PASSED                [ 50%]
tests/test_connection.py::test_kittygram_static_is_available PASSED      [ 66%]
tests/test_connection.py::test_kittygram_api_available PASSED            [ 83%]
tests/test_connection.py::test_kittygram_images_availability PASSED      [100%]

=================================== FAILURES ===================================
_______________________ test_link_connection[name_taski] _______________________

deploy_info_file = (PosixPath('/home/ubuntu/kittygram/infra/kittygram_site.txt'), 'infra/kittygram_site.txt')
deploy_info_file_content = {'IP': '158.160.253.163', 'login': 'admin1', 'name_kittygram': 'https://hworkpract.zapto.org', 'name_taski': 'https://hworkpract.zapto.org/taski', ...}
link_key = 'name_taski'

    def test_link_connection(
            deploy_info_file: tuple[Path, str],
            deploy_info_file_content: dict[str, str],
            link_key: str
    ) -> None:
        link = _get_validated_link(deploy_info_file, deploy_info_file_content,
                                   link_key)
        response = _make_safe_request(link)
        cats_project_name = 'Kittygram'
        taski_project_name = 'Taski'
        assert_msg_template = (
            f'Убедитесь, что по ссылке `{link}` доступен проект '
            '`{project_name}`.'
        )
        if link_key == 'name_kittygram':
            assert cats_project_name in response.text, (
                assert_msg_template.format(project_name=cats_project_name)
            )
        else:
            assert_msg = assert_msg_template.format(
                project_name=taski_project_name
            )
            js_link = _get_js_link(response)
            assert js_link, assert_msg
            try:
                taski_response = requests.get(f'{link}/{js_link}')
            except requests.exceptions.ConnectionError:
                raise AssertionError(assert_msg)
            assert taski_response.status_code == HTTPStatus.OK, assert_msg
>           assert taski_project_name in taski_response.text, assert_msg
E           AssertionError: Убедитесь, что по ссылке `https://hworkpract.zapto.org/taski` доступен проект `Taski`.
E           assert 'Taski' in '/*! For license information please see main.8fbb4784.js.LICENSE.txt */\n!function(){var e={110:function(e,t,n){"use strict";var r=n(309),a={childContextTypes:!0,contextType:!0,contextTypes:!0,defaultProps:!0,displayName:!0,getDefaultProps:!0,getDerivedStateFromError:!0,getDerivedStateFromProps:!0,mixins:!0,propTypes:!0,type:!0},o={name:!0,length:!0,prototype:!0,caller:!0,callee:!0,arguments:!0,arity:!0},l={$$typeof:!0,compare:!0,defaultProps:!0,displayName:!0,propTypes:!0,type:!0},i={};function u(e){return r.isMemo(e)?l:i[e.$$typeof]||a}i[r.ForwardRef]={$$typeof:!0,render:!0,defaultProps:!0,displayName:!0,propTypes:!0},i[r.Memo]=l;var c=Object.defineProperty,s=Object.getOwnPropertyNames,f=Object.getOwnPropertySymbols,d=Object.getOwnPropertyDescriptor,p=Object.getPrototypeOf,h=Object.prototype;e.exports=function e(t,n,r){if("string"!==typeof n){if(h){var a=p(n);a&&a!==h&&e(t,a,r)}var l=s(n);f&&(l=l.concat(f(n)));for(var i=u(t),m=u(n),v=0;v<l.length;++v){var g=l[v];if(!o[g]&&(!r||!r[g])&&(!m||!m[g])&&(!i||!i[g])){var y=d(n,g);try{c(t,g,y)}catch(b){}}}}return t}},746:function(e,t){"use strict";var n="function"===typeof Symbol&&Symbol.for,r=n?Symbol.for("react.element"):60103,a=n?Symbol.for("react.portal"):60106,o=n?Symbol.for("react.fragment"):60107,l=n?Symbol.for("react.strict_mode"):60108,i=n?Symbol.for("react.profiler"):60114,u=n?Symbol.for("react.provider"):60109,c=n?Symbol.for("react.context"):60110,s=n?Symbol.for("react.async_mode"):60111,f=n?Symbol.for("react.concurrent_mode"):60111,d=n?Symbol.for("react.forward_ref"):60112,p=n?Symbol.for("react.suspense"):60113,h=n?Symbol.for("react.suspense_list"):60120,m=n?Symbol.for("react.memo"):60115,v=n?Symbol.for("react.lazy"):60116,g=n?Symbol.for("react.block"):60121,y=n?Symbol.for("react.fundamental"):60117,b=n?Symbol.for("react.responder"):60118,_=n?Symbol.for("react.scope"):60119;function x(e){if("object"===typeof e&&null!==e){var t=e.$$typeof;switch(t){case r:switch(e=e.type){case s:case f:case o:case i:case l:case p:return e;default:switch(e=e&&e.$$typeof){case c:case d:case v:case m:case u:return e;default:return t}}case a:return t}}}function w(e){return x(e)===f}t.AsyncMode=s,t.ConcurrentMode=f,t.ContextConsumer=c,t.ContextProvider=u,t.Element=r,t.ForwardRef=d,t.Fragment=o,t.Lazy=v,t.Memo=m,t.Portal=a,t.Profiler=i,t.StrictMode=l,t.Suspense=p,t.isAsyncMode=function(e){return w(e)||x(e)===s},t.isConcurrentMode=w,t.isContextConsumer=function(e){return x(e)===c},t.isContextProvider=function(e){return x(e)===u},t.isElement=function(e){return"object"===typeof e&&null!==e&&e.$$typeof===r},t.isForwardRef=function(e){return x(e)===d},t.isFragment=function(e){return x(e)===o},t.isLazy=function(e){return x(e)===v},t.isMemo=function(e){return x(e)===m},t.isPortal=function(e){return x(e)===a},t.isProfiler=function(e){return x(e)===i},t.isStrictMode=function(e){return x(e)===l},t.isSuspense=function(e){return x(e)===p},t.isValidElementType=function(e){return"string"===typeof e||"function"===typeof e||e===o||e===f||e===i||e===l||e===p||e===h||"object"===typeof e&&null!==e&&(e.$$typeof===v||e.$$typeof===m||e.$$typeof===u||e.$$typeof===c||e.$$typeof===d||e.$$typeof===y||e.$$typeof===b||e.$$typeof===_||e.$$typeof===g)},t.typeOf=x},309:function(e,t,n){"use strict";e.exports=n(746)},725:function(e){"use strict";var t=Object.getOwnPropertySymbols,n=Object.prototype.hasOwnProperty,r=Object.prototype.propertyIsEnumerable;function a(e){if(null===e||void 0===e)throw new TypeError("Object.assign cannot be called with null or undefined");return Object(e)}e.exports=function(){try{if(!Object.assign)return!1;var e=new String("abc");if(e[5]="de","5"===Object.getOwnPropertyNames(e)[0])return!1;for(var t={},n=0;n<10;n++)t["_"+String.fromCharCode(n)]=n;if("0123456789"!==Object.getOwnPropertyNames(t).map((function(e){return t[e]})).join(""))return!1;var r={};return"abcdefghijklmnopqrst".split("").forEach((function(e){r[e]=e})),"abcdefghijklmnopqrst"===Object.keys(Object.assign({},r)).join("")}catch(a){return!1}}()?Object.assign:function(e,o){for(var l,i,u=a(e),c=1;c<arguments.length;c++){for(var s in l=Object(arguments[c]))n.call(l,s)&&(u[s]=l[s]);if(t){i=t(l);for(var f=0;f<i.length;f++)r.call(l,i[f])&&(u[i[f]]=l[i[f]])}}return u}},888:function(e,t,n){"use strict";var r=n(47);function a(){}function o(){}o.resetWarningCache=a,e.exports=function(){function e(e,t,n,a,o,l){if(l!==r){var i=new Error("Calling PropTypes validators directly is not supported by the `prop-types` package. Use PropTypes.checkPropTypes() to call them. Read more at http://fb.me/use-check-prop-types");throw i.name="Invariant Violation",i}}function t(){return e}e.isRequired=e;var n={array:e,bigint:e,bool:e,func:e,number:e,object:e,string:e,symbol:e,any:e,arrayOf:t,element:e,elementType:e,instanceOf:t,node:e,objectOf:t,oneOf:t,oneOfType:t,shape:t,exact:t,checkPropTypes:o,resetWarningCache:a};return n.PropTypes=n,n}},7:function(e,t,n){e.exports=n(888)()},47:function(e){"use strict";e.exports="SECRET_DO_NOT_PASS_THIS_OR_YOU_WILL_BE_FIRED"},463:function(e,t,n){"use strict";var r=n(791),a=n(725),o=n(296);function l(e){for(var t="https://reactjs.org/docs/error-decoder.html?invariant="+e,n=1;n<arguments.length;n++)t+="&args[]="+encodeURIComponent(arguments[n]);return"Minified React error #"+e+"; visit "+t+" for the full message or use the non-minified dev environment for full errors and additional helpful warnings."}if(!r)throw Error(l(227));var i=new Set,u={};function c(e,t){s(e,t),s(e+"Capture",t)}function s(e,t){for(u[e]=t,e=0;e<t.length;e++)i.add(t[e])}var f=!("undefined"===typeof window||"undefined"===typeof window.document||"undefined"===typeof window.document.createElement),d=/^[:A-Z_a-z\\u00C0-\\u00D6\\u00D8-\\u00F6\\u00F8-\\u02FF\\u0370-\\u037D\\u037F-\\u1FFF\\u200C-\\u200D\\u2070-\\u218F\\u2C00-\\u2FEF\\u3001-\\uD7FF\\uF900-\\uFDCF\\uFDF0-\\uFFFD][:A-Z_a-z\\u00C0-\\u00D6\\u00D8-\\u00F6\\u00F8-\\u02FF\\u0370-\\u037D\\u037F-\\u1FFF\\u200C-\\u200D\\u2070-\\u218F\\u2C00-\\u2FEF\\u3001-\\uD7FF\\uF900-\\uFDCF\\uFDF0-\\uFFFD\\-.0-9\\u00B7\\u0300-\\u036F\\u203F-\\u2040]*$/,p=Object.prototype.hasOwnProperty,h={},m={};function v(e,t,n,r,a,o,l){this.acceptsBooleans=2===t||3===t||4===t,this.attributeName=r,this.attributeNamespace=a,this.mustUseProperty=n,this.propertyName=e,this.type=t,this.sanitizeURL=o,this.removeEmptyString=l}var g={};"children dangerouslySetInnerHTML defaultValue defaultChecked innerHTML suppressContentEditableWarning suppressHydrationWarning style".split(" ").forEach((function(e){g[e]=new v(e,0,!1,e,null,!1,!1)})),[["acceptCharset","accept-charset"],["className","class"],["htmlFor","for"],["httpEquiv","http-equiv"]].forEach((function(e){var t=e[0];g[t]=new v(t,1,!1,e[1],null,!1,!1)})),["contentEditable","draggable","spellCheck","value"].forEach((function(e){g[e]=new v(e,2,!1,e.toLowerCase(),null,!1,!1)})),["autoReverse","externalResourcesRequired","focusable","preserveAlpha"].forEach((function(e){g[e]=new v(e,2,!1,e,null,!1,!1)})),"allowFullScreen async autoFocus autoPlay controls default defer disabled disablePictureInPicture disableRemotePlayback formNoValidate hidden loop noModule noValidate open playsInline readOnly required reversed scoped seamless itemScope".split(" ").forEach((function(e){g[e]=new v(e,3,!1,e.toLowerCase(),null,!1,!1)})),["checked","multiple","muted","selected"].forEach((function(e){g[e]=new v(e,3,!0,e,null,!1,!1)})),["capture","download"].forEach((function(e){g[e]=new v(e,4,!1,e,null,!1,!1)})),["cols","rows","size","span"].forEach((function(e){g[e]=new v(e,6,!1,e,null,!1,!1)})),["rowSpan","start"].forEach((function(e){g[e]=new v(e,5,!1,e.toLowerCase(),null,!1,!1)}));var y=/[\\-:]([a-z])/g;function b(e){return e[1].toUpperCase()}function _(e,t,n,r){var a=g.hasOwnProperty(t)?g[t]:null;(null!==a?0===a.type:!r&&(2<t.length&&("o"===t[0]||"O"===t[0])&&("n"===t[1]||"N"===t[1])))||(function(e,t,n,r){if(null===t||"undefined"===typeof t||function(e,t,n,r){if(null!==n&&0===n.type)return!1;switch(typeof t){case"function":case"symbol":return!0;case"boolean":return!r&&(null!==n?!n.acceptsBooleans:"data-"!==(e=e.toLowerCase().slice(0,5))&&"aria-"!==e);default:return!1}}(e,t,n,r))return!0;if(r)return!1;if(null!==n)switch(n.type){case 3:return!t;case 4:return!1===t;case 5:return isNaN(t);case 6:return isNaN(t)||1>t}return!1}(t,n,a,r)&&(n=null),r||null===a?function(e){return!!p.call(m,e)||!p.call(h,e)&&(d.test(e)?m[e]=!0:(h[e]=!0,!1))}(t)&&(null===n?e.removeAttribute(t):e.setAttribute(t,""+n)):a.mustUseProperty?e[a.propertyName]=null===n?3!==a.type&&"":n:(t=a.attributeName,r=a.attributeNamespace,null===n?e.removeAttribute(t):(n=3===(a=a.type)||4===a&&!0===n?"":""+n,r?e.setAttributeNS(r,t,n):e.setAttribute(t,n))))}"accent-height alignment-baseline arabic-form baseline-shift cap-height clip-path clip-rule color-interpolation color-interpolation-filters color-profile color-rendering dominant-baseline enable-background fill-opacity fill-rule flood-color flood-opacity font-family font-size font-size-adjust font-stretch font-style font-variant font-weight glyph-name glyph-orientation-horizontal glyph-orientation-vertical horiz-adv-x horiz-origin-x image-rendering letter-spacing lighting-color marker-end marker-mid marker-start overline-position overline-thickness paint-order panose-1 pointer-events rendering-intent shape-rendering stop-color stop-opacity strikethrough-position strikethrough-thickness stroke-dasharray stroke-dashoffset stroke-linecap stroke-linejoin stroke-miterlimit stroke-opacity stroke-width text-anchor text-decoration text-rendering underline-position underline-thickness unicode-bidi unicode-range units-per-em v-alphabetic v-hanging v-ideographic v-mathematical vector-effect vert-adv-y vert-origin-x vert-origin-y word-spacing writing-mode xmlns:xlink x-height".split(" ").forEach((function(e){var t=e.replace(y,b);g[t]=new v(t,1,!1,e,null,!1,!1)})),"xlink:actuate xlink:arcrole xlink:role xlink:show xlink:title xlink:type".split(" ").forEach((function(e){var t=e.replace(y,b);g[t]=new v(t,1,!1,e,"http://www.w3.org/1999/xlink",!1,!1)})),["xml:base","xml:lang","xml:space"].forEach((function(e){var t=e.replace(y,b);g[t]=new v(t,1,!1,e,"http://www.w3.org/XML/1998/namespace",!1,!1)})),["tabIndex","crossOrigin"].forEach((function(e){g[e]=new v(e,1,!1,e.toLowerCase(),null,!1,!1)})),g.xlinkHref=new v("xlinkHref",1,!1,"xlink:href","http://www.w3.org/1999/xlink",!0,!1),["src","href","action","formAction"].forEach((function(e){g[e]=new v(e,1,!1,e.toLowerCase(),null,!0,!0)}));var x=r.__SECRET_INTERNALS_DO_NOT_USE_OR_YOU_WILL_BE_FIRED,w=60103,k=60106,S=60107,C=60108,E=60114,N=60109,P=60110,j=60112,O=60113,T=60120,L=60115,F=60116,z=60121,R=60128,M=60129,I=60130,A=60131;if("function"===typeof Symbol&&Symbol.for){var D=Symbol.for;w=D("react.element"),k=D("react.portal"),S=D("react.fragment"),C=D("react.strict_mode"),E=D("react.profiler"),N=D("react.provider"),P=D("react.context"),j=D("react.forward_ref"),O=D("react.suspense"),T=D("react.suspense_list"),L=D("react.memo"),F=D("react.lazy"),z=D("react.block"),D("react.scope"),R=D("react.opaque.id"),M=D("react.debug_trace_mode"),I=D("react.offscreen"),A=D("react.legacy_hidden")}var U,$="function"===typeof Symbol&&Symbol.iterator;function B(e){return null===e||"object"!==typeof e?null:"function"===typeof(e=$&&e[$]||e["@@iterator"])?e:null}function V(e){if(void 0===U)try{throw Error()}catch(n){var t=n.stack.trim().match(/\\n( *(at )?)/);U=t&&t[1]||""}return"\\n"+U+e}var W=!1;function H(e,t){if(!e||W)return"";W=!0;var n=Error.prepareStackTrace;Error.prepareStackTrace=void 0;try{if(t)if(t=function(){throw Error()},Object.defineProperty(t.prototype,"props",{set:function(){throw Error()}}),"object"===typeof Reflect&&Reflect.construct){try{Reflect.construct(t,[])}catch(u){var r=u}Reflect.construct(e,[],t)}else{try{t.call()}catch(u){r=u}e.call(t.prototype)}else{try{throw Error()}catch(u){r=u}e()}}catch(u){if(u&&r&&"string"===typeof u.stack){for(var a=u.stack.split("\\n"),o=r.stack.split("\\n"),l=a.length-1,i=o.length-1;1<=l&&0<=i&&a[l]!==o[i];)i--;for(;1<=l&&0<=i;l--,i--)if(a[l]!==o[i]){if(1!==l||1!==i)do{if(l--,0>--i||a[l]!==o[i])return"\\n"+a[l].replace(" at new "," at ")}while(1<=l&&0<=i);break}}}finally{W=!1,Error.prepareStackTrace=n}return(e=e?e.displayName||e.name:"")?V(e):""}function Q(e){switch(e.tag){case 5:return V(e.type);case 16:return V("Lazy");case 13:return V("Suspense");case 19:return V("SuspenseList");case 0:case 2:case 15:return e=H(e.type,!1);case 11:return e=H(e.type.render,!1);case 22:return e=H(e.type._render,!1);case 1:return e=H(e.type,!0);default:return""}}function q(e){if(null==e)return null;if("function"===typeof e)return e.displayName||e.name||null;if("string"===typeof e)return e;switch(e){case S:return"Fragment";case k:return"Portal";case E:return"Profiler";case C:return"StrictMode";case O:return"Suspense";case T:return"SuspenseList"}if("object"===typeof e)switch(e.$$typeof){case P:return(e.displayName||"Context")+".Consumer";case N:return(e._context.displayName||"Context")+".Provider";case j:var t=e.render;return t=t.displayName||t.name||"",e.displayName||(""!==t?"ForwardRef("+t+")":"ForwardRef");case L:return q(e.type);case z:return q(e._render);case F:t=e._payload,e=e._init;try{return q(e(t))}catch(n){}}return null}function K(e){switch(typeof e){case"boolean":case"number":case"object":case"string":case"undefined":return e;default:return""}}function Y(e){var t=e.type;return(e=e.nodeName)&&"input"===e.toLowerCase()&&("checkbox"===t||"radio"===t)}function X(e){e._valueTracker||(e._valueTracker=function(e){var t=Y(e)?"checked":"value",n=Object.getOwnPropertyDescriptor(e.constructor.prototype,t),r=""+e[t];if(!e.hasOwnProperty(t)&&"undefined"!==typeof n&&"function"===typeof n.get&&"function"===typeof n.set){var a=n.get,o=n.set;return Object.defineProperty(e,t,{configurable:!0,get:function(){return a.call(this)},set:function(e){r=""+e,o.call(this,e)}}),Object.defineProperty(e,t,{enumerable:n.enumerable}),{getValue:function(){return r},setValue:function(e){r=""+e},stopTracking:function(){e._valueTracker=null,delete e[t]}}}}(e))}function G(e){if(!e)return!1;var t=e._valueTracker;if(!t)return!0;var n=t.getValue(),r="";return e&&(r=Y(e)?e.checked?"true":"false":e.value),(e=r)!==n&&(t.setValue(e),!0)}function J(e){if("undefined"===typeof(e=e||("undefined"!==typeof document?document:void 0)))return null;try{return e.activeElement||e.body}catch(t){return e.body}}function Z(e,t){var n=t.checked;return a({},t,{defaultChecked:void 0,defaultValue:void 0,value:void 0,checked:null!=n?n:e._wrapperState.initialChecked})}function ee(e,t){var n=null==t.defaultValue?"":t.defaultValue,r=null!=t.checked?t.checked:t.defaultChecked;n=K(null!=t.value?t.value:n),e._wrapperState={initialChecked:r,initialValue:n,controlled:"checkbox"===t.type||"radio"===t.type?null!=t.checked:null!=t.value}}function te(e,t){null!=(t=t.checked)&&_(e,"checked",t,!1)}function ne(e,t){te(e,t);var n=K(t.value),r=t.type;if(null!=n)"number"===r?(0===n&&""===e.value||e.value!=n)&&(e.value=""+n):e.value!==""+n&&(e.value=""+n);else if("submit"===r||"reset"===r)return void e.removeAttribute("value");t.hasOwnProperty("value")?ae(e,t.type,n):t.hasOwnProperty("defaultValue")&&ae(e,t.type,K(t.defaultValue)),null==t.checked&&null!=t.defaultChecked&&(e.defaultChecked=!!t.defaultChecked)}function re(e,t,n){if(t.hasOwnProperty("value")||t.hasOwnProperty("defaultValue")){var r=t.type;if(!("submit"!==r&&"reset"!==r||void 0!==t.value&&null!==t.value))return;t=""+e._wrapperState.initialValue,n||t===e.value||(e.value=t),e.defaultValue=t}""!==(n=e.name)&&(e.name=""),e.defaultChecked=!!e._wrapperState.initialChecked,""!==n&&(e.name=n)}function ae(e,t,n){"number"===t&&J(e.ownerDocument)===e||(null==n?e.defaultValue=""+e._wrapperState.initialValue:e.defaultValue!==""+n&&(e.defaultValue=""+n))}function oe(e,t){return e=a({children:void 0},t),(t=function(e){var t="";return r.Children.forEach(e,(function(e){null!=e&&(t+=e)})),t}(t.children))&&(e.children=t),e}function le(e,t,n,r){if(e=e.options,t){t={};for(var a=0;a<n.length;a++)t["$"+n[a]]=!0;for(n=0;n<e.length;n++)a=t.hasOwnProperty("$"+e[n].value),e[n].selected!==a&&(e[n].selected=a),a&&r&&(e[n].defaultSelected=!0)}else{for(n=""+K(n),t=null,a=0;a<e.length;a++){if(e[a].value===n)return e[a].selected=!0,void(r&&(e[a].defaultSelected=!0));null!==t||e[a].disabled||(t=e[a])}null!==t&&(t.selected=!0)}}function ie(e,t){if(null!=t.dangerouslySetInnerHTML)throw Error(l(91));return a({},t,{value:void 0,defaultValue:void 0,children:""+e._wrapperState.initialValue})}function ue(e,t){var n=t.value;if(null==n){if(n=t.children,t=t.defaultValue,null!=n){if(null!=t)throw Error(l(92));if(Array.isArray(n)){if(!(1>=n.length))throw Error(l(93));n=n[0]}t=n}null==t&&(t=""),n=t}e._wrapperState={initialValue:K(n)}}function ce(e,t){var n=K(t.value),r=K(t.defaultValue);null!=n&&((n=""+n)!==e.value&&(e.value=n),null==t.defaultValue&&e.defaultValue!==n&&(e.defaultValue=n)),null!=r&&(e.defaultValue=""+r)}function se(e){var t=e.textContent;t===e._wrapperState.initialValue&&""!==t&&null!==t&&(e.value=t)}var fe="http://www.w3.org/1999/xhtml",de="http://www.w3.org/2000/svg";function pe(e){switch(e){case"svg":return"http://www.w3.org/2000/svg";case"math":return"http://www.w3.org/1998/Math/MathML";default:return"http://www.w3.org/1999/xhtml"}}function he(e,t){return null==e||"http://www.w3.org/1999/xhtml"===e?pe(t):"http://www.w3.org/2000/svg"===e&&"foreignObject"===t?"http://www.w3.org/1999/xhtml":e}var me,ve,ge=(ve=function(e,t){if(e.namespaceURI!==de||"innerHTML"in e)e.innerHTML=t;else{for((me=me||document.createElement("div")).innerHTML="<svg>"+t.valueOf().toString()+"</svg>",t=me.firstChild;e.firstChild;)e.removeChild(e.firstChild);for(;t.firstChild;)e.appendChild(t.firstChild)}},"undefined"!==typeof MSApp&&MSApp.execUnsafeLocalFunction?function(e,t,n,r){MSApp.execUnsafeLocalFunction((function(){return ve(e,t)}))}:ve);function ye(e,t){if(t){var n=e.firstChild;if(n&&n===e.lastChild&&3===n.nodeType)return void(n.nodeValue=t)}e.textContent=t}var be={animationIterationCount:!0,borderImageOutset:!0,borderImageSlice:!0,borderImageWidth:!0,boxFlex:!0,boxFlexGroup:!0,boxOrdinalGroup:!0,columnCount:!0,columns:!0,flex:!0,flexGrow:!0,flexPositive:!0,flexShrink:!0,flexNegative:!0,flexOrder:!0,gridArea:!0,gridRow:!0,gridRowEnd:!0,gridRowSpan:!0,gridRowStart:!0,gridColumn:!0,gridColumnEnd:!0,gridColumnSpan:!0,gridColumnStart:!0,fontWeight:!0,lineClamp:!0,lineHeight:!0,opacity:!0,order:!0,orphans:!0,tabSize:!0,widows:!0,zIndex:!0,zoom:!0,fillOpacity:!0,floodOpacity:!0,stopOpacity:!0,strokeDasharray:!0,strokeDashoffset:!0,strokeMiterlimit:!0,strokeOpacity:!0,strokeWidth:!0},_e=["Webkit","ms","Moz","O"];function xe(e,t,n){return null==t||"boolean"===typeof t||""===t?"":n||"number"!==typeof t||0===t||be.hasOwnProperty(e)&&be[e]?(""+t).trim():t+"px"}function we(e,t){for(var n in e=e.style,t)if(t.hasOwnProperty(n)){var r=0===n.indexOf("--"),a=xe(n,t[n],r);"float"===n&&(n="cssFloat"),r?e.setProperty(n,a):e[n]=a}}Object.keys(be).forEach((function(e){_e.forEach((function(t){t=t+e.charAt(0).toUpperCase()+e.substring(1),be[t]=be[e]}))}));var ke=a({menuitem:!0},{area:!0,base:!0,br:!0,col:!0,embed:!0,hr:!0,img:!0,input:!0,keygen:!0,link:!0,meta:!0,param:!0,source:!0,track:!0,wbr:!0});function Se(e,t){if(t){if(ke[e]&&(null!=t.children||null!=t.dangerouslySetInnerHTML))throw Error(l(137,e));if(null!=t.dangerouslySetInnerHTML){if(null!=t.children)throw Error(l(60));if("object"!==typeof t.dangerouslySetInnerHTML||!("__html"in t.dangerouslySetInnerHTML))throw Error(l(61))}if(null!=t.style&&"object"!==typeof t.style)throw Error(l(62))}}function Ce(e,t){if(-1===e.indexOf("-"))return"string"===typeof t.is;switch(e){case"annotation-xml":case"color-profile":case"font-face":case"font-face-src":case"font-face-uri":case"font-face-format":case"font-face-name":case"missing-glyph":return!1;default:return!0}}function Ee(e){return(e=e.target||e.srcElement||window).correspondingUseElement&&(e=e.correspondingUseElement),3===e.nodeType?e.parentNode:e}var Ne=null,Pe=null,je=null;function Oe(e){if(e=ra(e)){if("function"!==typeof Ne)throw Error(l(280));var t=e.stateNode;t&&(t=oa(t),Ne(e.stateNode,e.type,t))}}function Te(e){Pe?je?je.push(e):je=[e]:Pe=e}function Le(){if(Pe){var e=Pe,t=je;if(je=Pe=null,Oe(e),t)for(e=0;e<t.length;e++)Oe(t[e])}}function Fe(e,t){return e(t)}function ze(e,t,n,r,a){return e(t,n,r,a)}function Re(){}var Me=Fe,Ie=!1,Ae=!1;function De(){null===Pe&&null===je||(Re(),Le())}function Ue(e,t){var n=e.stateNode;if(null===n)return null;var r=oa(n);if(null===r)return null;n=r[t];e:switch(t){case"onClick":case"onClickCapture":case"onDoubleClick":case"onDoubleClickCapture":case"onMouseDown":case"onMouseDownCapture":case"onMouseMove":case"onMouseMoveCapture":case"onMouseUp":case"onMouseUpCapture":case"onMouseEnter":(r=!r.disabled)||(r=!("button"===(e=e.type)||"input"===e||"select"===e||"textarea"===e)),e=!r;break e;default:e=!1}if(e)return null;if(n&&"function"!==typeof n)throw Error(l(231,t,typeof n));return n}var $e=!1;if(f)try{var Be={};Object.defineProperty(Be,"passive",{get:function(){$e=!0}}),window.addEventListener("test",Be,Be),window.removeEventListener("test",Be,Be)}catch(ve){$e=!1}function Ve(e,t,n,r,a,o,l,i,u){var c=Array.prototype.slice.call(arguments,3);try{t.apply(n,c)}catch(s){this.onError(s)}}var We=!1,He=null,Qe=!1,qe=null,Ke={onError:function(e){We=!0,He=e}};function Ye(e,t,n,r,a,o,l,i,u){We=!1,He=null,Ve.apply(Ke,arguments)}function Xe(e){var t=e,n=e;if(e.alternate)for(;t.return;)t=t.return;else{e=t;do{0!==(1026&(t=e).flags)&&(n=t.return),e=t.return}while(e)}return 3===t.tag?n:null}function Ge(e){if(13===e.tag){var t=e.memoizedState;if(null===t&&(null!==(e=e.alternate)&&(t=e.memoizedState)),null!==t)return t.dehydrated}return null}function Je(e){if(Xe(e)!==e)throw Error(l(188))}function Ze(e){if(e=function(e){var t=e.alternate;if(!t){if(null===(t=Xe(e)))throw Error(l(188));return t!==e?null:e}for(var n=e,r=t;;){var a=n.return;if(null===a)break;var o=a.alternate;if(null===o){if(null!==(r=a.return)){n=r;continue}break}if(a.child===o.child){for(o=a.child;o;){if(o===n)return Je(a),e;if(o===r)return Je(a),t;o=o.sibling}throw Error(l(188))}if(n.return!==r.return)n=a,r=o;else{for(var i=!1,u=a.child;u;){if(u===n){i=!0,n=a,r=o;break}if(u===r){i=!0,r=a,n=o;break}u=u.sibling}if(!i){for(u=o.child;u;){if(u===n){i=!0,n=o,r=a;break}if(u===r){i=!0,r=o,n=a;break}u=u.sibling}if(!i)throw Error(l(189))}}if(n.alternate!==r)throw Error(l(190))}if(3!==n.tag)throw Error(l(188));return n.stateNode.current===n?e:t}(e),!e)return null;for(var t=e;;){if(5===t.tag||6===t.tag)return t;if(t.child)t.child.return=t,t=t.child;else{if(t===e)break;for(;!t.sibling;){if(!t.return||t.return===e)return null;t=t.return}t.sibling.return=t.return,t=t.sibling}}return null}function et(e,t){for(var n=e.alternate;null!==t;){if(t===e||t===n)return!0;t=t.return}return!1}var tt,nt,rt,at,ot=!1,lt=[],it=null,ut=null,ct=null,st=new Map,ft=new Map,dt=[],pt="mousedown mouseup touchcancel touchend touchstart auxclick dblclick pointercancel pointerdown pointerup dragend dragstart drop compositionend compositionstart keydown keypress keyup input textInput copy cut paste click change contextmenu reset submit".split(" ");function ht(e,t,n,r,a){return{blockedOn:e,domEventName:t,eventSystemFlags:16|n,nativeEvent:a,targetContainers:[r]}}function mt(e,t){switch(e){case"focusin":case"focusout":it=null;break;case"dragenter":case"dragleave":ut=null;break;case"mouseover":case"mouseout":ct=null;break;case"pointerover":case"pointerout":st.delete(t.pointerId);break;case"gotpointercapture":case"lostpointercapture":ft.delete(t.pointerId)}}function vt(e,t,n,r,a,o){return null===e||e.nativeEvent!==o?(e=ht(t,n,r,a,o),null!==t&&(null!==(t=ra(t))&&nt(t)),e):(e.eventSystemFlags|=r,t=e.targetContainers,null!==a&&-1===t.indexOf(a)&&t.push(a),e)}function gt(e){var t=na(e.target);if(null!==t){var n=Xe(t);if(null!==n)if(13===(t=n.tag)){if(null!==(t=Ge(n)))return e.blockedOn=t,void at(e.lanePriority,(function(){o.unstable_runWithPriority(e.priority,(function(){rt(n)}))}))}else if(3===t&&n.stateNode.hydrate)return void(e.blockedOn=3===n.tag?n.stateNode.containerInfo:null)}e.blockedOn=null}function yt(e){if(null!==e.blockedOn)return!1;for(var t=e.targetContainers;0<t.length;){var n=Zt(e.domEventName,e.eventSystemFlags,t[0],e.nativeEvent);if(null!==n)return null!==(t=ra(n))&&nt(t),e.blockedOn=n,!1;t.shift()}return!0}function bt(e,t,n){yt(e)&&n.delete(t)}function _t(){for(ot=!1;0<lt.length;){var e=lt[0];if(null!==e.blockedOn){null!==(e=ra(e.blockedOn))&&tt(e);break}for(var t=e.targetContainers;0<t.length;){var n=Zt(e.domEventName,e.eventSystemFlags,t[0],e.nativeEvent);if(null!==n){e.blockedOn=n;break}t.shift()}null===e.blockedOn&&lt.shift()}null!==it&&yt(it)&&(it=null),null!==ut&&yt(ut)&&(ut=null),null!==ct&&yt(ct)&&(ct=null),st.forEach(bt),ft.forEach(bt)}function xt(e,t){e.blockedOn===t&&(e.blockedOn=null,ot||(ot=!0,o.unstable_scheduleCallback(o.unstable_NormalPriority,_t)))}function wt(e){function t(t){return xt(t,e)}if(0<lt.length){xt(lt[0],e);for(var n=1;n<lt.length;n++){var r=lt[n];r.blockedOn===e&&(r.blockedOn=null)}}for(null!==it&&xt(it,e),null!==ut&&xt(ut,e),null!==ct&&xt(ct,e),st.forEach(t),ft.forEach(t),n=0;n<dt.length;n++)(r=dt[n]).blockedOn===e&&(r.blockedOn=null);for(;0<dt.length&&null===(n=dt[0]).blockedOn;)gt(n),null===n.blockedOn&&dt.shift()}function kt(e,t){var n={};return n[e.toLowerCase()]=t.toLowerCase(),n["Webkit"+e]="webkit"+t,n["Moz"+e]="moz"+t,n}var St={animationend:kt("Animation","AnimationEnd"),animationiteration:kt("Animation","AnimationIteration"),animationstart:kt("Animation","AnimationStart"),transitionend:kt("Transition","TransitionEnd")},Ct={},Et={};function Nt(e){if(Ct[e])return Ct[e];if(!St[e])return e;var t,n=St[e];for(t in n)if(n.hasOwnProperty(t)&&t in Et)return Ct[e]=n[t];return e}f&&(Et=document.createElement("div").style,"AnimationEvent"in window||(delete St.animationend.animation,delete St.animationiteration.animation,delete St.animationstart.animation),"TransitionEvent"in window||delete St.transitionend.transition);var Pt=Nt("animationend"),jt=Nt("animationiteration"),Ot=Nt("animationstart"),Tt=Nt("transitionend"),Lt=new Map,Ft=new Map,zt=["abort","abort",Pt,"animationEnd",jt,"animationIteration",Ot,"animationStart","canplay","canPlay","canplaythrough","canPlayThrough","durationchange","durationChange","emptied","emptied","encrypted","encrypted","ended","ended","error","error","gotpointercapture","gotPointerCapture","load","load","loadeddata","loadedData","loadedmetadata","loadedMetadata","loadstart","loadStart","lostpointercapture","lostPointerCapture","playing","playing","progress","progress","seeking","seeking","stalled","stalled","suspend","suspend","timeupdate","timeUpdate",Tt,"transitionEnd","waiting","waiting"];function Rt(e,t){for(var n=0;n<e.length;n+=2){var r=e[n],a=e[n+1];a="on"+(a[0].toUpperCase()+a.slice(1)),Ft.set(r,t),Lt.set(r,a),c(a,[r])}}(0,o.unstable_now)();var Mt=8;function It(e){if(0!==(1&e))return Mt=15,1;if(0!==(2&e))return Mt=14,2;if(0!==(4&e))return Mt=13,4;var t=24&e;return 0!==t?(Mt=12,t):0!==(32&e)?(Mt=11,32):0!==(t=192&e)?(Mt=10,t):0!==(256&e)?(Mt=9,256):0!==(t=3584&e)?(Mt=8,t):0!==(4096&e)?(Mt=7,4096):0!==(t=4186112&e)?(Mt=6,t):0!==(t=62914560&e)?(Mt=5,t):67108864&e?(Mt=4,67108864):0!==(134217728&e)?(Mt=3,134217728):0!==(t=805306368&e)?(Mt=2,t):0!==(1073741824&e)?(Mt=1,1073741824):(Mt=8,e)}function At(e,t){var n=e.pendingLanes;if(0===n)return Mt=0;var r=0,a=0,o=e.expiredLanes,l=e.suspendedLanes,i=e.pingedLanes;if(0!==o)r=o,a=Mt=15;else if(0!==(o=134217727&n)){var u=o&~l;0!==u?(r=It(u),a=Mt):0!==(i&=o)&&(r=It(i),a=Mt)}else 0!==(o=n&~l)?(r=It(o),a=Mt):0!==i&&(r=It(i),a=Mt);if(0===r)return 0;if(r=n&((0>(r=31-Wt(r))?0:1<<r)<<1)-1,0!==t&&t!==r&&0===(t&l)){if(It(t),a<=Mt)return t;Mt=a}if(0!==(t=e.entangledLanes))for(e=e.entanglements,t&=r;0<t;)a=1<<(n=31-Wt(t)),r|=e[n],t&=~a;return r}function Dt(e){return 0!==(e=-1073741825&e.pendingLanes)?e:1073741824&e?1073741824:0}function Ut(e,t){switch(e){case 15:return 1;case 14:return 2;case 12:return 0===(e=$t(24&~t))?Ut(10,t):e;case 10:return 0===(e=$t(192&~t))?Ut(8,t):e;case 8:return 0===(e=$t(3584&~t))&&(0===(e=$t(4186112&~t))&&(e=512)),e;case 2:return 0===(t=$t(805306368&~t))&&(t=268435456),t}throw Error(l(358,e))}function $t(e){return e&-e}function Bt(e){for(var t=[],n=0;31>n;n++)t.push(e);return t}function Vt(e,t,n){e.pendingLanes|=t;var r=t-1;e.suspendedLanes&=r,e.pingedLanes&=r,(e=e.eventTimes)[t=31-Wt(t)]=n}var Wt=Math.clz32?Math.clz32:function(e){return 0===e?32:31-(Ht(e)/Qt|0)|0},Ht=Math.log,Qt=Math.LN2;var qt=o.unstable_UserBlockingPriority,Kt=o.unstable_runWithPriority,Yt=!0;function Xt(e,t,n,r){Ie||Re();var a=Jt,o=Ie;Ie=!0;try{ze(a,e,t,n,r)}finally{(Ie=o)||De()}}function Gt(e,t,n,r){Kt(qt,Jt.bind(null,e,t,n,r))}function Jt(e,t,n,r){var a;if(Yt)if((a=0===(4&t))&&0<lt.length&&-1<pt.indexOf(e))e=ht(null,e,t,n,r),lt.push(e);else{var o=Zt(e,t,n,r);if(null===o)a&&mt(e,r);else{if(a){if(-1<pt.indexOf(e))return e=ht(o,e,t,n,r),void lt.push(e);if(function(e,t,n,r,a){switch(t){case"focusin":return it=vt(it,e,t,n,r,a),!0;case"dragenter":return ut=vt(ut,e,t,n,r,a),!0;case"mouseover":return ct=vt(ct,e,t,n,r,a),!0;case"pointerover":var o=a.pointerId;return st.set(o,vt(st.get(o)||null,e,t,n,r,a)),!0;case"gotpointercapture":return o=a.pointerId,ft.set(o,vt(ft.get(o)||null,e,t,n,r,a)),!0}return!1}(o,e,t,n,r))return;mt(e,r)}Rr(e,t,r,null,n)}}}function Zt(e,t,n,r){var a=Ee(r);if(null!==(a=na(a))){var o=Xe(a);if(null===o)a=null;else{var l=o.tag;if(13===l){if(null!==(a=Ge(o)))return a;a=null}else if(3===l){if(o.stateNode.hydrate)return 3===o.tag?o.stateNode.containerInfo:null;a=null}else o!==a&&(a=null)}}return Rr(e,t,r,a,n),null}var en=null,tn=null,nn=null;function rn(){if(nn)return nn;var e,t,n=tn,r=n.length,a="value"in en?en.value:en.textContent,o=a.length;for(e=0;e<r&&n[e]===a[e];e++);var l=r-e;for(t=1;t<=l&&n[r-t]===a[o-t];t++);return nn=a.slice(e,1<t?1-t:void 0)}function an(e){var t=e.keyCode;return"charCode"in e?0===(e=e.charCode)&&13===t&&(e=13):e=t,10===e&&(e=13),32<=e||13===e?e:0}function on(){return!0}function ln(){return!1}function un(e){function t(t,n,r,a,o){for(var l in this._reactName=t,this._targetInst=r,this.type=n,this.nativeEvent=a,this.target=o,this.currentTarget=null,e)e.hasOwnProperty(l)&&(t=e[l],this[l]=t?t(a):a[l]);return this.isDefaultPrevented=(null!=a.defaultPrevented?a.defaultPrevented:!1===a.returnValue)?on:ln,this.isPropagationStopped=ln,this}return a(t.prototype,{preventDefault:function(){this.defaultPrevented=!0;var e=this.nativeEvent;e&&(e.preventDefault?e.preventDefault():"unknown"!==typeof e.returnValue&&(e.returnValue=!1),this.isDefaultPrevented=on)},stopPropagation:function(){var e=this.nativeEvent;e&&(e.stopPropagation?e.stopPropagation():"unknown"!==typeof e.cancelBubble&&(e.cancelBubble=!0),this.isPropagationStopped=on)},persist:function(){},isPersistent:on}),t}var cn,sn,fn,dn={eventPhase:0,bubbles:0,cancelable:0,timeStamp:function(e){return e.timeStamp||Date.now()},defaultPrevented:0,isTrusted:0},pn=un(dn),hn=a({},dn,{view:0,detail:0}),mn=un(hn),vn=a({},hn,{screenX:0,screenY:0,clientX:0,clientY:0,pageX:0,pageY:0,ctrlKey:0,shiftKey:0,altKey:0,metaKey:0,getModifierState:Pn,button:0,buttons:0,relatedTarget:function(e){return void 0===e.relatedTarget?e.fromElement===e.srcElement?e.toElement:e.fromElement:e.relatedTarget},movementX:function(e){return"movementX"in e?e.movementX:(e!==fn&&(fn&&"mousemove"===e.type?(cn=e.screenX-fn.screenX,sn=e.screenY-fn.screenY):sn=cn=0,fn=e),cn)},movementY:function(e){return"movementY"in e?e.movementY:sn}}),gn=un(vn),yn=un(a({},vn,{dataTransfer:0})),bn=un(a({},hn,{relatedTarget:0})),_n=un(a({},dn,{animationName:0,elapsedTime:0,pseudoElement:0})),xn=a({},dn,{clipboardData:function(e){return"clipboardData"in e?e.clipboardData:window.clipboardData}}),wn=un(xn),kn=un(a({},dn,{data:0})),Sn={Esc:"Escape",Spacebar:" ",Left:"ArrowLeft",Up:"ArrowUp",Right:"ArrowRight",Down:"ArrowDown",Del:"Delete",Win:"OS",Menu:"ContextMenu",Apps:"ContextMenu",Scroll:"ScrollLock",MozPrintableKey:"Unidentified"},Cn={8:"Backspace",9:"Tab",12:"Clear",13:"Enter",16:"Shift",17:"Control",18:"Alt",19:"Pause",20:"CapsLock",27:"Escape",32:" ",33:"PageUp",34:"PageDown",35:"End",36:"Home",37:"ArrowLeft",38:"ArrowUp",39:"ArrowRight",40:"ArrowDown",45:"Insert",46:"Delete",112:"F1",113:"F2",114:"F3",115:"F4",116:"F5",117:"F6",118:"F7",119:"F8",120:"F9",121:"F10",122:"F11",123:"F12",144:"NumLock",145:"ScrollLock",224:"Meta"},En={Alt:"altKey",Control:"ctrlKey",Meta:"metaKey",Shift:"shiftKey"};function Nn(e){var t=this.nativeEvent;return t.getModifierState?t.getModifierState(e):!!(e=En[e])&&!!t[e]}function Pn(){return Nn}var jn=a({},hn,{key:function(e){if(e.key){var t=Sn[e.key]||e.key;if("Unidentified"!==t)return t}return"keypress"===e.type?13===(e=an(e))?"Enter":String.fromCharCode(e):"keydown"===e.type||"keyup"===e.type?Cn[e.keyCode]||"Unidentified":""},code:0,location:0,ctrlKey:0,shiftKey:0,altKey:0,metaKey:0,repeat:0,locale:0,getModifierState:Pn,charCode:function(e){return"keypress"===e.type?an(e):0},keyCode:function(e){return"keydown"===e.type||"keyup"===e.type?e.keyCode:0},which:function(e){return"keypress"===e.type?an(e):"keydown"===e.type||"keyup"===e.type?e.keyCode:0}}),On=un(jn),Tn=un(a({},vn,{pointerId:0,width:0,height:0,pressure:0,tangentialPressure:0,tiltX:0,tiltY:0,twist:0,pointerType:0,isPrimary:0})),Ln=un(a({},hn,{touches:0,targetTouches:0,changedTouches:0,altKey:0,metaKey:0,ctrlKey:0,shiftKey:0,getModifierState:Pn})),Fn=un(a({},dn,{propertyName:0,elapsedTime:0,pseudoElement:0})),zn=a({},vn,{deltaX:function(e){return"deltaX"in e?e.deltaX:"wheelDeltaX"in e?-e.wheelDeltaX:0},deltaY:function(e){return"deltaY"in e?e.deltaY:"wheelDeltaY"in e?-e.wheelDeltaY:"wheelDelta"in e?-e.wheelDelta:0},deltaZ:0,deltaMode:0}),Rn=un(zn),Mn=[9,13,27,32],In=f&&"CompositionEvent"in window,An=null;f&&"documentMode"in document&&(An=document.documentMode);var Dn=f&&"TextEvent"in window&&!An,Un=f&&(!In||An&&8<An&&11>=An),$n=String.fromCharCode(32),Bn=!1;function Vn(e,t){switch(e){case"keyup":return-1!==Mn.indexOf(t.keyCode);case"keydown":return 229!==t.keyCode;case"keypress":case"mousedown":case"focusout":return!0;default:return!1}}function Wn(e){return"object"===typeof(e=e.detail)&&"data"in e?e.data:null}var Hn=!1;var Qn={color:!0,date:!0,datetime:!0,"datetime-local":!0,email:!0,month:!0,number:!0,password:!0,range:!0,search:!0,tel:!0,text:!0,time:!0,url:!0,week:!0};function qn(e){var t=e&&e.nodeName&&e.nodeName.toLowerCase();return"input"===t?!!Qn[e.type]:"textarea"===t}function Kn(e,t,n,r){Te(r),0<(t=Ir(t,"onChange")).length&&(n=new pn("onChange","change",null,n,r),e.push({event:n,listeners:t}))}var Yn=null,Xn=null;function Gn(e){jr(e,0)}function Jn(e){if(G(aa(e)))return e}function Zn(e,t){if("change"===e)return t}var er=!1;if(f){var tr;if(f){var nr="oninput"in document;if(!nr){var rr=document.createElement("div");rr.setAttribute("oninput","return;"),nr="function"===typeof rr.oninput}tr=nr}else tr=!1;er=tr&&(!document.documentMode||9<document.documentMode)}function ar(){Yn&&(Yn.detachEvent("onpropertychange",or),Xn=Yn=null)}function or(e){if("value"===e.propertyName&&Jn(Xn)){var t=[];if(Kn(t,Xn,e,Ee(e)),e=Gn,Ie)e(t);else{Ie=!0;try{Fe(e,t)}finally{Ie=!1,De()}}}}function lr(e,t,n){"focusin"===e?(ar(),Xn=n,(Yn=t).attachEvent("onpropertychange",or)):"focusout"===e&&ar()}function ir(e){if("selectionchange"===e||"keyup"===e||"keydown"===e)return Jn(Xn)}function ur(e,t){if("click"===e)return Jn(t)}function cr(e,t){if("input"===e||"change"===e)return Jn(t)}var sr="function"===typeof Object.is?Object.is:function(e,t){return e===t&&(0!==e||1/e===1/t)||e!==e&&t!==t},fr=Object.prototype.hasOwnProperty;function dr(e,t){if(sr(e,t))return!0;if("object"!==typeof e||null===e||"object"!==typeof t||null===t)return!1;var n=Object.keys(e),r=Object.keys(t);if(n.length!==r.length)return!1;for(r=0;r<n.length;r++)if(!fr.call(t,n[r])||!sr(e[n[r]],t[n[r]]))return!1;return!0}function pr(e){for(;e&&e.firstChild;)e=e.firstChild;return e}function hr(e,t){var n,r=pr(e);for(e=0;r;){if(3===r.nodeType){if(n=e+r.textContent.length,e<=t&&n>=t)return{node:r,offset:t-e};e=n}e:{for(;r;){if(r.nextSibling){r=r.nextSibling;break e}r=r.parentNode}r=void 0}r=pr(r)}}function mr(e,t){return!(!e||!t)&&(e===t||(!e||3!==e.nodeType)&&(t&&3===t.nodeType?mr(e,t.parentNode):"contains"in e?e.contains(t):!!e.compareDocumentPosition&&!!(16&e.compareDocumentPosition(t))))}function vr(){for(var e=window,t=J();t instanceof e.HTMLIFrameElement;){try{var n="string"===typeof t.contentWindow.location.href}catch(r){n=!1}if(!n)break;t=J((e=t.contentWindow).document)}return t}function gr(e){var t=e&&e.nodeName&&e.nodeName.toLowerCase();return t&&("input"===t&&("text"===e.type||"search"===e.type||"tel"===e.type||"url"===e.type||"password"===e.type)||"textarea"===t||"true"===e.contentEditable)}var yr=f&&"documentMode"in document&&11>=document.documentMode,br=null,_r=null,xr=null,wr=!1;function kr(e,t,n){var r=n.window===n?n.document:9===n.nodeType?n:n.ownerDocument;wr||null==br||br!==J(r)||("selectionStart"in(r=br)&&gr(r)?r={start:r.selectionStart,end:r.selectionEnd}:r={anchorNode:(r=(r.ownerDocument&&r.ownerDocument.defaultView||window).getSelection()).anchorNode,anchorOffset:r.anchorOffset,focusNode:r.focusNode,focusOffset:r.focusOffset},xr&&dr(xr,r)||(xr=r,0<(r=Ir(_r,"onSelect")).length&&(t=new pn("onSelect","select",null,t,n),e.push({event:t,listeners:r}),t.target=br)))}Rt("cancel cancel click click close close contextmenu contextMenu copy copy cut cut auxclick auxClick dblclick doubleClick dragend dragEnd dragstart dragStart drop drop focusin focus focusout blur input input invalid invalid keydown keyDown keypress keyPress keyup keyUp mousedown mouseDown mouseup mouseUp paste paste pause pause play play pointercancel pointerCancel pointerdown pointerDown pointerup pointerUp ratechange rateChange reset reset seeked seeked submit submit touchcancel touchCancel touchend touchEnd touchstart touchStart volumechange volumeChange".split(" "),0),Rt("drag drag dragenter dragEnter dragexit dragExit dragleave dragLeave dragover dragOver mousemove mouseMove mouseout mouseOut mouseover mouseOver pointermove pointerMove pointerout pointerOut pointerover pointerOver scroll scroll toggle toggle touchmove touchMove wheel wheel".split(" "),1),Rt(zt,2);for(var Sr="change selectionchange textInput compositionstart compositionend compositionupdate".split(" "),Cr=0;Cr<Sr.length;Cr++)Ft.set(Sr[Cr],0);s("onMouseEnter",["mouseout","mouseover"]),s("onMouseLeave",["mouseout","mouseover"]),s("onPointerEnter",["pointerout","pointerover"]),s("onPointerLeave",["pointerout","pointerover"]),c("onChange","change click focusin focusout input keydown keyup selectionchange".split(" ")),c("onSelect","focusout contextmenu dragend focusin keydown keyup mousedown mouseup selectionchange".split(" ")),c("onBeforeInput",["compositionend","keypress","textInput","paste"]),c("onCompositionEnd","compositionend focusout keydown keypress keyup mousedown".split(" ")),c("onCompositionStart","compositionstart focusout keydown keypress keyup mousedown".split(" ")),c("onCompositionUpdate","compositionupdate focusout keydown keypress keyup mousedown".split(" "));var Er="abort canplay canplaythrough durationchange emptied encrypted ended error loadeddata loadedmetadata loadstart pause play playing progress ratechange seeked seeking stalled suspend timeupdate volumechange waiting".split(" "),Nr=new Set("cancel close invalid load scroll toggle".split(" ").concat(Er));function Pr(e,t,n){var r=e.type||"unknown-event";e.currentTarget=n,function(e,t,n,r,a,o,i,u,c){if(Ye.apply(this,arguments),We){if(!We)throw Error(l(198));var s=He;We=!1,He=null,Qe||(Qe=!0,qe=s)}}(r,t,void 0,e),e.currentTarget=null}function jr(e,t){t=0!==(4&t);for(var n=0;n<e.length;n++){var r=e[n],a=r.event;r=r.listeners;e:{var o=void 0;if(t)for(var l=r.length-1;0<=l;l--){var i=r[l],u=i.instance,c=i.currentTarget;if(i=i.listener,u!==o&&a.isPropagationStopped())break e;Pr(a,i,c),o=u}else for(l=0;l<r.length;l++){if(u=(i=r[l]).instance,c=i.currentTarget,i=i.listener,u!==o&&a.isPropagationStopped())break e;Pr(a,i,c),o=u}}}if(Qe)throw e=qe,Qe=!1,qe=null,e}function Or(e,t){var n=la(t),r=e+"__bubble";n.has(r)||(zr(t,e,2,!1),n.add(r))}var Tr="_reactListening"+Math.random().toString(36).slice(2);function Lr(e){e[Tr]||(e[Tr]=!0,i.forEach((function(t){Nr.has(t)||Fr(t,!1,e,null),Fr(t,!0,e,null)})))}function Fr(e,t,n,r){var a=4<arguments.length&&void 0!==arguments[4]?arguments[4]:0,o=n;if("selectionchange"===e&&9!==n.nodeType&&(o=n.ownerDocument),null!==r&&!t&&Nr.has(e)){if("scroll"!==e)return;a|=2,o=r}var l=la(o),i=e+"__"+(t?"capture":"bubble");l.has(i)||(t&&(a|=4),zr(o,e,a,t),l.add(i))}function zr(e,t,n,r){var a=Ft.get(t);switch(void 0===a?2:a){case 0:a=Xt;break;case 1:a=Gt;break;default:a=Jt}n=a.bind(null,t,n,e),a=void 0,!$e||"touchstart"!==t&&"touchmove"!==t&&"wheel"!==t||(a=!0),r?void 0!==a?e.addEventListener(t,n,{capture:!0,passive:a}):e.addEventListener(t,n,!0):void 0!==a?e.addEventListener(t,n,{passive:a}):e.addEventListener(t,n,!1)}function Rr(e,t,n,r,a){var o=r;if(0===(1&t)&&0===(2&t)&&null!==r)e:for(;;){if(null===r)return;var l=r.tag;if(3===l||4===l){var i=r.stateNode.containerInfo;if(i===a||8===i.nodeType&&i.parentNode===a)break;if(4===l)for(l=r.return;null!==l;){var u=l.tag;if((3===u||4===u)&&((u=l.stateNode.containerInfo)===a||8===u.nodeType&&u.parentNode===a))return;l=l.return}for(;null!==i;){if(null===(l=na(i)))return;if(5===(u=l.tag)||6===u){r=o=l;continue e}i=i.parentNode}}r=r.return}!function(e,t,n){if(Ae)return e(t,n);Ae=!0;try{Me(e,t,n)}finally{Ae=!1,De()}}((function(){var r=o,a=Ee(n),l=[];e:{var i=Lt.get(e);if(void 0!==i){var u=pn,c=e;switch(e){case"keypress":if(0===an(n))break e;case"keydown":case"keyup":u=On;break;case"focusin":c="focus",u=bn;break;case"focusout":c="blur",u=bn;break;case"beforeblur":case"afterblur":u=bn;break;case"click":if(2===n.button)break e;case"auxclick":case"dblclick":case"mousedown":case"mousemove":case"mouseup":case"mouseout":case"mouseover":case"contextmenu":u=gn;break;case"drag":case"dragend":case"dragenter":case"dragexit":case"dragleave":case"dragover":case"dragstart":case"drop":u=yn;break;case"touchcancel":case"touchend":case"touchmove":case"touchstart":u=Ln;break;case Pt:case jt:case Ot:u=_n;break;case Tt:u=Fn;break;case"scroll":u=mn;break;case"wheel":u=Rn;break;case"copy":case"cut":case"paste":u=wn;break;case"gotpointercapture":case"lostpointercapture":case"pointercancel":case"pointerdown":case"pointermove":case"pointerout":case"pointerover":case"pointerup":u=Tn}var s=0!==(4&t),f=!s&&"scroll"===e,d=s?null!==i?i+"Capture":null:i;s=[];for(var p,h=r;null!==h;){var m=(p=h).stateNode;if(5===p.tag&&null!==m&&(p=m,null!==d&&(null!=(m=Ue(h,d))&&s.push(Mr(h,m,p)))),f)break;h=h.return}0<s.length&&(i=new u(i,c,null,n,a),l.push({event:i,listeners:s}))}}if(0===(7&t)){if(u="mouseout"===e||"pointerout"===e,(!(i="mouseover"===e||"pointerover"===e)||0!==(16&t)||!(c=n.relatedTarget||n.fromElement)||!na(c)&&!c[ea])&&(u||i)&&(i=a.window===a?a:(i=a.ownerDocument)?i.defaultView||i.parentWindow:window,u?(u=r,null!==(c=(c=n.relatedTarget||n.toElement)?na(c):null)&&(c!==(f=Xe(c))||5!==c.tag&&6!==c.tag)&&(c=null)):(u=null,c=r),u!==c)){if(s=gn,m="onMouseLeave",d="onMouseEnter",h="mouse","pointerout"!==e&&"pointerover"!==e||(s=Tn,m="onPointerLeave",d="onPointerEnter",h="pointer"),f=null==u?i:aa(u),p=null==c?i:aa(c),(i=new s(m,h+"leave",u,n,a)).target=f,i.relatedTarget=p,m=null,na(a)===r&&((s=new s(d,h+"enter",c,n,a)).target=p,s.relatedTarget=f,m=s),f=m,u&&c)e:{for(d=c,h=0,p=s=u;p;p=Ar(p))h++;for(p=0,m=d;m;m=Ar(m))p++;for(;0<h-p;)s=Ar(s),h--;for(;0<p-h;)d=Ar(d),p--;for(;h--;){if(s===d||null!==d&&s===d.alternate)break e;s=Ar(s),d=Ar(d)}s=null}else s=null;null!==u&&Dr(l,i,u,s,!1),null!==c&&null!==f&&Dr(l,f,c,s,!0)}if("select"===(u=(i=r?aa(r):window).nodeName&&i.nodeName.toLowerCase())||"input"===u&&"file"===i.type)var v=Zn;else if(qn(i))if(er)v=cr;else{v=ir;var g=lr}else(u=i.nodeName)&&"input"===u.toLowerCase()&&("checkbox"===i.type||"radio"===i.type)&&(v=ur);switch(v&&(v=v(e,r))?Kn(l,v,n,a):(g&&g(e,i,r),"focusout"===e&&(g=i._wrapperState)&&g.controlled&&"number"===i.type&&ae(i,"number",i.value)),g=r?aa(r):window,e){case"focusin":(qn(g)||"true"===g.contentEditable)&&(br=g,_r=r,xr=null);break;case"focusout":xr=_r=br=null;break;case"mousedown":wr=!0;break;case"contextmenu":case"mouseup":case"dragend":wr=!1,kr(l,n,a);break;case"selectionchange":if(yr)break;case"keydown":case"keyup":kr(l,n,a)}var y;if(In)e:{switch(e){case"compositionstart":var b="onCompositionStart";break e;case"compositionend":b="onCompositionEnd";break e;case"compositionupdate":b="onCompositionUpdate";break e}b=void 0}else Hn?Vn(e,n)&&(b="onCompositionEnd"):"keydown"===e&&229===n.keyCode&&(b="onCompositionStart");b&&(Un&&"ko"!==n.locale&&(Hn||"onCompositionStart"!==b?"onCompositionEnd"===b&&Hn&&(y=rn()):(tn="value"in(en=a)?en.value:en.textContent,Hn=!0)),0<(g=Ir(r,b)).length&&(b=new kn(b,e,null,n,a),l.push({event:b,listeners:g}),y?b.data=y:null!==(y=Wn(n))&&(b.data=y))),(y=Dn?function(e,t){switch(e){case"compositionend":return Wn(t);case"keypress":return 32!==t.which?null:(Bn=!0,$n);case"textInput":return(e=t.data)===$n&&Bn?null:e;default:return null}}(e,n):function(e,t){if(Hn)return"compositionend"===e||!In&&Vn(e,t)?(e=rn(),nn=tn=en=null,Hn=!1,e):null;switch(e){case"paste":default:return null;case"keypress":if(!(t.ctrlKey||t.altKey||t.metaKey)||t.ctrlKey&&t.altKey){if(t.char&&1<t.char.length)return t.char;if(t.which)return String.fromCharCode(t.which)}return null;case"compositionend":return Un&&"ko"!==t.locale?null:t.data}}(e,n))&&(0<(r=Ir(r,"onBeforeInput")).length&&(a=new kn("onBeforeInput","beforeinput",null,n,a),l.push({event:a,listeners:r}),a.data=y))}jr(l,t)}))}function Mr(e,t,n){return{instance:e,listener:t,currentTarget:n}}function Ir(e,t){for(var n=t+"Capture",r=[];null!==e;){var a=e,o=a.stateNode;5===a.tag&&null!==o&&(a=o,null!=(o=Ue(e,n))&&r.unshift(Mr(e,o,a)),null!=(o=Ue(e,t))&&r.push(Mr(e,o,a))),e=e.return}return r}function Ar(e){if(null===e)return null;do{e=e.return}while(e&&5!==e.tag);return e||null}function Dr(e,t,n,r,a){for(var o=t._reactName,l=[];null!==n&&n!==r;){var i=n,u=i.alternate,c=i.stateNode;if(null!==u&&u===r)break;5===i.tag&&null!==c&&(i=c,a?null!=(u=Ue(n,o))&&l.unshift(Mr(n,u,i)):a||null!=(u=Ue(n,o))&&l.push(Mr(n,u,i))),n=n.return}0!==l.length&&e.push({event:t,listeners:l})}function Ur(){}var $r=null,Br=null;function Vr(e,t){switch(e){case"button":case"input":case"select":case"textarea":return!!t.autoFocus}return!1}function Wr(e,t){return"textarea"===e||"option"===e||"noscript"===e||"string"===typeof t.children||"number"===typeof t.children||"object"===typeof t.dangerouslySetInnerHTML&&null!==t.dangerouslySetInnerHTML&&null!=t.dangerouslySetInnerHTML.__html}var Hr="function"===typeof setTimeout?setTimeout:void 0,Qr="function"===typeof clearTimeout?clearTimeout:void 0;function qr(e){1===e.nodeType?e.textContent="":9===e.nodeType&&(null!=(e=e.body)&&(e.textContent=""))}function Kr(e){for(;null!=e;e=e.nextSibling){var t=e.nodeType;if(1===t||3===t)break}return e}function Yr(e){e=e.previousSibling;for(var t=0;e;){if(8===e.nodeType){var n=e.data;if("$"===n||"$!"===n||"$?"===n){if(0===t)return e;t--}else"/$"===n&&t++}e=e.previousSibling}return null}var Xr=0;var Gr=Math.random().toString(36).slice(2),Jr="__reactFiber$"+Gr,Zr="__reactProps$"+Gr,ea="__reactContainer$"+Gr,ta="__reactEvents$"+Gr;function na(e){var t=e[Jr];if(t)return t;for(var n=e.parentNode;n;){if(t=n[ea]||n[Jr]){if(n=t.alternate,null!==t.child||null!==n&&null!==n.child)for(e=Yr(e);null!==e;){if(n=e[Jr])return n;e=Yr(e)}return t}n=(e=n).parentNode}return null}function ra(e){return!(e=e[Jr]||e[ea])||5!==e.tag&&6!==e.tag&&13!==e.tag&&3!==e.tag?null:e}function aa(e){if(5===e.tag||6===e.tag)return e.stateNode;throw Error(l(33))}function oa(e){return e[Zr]||null}function la(e){var t=e[ta];return void 0===t&&(t=e[ta]=new Set),t}var ia=[],ua=-1;function ca(e){return{current:e}}function sa(e){0>ua||(e.current=ia[ua],ia[ua]=null,ua--)}function fa(e,t){ua++,ia[ua]=e.current,e.current=t}var da={},pa=ca(da),ha=ca(!1),ma=da;function va(e,t){var n=e.type.contextTypes;if(!n)return da;var r=e.stateNode;if(r&&r.__reactInternalMemoizedUnmaskedChildContext===t)return r.__reactInternalMemoizedMaskedChildContext;var a,o={};for(a in n)o[a]=t[a];return r&&((e=e.stateNode).__reactInternalMemoizedUnmaskedChildContext=t,e.__reactInternalMemoizedMaskedChildContext=o),o}function ga(e){return null!==(e=e.childContextTypes)&&void 0!==e}function ya(){sa(ha),sa(pa)}function ba(e,t,n){if(pa.current!==da)throw Error(l(168));fa(pa,t),fa(ha,n)}function _a(e,t,n){var r=e.stateNode;if(e=t.childContextTypes,"function"!==typeof r.getChildContext)return n;for(var o in r=r.getChildContext())if(!(o in e))throw Error(l(108,q(t)||"Unknown",o));return a({},n,r)}function xa(e){return e=(e=e.stateNode)&&e.__reactInternalMemoizedMergedChildContext||da,ma=pa.current,fa(pa,e),fa(ha,ha.current),!0}function wa(e,t,n){var r=e.stateNode;if(!r)throw Error(l(169));n?(e=_a(e,t,ma),r.__reactInternalMemoizedMergedChildContext=e,sa(ha),sa(pa),fa(pa,e)):sa(ha),fa(ha,n)}var ka=null,Sa=null,Ca=o.unstable_runWithPriority,Ea=o.unstable_scheduleCallback,Na=o.unstable_cancelCallback,Pa=o.unstable_shouldYield,ja=o.unstable_requestPaint,Oa=o.unstable_now,Ta=o.unstable_getCurrentPriorityLevel,La=o.unstable_ImmediatePriority,Fa=o.unstable_UserBlockingPriority,za=o.unstable_NormalPriority,Ra=o.unstable_LowPriority,Ma=o.unstable_IdlePriority,Ia={},Aa=void 0!==ja?ja:function(){},Da=null,Ua=null,$a=!1,Ba=Oa(),Va=1e4>Ba?Oa:function(){return Oa()-Ba};function Wa(){switch(Ta()){case La:return 99;case Fa:return 98;case za:return 97;case Ra:return 96;case Ma:return 95;default:throw Error(l(332))}}function Ha(e){switch(e){case 99:return La;case 98:return Fa;case 97:return za;case 96:return Ra;case 95:return Ma;default:throw Error(l(332))}}function Qa(e,t){return e=Ha(e),Ca(e,t)}function qa(e,t,n){return e=Ha(e),Ea(e,t,n)}function Ka(){if(null!==Ua){var e=Ua;Ua=null,Na(e)}Ya()}function Ya(){if(!$a&&null!==Da){$a=!0;var e=0;try{var t=Da;Qa(99,(function(){for(;e<t.length;e++){var n=t[e];do{n=n(!0)}while(null!==n)}})),Da=null}catch(n){throw null!==Da&&(Da=Da.slice(e+1)),Ea(La,Ka),n}finally{$a=!1}}}var Xa=x.ReactCurrentBatchConfig;function Ga(e,t){if(e&&e.defaultProps){for(var n in t=a({},t),e=e.defaultProps)void 0===t[n]&&(t[n]=e[n]);return t}return t}var Ja=ca(null),Za=null,eo=null,to=null;function no(){to=eo=Za=null}function ro(e){var t=Ja.current;sa(Ja),e.type._context._currentValue=t}function ao(e,t){for(;null!==e;){var n=e.alternate;if((e.childLanes&t)===t){if(null===n||(n.childLanes&t)===t)break;n.childLanes|=t}else e.childLanes|=t,null!==n&&(n.childLanes|=t);e=e.return}}function oo(e,t){Za=e,to=eo=null,null!==(e=e.dependencies)&&null!==e.firstContext&&(0!==(e.lanes&t)&&(Il=!0),e.firstContext=null)}function lo(e,t){if(to!==e&&!1!==t&&0!==t)if("number"===typeof t&&1073741823!==t||(to=e,t=1073741823),t={context:e,observedBits:t,next:null},null===eo){if(null===Za)throw Error(l(308));eo=t,Za.dependencies={lanes:0,firstContext:t,responders:null}}else eo=eo.next=t;return e._currentValue}var io=!1;function uo(e){e.updateQueue={baseState:e.memoizedState,firstBaseUpdate:null,lastBaseUpdate:null,shared:{pending:null},effects:null}}function co(e,t){e=e.updateQueue,t.updateQueue===e&&(t.updateQueue={baseState:e.baseState,firstBaseUpdate:e.firstBaseUpdate,lastBaseUpdate:e.lastBaseUpdate,shared:e.shared,effects:e.effects})}function so(e,t){return{eventTime:e,lane:t,tag:0,payload:null,callback:null,next:null}}function fo(e,t){if(null!==(e=e.updateQueue)){var n=(e=e.shared).pending;null===n?t.next=t:(t.next=n.next,n.next=t),e.pending=t}}function po(e,t){var n=e.updateQueue,r=e.alternate;if(null!==r&&n===(r=r.updateQueue)){var a=null,o=null;if(null!==(n=n.firstBaseUpdate)){do{var l={eventTime:n.eventTime,lane:n.lane,tag:n.tag,payload:n.payload,callback:n.callback,next:null};null===o?a=o=l:o=o.next=l,n=n.next}while(null!==n);null===o?a=o=t:o=o.next=t}else a=o=t;return n={baseState:r.baseState,firstBaseUpdate:a,lastBaseUpdate:o,shared:r.shared,effects:r.effects},void(e.updateQueue=n)}null===(e=n.lastBaseUpdate)?n.firstBaseUpdate=t:e.next=t,n.lastBaseUpdate=t}function ho(e,t,n,r){var o=e.updateQueue;io=!1;var l=o.firstBaseUpdate,i=o.lastBaseUpdate,u=o.shared.pending;if(null!==u){o.shared.pending=null;var c=u,s=c.next;c.next=null,null===i?l=s:i.next=s,i=c;var f=e.alternate;if(null!==f){var d=(f=f.updateQueue).lastBaseUpdate;d!==i&&(null===d?f.firstBaseUpdate=s:d.next=s,f.lastBaseUpdate=c)}}if(null!==l){for(d=o.baseState,i=0,f=s=c=null;;){u=l.lane;var p=l.eventTime;if((r&u)===u){null!==f&&(f=f.next={eventTime:p,lane:0,tag:l.tag,payload:l.payload,callback:l.callback,next:null});e:{var h=e,m=l;switch(u=t,p=n,m.tag){case 1:if("function"===typeof(h=m.payload)){d=h.call(p,d,u);break e}d=h;break e;case 3:h.flags=-4097&h.flags|64;case 0:if(null===(u="function"===typeof(h=m.payload)?h.call(p,d,u):h)||void 0===u)break e;d=a({},d,u);break e;case 2:io=!0}}null!==l.callback&&(e.flags|=32,null===(u=o.effects)?o.effects=[l]:u.push(l))}else p={eventTime:p,lane:u,tag:l.tag,payload:l.payload,callback:l.callback,next:null},null===f?(s=f=p,c=d):f=f.next=p,i|=u;if(null===(l=l.next)){if(null===(u=o.shared.pending))break;l=u.next,u.next=null,o.lastBaseUpdate=u,o.shared.pending=null}}null===f&&(c=d),o.baseState=c,o.firstBaseUpdate=s,o.lastBaseUpdate=f,$i|=i,e.lanes=i,e.memoizedState=d}}function mo(e,t,n){if(e=t.effects,t.effects=null,null!==e)for(t=0;t<e.length;t++){var r=e[t],a=r.callback;if(null!==a){if(r.callback=null,r=n,"function"!==typeof a)throw Error(l(191,a));a.call(r)}}}var vo=(new r.Component).refs;function go(e,t,n,r){n=null===(n=n(r,t=e.memoizedState))||void 0===n?t:a({},t,n),e.memoizedState=n,0===e.lanes&&(e.updateQueue.baseState=n)}var yo={isMounted:function(e){return!!(e=e._reactInternals)&&Xe(e)===e},enqueueSetState:function(e,t,n){e=e._reactInternals;var r=du(),a=pu(e),o=so(r,a);o.payload=t,void 0!==n&&null!==n&&(o.callback=n),fo(e,o),hu(e,a,r)},enqueueReplaceState:function(e,t,n){e=e._reactInternals;var r=du(),a=pu(e),o=so(r,a);o.tag=1,o.payload=t,void 0!==n&&null!==n&&(o.callback=n),fo(e,o),hu(e,a,r)},enqueueForceUpdate:function(e,t){e=e._reactInternals;var n=du(),r=pu(e),a=so(n,r);a.tag=2,void 0!==t&&null!==t&&(a.callback=t),fo(e,a),hu(e,r,n)}};function bo(e,t,n,r,a,o,l){return"function"===typeof(e=e.stateNode).shouldComponentUpdate?e.shouldComponentUpdate(r,o,l):!t.prototype||!t.prototype.isPureReactComponent||(!dr(n,r)||!dr(a,o))}function _o(e,t,n){var r=!1,a=da,o=t.contextType;return"object"===typeof o&&null!==o?o=lo(o):(a=ga(t)?ma:pa.current,o=(r=null!==(r=t.contextTypes)&&void 0!==r)?va(e,a):da),t=new t(n,o),e.memoizedState=null!==t.state&&void 0!==t.state?t.state:null,t.updater=yo,e.stateNode=t,t._reactInternals=e,r&&((e=e.stateNode).__reactInternalMemoizedUnmaskedChildContext=a,e.__reactInternalMemoizedMaskedChildContext=o),t}function xo(e,t,n,r){e=t.state,"function"===typeof t.componentWillReceiveProps&&t.componentWillReceiveProps(n,r),"function"===typeof t.UNSAFE_componentWillReceiveProps&&t.UNSAFE_componentWillReceiveProps(n,r),t.state!==e&&yo.enqueueReplaceState(t,t.state,null)}function wo(e,t,n,r){var a=e.stateNode;a.props=n,a.state=e.memoizedState,a.refs=vo,uo(e);var o=t.contextType;"object"===typeof o&&null!==o?a.context=lo(o):(o=ga(t)?ma:pa.current,a.context=va(e,o)),ho(e,n,a,r),a.state=e.memoizedState,"function"===typeof(o=t.getDerivedStateFromProps)&&(go(e,t,o,n),a.state=e.memoizedState),"function"===typeof t.getDerivedStateFromProps||"function"===typeof a.getSnapshotBeforeUpdate||"function"!==typeof a.UNSAFE_componentWillMount&&"function"!==typeof a.componentWillMount||(t=a.state,"function"===typeof a.componentWillMount&&a.componentWillMount(),"function"===typeof a.UNSAFE_componentWillMount&&a.UNSAFE_componentWillMount(),t!==a.state&&yo.enqueueReplaceState(a,a.state,null),ho(e,n,a,r),a.state=e.memoizedState),"function"===typeof a.componentDidMount&&(e.flags|=4)}var ko=Array.isArray;function So(e,t,n){if(null!==(e=n.ref)&&"function"!==typeof e&&"object"!==typeof e){if(n._owner){if(n=n._owner){if(1!==n.tag)throw Error(l(309));var r=n.stateNode}if(!r)throw Error(l(147,e));var a=""+e;return null!==t&&null!==t.ref&&"function"===typeof t.ref&&t.ref._stringRef===a?t.ref:(t=function(e){var t=r.refs;t===vo&&(t=r.refs={}),null===e?delete t[a]:t[a]=e},t._stringRef=a,t)}if("string"!==typeof e)throw Error(l(284));if(!n._owner)throw Error(l(290,e))}return e}function Co(e,t){if("textarea"!==e.type)throw Error(l(31,"[object Object]"===Object.prototype.toString.call(t)?"object with keys {"+Object.keys(t).join(", ")+"}":t))}function Eo(e){function t(t,n){if(e){var r=t.lastEffect;null!==r?(r.nextEffect=n,t.lastEffect=n):t.firstEffect=t.lastEffect=n,n.nextEffect=null,n.flags=8}}function n(n,r){if(!e)return null;for(;null!==r;)t(n,r),r=r.sibling;return null}function r(e,t){for(e=new Map;null!==t;)null!==t.key?e.set(t.key,t):e.set(t.index,t),t=t.sibling;return e}function a(e,t){return(e=Qu(e,t)).index=0,e.sibling=null,e}function o(t,n,r){return t.index=r,e?null!==(r=t.alternate)?(r=r.index)<n?(t.flags=2,n):r:(t.flags=2,n):n}function i(t){return e&&null===t.alternate&&(t.flags=2),t}function u(e,t,n,r){return null===t||6!==t.tag?((t=Xu(n,e.mode,r)).return=e,t):((t=a(t,n)).return=e,t)}function c(e,t,n,r){return null!==t&&t.elementType===n.type?((r=a(t,n.props)).ref=So(e,t,n),r.return=e,r):((r=qu(n.type,n.key,n.props,null,e.mode,r)).ref=So(e,t,n),r.return=e,r)}function s(e,t,n,r){return null===t||4!==t.tag||t.stateNode.containerInfo!==n.containerInfo||t.stateNode.implementation!==n.implementation?((t=Gu(n,e.mode,r)).return=e,t):((t=a(t,n.children||[])).return=e,t)}function f(e,t,n,r,o){return null===t||7!==t.tag?((t=Ku(n,e.mode,r,o)).return=e,t):((t=a(t,n)).return=e,t)}function d(e,t,n){if("string"===typeof t||"number"===typeof t)return(t=Xu(""+t,e.mode,n)).return=e,t;if("object"===typeof t&&null!==t){switch(t.$$typeof){case w:return(n=qu(t.type,t.key,t.props,null,e.mode,n)).ref=So(e,null,t),n.return=e,n;case k:return(t=Gu(t,e.mode,n)).return=e,t}if(ko(t)||B(t))return(t=Ku(t,e.mode,n,null)).return=e,t;Co(e,t)}return null}function p(e,t,n,r){var a=null!==t?t.key:null;if("string"===typeof n||"number"===typeof n)return null!==a?null:u(e,t,""+n,r);if("object"===typeof n&&null!==n){switch(n.$$typeof){case w:return n.key===a?n.type===S?f(e,t,n.props.children,r,a):c(e,t,n,r):null;case k:return n.key===a?s(e,t,n,r):null}if(ko(n)||B(n))return null!==a?null:f(e,t,n,r,null);Co(e,n)}return null}function h(e,t,n,r,a){if("string"===typeof r||"number"===typeof r)return u(t,e=e.get(n)||null,""+r,a);if("object"===typeof r&&null!==r){switch(r.$$typeof){case w:return e=e.get(null===r.key?n:r.key)||null,r.type===S?f(t,e,r.props.children,a,r.key):c(t,e,r,a);case k:return s(t,e=e.get(null===r.key?n:r.key)||null,r,a)}if(ko(r)||B(r))return f(t,e=e.get(n)||null,r,a,null);Co(t,r)}return null}function m(a,l,i,u){for(var c=null,s=null,f=l,m=l=0,v=null;null!==f&&m<i.length;m++){f.index>m?(v=f,f=null):v=f.sibling;var g=p(a,f,i[m],u);if(null===g){null===f&&(f=v);break}e&&f&&null===g.alternate&&t(a,f),l=o(g,l,m),null===s?c=g:s.sibling=g,s=g,f=v}if(m===i.length)return n(a,f),c;if(null===f){for(;m<i.length;m++)null!==(f=d(a,i[m],u))&&(l=o(f,l,m),null===s?c=f:s.sibling=f,s=f);return c}for(f=r(a,f);m<i.length;m++)null!==(v=h(f,a,m,i[m],u))&&(e&&null!==v.alternate&&f.delete(null===v.key?m:v.key),l=o(v,l,m),null===s?c=v:s.sibling=v,s=v);return e&&f.forEach((function(e){return t(a,e)})),c}function v(a,i,u,c){var s=B(u);if("function"!==typeof s)throw Error(l(150));if(null==(u=s.call(u)))throw Error(l(151));for(var f=s=null,m=i,v=i=0,g=null,y=u.next();null!==m&&!y.done;v++,y=u.next()){m.index>v?(g=m,m=null):g=m.sibling;var b=p(a,m,y.value,c);if(null===b){null===m&&(m=g);break}e&&m&&null===b.alternate&&t(a,m),i=o(b,i,v),null===f?s=b:f.sibling=b,f=b,m=g}if(y.done)return n(a,m),s;if(null===m){for(;!y.done;v++,y=u.next())null!==(y=d(a,y.value,c))&&(i=o(y,i,v),null===f?s=y:f.sibling=y,f=y);return s}for(m=r(a,m);!y.done;v++,y=u.next())null!==(y=h(m,a,v,y.value,c))&&(e&&null!==y.alternate&&m.delete(null===y.key?v:y.key),i=o(y,i,v),null===f?s=y:f.sibling=y,f=y);return e&&m.forEach((function(e){return t(a,e)})),s}return function(e,r,o,u){var c="object"===typeof o&&null!==o&&o.type===S&&null===o.key;c&&(o=o.props.children);var s="object"===typeof o&&null!==o;if(s)switch(o.$$typeof){case w:e:{for(s=o.key,c=r;null!==c;){if(c.key===s){if(7===c.tag){if(o.type===S){n(e,c.sibling),(r=a(c,o.props.children)).return=e,e=r;break e}}else if(c.elementType===o.type){n(e,c.sibling),(r=a(c,o.props)).ref=So(e,c,o),r.return=e,e=r;break e}n(e,c);break}t(e,c),c=c.sibling}o.type===S?((r=Ku(o.props.children,e.mode,u,o.key)).return=e,e=r):((u=qu(o.type,o.key,o.props,null,e.mode,u)).ref=So(e,r,o),u.return=e,e=u)}return i(e);case k:e:{for(c=o.key;null!==r;){if(r.key===c){if(4===r.tag&&r.stateNode.containerInfo===o.containerInfo&&r.stateNode.implementation===o.implementation){n(e,r.sibling),(r=a(r,o.children||[])).return=e,e=r;break e}n(e,r);break}t(e,r),r=r.sibling}(r=Gu(o,e.mode,u)).return=e,e=r}return i(e)}if("string"===typeof o||"number"===typeof o)return o=""+o,null!==r&&6===r.tag?(n(e,r.sibling),(r=a(r,o)).return=e,e=r):(n(e,r),(r=Xu(o,e.mode,u)).return=e,e=r),i(e);if(ko(o))return m(e,r,o,u);if(B(o))return v(e,r,o,u);if(s&&Co(e,o),"undefined"===typeof o&&!c)switch(e.tag){case 1:case 22:case 0:case 11:case 15:throw Error(l(152,q(e.type)||"Component"))}return n(e,r)}}var No=Eo(!0),Po=Eo(!1),jo={},Oo=ca(jo),To=ca(jo),Lo=ca(jo);function Fo(e){if(e===jo)throw Error(l(174));return e}function zo(e,t){switch(fa(Lo,t),fa(To,e),fa(Oo,jo),e=t.nodeType){case 9:case 11:t=(t=t.documentElement)?t.namespaceURI:he(null,"");break;default:t=he(t=(e=8===e?t.parentNode:t).namespaceURI||null,e=e.tagName)}sa(Oo),fa(Oo,t)}function Ro(){sa(Oo),sa(To),sa(Lo)}function Mo(e){Fo(Lo.current);var t=Fo(Oo.current),n=he(t,e.type);t!==n&&(fa(To,e),fa(Oo,n))}function Io(e){To.current===e&&(sa(Oo),sa(To))}var Ao=ca(0);function Do(e){for(var t=e;null!==t;){if(13===t.tag){var n=t.memoizedState;if(null!==n&&(null===(n=n.dehydrated)||"$?"===n.data||"$!"===n.data))return t}else if(19===t.tag&&void 0!==t.memoizedProps.revealOrder){if(0!==(64&t.flags))return t}else if(null!==t.child){t.child.return=t,t=t.child;continue}if(t===e)break;for(;null===t.sibling;){if(null===t.return||t.return===e)return null;t=t.return}t.sibling.return=t.return,t=t.sibling}return null}var Uo=null,$o=null,Bo=!1;function Vo(e,t){var n=Wu(5,null,null,0);n.elementType="DELETED",n.type="DELETED",n.stateNode=t,n.return=e,n.flags=8,null!==e.lastEffect?(e.lastEffect.nextEffect=n,e.lastEffect=n):e.firstEffect=e.lastEffect=n}function Wo(e,t){switch(e.tag){case 5:var n=e.type;return null!==(t=1!==t.nodeType||n.toLowerCase()!==t.nodeName.toLowerCase()?null:t)&&(e.stateNode=t,!0);case 6:return null!==(t=""===e.pendingProps||3!==t.nodeType?null:t)&&(e.stateNode=t,!0);default:return!1}}function Ho(e){if(Bo){var t=$o;if(t){var n=t;if(!Wo(e,t)){if(!(t=Kr(n.nextSibling))||!Wo(e,t))return e.flags=-1025&e.flags|2,Bo=!1,void(Uo=e);Vo(Uo,n)}Uo=e,$o=Kr(t.firstChild)}else e.flags=-1025&e.flags|2,Bo=!1,Uo=e}}function Qo(e){for(e=e.return;null!==e&&5!==e.tag&&3!==e.tag&&13!==e.tag;)e=e.return;Uo=e}function qo(e){if(e!==Uo)return!1;if(!Bo)return Qo(e),Bo=!0,!1;var t=e.type;if(5!==e.tag||"head"!==t&&"body"!==t&&!Wr(t,e.memoizedProps))for(t=$o;t;)Vo(e,t),t=Kr(t.nextSibling);if(Qo(e),13===e.tag){if(!(e=null!==(e=e.memoizedState)?e.dehydrated:null))throw Error(l(317));e:{for(e=e.nextSibling,t=0;e;){if(8===e.nodeType){var n=e.data;if("/$"===n){if(0===t){$o=Kr(e.nextSibling);break e}t--}else"$"!==n&&"$!"!==n&&"$?"!==n||t++}e=e.nextSibling}$o=null}}else $o=Uo?Kr(e.stateNode.nextSibling):null;return!0}function Ko(){$o=Uo=null,Bo=!1}var Yo=[];function Xo(){for(var e=0;e<Yo.length;e++)Yo[e]._workInProgressVersionPrimary=null;Yo.length=0}var Go=x.ReactCurrentDispatcher,Jo=x.ReactCurrentBatchConfig,Zo=0,el=null,tl=null,nl=null,rl=!1,al=!1;function ol(){throw Error(l(321))}function ll(e,t){if(null===t)return!1;for(var n=0;n<t.length&&n<e.length;n++)if(!sr(e[n],t[n]))return!1;return!0}function il(e,t,n,r,a,o){if(Zo=o,el=t,t.memoizedState=null,t.updateQueue=null,t.lanes=0,Go.current=null===e||null===e.memoizedState?Fl:zl,e=n(r,a),al){o=0;do{if(al=!1,!(25>o))throw Error(l(301));o+=1,nl=tl=null,t.updateQueue=null,Go.current=Rl,e=n(r,a)}while(al)}if(Go.current=Ll,t=null!==tl&&null!==tl.next,Zo=0,nl=tl=el=null,rl=!1,t)throw Error(l(300));return e}function ul(){var e={memoizedState:null,baseState:null,baseQueue:null,queue:null,next:null};return null===nl?el.memoizedState=nl=e:nl=nl.next=e,nl}function cl(){if(null===tl){var e=el.alternate;e=null!==e?e.memoizedState:null}else e=tl.next;var t=null===nl?el.memoizedState:nl.next;if(null!==t)nl=t,tl=e;else{if(null===e)throw Error(l(310));e={memoizedState:(tl=e).memoizedState,baseState:tl.baseState,baseQueue:tl.baseQueue,queue:tl.queue,next:null},null===nl?el.memoizedState=nl=e:nl=nl.next=e}return nl}function sl(e,t){return"function"===typeof t?t(e):t}function fl(e){var t=cl(),n=t.queue;if(null===n)throw Error(l(311));n.lastRenderedReducer=e;var r=tl,a=r.baseQueue,o=n.pending;if(null!==o){if(null!==a){var i=a.next;a.next=o.next,o.next=i}r.baseQueue=a=o,n.pending=null}if(null!==a){a=a.next,r=r.baseState;var u=i=o=null,c=a;do{var s=c.lane;if((Zo&s)===s)null!==u&&(u=u.next={lane:0,action:c.action,eagerReducer:c.eagerReducer,eagerState:c.eagerState,next:null}),r=c.eagerReducer===e?c.eagerState:e(r,c.action);else{var f={lane:s,action:c.action,eagerReducer:c.eagerReducer,eagerState:c.eagerState,next:null};null===u?(i=u=f,o=r):u=u.next=f,el.lanes|=s,$i|=s}c=c.next}while(null!==c&&c!==a);null===u?o=r:u.next=i,sr(r,t.memoizedState)||(Il=!0),t.memoizedState=r,t.baseState=o,t.baseQueue=u,n.lastRenderedState=r}return[t.memoizedState,n.dispatch]}function dl(e){var t=cl(),n=t.queue;if(null===n)throw Error(l(311));n.lastRenderedReducer=e;var r=n.dispatch,a=n.pending,o=t.memoizedState;if(null!==a){n.pending=null;var i=a=a.next;do{o=e(o,i.action),i=i.next}while(i!==a);sr(o,t.memoizedState)||(Il=!0),t.memoizedState=o,null===t.baseQueue&&(t.baseState=o),n.lastRenderedState=o}return[o,r]}function pl(e,t,n){var r=t._getVersion;r=r(t._source);var a=t._workInProgressVersionPrimary;if(null!==a?e=a===r:(e=e.mutableReadLanes,(e=(Zo&e)===e)&&(t._workInProgressVersionPrimary=r,Yo.push(t))),e)return n(t._source);throw Yo.push(t),Error(l(350))}function hl(e,t,n,r){var a=Fi;if(null===a)throw Error(l(349));var o=t._getVersion,i=o(t._source),u=Go.current,c=u.useState((function(){return pl(a,t,n)})),s=c[1],f=c[0];c=nl;var d=e.memoizedState,p=d.refs,h=p.getSnapshot,m=d.source;d=d.subscribe;var v=el;return e.memoizedState={refs:p,source:t,subscribe:r},u.useEffect((function(){p.getSnapshot=n,p.setSnapshot=s;var e=o(t._source);if(!sr(i,e)){e=n(t._source),sr(f,e)||(s(e),e=pu(v),a.mutableReadLanes|=e&a.pendingLanes),e=a.mutableReadLanes,a.entangledLanes|=e;for(var r=a.entanglements,l=e;0<l;){var u=31-Wt(l),c=1<<u;r[u]|=e,l&=~c}}}),[n,t,r]),u.useEffect((function(){return r(t._source,(function(){var e=p.getSnapshot,n=p.setSnapshot;try{n(e(t._source));var r=pu(v);a.mutableReadLanes|=r&a.pendingLanes}catch(o){n((function(){throw o}))}}))}),[t,r]),sr(h,n)&&sr(m,t)&&sr(d,r)||((e={pending:null,dispatch:null,lastRenderedReducer:sl,lastRenderedState:f}).dispatch=s=Tl.bind(null,el,e),c.queue=e,c.baseQueue=null,f=pl(a,t,n),c.memoizedState=c.baseState=f),f}function ml(e,t,n){return hl(cl(),e,t,n)}function vl(e){var t=ul();return"function"===typeof e&&(e=e()),t.memoizedState=t.baseState=e,e=(e=t.queue={pending:null,dispatch:null,lastRenderedReducer:sl,lastRenderedState:e}).dispatch=Tl.bind(null,el,e),[t.memoizedState,e]}function gl(e,t,n,r){return e={tag:e,create:t,destroy:n,deps:r,next:null},null===(t=el.updateQueue)?(t={lastEffect:null},el.updateQueue=t,t.lastEffect=e.next=e):null===(n=t.lastEffect)?t.lastEffect=e.next=e:(r=n.next,n.next=e,e.next=r,t.lastEffect=e),e}function yl(e){return e={current:e},ul().memoizedState=e}function bl(){return cl().memoizedState}function _l(e,t,n,r){var a=ul();el.flags|=e,a.memoizedState=gl(1|t,n,void 0,void 0===r?null:r)}function xl(e,t,n,r){var a=cl();r=void 0===r?null:r;var o=void 0;if(null!==tl){var l=tl.memoizedState;if(o=l.destroy,null!==r&&ll(r,l.deps))return void gl(t,n,o,r)}el.flags|=e,a.memoizedState=gl(1|t,n,o,r)}function wl(e,t){return _l(516,4,e,t)}function kl(e,t){return xl(516,4,e,t)}function Sl(e,t){return xl(4,2,e,t)}function Cl(e,t){return"function"===typeof t?(e=e(),t(e),function(){t(null)}):null!==t&&void 0!==t?(e=e(),t.current=e,function(){t.current=null}):void 0}function El(e,t,n){return n=null!==n&&void 0!==n?n.concat([e]):null,xl(4,2,Cl.bind(null,t,e),n)}function Nl(){}function Pl(e,t){var n=cl();t=void 0===t?null:t;var r=n.memoizedState;return null!==r&&null!==t&&ll(t,r[1])?r[0]:(n.memoizedState=[e,t],e)}function jl(e,t){var n=cl();t=void 0===t?null:t;var r=n.memoizedState;return null!==r&&null!==t&&ll(t,r[1])?r[0]:(e=e(),n.memoizedState=[e,t],e)}function Ol(e,t){var n=Wa();Qa(98>n?98:n,(function(){e(!0)})),Qa(97<n?97:n,(function(){var n=Jo.transition;Jo.transition=1;try{e(!1),t()}finally{Jo.transition=n}}))}function Tl(e,t,n){var r=du(),a=pu(e),o={lane:a,action:n,eagerReducer:null,eagerState:null,next:null},l=t.pending;if(null===l?o.next=o:(o.next=l.next,l.next=o),t.pending=o,l=e.alternate,e===el||null!==l&&l===el)al=rl=!0;else{if(0===e.lanes&&(null===l||0===l.lanes)&&null!==(l=t.lastRenderedReducer))try{var i=t.lastRenderedState,u=l(i,n);if(o.eagerReducer=l,o.eagerState=u,sr(u,i))return}catch(c){}hu(e,a,r)}}var Ll={readContext:lo,useCallback:ol,useContext:ol,useEffect:ol,useImperativeHandle:ol,useLayoutEffect:ol,useMemo:ol,useReducer:ol,useRef:ol,useState:ol,useDebugValue:ol,useDeferredValue:ol,useTransition:ol,useMutableSource:ol,useOpaqueIdentifier:ol,unstable_isNewReconciler:!1},Fl={readContext:lo,useCallback:function(e,t){return ul().memoizedState=[e,void 0===t?null:t],e},useContext:lo,useEffect:wl,useImperativeHandle:function(e,t,n){return n=null!==n&&void 0!==n?n.concat([e]):null,_l(4,2,Cl.bind(null,t,e),n)},useLayoutEffect:function(e,t){return _l(4,2,e,t)},useMemo:function(e,t){var n=ul();return t=void 0===t?null:t,e=e(),n.memoizedState=[e,t],e},useReducer:function(e,t,n){var r=ul();return t=void 0!==n?n(t):t,r.memoizedState=r.baseState=t,e=(e=r.queue={pending:null,dispatch:null,lastRenderedReducer:e,lastRenderedState:t}).dispatch=Tl.bind(null,el,e),[r.memoizedState,e]},useRef:yl,useState:vl,useDebugValue:Nl,useDeferredValue:function(e){var t=vl(e),n=t[0],r=t[1];return wl((function(){var t=Jo.transition;Jo.transition=1;try{r(e)}finally{Jo.transition=t}}),[e]),n},useTransition:function(){var e=vl(!1),t=e[0];return yl(e=Ol.bind(null,e[1])),[e,t]},useMutableSource:function(e,t,n){var r=ul();return r.memoizedState={refs:{getSnapshot:t,setSnapshot:null},source:e,subscribe:n},hl(r,e,t,n)},useOpaqueIdentifier:function(){if(Bo){var e=!1,t=function(e){return{$$typeof:R,toString:e,valueOf:e}}((function(){throw e||(e=!0,n("r:"+(Xr++).toString(36))),Error(l(355))})),n=vl(t)[1];return 0===(2&el.mode)&&(el.flags|=516,gl(5,(function(){n("r:"+(Xr++).toString(36))}),void 0,null)),t}return vl(t="r:"+(Xr++).toString(36)),t},unstable_isNewReconciler:!1},zl={readContext:lo,useCallback:Pl,useContext:lo,useEffect:kl,useImperativeHandle:El,useLayoutEffect:Sl,useMemo:jl,useReducer:fl,useRef:bl,useState:function(){return fl(sl)},useDebugValue:Nl,useDeferredValue:function(e){var t=fl(sl),n=t[0],r=t[1];return kl((function(){var t=Jo.transition;Jo.transition=1;try{r(e)}finally{Jo.transition=t}}),[e]),n},useTransition:function(){var e=fl(sl)[0];return[bl().current,e]},useMutableSource:ml,useOpaqueIdentifier:function(){return fl(sl)[0]},unstable_isNewReconciler:!1},Rl={readContext:lo,useCallback:Pl,useContext:lo,useEffect:kl,useImperativeHandle:El,useLayoutEffect:Sl,useMemo:jl,useReducer:dl,useRef:bl,useState:function(){return dl(sl)},useDebugValue:Nl,useDeferredValue:function(e){var t=dl(sl),n=t[0],r=t[1];return kl((function(){var t=Jo.transition;Jo.transition=1;try{r(e)}finally{Jo.transition=t}}),[e]),n},useTransition:function(){var e=dl(sl)[0];return[bl().current,e]},useMutableSource:ml,useOpaqueIdentifier:function(){return dl(sl)[0]},unstable_isNewReconciler:!1},Ml=x.ReactCurrentOwner,Il=!1;function Al(e,t,n,r){t.child=null===e?Po(t,null,n,r):No(t,e.child,n,r)}function Dl(e,t,n,r,a){n=n.render;var o=t.ref;return oo(t,a),r=il(e,t,n,r,o,a),null===e||Il?(t.flags|=1,Al(e,t,r,a),t.child):(t.updateQueue=e.updateQueue,t.flags&=-517,e.lanes&=~a,oi(e,t,a))}function Ul(e,t,n,r,a,o){if(null===e){var l=n.type;return"function"!==typeof l||Hu(l)||void 0!==l.defaultProps||null!==n.compare||void 0!==n.defaultProps?((e=qu(n.type,null,r,t,t.mode,o)).ref=t.ref,e.return=t,t.child=e):(t.tag=15,t.type=l,$l(e,t,l,r,a,o))}return l=e.child,0===(a&o)&&(a=l.memoizedProps,(n=null!==(n=n.compare)?n:dr)(a,r)&&e.ref===t.ref)?oi(e,t,o):(t.flags|=1,(e=Qu(l,r)).ref=t.ref,e.return=t,t.child=e)}function $l(e,t,n,r,a,o){if(null!==e&&dr(e.memoizedProps,r)&&e.ref===t.ref){if(Il=!1,0===(o&a))return t.lanes=e.lanes,oi(e,t,o);0!==(16384&e.flags)&&(Il=!0)}return Wl(e,t,n,r,o)}function Bl(e,t,n){var r=t.pendingProps,a=r.children,o=null!==e?e.memoizedState:null;if("hidden"===r.mode||"unstable-defer-without-hiding"===r.mode)if(0===(4&t.mode))t.memoizedState={baseLanes:0},wu(t,n);else{if(0===(1073741824&n))return e=null!==o?o.baseLanes|n:n,t.lanes=t.childLanes=1073741824,t.memoizedState={baseLanes:e},wu(t,e),null;t.memoizedState={baseLanes:0},wu(t,null!==o?o.baseLanes:n)}else null!==o?(r=o.baseLanes|n,t.memoizedState=null):r=n,wu(t,r);return Al(e,t,a,n),t.child}function Vl(e,t){var n=t.ref;(null===e&&null!==n||null!==e&&e.ref!==n)&&(t.flags|=128)}function Wl(e,t,n,r,a){var o=ga(n)?ma:pa.current;return o=va(t,o),oo(t,a),n=il(e,t,n,r,o,a),null===e||Il?(t.flags|=1,Al(e,t,n,a),t.child):(t.updateQueue=e.updateQueue,t.flags&=-517,e.lanes&=~a,oi(e,t,a))}function Hl(e,t,n,r,a){if(ga(n)){var o=!0;xa(t)}else o=!1;if(oo(t,a),null===t.stateNode)null!==e&&(e.alternate=null,t.alternate=null,t.flags|=2),_o(t,n,r),wo(t,n,r,a),r=!0;else if(null===e){var l=t.stateNode,i=t.memoizedProps;l.props=i;var u=l.context,c=n.contextType;"object"===typeof c&&null!==c?c=lo(c):c=va(t,c=ga(n)?ma:pa.current);var s=n.getDerivedStateFromProps,f="function"===typeof s||"function"===typeof l.getSnapshotBeforeUpdate;f||"function"!==typeof l.UNSAFE_componentWillReceiveProps&&"function"!==typeof l.componentWillReceiveProps||(i!==r||u!==c)&&xo(t,l,r,c),io=!1;var d=t.memoizedState;l.state=d,ho(t,r,l,a),u=t.memoizedState,i!==r||d!==u||ha.current||io?("function"===typeof s&&(go(t,n,s,r),u=t.memoizedState),(i=io||bo(t,n,i,r,d,u,c))?(f||"function"!==typeof l.UNSAFE_componentWillMount&&"function"!==typeof l.componentWillMount||("function"===typeof l.componentWillMount&&l.componentWillMount(),"function"===typeof l.UNSAFE_componentWillMount&&l.UNSAFE_componentWillMount()),"function"===typeof l.componentDidMount&&(t.flags|=4)):("function"===typeof l.componentDidMount&&(t.flags|=4),t.memoizedProps=r,t.memoizedState=u),l.props=r,l.state=u,l.context=c,r=i):("function"===typeof l.componentDidMount&&(t.flags|=4),r=!1)}else{l=t.stateNode,co(e,t),i=t.memoizedProps,c=t.type===t.elementType?i:Ga(t.type,i),l.props=c,f=t.pendingProps,d=l.context,"object"===typeof(u=n.contextType)&&null!==u?u=lo(u):u=va(t,u=ga(n)?ma:pa.current);var p=n.getDerivedStateFromProps;(s="function"===typeof p||"function"===typeof l.getSnapshotBeforeUpdate)||"function"!==typeof l.UNSAFE_componentWillReceiveProps&&"function"!==typeof l.componentWillReceiveProps||(i!==f||d!==u)&&xo(t,l,r,u),io=!1,d=t.memoizedState,l.state=d,ho(t,r,l,a);var h=t.memoizedState;i!==f||d!==h||ha.current||io?("function"===typeof p&&(go(t,n,p,r),h=t.memoizedState),(c=io||bo(t,n,c,r,d,h,u))?(s||"function"!==typeof l.UNSAFE_componentWillUpdate&&"function"!==typeof l.componentWillUpdate||("function"===typeof l.componentWillUpdate&&l.componentWillUpdate(r,h,u),"function"===typeof l.UNSAFE_componentWillUpdate&&l.UNSAFE_componentWillUpdate(r,h,u)),"function"===typeof l.componentDidUpdate&&(t.flags|=4),"function"===typeof l.getSnapshotBeforeUpdate&&(t.flags|=256)):("function"!==typeof l.componentDidUpdate||i===e.memoizedProps&&d===e.memoizedState||(t.flags|=4),"function"!==typeof l.getSnapshotBeforeUpdate||i===e.memoizedProps&&d===e.memoizedState||(t.flags|=256),t.memoizedProps=r,t.memoizedState=h),l.props=r,l.state=h,l.context=u,r=c):("function"!==typeof l.componentDidUpdate||i===e.memoizedProps&&d===e.memoizedState||(t.flags|=4),"function"!==typeof l.getSnapshotBeforeUpdate||i===e.memoizedProps&&d===e.memoizedState||(t.flags|=256),r=!1)}return Ql(e,t,n,r,o,a)}function Ql(e,t,n,r,a,o){Vl(e,t);var l=0!==(64&t.flags);if(!r&&!l)return a&&wa(t,n,!1),oi(e,t,o);r=t.stateNode,Ml.current=t;var i=l&&"function"!==typeof n.getDerivedStateFromError?null:r.render();return t.flags|=1,null!==e&&l?(t.child=No(t,e.child,null,o),t.child=No(t,null,i,o)):Al(e,t,i,o),t.memoizedState=r.state,a&&wa(t,n,!0),t.child}function ql(e){var t=e.stateNode;t.pendingContext?ba(0,t.pendingContext,t.pendingContext!==t.context):t.context&&ba(0,t.context,!1),zo(e,t.containerInfo)}var Kl,Yl,Xl,Gl={dehydrated:null,retryLane:0};function Jl(e,t,n){var r,a=t.pendingProps,o=Ao.current,l=!1;return(r=0!==(64&t.flags))||(r=(null===e||null!==e.memoizedState)&&0!==(2&o)),r?(l=!0,t.flags&=-65):null!==e&&null===e.memoizedState||void 0===a.fallback||!0===a.unstable_avoidThisFallback||(o|=1),fa(Ao,1&o),null===e?(void 0!==a.fallback&&Ho(t),e=a.children,o=a.fallback,l?(e=Zl(t,e,o,n),t.child.memoizedState={baseLanes:n},t.memoizedState=Gl,e):"number"===typeof a.unstable_expectedLoadTime?(e=Zl(t,e,o,n),t.child.memoizedState={baseLanes:n},t.memoizedState=Gl,t.lanes=33554432,e):((n=Yu({mode:"visible",children:e},t.mode,n,null)).return=t,t.child=n)):(e.memoizedState,l?(a=ti(e,t,a.children,a.fallback,n),l=t.child,o=e.child.memoizedState,l.memoizedState=null===o?{baseLanes:n}:{baseLanes:o.baseLanes|n},l.childLanes=e.childLanes&~n,t.memoizedState=Gl,a):(n=ei(e,t,a.children,n),t.memoizedState=null,n))}function Zl(e,t,n,r){var a=e.mode,o=e.child;return t={mode:"hidden",children:t},0===(2&a)&&null!==o?(o.childLanes=0,o.pendingProps=t):o=Yu(t,a,0,null),n=Ku(n,a,r,null),o.return=e,n.return=e,o.sibling=n,e.child=o,n}function ei(e,t,n,r){var a=e.child;return e=a.sibling,n=Qu(a,{mode:"visible",children:n}),0===(2&t.mode)&&(n.lanes=r),n.return=t,n.sibling=null,null!==e&&(e.nextEffect=null,e.flags=8,t.firstEffect=t.lastEffect=e),t.child=n}function ti(e,t,n,r,a){var o=t.mode,l=e.child;e=l.sibling;var i={mode:"hidden",children:n};return 0===(2&o)&&t.child!==l?((n=t.child).childLanes=0,n.pendingProps=i,null!==(l=n.lastEffect)?(t.firstEffect=n.firstEffect,t.lastEffect=l,l.nextEffect=null):t.firstEffect=t.lastEffect=null):n=Qu(l,i),null!==e?r=Qu(e,r):(r=Ku(r,o,a,null)).flags|=2,r.return=t,n.return=t,n.sibling=r,t.child=n,r}function ni(e,t){e.lanes|=t;var n=e.alternate;null!==n&&(n.lanes|=t),ao(e.return,t)}function ri(e,t,n,r,a,o){var l=e.memoizedState;null===l?e.memoizedState={isBackwards:t,rendering:null,renderingStartTime:0,last:r,tail:n,tailMode:a,lastEffect:o}:(l.isBackwards=t,l.rendering=null,l.renderingStartTime=0,l.last=r,l.tail=n,l.tailMode=a,l.lastEffect=o)}function ai(e,t,n){var r=t.pendingProps,a=r.revealOrder,o=r.tail;if(Al(e,t,r.children,n),0!==(2&(r=Ao.current)))r=1&r|2,t.flags|=64;else{if(null!==e&&0!==(64&e.flags))e:for(e=t.child;null!==e;){if(13===e.tag)null!==e.memoizedState&&ni(e,n);else if(19===e.tag)ni(e,n);else if(null!==e.child){e.child.return=e,e=e.child;continue}if(e===t)break e;for(;null===e.sibling;){if(null===e.return||e.return===t)break e;e=e.return}e.sibling.return=e.return,e=e.sibling}r&=1}if(fa(Ao,r),0===(2&t.mode))t.memoizedState=null;else switch(a){case"forwards":for(n=t.child,a=null;null!==n;)null!==(e=n.alternate)&&null===Do(e)&&(a=n),n=n.sibling;null===(n=a)?(a=t.child,t.child=null):(a=n.sibling,n.sibling=null),ri(t,!1,a,n,o,t.lastEffect);break;case"backwards":for(n=null,a=t.child,t.child=null;null!==a;){if(null!==(e=a.alternate)&&null===Do(e)){t.child=a;break}e=a.sibling,a.sibling=n,n=a,a=e}ri(t,!0,n,null,o,t.lastEffect);break;case"together":ri(t,!1,null,null,void 0,t.lastEffect);break;default:t.memoizedState=null}return t.child}function oi(e,t,n){if(null!==e&&(t.dependencies=e.dependencies),$i|=t.lanes,0!==(n&t.childLanes)){if(null!==e&&t.child!==e.child)throw Error(l(153));if(null!==t.child){for(n=Qu(e=t.child,e.pendingProps),t.child=n,n.return=t;null!==e.sibling;)e=e.sibling,(n=n.sibling=Qu(e,e.pendingProps)).return=t;n.sibling=null}return t.child}return null}function li(e,t){if(!Bo)switch(e.tailMode){case"hidden":t=e.tail;for(var n=null;null!==t;)null!==t.alternate&&(n=t),t=t.sibling;null===n?e.tail=null:n.sibling=null;break;case"collapsed":n=e.tail;for(var r=null;null!==n;)null!==n.alternate&&(r=n),n=n.sibling;null===r?t||null===e.tail?e.tail=null:e.tail.sibling=null:r.sibling=null}}function ii(e,t,n){var r=t.pendingProps;switch(t.tag){case 2:case 16:case 15:case 0:case 11:case 7:case 8:case 12:case 9:case 14:return null;case 1:case 17:return ga(t.type)&&ya(),null;case 3:return Ro(),sa(ha),sa(pa),Xo(),(r=t.stateNode).pendingContext&&(r.context=r.pendingContext,r.pendingContext=null),null!==e&&null!==e.child||(qo(t)?t.flags|=4:r.hydrate||(t.flags|=256)),null;case 5:Io(t);var o=Fo(Lo.current);if(n=t.type,null!==e&&null!=t.stateNode)Yl(e,t,n,r),e.ref!==t.ref&&(t.flags|=128);else{if(!r){if(null===t.stateNode)throw Error(l(166));return null}if(e=Fo(Oo.current),qo(t)){r=t.stateNode,n=t.type;var i=t.memoizedProps;switch(r[Jr]=t,r[Zr]=i,n){case"dialog":Or("cancel",r),Or("close",r);break;case"iframe":case"object":case"embed":Or("load",r);break;case"video":case"audio":for(e=0;e<Er.length;e++)Or(Er[e],r);break;case"source":Or("error",r);break;case"img":case"image":case"link":Or("error",r),Or("load",r);break;case"details":Or("toggle",r);break;case"input":ee(r,i),Or("invalid",r);break;case"select":r._wrapperState={wasMultiple:!!i.multiple},Or("invalid",r);break;case"textarea":ue(r,i),Or("invalid",r)}for(var c in Se(n,i),e=null,i)i.hasOwnProperty(c)&&(o=i[c],"children"===c?"string"===typeof o?r.textContent!==o&&(e=["children",o]):"number"===typeof o&&r.textContent!==""+o&&(e=["children",""+o]):u.hasOwnProperty(c)&&null!=o&&"onScroll"===c&&Or("scroll",r));switch(n){case"input":X(r),re(r,i,!0);break;case"textarea":X(r),se(r);break;case"select":case"option":break;default:"function"===typeof i.onClick&&(r.onclick=Ur)}r=e,t.updateQueue=r,null!==r&&(t.flags|=4)}else{switch(c=9===o.nodeType?o:o.ownerDocument,e===fe&&(e=pe(n)),e===fe?"script"===n?((e=c.createElement("div")).innerHTML="<script><\\/script>",e=e.removeChild(e.firstChild)):"string"===typeof r.is?e=c.createElement(n,{is:r.is}):(e=c.createElement(n),"select"===n&&(c=e,r.multiple?c.multiple=!0:r.size&&(c.size=r.size))):e=c.createElementNS(e,n),e[Jr]=t,e[Zr]=r,Kl(e,t),t.stateNode=e,c=Ce(n,r),n){case"dialog":Or("cancel",e),Or("close",e),o=r;break;case"iframe":case"object":case"embed":Or("load",e),o=r;break;case"video":case"audio":for(o=0;o<Er.length;o++)Or(Er[o],e);o=r;break;case"source":Or("error",e),o=r;break;case"img":case"image":case"link":Or("error",e),Or("load",e),o=r;break;case"details":Or("toggle",e),o=r;break;case"input":ee(e,r),o=Z(e,r),Or("invalid",e);break;case"option":o=oe(e,r);break;case"select":e._wrapperState={wasMultiple:!!r.multiple},o=a({},r,{value:void 0}),Or("invalid",e);break;case"textarea":ue(e,r),o=ie(e,r),Or("invalid",e);break;default:o=r}Se(n,o);var s=o;for(i in s)if(s.hasOwnProperty(i)){var f=s[i];"style"===i?we(e,f):"dangerouslySetInnerHTML"===i?null!=(f=f?f.__html:void 0)&&ge(e,f):"children"===i?"string"===typeof f?("textarea"!==n||""!==f)&&ye(e,f):"number"===typeof f&&ye(e,""+f):"suppressContentEditableWarning"!==i&&"suppressHydrationWarning"!==i&&"autoFocus"!==i&&(u.hasOwnProperty(i)?null!=f&&"onScroll"===i&&Or("scroll",e):null!=f&&_(e,i,f,c))}switch(n){case"input":X(e),re(e,r,!1);break;case"textarea":X(e),se(e);break;case"option":null!=r.value&&e.setAttribute("value",""+K(r.value));break;case"select":e.multiple=!!r.multiple,null!=(i=r.value)?le(e,!!r.multiple,i,!1):null!=r.defaultValue&&le(e,!!r.multiple,r.defaultValue,!0);break;default:"function"===typeof o.onClick&&(e.onclick=Ur)}Vr(n,r)&&(t.flags|=4)}null!==t.ref&&(t.flags|=128)}return null;case 6:if(e&&null!=t.stateNode)Xl(0,t,e.memoizedProps,r);else{if("string"!==typeof r&&null===t.stateNode)throw Error(l(166));n=Fo(Lo.current),Fo(Oo.current),qo(t)?(r=t.stateNode,n=t.memoizedProps,r[Jr]=t,r.nodeValue!==n&&(t.flags|=4)):((r=(9===n.nodeType?n:n.ownerDocument).createTextNode(r))[Jr]=t,t.stateNode=r)}return null;case 13:return sa(Ao),r=t.memoizedState,0!==(64&t.flags)?(t.lanes=n,t):(r=null!==r,n=!1,null===e?void 0!==t.memoizedProps.fallback&&qo(t):n=null!==e.memoizedState,r&&!n&&0!==(2&t.mode)&&(null===e&&!0!==t.memoizedProps.unstable_avoidThisFallback||0!==(1&Ao.current)?0===Ai&&(Ai=3):(0!==Ai&&3!==Ai||(Ai=4),null===Fi||0===(134217727&$i)&&0===(134217727&Bi)||yu(Fi,Ri))),(r||n)&&(t.flags|=4),null);case 4:return Ro(),null===e&&Lr(t.stateNode.containerInfo),null;case 10:return ro(t),null;case 19:if(sa(Ao),null===(r=t.memoizedState))return null;if(i=0!==(64&t.flags),null===(c=r.rendering))if(i)li(r,!1);else{if(0!==Ai||null!==e&&0!==(64&e.flags))for(e=t.child;null!==e;){if(null!==(c=Do(e))){for(t.flags|=64,li(r,!1),null!==(i=c.updateQueue)&&(t.updateQueue=i,t.flags|=4),null===r.lastEffect&&(t.firstEffect=null),t.lastEffect=r.lastEffect,r=n,n=t.child;null!==n;)e=r,(i=n).flags&=2,i.nextEffect=null,i.firstEffect=null,i.lastEffect=null,null===(c=i.alternate)?(i.childLanes=0,i.lanes=e,i.child=null,i.memoizedProps=null,i.memoizedState=null,i.updateQueue=null,i.dependencies=null,i.stateNode=null):(i.childLanes=c.childLanes,i.lanes=c.lanes,i.child=c.child,i.memoizedProps=c.memoizedProps,i.memoizedState=c.memoizedState,i.updateQueue=c.updateQueue,i.type=c.type,e=c.dependencies,i.dependencies=null===e?null:{lanes:e.lanes,firstContext:e.firstContext}),n=n.sibling;return fa(Ao,1&Ao.current|2),t.child}e=e.sibling}null!==r.tail&&Va()>Qi&&(t.flags|=64,i=!0,li(r,!1),t.lanes=33554432)}else{if(!i)if(null!==(e=Do(c))){if(t.flags|=64,i=!0,null!==(n=e.updateQueue)&&(t.updateQueue=n,t.flags|=4),li(r,!0),null===r.tail&&"hidden"===r.tailMode&&!c.alternate&&!Bo)return null!==(t=t.lastEffect=r.lastEffect)&&(t.nextEffect=null),null}else 2*Va()-r.renderingStartTime>Qi&&1073741824!==n&&(t.flags|=64,i=!0,li(r,!1),t.lanes=33554432);r.isBackwards?(c.sibling=t.child,t.child=c):(null!==(n=r.last)?n.sibling=c:t.child=c,r.last=c)}return null!==r.tail?(n=r.tail,r.rendering=n,r.tail=n.sibling,r.lastEffect=t.lastEffect,r.renderingStartTime=Va(),n.sibling=null,t=Ao.current,fa(Ao,i?1&t|2:1&t),n):null;case 23:case 24:return ku(),null!==e&&null!==e.memoizedState!==(null!==t.memoizedState)&&"unstable-defer-without-hiding"!==r.mode&&(t.flags|=4),null}throw Error(l(156,t.tag))}function ui(e){switch(e.tag){case 1:ga(e.type)&&ya();var t=e.flags;return 4096&t?(e.flags=-4097&t|64,e):null;case 3:if(Ro(),sa(ha),sa(pa),Xo(),0!==(64&(t=e.flags)))throw Error(l(285));return e.flags=-4097&t|64,e;case 5:return Io(e),null;case 13:return sa(Ao),4096&(t=e.flags)?(e.flags=-4097&t|64,e):null;case 19:return sa(Ao),null;case 4:return Ro(),null;case 10:return ro(e),null;case 23:case 24:return ku(),null;default:return null}}function ci(e,t){try{var n="",r=t;do{n+=Q(r),r=r.return}while(r);var a=n}catch(o){a="\\nError generating stack: "+o.message+"\\n"+o.stack}return{value:e,source:t,stack:a}}function si(e,t){try{console.error(t.value)}catch(n){setTimeout((function(){throw n}))}}Kl=function(e,t){for(var n=t.child;null!==n;){if(5===n.tag||6===n.tag)e.appendChild(n.stateNode);else if(4!==n.tag&&null!==n.child){n.child.return=n,n=n.child;continue}if(n===t)break;for(;null===n.sibling;){if(null===n.return||n.return===t)return;n=n.return}n.sibling.return=n.return,n=n.sibling}},Yl=function(e,t,n,r){var o=e.memoizedProps;if(o!==r){e=t.stateNode,Fo(Oo.current);var l,i=null;switch(n){case"input":o=Z(e,o),r=Z(e,r),i=[];break;case"option":o=oe(e,o),r=oe(e,r),i=[];break;case"select":o=a({},o,{value:void 0}),r=a({},r,{value:void 0}),i=[];break;case"textarea":o=ie(e,o),r=ie(e,r),i=[];break;default:"function"!==typeof o.onClick&&"function"===typeof r.onClick&&(e.onclick=Ur)}for(f in Se(n,r),n=null,o)if(!r.hasOwnProperty(f)&&o.hasOwnProperty(f)&&null!=o[f])if("style"===f){var c=o[f];for(l in c)c.hasOwnProperty(l)&&(n||(n={}),n[l]="")}else"dangerouslySetInnerHTML"!==f&&"children"!==f&&"suppressContentEditableWarning"!==f&&"suppressHydrationWarning"!==f&&"autoFocus"!==f&&(u.hasOwnProperty(f)?i||(i=[]):(i=i||[]).push(f,null));for(f in r){var s=r[f];if(c=null!=o?o[f]:void 0,r.hasOwnProperty(f)&&s!==c&&(null!=s||null!=c))if("style"===f)if(c){for(l in c)!c.hasOwnProperty(l)||s&&s.hasOwnProperty(l)||(n||(n={}),n[l]="");for(l in s)s.hasOwnProperty(l)&&c[l]!==s[l]&&(n||(n={}),n[l]=s[l])}else n||(i||(i=[]),i.push(f,n)),n=s;else"dangerouslySetInnerHTML"===f?(s=s?s.__html:void 0,c=c?c.__html:void 0,null!=s&&c!==s&&(i=i||[]).push(f,s)):"children"===f?"string"!==typeof s&&"number"!==typeof s||(i=i||[]).push(f,""+s):"suppressContentEditableWarning"!==f&&"suppressHydrationWarning"!==f&&(u.hasOwnProperty(f)?(null!=s&&"onScroll"===f&&Or("scroll",e),i||c===s||(i=[])):"object"===typeof s&&null!==s&&s.$$typeof===R?s.toString():(i=i||[]).push(f,s))}n&&(i=i||[]).push("style",n);var f=i;(t.updateQueue=f)&&(t.flags|=4)}},Xl=function(e,t,n,r){n!==r&&(t.flags|=4)};var fi="function"===typeof WeakMap?WeakMap:Map;function di(e,t,n){(n=so(-1,n)).tag=3,n.payload={element:null};var r=t.value;return n.callback=function(){Xi||(Xi=!0,Gi=r),si(0,t)},n}function pi(e,t,n){(n=so(-1,n)).tag=3;var r=e.type.getDerivedStateFromError;if("function"===typeof r){var a=t.value;n.payload=function(){return si(0,t),r(a)}}var o=e.stateNode;return null!==o&&"function"===typeof o.componentDidCatch&&(n.callback=function(){"function"!==typeof r&&(null===Ji?Ji=new Set([this]):Ji.add(this),si(0,t));var e=t.stack;this.componentDidCatch(t.value,{componentStack:null!==e?e:""})}),n}var hi="function"===typeof WeakSet?WeakSet:Set;function mi(e){var t=e.ref;if(null!==t)if("function"===typeof t)try{t(null)}catch(n){Uu(e,n)}else t.current=null}function vi(e,t){switch(t.tag){case 0:case 11:case 15:case 22:case 5:case 6:case 4:case 17:return;case 1:if(256&t.flags&&null!==e){var n=e.memoizedProps,r=e.memoizedState;t=(e=t.stateNode).getSnapshotBeforeUpdate(t.elementType===t.type?n:Ga(t.type,n),r),e.__reactInternalSnapshotBeforeUpdate=t}return;case 3:return void(256&t.flags&&qr(t.stateNode.containerInfo))}throw Error(l(163))}function gi(e,t,n){switch(n.tag){case 0:case 11:case 15:case 22:if(null!==(t=null!==(t=n.updateQueue)?t.lastEffect:null)){e=t=t.next;do{if(3===(3&e.tag)){var r=e.create;e.destroy=r()}e=e.next}while(e!==t)}if(null!==(t=null!==(t=n.updateQueue)?t.lastEffect:null)){e=t=t.next;do{var a=e;r=a.next,0!==(4&(a=a.tag))&&0!==(1&a)&&(Iu(n,e),Mu(n,e)),e=r}while(e!==t)}return;case 1:return e=n.stateNode,4&n.flags&&(null===t?e.componentDidMount():(r=n.elementType===n.type?t.memoizedProps:Ga(n.type,t.memoizedProps),e.componentDidUpdate(r,t.memoizedState,e.__reactInternalSnapshotBeforeUpdate))),void(null!==(t=n.updateQueue)&&mo(n,t,e));case 3:if(null!==(t=n.updateQueue)){if(e=null,null!==n.child)switch(n.child.tag){case 5:case 1:e=n.child.stateNode}mo(n,t,e)}return;case 5:return e=n.stateNode,void(null===t&&4&n.flags&&Vr(n.type,n.memoizedProps)&&e.focus());case 6:case 4:case 12:case 19:case 17:case 20:case 21:case 23:case 24:return;case 13:return void(null===n.memoizedState&&(n=n.alternate,null!==n&&(n=n.memoizedState,null!==n&&(n=n.dehydrated,null!==n&&wt(n)))))}throw Error(l(163))}function yi(e,t){for(var n=e;;){if(5===n.tag){var r=n.stateNode;if(t)"function"===typeof(r=r.style).setProperty?r.setProperty("display","none","important"):r.display="none";else{r=n.stateNode;var a=n.memoizedProps.style;a=void 0!==a&&null!==a&&a.hasOwnProperty("display")?a.display:null,r.style.display=xe("display",a)}}else if(6===n.tag)n.stateNode.nodeValue=t?"":n.memoizedProps;else if((23!==n.tag&&24!==n.tag||null===n.memoizedState||n===e)&&null!==n.child){n.child.return=n,n=n.child;continue}if(n===e)break;for(;null===n.sibling;){if(null===n.return||n.return===e)return;n=n.return}n.sibling.return=n.return,n=n.sibling}}function bi(e,t){if(Sa&&"function"===typeof Sa.onCommitFiberUnmount)try{Sa.onCommitFiberUnmount(ka,t)}catch(o){}switch(t.tag){case 0:case 11:case 14:case 15:case 22:if(null!==(e=t.updateQueue)&&null!==(e=e.lastEffect)){var n=e=e.next;do{var r=n,a=r.destroy;if(r=r.tag,void 0!==a)if(0!==(4&r))Iu(t,n);else{r=t;try{a()}catch(o){Uu(r,o)}}n=n.next}while(n!==e)}break;case 1:if(mi(t),"function"===typeof(e=t.stateNode).componentWillUnmount)try{e.props=t.memoizedProps,e.state=t.memoizedState,e.componentWillUnmount()}catch(o){Uu(t,o)}break;case 5:mi(t);break;case 4:Ci(e,t)}}function _i(e){e.alternate=null,e.child=null,e.dependencies=null,e.firstEffect=null,e.lastEffect=null,e.memoizedProps=null,e.memoizedState=null,e.pendingProps=null,e.return=null,e.updateQueue=null}function xi(e){return 5===e.tag||3===e.tag||4===e.tag}function wi(e){e:{for(var t=e.return;null!==t;){if(xi(t))break e;t=t.return}throw Error(l(160))}var n=t;switch(t=n.stateNode,n.tag){case 5:var r=!1;break;case 3:case 4:t=t.containerInfo,r=!0;break;default:throw Error(l(161))}16&n.flags&&(ye(t,""),n.flags&=-17);e:t:for(n=e;;){for(;null===n.sibling;){if(null===n.return||xi(n.return)){n=null;break e}n=n.return}for(n.sibling.return=n.return,n=n.sibling;5!==n.tag&&6!==n.tag&&18!==n.tag;){if(2&n.flags)continue t;if(null===n.child||4===n.tag)continue t;n.child.return=n,n=n.child}if(!(2&n.flags)){n=n.stateNode;break e}}r?ki(e,n,t):Si(e,n,t)}function ki(e,t,n){var r=e.tag,a=5===r||6===r;if(a)e=a?e.stateNode:e.stateNode.instance,t?8===n.nodeType?n.parentNode.insertBefore(e,t):n.insertBefore(e,t):(8===n.nodeType?(t=n.parentNode).insertBefore(e,n):(t=n).appendChild(e),null!==(n=n._reactRootContainer)&&void 0!==n||null!==t.onclick||(t.onclick=Ur));else if(4!==r&&null!==(e=e.child))for(ki(e,t,n),e=e.sibling;null!==e;)ki(e,t,n),e=e.sibling}function Si(e,t,n){var r=e.tag,a=5===r||6===r;if(a)e=a?e.stateNode:e.stateNode.instance,t?n.insertBefore(e,t):n.appendChild(e);else if(4!==r&&null!==(e=e.child))for(Si(e,t,n),e=e.sibling;null!==e;)Si(e,t,n),e=e.sibling}function Ci(e,t){for(var n,r,a=t,o=!1;;){if(!o){o=a.return;e:for(;;){if(null===o)throw Error(l(160));switch(n=o.stateNode,o.tag){case 5:r=!1;break e;case 3:case 4:n=n.containerInfo,r=!0;break e}o=o.return}o=!0}if(5===a.tag||6===a.tag){e:for(var i=e,u=a,c=u;;)if(bi(i,c),null!==c.child&&4!==c.tag)c.child.return=c,c=c.child;else{if(c===u)break e;for(;null===c.sibling;){if(null===c.return||c.return===u)break e;c=c.return}c.sibling.return=c.return,c=c.sibling}r?(i=n,u=a.stateNode,8===i.nodeType?i.parentNode.removeChild(u):i.removeChild(u)):n.removeChild(a.stateNode)}else if(4===a.tag){if(null!==a.child){n=a.stateNode.containerInfo,r=!0,a.child.return=a,a=a.child;continue}}else if(bi(e,a),null!==a.child){a.child.return=a,a=a.child;continue}if(a===t)break;for(;null===a.sibling;){if(null===a.return||a.return===t)return;4===(a=a.return).tag&&(o=!1)}a.sibling.return=a.return,a=a.sibling}}function Ei(e,t){switch(t.tag){case 0:case 11:case 14:case 15:case 22:var n=t.updateQueue;if(null!==(n=null!==n?n.lastEffect:null)){var r=n=n.next;do{3===(3&r.tag)&&(e=r.destroy,r.destroy=void 0,void 0!==e&&e()),r=r.next}while(r!==n)}return;case 1:case 12:case 17:return;case 5:if(null!=(n=t.stateNode)){r=t.memoizedProps;var a=null!==e?e.memoizedProps:r;e=t.type;var o=t.updateQueue;if(t.updateQueue=null,null!==o){for(n[Zr]=r,"input"===e&&"radio"===r.type&&null!=r.name&&te(n,r),Ce(e,a),t=Ce(e,r),a=0;a<o.length;a+=2){var i=o[a],u=o[a+1];"style"===i?we(n,u):"dangerouslySetInnerHTML"===i?ge(n,u):"children"===i?ye(n,u):_(n,i,u,t)}switch(e){case"input":ne(n,r);break;case"textarea":ce(n,r);break;case"select":e=n._wrapperState.wasMultiple,n._wrapperState.wasMultiple=!!r.multiple,null!=(o=r.value)?le(n,!!r.multiple,o,!1):e!==!!r.multiple&&(null!=r.defaultValue?le(n,!!r.multiple,r.defaultValue,!0):le(n,!!r.multiple,r.multiple?[]:"",!1))}}}return;case 6:if(null===t.stateNode)throw Error(l(162));return void(t.stateNode.nodeValue=t.memoizedProps);case 3:return void((n=t.stateNode).hydrate&&(n.hydrate=!1,wt(n.containerInfo)));case 13:return null!==t.memoizedState&&(Hi=Va(),yi(t.child,!0)),void Ni(t);case 19:return void Ni(t);case 23:case 24:return void yi(t,null!==t.memoizedState)}throw Error(l(163))}function Ni(e){var t=e.updateQueue;if(null!==t){e.updateQueue=null;var n=e.stateNode;null===n&&(n=e.stateNode=new hi),t.forEach((function(t){var r=Bu.bind(null,e,t);n.has(t)||(n.add(t),t.then(r,r))}))}}function Pi(e,t){return null!==e&&(null===(e=e.memoizedState)||null!==e.dehydrated)&&(null!==(t=t.memoizedState)&&null===t.dehydrated)}var ji=Math.ceil,Oi=x.ReactCurrentDispatcher,Ti=x.ReactCurrentOwner,Li=0,Fi=null,zi=null,Ri=0,Mi=0,Ii=ca(0),Ai=0,Di=null,Ui=0,$i=0,Bi=0,Vi=0,Wi=null,Hi=0,Qi=1/0;function qi(){Qi=Va()+500}var Ki,Yi=null,Xi=!1,Gi=null,Ji=null,Zi=!1,eu=null,tu=90,nu=[],ru=[],au=null,ou=0,lu=null,iu=-1,uu=0,cu=0,su=null,fu=!1;function du(){return 0!==(48&Li)?Va():-1!==iu?iu:iu=Va()}function pu(e){if(0===(2&(e=e.mode)))return 1;if(0===(4&e))return 99===Wa()?1:2;if(0===uu&&(uu=Ui),0!==Xa.transition){0!==cu&&(cu=null!==Wi?Wi.pendingLanes:0),e=uu;var t=4186112&~cu;return 0===(t&=-t)&&(0===(t=(e=4186112&~e)&-e)&&(t=8192)),t}return e=Wa(),0!==(4&Li)&&98===e?e=Ut(12,uu):e=Ut(e=function(e){switch(e){case 99:return 15;case 98:return 10;case 97:case 96:return 8;case 95:return 2;default:return 0}}(e),uu),e}function hu(e,t,n){if(50<ou)throw ou=0,lu=null,Error(l(185));if(null===(e=mu(e,t)))return null;Vt(e,t,n),e===Fi&&(Bi|=t,4===Ai&&yu(e,Ri));var r=Wa();1===t?0!==(8&Li)&&0===(48&Li)?bu(e):(vu(e,n),0===Li&&(qi(),Ka())):(0===(4&Li)||98!==r&&99!==r||(null===au?au=new Set([e]):au.add(e)),vu(e,n)),Wi=e}function mu(e,t){e.lanes|=t;var n=e.alternate;for(null!==n&&(n.lanes|=t),n=e,e=e.return;null!==e;)e.childLanes|=t,null!==(n=e.alternate)&&(n.childLanes|=t),n=e,e=e.return;return 3===n.tag?n.stateNode:null}function vu(e,t){for(var n=e.callbackNode,r=e.suspendedLanes,a=e.pingedLanes,o=e.expirationTimes,i=e.pendingLanes;0<i;){var u=31-Wt(i),c=1<<u,s=o[u];if(-1===s){if(0===(c&r)||0!==(c&a)){s=t,It(c);var f=Mt;o[u]=10<=f?s+250:6<=f?s+5e3:-1}}else s<=t&&(e.expiredLanes|=c);i&=~c}if(r=At(e,e===Fi?Ri:0),t=Mt,0===r)null!==n&&(n!==Ia&&Na(n),e.callbackNode=null,e.callbackPriority=0);else{if(null!==n){if(e.callbackPriority===t)return;n!==Ia&&Na(n)}15===t?(n=bu.bind(null,e),null===Da?(Da=[n],Ua=Ea(La,Ya)):Da.push(n),n=Ia):14===t?n=qa(99,bu.bind(null,e)):(n=function(e){switch(e){case 15:case 14:return 99;case 13:case 12:case 11:case 10:return 98;case 9:case 8:case 7:case 6:case 4:case 5:return 97;case 3:case 2:case 1:return 95;case 0:return 90;default:throw Error(l(358,e))}}(t),n=qa(n,gu.bind(null,e))),e.callbackPriority=t,e.callbackNode=n}}function gu(e){if(iu=-1,cu=uu=0,0!==(48&Li))throw Error(l(327));var t=e.callbackNode;if(Ru()&&e.callbackNode!==t)return null;var n=At(e,e===Fi?Ri:0);if(0===n)return null;var r=n,a=Li;Li|=16;var o=Eu();for(Fi===e&&Ri===r||(qi(),Su(e,r));;)try{ju();break}catch(u){Cu(e,u)}if(no(),Oi.current=o,Li=a,null!==zi?r=0:(Fi=null,Ri=0,r=Ai),0!==(Ui&Bi))Su(e,0);else if(0!==r){if(2===r&&(Li|=64,e.hydrate&&(e.hydrate=!1,qr(e.containerInfo)),0!==(n=Dt(e))&&(r=Nu(e,n))),1===r)throw t=Di,Su(e,0),yu(e,n),vu(e,Va()),t;switch(e.finishedWork=e.current.alternate,e.finishedLanes=n,r){case 0:case 1:throw Error(l(345));case 2:case 5:Lu(e);break;case 3:if(yu(e,n),(62914560&n)===n&&10<(r=Hi+500-Va())){if(0!==At(e,0))break;if(((a=e.suspendedLanes)&n)!==n){du(),e.pingedLanes|=e.suspendedLanes&a;break}e.timeoutHandle=Hr(Lu.bind(null,e),r);break}Lu(e);break;case 4:if(yu(e,n),(4186112&n)===n)break;for(r=e.eventTimes,a=-1;0<n;){var i=31-Wt(n);o=1<<i,(i=r[i])>a&&(a=i),n&=~o}if(n=a,10<(n=(120>(n=Va()-n)?120:480>n?480:1080>n?1080:1920>n?1920:3e3>n?3e3:4320>n?4320:1960*ji(n/1960))-n)){e.timeoutHandle=Hr(Lu.bind(null,e),n);break}Lu(e);break;default:throw Error(l(329))}}return vu(e,Va()),e.callbackNode===t?gu.bind(null,e):null}function yu(e,t){for(t&=~Vi,t&=~Bi,e.suspendedLanes|=t,e.pingedLanes&=~t,e=e.expirationTimes;0<t;){var n=31-Wt(t),r=1<<n;e[n]=-1,t&=~r}}function bu(e){if(0!==(48&Li))throw Error(l(327));if(Ru(),e===Fi&&0!==(e.expiredLanes&Ri)){var t=Ri,n=Nu(e,t);0!==(Ui&Bi)&&(n=Nu(e,t=At(e,t)))}else n=Nu(e,t=At(e,0));if(0!==e.tag&&2===n&&(Li|=64,e.hydrate&&(e.hydrate=!1,qr(e.containerInfo)),0!==(t=Dt(e))&&(n=Nu(e,t))),1===n)throw n=Di,Su(e,0),yu(e,t),vu(e,Va()),n;return e.finishedWork=e.current.alternate,e.finishedLanes=t,Lu(e),vu(e,Va()),null}function _u(e,t){var n=Li;Li|=1;try{return e(t)}finally{0===(Li=n)&&(qi(),Ka())}}function xu(e,t){var n=Li;Li&=-2,Li|=8;try{return e(t)}finally{0===(Li=n)&&(qi(),Ka())}}function wu(e,t){fa(Ii,Mi),Mi|=t,Ui|=t}function ku(){Mi=Ii.current,sa(Ii)}function Su(e,t){e.finishedWork=null,e.finishedLanes=0;var n=e.timeoutHandle;if(-1!==n&&(e.timeoutHandle=-1,Qr(n)),null!==zi)for(n=zi.return;null!==n;){var r=n;switch(r.tag){case 1:null!==(r=r.type.childContextTypes)&&void 0!==r&&ya();break;case 3:Ro(),sa(ha),sa(pa),Xo();break;case 5:Io(r);break;case 4:Ro();break;case 13:case 19:sa(Ao);break;case 10:ro(r);break;case 23:case 24:ku()}n=n.return}Fi=e,zi=Qu(e.current,null),Ri=Mi=Ui=t,Ai=0,Di=null,Vi=Bi=$i=0}function Cu(e,t){for(;;){var n=zi;try{if(no(),Go.current=Ll,rl){for(var r=el.memoizedState;null!==r;){var a=r.queue;null!==a&&(a.pending=null),r=r.next}rl=!1}if(Zo=0,nl=tl=el=null,al=!1,Ti.current=null,null===n||null===n.return){Ai=1,Di=t,zi=null;break}e:{var o=e,l=n.return,i=n,u=t;if(t=Ri,i.flags|=2048,i.firstEffect=i.lastEffect=null,null!==u&&"object"===typeof u&&"function"===typeof u.then){var c=u;if(0===(2&i.mode)){var s=i.alternate;s?(i.updateQueue=s.updateQueue,i.memoizedState=s.memoizedState,i.lanes=s.lanes):(i.updateQueue=null,i.memoizedState=null)}var f=0!==(1&Ao.current),d=l;do{var p;if(p=13===d.tag){var h=d.memoizedState;if(null!==h)p=null!==h.dehydrated;else{var m=d.memoizedProps;p=void 0!==m.fallback&&(!0!==m.unstable_avoidThisFallback||!f)}}if(p){var v=d.updateQueue;if(null===v){var g=new Set;g.add(c),d.updateQueue=g}else v.add(c);if(0===(2&d.mode)){if(d.flags|=64,i.flags|=16384,i.flags&=-2981,1===i.tag)if(null===i.alternate)i.tag=17;else{var y=so(-1,1);y.tag=2,fo(i,y)}i.lanes|=1;break e}u=void 0,i=t;var b=o.pingCache;if(null===b?(b=o.pingCache=new fi,u=new Set,b.set(c,u)):void 0===(u=b.get(c))&&(u=new Set,b.set(c,u)),!u.has(i)){u.add(i);var _=$u.bind(null,o,c,i);c.then(_,_)}d.flags|=4096,d.lanes=t;break e}d=d.return}while(null!==d);u=Error((q(i.type)||"A React component")+" suspended while rendering, but no fallback UI was specified.\\n\\nAdd a <Suspense fallback=...> component higher in the tree to provide a loading indicator or placeholder to display.")}5!==Ai&&(Ai=2),u=ci(u,i),d=l;do{switch(d.tag){case 3:o=u,d.flags|=4096,t&=-t,d.lanes|=t,po(d,di(0,o,t));break e;case 1:o=u;var x=d.type,w=d.stateNode;if(0===(64&d.flags)&&("function"===typeof x.getDerivedStateFromError||null!==w&&"function"===typeof w.componentDidCatch&&(null===Ji||!Ji.has(w)))){d.flags|=4096,t&=-t,d.lanes|=t,po(d,pi(d,o,t));break e}}d=d.return}while(null!==d)}Tu(n)}catch(k){t=k,zi===n&&null!==n&&(zi=n=n.return);continue}break}}function Eu(){var e=Oi.current;return Oi.current=Ll,null===e?Ll:e}function Nu(e,t){var n=Li;Li|=16;var r=Eu();for(Fi===e&&Ri===t||Su(e,t);;)try{Pu();break}catch(a){Cu(e,a)}if(no(),Li=n,Oi.current=r,null!==zi)throw Error(l(261));return Fi=null,Ri=0,Ai}function Pu(){for(;null!==zi;)Ou(zi)}function ju(){for(;null!==zi&&!Pa();)Ou(zi)}function Ou(e){var t=Ki(e.alternate,e,Mi);e.memoizedProps=e.pendingProps,null===t?Tu(e):zi=t,Ti.current=null}function Tu(e){var t=e;do{var n=t.alternate;if(e=t.return,0===(2048&t.flags)){if(null!==(n=ii(n,t,Mi)))return void(zi=n);if(24!==(n=t).tag&&23!==n.tag||null===n.memoizedState||0!==(1073741824&Mi)||0===(4&n.mode)){for(var r=0,a=n.child;null!==a;)r|=a.lanes|a.childLanes,a=a.sibling;n.childLanes=r}null!==e&&0===(2048&e.flags)&&(null===e.firstEffect&&(e.firstEffect=t.firstEffect),null!==t.lastEffect&&(null!==e.lastEffect&&(e.lastEffect.nextEffect=t.firstEffect),e.lastEffect=t.lastEffect),1<t.flags&&(null!==e.lastEffect?e.lastEffect.nextEffect=t:e.firstEffect=t,e.lastEffect=t))}else{if(null!==(n=ui(t)))return n.flags&=2047,void(zi=n);null!==e&&(e.firstEffect=e.lastEffect=null,e.flags|=2048)}if(null!==(t=t.sibling))return void(zi=t);zi=t=e}while(null!==t);0===Ai&&(Ai=5)}function Lu(e){var t=Wa();return Qa(99,Fu.bind(null,e,t)),null}function Fu(e,t){do{Ru()}while(null!==eu);if(0!==(48&Li))throw Error(l(327));var n=e.finishedWork;if(null===n)return null;if(e.finishedWork=null,e.finishedLanes=0,n===e.current)throw Error(l(177));e.callbackNode=null;var r=n.lanes|n.childLanes,a=r,o=e.pendingLanes&~a;e.pendingLanes=a,e.suspendedLanes=0,e.pingedLanes=0,e.expiredLanes&=a,e.mutableReadLanes&=a,e.entangledLanes&=a,a=e.entanglements;for(var i=e.eventTimes,u=e.expirationTimes;0<o;){var c=31-Wt(o),s=1<<c;a[c]=0,i[c]=-1,u[c]=-1,o&=~s}if(null!==au&&0===(24&r)&&au.has(e)&&au.delete(e),e===Fi&&(zi=Fi=null,Ri=0),1<n.flags?null!==n.lastEffect?(n.lastEffect.nextEffect=n,r=n.firstEffect):r=n:r=n.firstEffect,null!==r){if(a=Li,Li|=32,Ti.current=null,$r=Yt,gr(i=vr())){if("selectionStart"in i)u={start:i.selectionStart,end:i.selectionEnd};else e:if(u=(u=i.ownerDocument)&&u.defaultView||window,(s=u.getSelection&&u.getSelection())&&0!==s.rangeCount){u=s.anchorNode,o=s.anchorOffset,c=s.focusNode,s=s.focusOffset;try{u.nodeType,c.nodeType}catch(E){u=null;break e}var f=0,d=-1,p=-1,h=0,m=0,v=i,g=null;t:for(;;){for(var y;v!==u||0!==o&&3!==v.nodeType||(d=f+o),v!==c||0!==s&&3!==v.nodeType||(p=f+s),3===v.nodeType&&(f+=v.nodeValue.length),null!==(y=v.firstChild);)g=v,v=y;for(;;){if(v===i)break t;if(g===u&&++h===o&&(d=f),g===c&&++m===s&&(p=f),null!==(y=v.nextSibling))break;g=(v=g).parentNode}v=y}u=-1===d||-1===p?null:{start:d,end:p}}else u=null;u=u||{start:0,end:0}}else u=null;Br={focusedElem:i,selectionRange:u},Yt=!1,su=null,fu=!1,Yi=r;do{try{zu()}catch(E){if(null===Yi)throw Error(l(330));Uu(Yi,E),Yi=Yi.nextEffect}}while(null!==Yi);su=null,Yi=r;do{try{for(i=e;null!==Yi;){var b=Yi.flags;if(16&b&&ye(Yi.stateNode,""),128&b){var _=Yi.alternate;if(null!==_){var x=_.ref;null!==x&&("function"===typeof x?x(null):x.current=null)}}switch(1038&b){case 2:wi(Yi),Yi.flags&=-3;break;case 6:wi(Yi),Yi.flags&=-3,Ei(Yi.alternate,Yi);break;case 1024:Yi.flags&=-1025;break;case 1028:Yi.flags&=-1025,Ei(Yi.alternate,Yi);break;case 4:Ei(Yi.alternate,Yi);break;case 8:Ci(i,u=Yi);var w=u.alternate;_i(u),null!==w&&_i(w)}Yi=Yi.nextEffect}}catch(E){if(null===Yi)throw Error(l(330));Uu(Yi,E),Yi=Yi.nextEffect}}while(null!==Yi);if(x=Br,_=vr(),b=x.focusedElem,i=x.selectionRange,_!==b&&b&&b.ownerDocument&&mr(b.ownerDocument.documentElement,b)){null!==i&&gr(b)&&(_=i.start,void 0===(x=i.end)&&(x=_),"selectionStart"in b?(b.selectionStart=_,b.selectionEnd=Math.min(x,b.value.length)):(x=(_=b.ownerDocument||document)&&_.defaultView||window).getSelection&&(x=x.getSelection(),u=b.textContent.length,w=Math.min(i.start,u),i=void 0===i.end?w:Math.min(i.end,u),!x.extend&&w>i&&(u=i,i=w,w=u),u=hr(b,w),o=hr(b,i),u&&o&&(1!==x.rangeCount||x.anchorNode!==u.node||x.anchorOffset!==u.offset||x.focusNode!==o.node||x.focusOffset!==o.offset)&&((_=_.createRange()).setStart(u.node,u.offset),x.removeAllRanges(),w>i?(x.addRange(_),x.extend(o.node,o.offset)):(_.setEnd(o.node,o.offset),x.addRange(_))))),_=[];for(x=b;x=x.parentNode;)1===x.nodeType&&_.push({element:x,left:x.scrollLeft,top:x.scrollTop});for("function"===typeof b.focus&&b.focus(),b=0;b<_.length;b++)(x=_[b]).element.scrollLeft=x.left,x.element.scrollTop=x.top}Yt=!!$r,Br=$r=null,e.current=n,Yi=r;do{try{for(b=e;null!==Yi;){var k=Yi.flags;if(36&k&&gi(b,Yi.alternate,Yi),128&k){_=void 0;var S=Yi.ref;if(null!==S){var C=Yi.stateNode;Yi.tag,_=C,"function"===typeof S?S(_):S.current=_}}Yi=Yi.nextEffect}}catch(E){if(null===Yi)throw Error(l(330));Uu(Yi,E),Yi=Yi.nextEffect}}while(null!==Yi);Yi=null,Aa(),Li=a}else e.current=n;if(Zi)Zi=!1,eu=e,tu=t;else for(Yi=r;null!==Yi;)t=Yi.nextEffect,Yi.nextEffect=null,8&Yi.flags&&((k=Yi).sibling=null,k.stateNode=null),Yi=t;if(0===(r=e.pendingLanes)&&(Ji=null),1===r?e===lu?ou++:(ou=0,lu=e):ou=0,n=n.stateNode,Sa&&"function"===typeof Sa.onCommitFiberRoot)try{Sa.onCommitFiberRoot(ka,n,void 0,64===(64&n.current.flags))}catch(E){}if(vu(e,Va()),Xi)throw Xi=!1,e=Gi,Gi=null,e;return 0!==(8&Li)||Ka(),null}function zu(){for(;null!==Yi;){var e=Yi.alternate;fu||null===su||(0!==(8&Yi.flags)?et(Yi,su)&&(fu=!0):13===Yi.tag&&Pi(e,Yi)&&et(Yi,su)&&(fu=!0));var t=Yi.flags;0!==(256&t)&&vi(e,Yi),0===(512&t)||Zi||(Zi=!0,qa(97,(function(){return Ru(),null}))),Yi=Yi.nextEffect}}function Ru(){if(90!==tu){var e=97<tu?97:tu;return tu=90,Qa(e,Au)}return!1}function Mu(e,t){nu.push(t,e),Zi||(Zi=!0,qa(97,(function(){return Ru(),null})))}function Iu(e,t){ru.push(t,e),Zi||(Zi=!0,qa(97,(function(){return Ru(),null})))}function Au(){if(null===eu)return!1;var e=eu;if(eu=null,0!==(48&Li))throw Error(l(331));var t=Li;Li|=32;var n=ru;ru=[];for(var r=0;r<n.length;r+=2){var a=n[r],o=n[r+1],i=a.destroy;if(a.destroy=void 0,"function"===typeof i)try{i()}catch(c){if(null===o)throw Error(l(330));Uu(o,c)}}for(n=nu,nu=[],r=0;r<n.length;r+=2){a=n[r],o=n[r+1];try{var u=a.create;a.destroy=u()}catch(c){if(null===o)throw Error(l(330));Uu(o,c)}}for(u=e.current.firstEffect;null!==u;)e=u.nextEffect,u.nextEffect=null,8&u.flags&&(u.sibling=null,u.stateNode=null),u=e;return Li=t,Ka(),!0}function Du(e,t,n){fo(e,t=di(0,t=ci(n,t),1)),t=du(),null!==(e=mu(e,1))&&(Vt(e,1,t),vu(e,t))}function Uu(e,t){if(3===e.tag)Du(e,e,t);else for(var n=e.return;null!==n;){if(3===n.tag){Du(n,e,t);break}if(1===n.tag){var r=n.stateNode;if("function"===typeof n.type.getDerivedStateFromError||"function"===typeof r.componentDidCatch&&(null===Ji||!Ji.has(r))){var a=pi(n,e=ci(t,e),1);if(fo(n,a),a=du(),null!==(n=mu(n,1)))Vt(n,1,a),vu(n,a);else if("function"===typeof r.componentDidCatch&&(null===Ji||!Ji.has(r)))try{r.componentDidCatch(t,e)}catch(o){}break}}n=n.return}}function $u(e,t,n){var r=e.pingCache;null!==r&&r.delete(t),t=du(),e.pingedLanes|=e.suspendedLanes&n,Fi===e&&(Ri&n)===n&&(4===Ai||3===Ai&&(62914560&Ri)===Ri&&500>Va()-Hi?Su(e,0):Vi|=n),vu(e,t)}function Bu(e,t){var n=e.stateNode;null!==n&&n.delete(t),0===(t=0)&&(0===(2&(t=e.mode))?t=1:0===(4&t)?t=99===Wa()?1:2:(0===uu&&(uu=Ui),0===(t=$t(62914560&~uu))&&(t=4194304))),n=du(),null!==(e=mu(e,t))&&(Vt(e,t,n),vu(e,n))}function Vu(e,t,n,r){this.tag=e,this.key=n,this.sibling=this.child=this.return=this.stateNode=this.type=this.elementType=null,this.index=0,this.ref=null,this.pendingProps=t,this.dependencies=this.memoizedState=this.updateQueue=this.memoizedProps=null,this.mode=r,this.flags=0,this.lastEffect=this.firstEffect=this.nextEffect=null,this.childLanes=this.lanes=0,this.alternate=null}function Wu(e,t,n,r){return new Vu(e,t,n,r)}function Hu(e){return!(!(e=e.prototype)||!e.isReactComponent)}function Qu(e,t){var n=e.alternate;return null===n?((n=Wu(e.tag,t,e.key,e.mode)).elementType=e.elementType,n.type=e.type,n.stateNode=e.stateNode,n.alternate=e,e.alternate=n):(n.pendingProps=t,n.type=e.type,n.flags=0,n.nextEffect=null,n.firstEffect=null,n.lastEffect=null),n.childLanes=e.childLanes,n.lanes=e.lanes,n.child=e.child,n.memoizedProps=e.memoizedProps,n.memoizedState=e.memoizedState,n.updateQueue=e.updateQueue,t=e.dependencies,n.dependencies=null===t?null:{lanes:t.lanes,firstContext:t.firstContext},n.sibling=e.sibling,n.index=e.index,n.ref=e.ref,n}function qu(e,t,n,r,a,o){var i=2;if(r=e,"function"===typeof e)Hu(e)&&(i=1);else if("string"===typeof e)i=5;else e:switch(e){case S:return Ku(n.children,a,o,t);case M:i=8,a|=16;break;case C:i=8,a|=1;break;case E:return(e=Wu(12,n,t,8|a)).elementType=E,e.type=E,e.lanes=o,e;case O:return(e=Wu(13,n,t,a)).type=O,e.elementType=O,e.lanes=o,e;case T:return(e=Wu(19,n,t,a)).elementType=T,e.lanes=o,e;case I:return Yu(n,a,o,t);case A:return(e=Wu(24,n,t,a)).elementType=A,e.lanes=o,e;default:if("object"===typeof e&&null!==e)switch(e.$$typeof){case N:i=10;break e;case P:i=9;break e;case j:i=11;break e;case L:i=14;break e;case F:i=16,r=null;break e;case z:i=22;break e}throw Error(l(130,null==e?e:typeof e,""))}return(t=Wu(i,n,t,a)).elementType=e,t.type=r,t.lanes=o,t}function Ku(e,t,n,r){return(e=Wu(7,e,r,t)).lanes=n,e}function Yu(e,t,n,r){return(e=Wu(23,e,r,t)).elementType=I,e.lanes=n,e}function Xu(e,t,n){return(e=Wu(6,e,null,t)).lanes=n,e}function Gu(e,t,n){return(t=Wu(4,null!==e.children?e.children:[],e.key,t)).lanes=n,t.stateNode={containerInfo:e.containerInfo,pendingChildren:null,implementation:e.implementation},t}function Ju(e,t,n){this.tag=t,this.containerInfo=e,this.finishedWork=this.pingCache=this.current=this.pendingChildren=null,this.timeoutHandle=-1,this.pendingContext=this.context=null,this.hydrate=n,this.callbackNode=null,this.callbackPriority=0,this.eventTimes=Bt(0),this.expirationTimes=Bt(-1),this.entangledLanes=this.finishedLanes=this.mutableReadLanes=this.expiredLanes=this.pingedLanes=this.suspendedLanes=this.pendingLanes=0,this.entanglements=Bt(0),this.mutableSourceEagerHydrationData=null}function Zu(e,t,n){var r=3<arguments.length&&void 0!==arguments[3]?arguments[3]:null;return{$$typeof:k,key:null==r?null:""+r,children:e,containerInfo:t,implementation:n}}function ec(e,t,n,r){var a=t.current,o=du(),i=pu(a);e:if(n){t:{if(Xe(n=n._reactInternals)!==n||1!==n.tag)throw Error(l(170));var u=n;do{switch(u.tag){case 3:u=u.stateNode.context;break t;case 1:if(ga(u.type)){u=u.stateNode.__reactInternalMemoizedMergedChildContext;break t}}u=u.return}while(null!==u);throw Error(l(171))}if(1===n.tag){var c=n.type;if(ga(c)){n=_a(n,c,u);break e}}n=u}else n=da;return null===t.context?t.context=n:t.pendingContext=n,(t=so(o,i)).payload={element:e},null!==(r=void 0===r?null:r)&&(t.callback=r),fo(a,t),hu(a,i,o),i}function tc(e){return(e=e.current).child?(e.child.tag,e.child.stateNode):null}function nc(e,t){if(null!==(e=e.memoizedState)&&null!==e.dehydrated){var n=e.retryLane;e.retryLane=0!==n&&n<t?n:t}}function rc(e,t){nc(e,t),(e=e.alternate)&&nc(e,t)}function ac(e,t,n){var r=null!=n&&null!=n.hydrationOptions&&n.hydrationOptions.mutableSources||null;if(n=new Ju(e,t,null!=n&&!0===n.hydrate),t=Wu(3,null,null,2===t?7:1===t?3:0),n.current=t,t.stateNode=n,uo(t),e[ea]=n.current,Lr(8===e.nodeType?e.parentNode:e),r)for(e=0;e<r.length;e++){var a=(t=r[e])._getVersion;a=a(t._source),null==n.mutableSourceEagerHydrationData?n.mutableSourceEagerHydrationData=[t,a]:n.mutableSourceEagerHydrationData.push(t,a)}this._internalRoot=n}function oc(e){return!(!e||1!==e.nodeType&&9!==e.nodeType&&11!==e.nodeType&&(8!==e.nodeType||" react-mount-point-unstable "!==e.nodeValue))}function lc(e,t,n,r,a){var o=n._reactRootContainer;if(o){var l=o._internalRoot;if("function"===typeof a){var i=a;a=function(){var e=tc(l);i.call(e)}}ec(t,l,e,a)}else{if(o=n._reactRootContainer=function(e,t){if(t||(t=!(!(t=e?9===e.nodeType?e.documentElement:e.firstChild:null)||1!==t.nodeType||!t.hasAttribute("data-reactroot"))),!t)for(var n;n=e.lastChild;)e.removeChild(n);return new ac(e,0,t?{hydrate:!0}:void 0)}(n,r),l=o._internalRoot,"function"===typeof a){var u=a;a=function(){var e=tc(l);u.call(e)}}xu((function(){ec(t,l,e,a)}))}return tc(l)}function ic(e,t){var n=2<arguments.length&&void 0!==arguments[2]?arguments[2]:null;if(!oc(t))throw Error(l(200));return Zu(e,t,null,n)}Ki=function(e,t,n){var r=t.lanes;if(null!==e)if(e.memoizedProps!==t.pendingProps||ha.current)Il=!0;else{if(0===(n&r)){switch(Il=!1,t.tag){case 3:ql(t),Ko();break;case 5:Mo(t);break;case 1:ga(t.type)&&xa(t);break;case 4:zo(t,t.stateNode.containerInfo);break;case 10:r=t.memoizedProps.value;var a=t.type._context;fa(Ja,a._currentValue),a._currentValue=r;break;case 13:if(null!==t.memoizedState)return 0!==(n&t.child.childLanes)?Jl(e,t,n):(fa(Ao,1&Ao.current),null!==(t=oi(e,t,n))?t.sibling:null);fa(Ao,1&Ao.current);break;case 19:if(r=0!==(n&t.childLanes),0!==(64&e.flags)){if(r)return ai(e,t,n);t.flags|=64}if(null!==(a=t.memoizedState)&&(a.rendering=null,a.tail=null,a.lastEffect=null),fa(Ao,Ao.current),r)break;return null;case 23:case 24:return t.lanes=0,Bl(e,t,n)}return oi(e,t,n)}Il=0!==(16384&e.flags)}else Il=!1;switch(t.lanes=0,t.tag){case 2:if(r=t.type,null!==e&&(e.alternate=null,t.alternate=null,t.flags|=2),e=t.pendingProps,a=va(t,pa.current),oo(t,n),a=il(null,t,r,e,a,n),t.flags|=1,"object"===typeof a&&null!==a&&"function"===typeof a.render&&void 0===a.$$typeof){if(t.tag=1,t.memoizedState=null,t.updateQueue=null,ga(r)){var o=!0;xa(t)}else o=!1;t.memoizedState=null!==a.state&&void 0!==a.state?a.state:null,uo(t);var i=r.getDerivedStateFromProps;"function"===typeof i&&go(t,r,i,e),a.updater=yo,t.stateNode=a,a._reactInternals=t,wo(t,r,e,n),t=Ql(null,t,r,!0,o,n)}else t.tag=0,Al(null,t,a,n),t=t.child;return t;case 16:a=t.elementType;e:{switch(null!==e&&(e.alternate=null,t.alternate=null,t.flags|=2),e=t.pendingProps,a=(o=a._init)(a._payload),t.type=a,o=t.tag=function(e){if("function"===typeof e)return Hu(e)?1:0;if(void 0!==e&&null!==e){if((e=e.$$typeof)===j)return 11;if(e===L)return 14}return 2}(a),e=Ga(a,e),o){case 0:t=Wl(null,t,a,e,n);break e;case 1:t=Hl(null,t,a,e,n);break e;case 11:t=Dl(null,t,a,e,n);break e;case 14:t=Ul(null,t,a,Ga(a.type,e),r,n);break e}throw Error(l(306,a,""))}return t;case 0:return r=t.type,a=t.pendingProps,Wl(e,t,r,a=t.elementType===r?a:Ga(r,a),n);case 1:return r=t.type,a=t.pendingProps,Hl(e,t,r,a=t.elementType===r?a:Ga(r,a),n);case 3:if(ql(t),r=t.updateQueue,null===e||null===r)throw Error(l(282));if(r=t.pendingProps,a=null!==(a=t.memoizedState)?a.element:null,co(e,t),ho(t,r,null,n),(r=t.memoizedState.element)===a)Ko(),t=oi(e,t,n);else{if((o=(a=t.stateNode).hydrate)&&($o=Kr(t.stateNode.containerInfo.firstChild),Uo=t,o=Bo=!0),o){if(null!=(e=a.mutableSourceEagerHydrationData))for(a=0;a<e.length;a+=2)(o=e[a])._workInProgressVersionPrimary=e[a+1],Yo.push(o);for(n=Po(t,null,r,n),t.child=n;n;)n.flags=-3&n.flags|1024,n=n.sibling}else Al(e,t,r,n),Ko();t=t.child}return t;case 5:return Mo(t),null===e&&Ho(t),r=t.type,a=t.pendingProps,o=null!==e?e.memoizedProps:null,i=a.children,Wr(r,a)?i=null:null!==o&&Wr(r,o)&&(t.flags|=16),Vl(e,t),Al(e,t,i,n),t.child;case 6:return null===e&&Ho(t),null;case 13:return Jl(e,t,n);case 4:return zo(t,t.stateNode.containerInfo),r=t.pendingProps,null===e?t.child=No(t,null,r,n):Al(e,t,r,n),t.child;case 11:return r=t.type,a=t.pendingProps,Dl(e,t,r,a=t.elementType===r?a:Ga(r,a),n);case 7:return Al(e,t,t.pendingProps,n),t.child;case 8:case 12:return Al(e,t,t.pendingProps.children,n),t.child;case 10:e:{r=t.type._context,a=t.pendingProps,i=t.memoizedProps,o=a.value;var u=t.type._context;if(fa(Ja,u._currentValue),u._currentValue=o,null!==i)if(u=i.value,0===(o=sr(u,o)?0:0|("function"===typeof r._calculateChangedBits?r._calculateChangedBits(u,o):1073741823))){if(i.children===a.children&&!ha.current){t=oi(e,t,n);break e}}else for(null!==(u=t.child)&&(u.return=t);null!==u;){var c=u.dependencies;if(null!==c){i=u.child;for(var s=c.firstContext;null!==s;){if(s.context===r&&0!==(s.observedBits&o)){1===u.tag&&((s=so(-1,n&-n)).tag=2,fo(u,s)),u.lanes|=n,null!==(s=u.alternate)&&(s.lanes|=n),ao(u.return,n),c.lanes|=n;break}s=s.next}}else i=10===u.tag&&u.type===t.type?null:u.child;if(null!==i)i.return=u;else for(i=u;null!==i;){if(i===t){i=null;break}if(null!==(u=i.sibling)){u.return=i.return,i=u;break}i=i.return}u=i}Al(e,t,a.children,n),t=t.child}return t;case 9:return a=t.type,r=(o=t.pendingProps).children,oo(t,n),r=r(a=lo(a,o.unstable_observedBits)),t.flags|=1,Al(e,t,r,n),t.child;case 14:return o=Ga(a=t.type,t.pendingProps),Ul(e,t,a,o=Ga(a.type,o),r,n);case 15:return $l(e,t,t.type,t.pendingProps,r,n);case 17:return r=t.type,a=t.pendingProps,a=t.elementType===r?a:Ga(r,a),null!==e&&(e.alternate=null,t.alternate=null,t.flags|=2),t.tag=1,ga(r)?(e=!0,xa(t)):e=!1,oo(t,n),_o(t,r,a),wo(t,r,a,n),Ql(null,t,r,!0,e,n);case 19:return ai(e,t,n);case 23:case 24:return Bl(e,t,n)}throw Error(l(156,t.tag))},ac.prototype.render=function(e){ec(e,this._internalRoot,null,null)},ac.prototype.unmount=function(){var e=this._internalRoot,t=e.containerInfo;ec(null,e,null,(function(){t[ea]=null}))},tt=function(e){13===e.tag&&(hu(e,4,du()),rc(e,4))},nt=function(e){13===e.tag&&(hu(e,67108864,du()),rc(e,67108864))},rt=function(e){if(13===e.tag){var t=du(),n=pu(e);hu(e,n,t),rc(e,n)}},at=function(e,t){return t()},Ne=function(e,t,n){switch(t){case"input":if(ne(e,n),t=n.name,"radio"===n.type&&null!=t){for(n=e;n.parentNode;)n=n.parentNode;for(n=n.querySelectorAll("input[name="+JSON.stringify(""+t)+\'][type="radio"]\'),t=0;t<n.length;t++){var r=n[t];if(r!==e&&r.form===e.form){var a=oa(r);if(!a)throw Error(l(90));G(r),ne(r,a)}}}break;case"textarea":ce(e,n);break;case"select":null!=(t=n.value)&&le(e,!!n.multiple,t,!1)}},Fe=_u,ze=function(e,t,n,r,a){var o=Li;Li|=4;try{return Qa(98,e.bind(null,t,n,r,a))}finally{0===(Li=o)&&(qi(),Ka())}},Re=function(){0===(49&Li)&&(function(){if(null!==au){var e=au;au=null,e.forEach((function(e){e.expiredLanes|=24&e.pendingLanes,vu(e,Va())}))}Ka()}(),Ru())},Me=function(e,t){var n=Li;Li|=2;try{return e(t)}finally{0===(Li=n)&&(qi(),Ka())}};var uc={Events:[ra,aa,oa,Te,Le,Ru,{current:!1}]},cc={findFiberByHostInstance:na,bundleType:0,version:"17.0.2",rendererPackageName:"react-dom"},sc={bundleType:cc.bundleType,version:cc.version,rendererPackageName:cc.rendererPackageName,rendererConfig:cc.rendererConfig,overrideHookState:null,overrideHookStateDeletePath:null,overrideHookStateRenamePath:null,overrideProps:null,overridePropsDeletePath:null,overridePropsRenamePath:null,setSuspenseHandler:null,scheduleUpdate:null,currentDispatcherRef:x.ReactCurrentDispatcher,findHostInstanceByFiber:function(e){return null===(e=Ze(e))?null:e.stateNode},findFiberByHostInstance:cc.findFiberByHostInstance||function(){return null},findHostInstancesForRefresh:null,scheduleRefresh:null,scheduleRoot:null,setRefreshHandler:null,getCurrentFiber:null};if("undefined"!==typeof __REACT_DEVTOOLS_GLOBAL_HOOK__){var fc=__REACT_DEVTOOLS_GLOBAL_HOOK__;if(!fc.isDisabled&&fc.supportsFiber)try{ka=fc.inject(sc),Sa=fc}catch(ve){}}t.__SECRET_INTERNALS_DO_NOT_USE_OR_YOU_WILL_BE_FIRED=uc,t.createPortal=ic,t.findDOMNode=function(e){if(null==e)return null;if(1===e.nodeType)return e;var t=e._reactInternals;if(void 0===t){if("function"===typeof e.render)throw Error(l(188));throw Error(l(268,Object.keys(e)))}return e=null===(e=Ze(t))?null:e.stateNode},t.flushSync=function(e,t){var n=Li;if(0!==(48&n))return e(t);Li|=1;try{if(e)return Qa(99,e.bind(null,t))}finally{Li=n,Ka()}},t.hydrate=function(e,t,n){if(!oc(t))throw Error(l(200));return lc(null,e,t,!0,n)},t.render=function(e,t,n){if(!oc(t))throw Error(l(200));return lc(null,e,t,!1,n)},t.unmountComponentAtNode=function(e){if(!oc(e))throw Error(l(40));return!!e._reactRootContainer&&(xu((function(){lc(null,null,e,!1,(function(){e._reactRootContainer=null,e[ea]=null}))})),!0)},t.unstable_batchedUpdates=_u,t.unstable_createPortal=function(e,t){return ic(e,t,2<arguments.length&&void 0!==arguments[2]?arguments[2]:null)},t.unstable_renderSubtreeIntoContainer=function(e,t,n,r){if(!oc(n))throw Error(l(200));if(null==e||void 0===e._reactInternals)throw Error(l(38));return lc(e,t,n,!1,r)},t.version="17.0.2"},164:function(e,t,n){"use strict";!function e(){if("undefined"!==typeof __REACT_DEVTOOLS_GLOBAL_HOOK__&&"function"===typeof __REACT_DEVTOOLS_GLOBAL_HOOK__.checkDCE)try{__REACT_DEVTOOLS_GLOBAL_HOOK__.checkDCE(e)}catch(t){console.error(t)}}(),e.exports=n(463)},381:function(e){e.exports=Array.isArray||function(e){return"[object Array]"==Object.prototype.toString.call(e)}},239:function(e,t,n){var r=n(381);e.exports=p,e.exports.parse=o,e.exports.compile=function(e,t){return i(o(e,t),t)},e.exports.tokensToFunction=i,e.exports.tokensToRegExp=d;var a=new RegExp(["(\\\\\\\\.)","([\\\\/.])?(?:(?:\\\\:(\\\\w+)(?:\\\\(((?:\\\\\\\\.|[^\\\\\\\\()])+)\\\\))?|\\\\(((?:\\\\\\\\.|[^\\\\\\\\()])+)\\\\))([+*?])?|(\\\\*))"].join("|"),"g");function o(e,t){for(var n,r=[],o=0,l=0,i="",s=t&&t.delimiter||"/";null!=(n=a.exec(e));){var f=n[0],d=n[1],p=n.index;if(i+=e.slice(l,p),l=p+f.length,d)i+=d[1];else{var h=e[l],m=n[2],v=n[3],g=n[4],y=n[5],b=n[6],_=n[7];i&&(r.push(i),i="");var x=null!=m&&null!=h&&h!==m,w="+"===b||"*"===b,k="?"===b||"*"===b,S=n[2]||s,C=g||y;r.push({name:v||o++,prefix:m||"",delimiter:S,optional:k,repeat:w,partial:x,asterisk:!!_,pattern:C?c(C):_?".*":"[^"+u(S)+"]+?"})}}return l<e.length&&(i+=e.substr(l)),i&&r.push(i),r}function l(e){return encodeURI(e).replace(/[\\/?#]/g,(function(e){return"%"+e.charCodeAt(0).toString(16).toUpperCase()}))}function i(e,t){for(var n=new Array(e.length),a=0;a<e.length;a++)"object"===typeof e[a]&&(n[a]=new RegExp("^(?:"+e[a].pattern+")$",f(t)));return function(t,a){for(var o="",i=t||{},u=(a||{}).pretty?l:encodeURIComponent,c=0;c<e.length;c++){var s=e[c];if("string"!==typeof s){var f,d=i[s.name];if(null==d){if(s.optional){s.partial&&(o+=s.prefix);continue}throw new TypeError(\'Expected "\'+s.name+\'" to be defined\')}if(r(d)){if(!s.repeat)throw new TypeError(\'Expected "\'+s.name+\'" to not repeat, but received `\'+JSON.stringify(d)+"`");if(0===d.length){if(s.optional)continue;throw new TypeError(\'Expected "\'+s.name+\'" to not be empty\')}for(var p=0;p<d.length;p++){if(f=u(d[p]),!n[c].test(f))throw new TypeError(\'Expected all "\'+s.name+\'" to match "\'+s.pattern+\'", but received `\'+JSON.stringify(f)+"`");o+=(0===p?s.prefix:s.delimiter)+f}}else{if(f=s.asterisk?encodeURI(d).replace(/[?#]/g,(function(e){return"%"+e.charCodeAt(0).toString(16).toUpperCase()})):u(d),!n[c].test(f))throw new TypeError(\'Expected "\'+s.name+\'" to match "\'+s.pattern+\'", but received "\'+f+\'"\');o+=s.prefix+f}}else o+=s}return o}}function u(e){return e.replace(/([.+*?=^!:${}()[\\]|\\/\\\\])/g,"\\\\$1")}function c(e){return e.replace(/([=!:$\\/()])/g,"\\\\$1")}function s(e,t){return e.keys=t,e}function f(e){return e&&e.sensitive?"":"i"}function d(e,t,n){r(t)||(n=t||n,t=[]);for(var a=(n=n||{}).strict,o=!1!==n.end,l="",i=0;i<e.length;i++){var c=e[i];if("string"===typeof c)l+=u(c);else{var d=u(c.prefix),p="(?:"+c.pattern+")";t.push(c),c.repeat&&(p+="(?:"+d+p+")*"),l+=p=c.optional?c.partial?d+"("+p+")?":"(?:"+d+"("+p+"))?":d+"("+p+")"}}var h=u(n.delimiter||"/"),m=l.slice(-h.length)===h;return a||(l=(m?l.slice(0,-h.length):l)+"(?:"+h+"(?=$))?"),l+=o?"$":a&&m?"":"(?="+h+"|$)",s(new RegExp("^"+l,f(n)),t)}function p(e,t,n){return r(t)||(n=t||n,t=[]),n=n||{},e instanceof RegExp?function(e,t){var n=e.source.match(/\\((?!\\?)/g);if(n)for(var r=0;r<n.length;r++)t.push({name:r,prefix:null,delimiter:null,optional:!1,repeat:!1,partial:!1,asterisk:!1,pattern:null});return s(e,t)}(e,t):r(e)?function(e,t,n){for(var r=[],a=0;a<e.length;a++)r.push(p(e[a],t,n).source);return s(new RegExp("(?:"+r.join("|")+")",f(n)),t)}(e,t,n):function(e,t,n){return d(o(e,n),t,n)}(e,t,n)}},195:function(e,t){"use strict";var n="function"===typeof Symbol&&Symbol.for,r=n?Symbol.for("react.element"):60103,a=n?Symbol.for("react.portal"):60106,o=n?Symbol.for("react.fragment"):60107,l=n?Symbol.for("react.strict_mode"):60108,i=n?Symbol.for("react.profiler"):60114,u=n?Symbol.for("react.provider"):60109,c=n?Symbol.for("react.context"):60110,s=n?Symbol.for("react.async_mode"):60111,f=n?Symbol.for("react.concurrent_mode"):60111,d=n?Symbol.for("react.forward_ref"):60112,p=n?Symbol.for("react.suspense"):60113,h=n?Symbol.for("react.suspense_list"):60120,m=n?Symbol.for("react.memo"):60115,v=n?Symbol.for("react.lazy"):60116,g=n?Symbol.for("react.block"):60121,y=n?Symbol.for("react.fundamental"):60117,b=n?Symbol.for("react.responder"):60118,_=n?Symbol.for("react.scope"):60119;function x(e){if("object"===typeof e&&null!==e){var t=e.$$typeof;switch(t){case r:switch(e=e.type){case s:case f:case o:case i:case l:case p:return e;default:switch(e=e&&e.$$typeof){case c:case d:case v:case m:case u:return e;default:return t}}case a:return t}}}function w(e){return x(e)===f}},228:function(e,t,n){"use strict";n(195)},374:function(e,t,n){"use strict";n(725);var r=n(791),a=60103;if(t.Fragment=60107,"function"===typeof Symbol&&Symbol.for){var o=Symbol.for;a=o("react.element"),t.Fragment=o("react.fragment")}var l=r.__SECRET_INTERNALS_DO_NOT_USE_OR_YOU_WILL_BE_FIRED.ReactCurrentOwner,i=Object.prototype.hasOwnProperty,u={key:!0,ref:!0,__self:!0,__source:!0};function c(e,t,n){var r,o={},c=null,s=null;for(r in void 0!==n&&(c=""+n),void 0!==t.key&&(c=""+t.key),void 0!==t.ref&&(s=t.ref),t)i.call(t,r)&&!u.hasOwnProperty(r)&&(o[r]=t[r]);if(e&&e.defaultProps)for(r in t=e.defaultProps)void 0===o[r]&&(o[r]=t[r]);return{$$typeof:a,type:e,key:c,ref:s,props:o,_owner:l.current}}t.jsx=c,t.jsxs=c},117:function(e,t,n){"use strict";var r=n(725),a=60103,o=60106;t.Fragment=60107,t.StrictMode=60108,t.Profiler=60114;var l=60109,i=60110,u=60112;t.Suspense=60113;var c=60115,s=60116;if("function"===typeof Symbol&&Symbol.for){var f=Symbol.for;a=f("react.element"),o=f("react.portal"),t.Fragment=f("react.fragment"),t.StrictMode=f("react.strict_mode"),t.Profiler=f("react.profiler"),l=f("react.provider"),i=f("react.context"),u=f("react.forward_ref"),t.Suspense=f("react.suspense"),c=f("react.memo"),s=f("react.lazy")}var d="function"===typeof Symbol&&Symbol.iterator;function p(e){for(var t="https://reactjs.org/docs/error-decoder.html?invariant="+e,n=1;n<arguments.length;n++)t+="&args[]="+encodeURIComponent(arguments[n]);return"Minified React error #"+e+"; visit "+t+" for the full message or use the non-minified dev environment for full errors and additional helpful warnings."}var h={isMounted:function(){return!1},enqueueForceUpdate:function(){},enqueueReplaceState:function(){},enqueueSetState:function(){}},m={};function v(e,t,n){this.props=e,this.context=t,this.refs=m,this.updater=n||h}function g(){}function y(e,t,n){this.props=e,this.context=t,this.refs=m,this.updater=n||h}v.prototype.isReactComponent={},v.prototype.setState=function(e,t){if("object"!==typeof e&&"function"!==typeof e&&null!=e)throw Error(p(85));this.updater.enqueueSetState(this,e,t,"setState")},v.prototype.forceUpdate=function(e){this.updater.enqueueForceUpdate(this,e,"forceUpdate")},g.prototype=v.prototype;var b=y.prototype=new g;b.constructor=y,r(b,v.prototype),b.isPureReactComponent=!0;var _={current:null},x=Object.prototype.hasOwnProperty,w={key:!0,ref:!0,__self:!0,__source:!0};function k(e,t,n){var r,o={},l=null,i=null;if(null!=t)for(r in void 0!==t.ref&&(i=t.ref),void 0!==t.key&&(l=""+t.key),t)x.call(t,r)&&!w.hasOwnProperty(r)&&(o[r]=t[r]);var u=arguments.length-2;if(1===u)o.children=n;else if(1<u){for(var c=Array(u),s=0;s<u;s++)c[s]=arguments[s+2];o.children=c}if(e&&e.defaultProps)for(r in u=e.defaultProps)void 0===o[r]&&(o[r]=u[r]);return{$$typeof:a,type:e,key:l,ref:i,props:o,_owner:_.current}}function S(e){return"object"===typeof e&&null!==e&&e.$$typeof===a}var C=/\\/+/g;function E(e,t){return"object"===typeof e&&null!==e&&null!=e.key?function(e){var t={"=":"=0",":":"=2"};return"$"+e.replace(/[=:]/g,(function(e){return t[e]}))}(""+e.key):t.toString(36)}function N(e,t,n,r,l){var i=typeof e;"undefined"!==i&&"boolean"!==i||(e=null);var u=!1;if(null===e)u=!0;else switch(i){case"string":case"number":u=!0;break;case"object":switch(e.$$typeof){case a:case o:u=!0}}if(u)return l=l(u=e),e=""===r?"."+E(u,0):r,Array.isArray(l)?(n="",null!=e&&(n=e.replace(C,"$&/")+"/"),N(l,t,n,"",(function(e){return e}))):null!=l&&(S(l)&&(l=function(e,t){return{$$typeof:a,type:e.type,key:t,ref:e.ref,props:e.props,_owner:e._owner}}(l,n+(!l.key||u&&u.key===l.key?"":(""+l.key).replace(C,"$&/")+"/")+e)),t.push(l)),1;if(u=0,r=""===r?".":r+":",Array.isArray(e))for(var c=0;c<e.length;c++){var s=r+E(i=e[c],c);u+=N(i,t,n,s,l)}else if(s=function(e){return null===e||"object"!==typeof e?null:"function"===typeof(e=d&&e[d]||e["@@iterator"])?e:null}(e),"function"===typeof s)for(e=s.call(e),c=0;!(i=e.next()).done;)u+=N(i=i.value,t,n,s=r+E(i,c++),l);else if("object"===i)throw t=""+e,Error(p(31,"[object Object]"===t?"object with keys {"+Object.keys(e).join(", ")+"}":t));return u}function P(e,t,n){if(null==e)return e;var r=[],a=0;return N(e,r,"","",(function(e){return t.call(n,e,a++)})),r}function j(e){if(-1===e._status){var t=e._result;t=t(),e._status=0,e._result=t,t.then((function(t){0===e._status&&(t=t.default,e._status=1,e._result=t)}),(function(t){0===e._status&&(e._status=2,e._result=t)}))}if(1===e._status)return e._result;throw e._result}var O={current:null};function T(){var e=O.current;if(null===e)throw Error(p(321));return e}var L={ReactCurrentDispatcher:O,ReactCurrentBatchConfig:{transition:0},ReactCurrentOwner:_,IsSomeRendererActing:{current:!1},assign:r};t.Children={map:P,forEach:function(e,t,n){P(e,(function(){t.apply(this,arguments)}),n)},count:function(e){var t=0;return P(e,(function(){t++})),t},toArray:function(e){return P(e,(function(e){return e}))||[]},only:function(e){if(!S(e))throw Error(p(143));return e}},t.Component=v,t.PureComponent=y,t.__SECRET_INTERNALS_DO_NOT_USE_OR_YOU_WILL_BE_FIRED=L,t.cloneElement=function(e,t,n){if(null===e||void 0===e)throw Error(p(267,e));var o=r({},e.props),l=e.key,i=e.ref,u=e._owner;if(null!=t){if(void 0!==t.ref&&(i=t.ref,u=_.current),void 0!==t.key&&(l=""+t.key),e.type&&e.type.defaultProps)var c=e.type.defaultProps;for(s in t)x.call(t,s)&&!w.hasOwnProperty(s)&&(o[s]=void 0===t[s]&&void 0!==c?c[s]:t[s])}var s=arguments.length-2;if(1===s)o.children=n;else if(1<s){c=Array(s);for(var f=0;f<s;f++)c[f]=arguments[f+2];o.children=c}return{$$typeof:a,type:e.type,key:l,ref:i,props:o,_owner:u}},t.createContext=function(e,t){return void 0===t&&(t=null),(e={$$typeof:i,_calculateChangedBits:t,_currentValue:e,_currentValue2:e,_threadCount:0,Provider:null,Consumer:null}).Provider={$$typeof:l,_context:e},e.Consumer=e},t.createElement=k,t.createFactory=function(e){var t=k.bind(null,e);return t.type=e,t},t.createRef=function(){return{current:null}},t.forwardRef=function(e){return{$$typeof:u,render:e}},t.isValidElement=S,t.lazy=function(e){return{$$typeof:s,_payload:{_status:-1,_result:e},_init:j}},t.memo=function(e,t){return{$$typeof:c,type:e,compare:void 0===t?null:t}},t.useCallback=function(e,t){return T().useCallback(e,t)},t.useContext=function(e,t){return T().useContext(e,t)},t.useDebugValue=function(){},t.useEffect=function(e,t){return T().useEffect(e,t)},t.useImperativeHandle=function(e,t,n){return T().useImperativeHandle(e,t,n)},t.useLayoutEffect=function(e,t){return T().useLayoutEffect(e,t)},t.useMemo=function(e,t){return T().useMemo(e,t)},t.useReducer=function(e,t,n){return T().useReducer(e,t,n)},t.useRef=function(e){return T().useRef(e)},t.useState=function(e){return T().useState(e)},t.version="17.0.2"},791:function(e,t,n){"use strict";e.exports=n(117)},184:function(e,t,n){"use strict";e.exports=n(374)},813:function(e,t){"use strict";var n,r,a,o;if("object"===typeof performance&&"function"===typeof performance.now){var l=performance;t.unstable_now=function(){return l.now()}}else{var i=Date,u=i.now();t.unstable_now=function(){return i.now()-u}}if("undefined"===typeof window||"function"!==typeof MessageChannel){var c=null,s=null,f=function e(){if(null!==c)try{var n=t.unstable_now();c(!0,n),c=null}catch(r){throw setTimeout(e,0),r}};n=function(e){null!==c?setTimeout(n,0,e):(c=e,setTimeout(f,0))},r=function(e,t){s=setTimeout(e,t)},a=function(){clearTimeout(s)},t.unstable_shouldYield=function(){return!1},o=t.unstable_forceFrameRate=function(){}}else{var d=window.setTimeout,p=window.clearTimeout;if("undefined"!==typeof console){var h=window.cancelAnimationFrame;"function"!==typeof window.requestAnimationFrame&&console.error("This browser doesn\'t support requestAnimationFrame. Make sure that you load a polyfill in older browsers. https://reactjs.org/link/react-polyfills"),"function"!==typeof h&&console.error("This browser doesn\'t support cancelAnimationFrame. Make sure that you load a polyfill in older browsers. https://reactjs.org/link/react-polyfills")}var m=!1,v=null,g=-1,y=5,b=0;t.unstable_shouldYield=function(){return t.unstable_now()>=b},o=function(){},t.unstable_forceFrameRate=function(e){0>e||125<e?console.error("forceFrameRate takes a positive int between 0 and 125, forcing frame rates higher than 125 fps is not supported"):y=0<e?Math.floor(1e3/e):5};var _=new MessageChannel,x=_.port2;_.port1.onmessage=function(){if(null!==v){var e=t.unstable_now();b=e+y;try{v(!0,e)?x.postMessage(null):(m=!1,v=null)}catch(n){throw x.postMessage(null),n}}else m=!1},n=function(e){v=e,m||(m=!0,x.postMessage(null))},r=function(e,n){g=d((function(){e(t.unstable_now())}),n)},a=function(){p(g),g=-1}}function w(e,t){var n=e.length;e.push(t);e:for(;;){var r=n-1>>>1,a=e[r];if(!(void 0!==a&&0<C(a,t)))break e;e[r]=t,e[n]=a,n=r}}function k(e){return void 0===(e=e[0])?null:e}function S(e){var t=e[0];if(void 0!==t){var n=e.pop();if(n!==t){e[0]=n;e:for(var r=0,a=e.length;r<a;){var o=2*(r+1)-1,l=e[o],i=o+1,u=e[i];if(void 0!==l&&0>C(l,n))void 0!==u&&0>C(u,l)?(e[r]=u,e[i]=n,r=i):(e[r]=l,e[o]=n,r=o);else{if(!(void 0!==u&&0>C(u,n)))break e;e[r]=u,e[i]=n,r=i}}}return t}return null}function C(e,t){var n=e.sortIndex-t.sortIndex;return 0!==n?n:e.id-t.id}var E=[],N=[],P=1,j=null,O=3,T=!1,L=!1,F=!1;function z(e){for(var t=k(N);null!==t;){if(null===t.callback)S(N);else{if(!(t.startTime<=e))break;S(N),t.sortIndex=t.expirationTime,w(E,t)}t=k(N)}}function R(e){if(F=!1,z(e),!L)if(null!==k(E))L=!0,n(M);else{var t=k(N);null!==t&&r(R,t.startTime-e)}}function M(e,n){L=!1,F&&(F=!1,a()),T=!0;var o=O;try{for(z(n),j=k(E);null!==j&&(!(j.expirationTime>n)||e&&!t.unstable_shouldYield());){var l=j.callback;if("function"===typeof l){j.callback=null,O=j.priorityLevel;var i=l(j.expirationTime<=n);n=t.unstable_now(),"function"===typeof i?j.callback=i:j===k(E)&&S(E),z(n)}else S(E);j=k(E)}if(null!==j)var u=!0;else{var c=k(N);null!==c&&r(R,c.startTime-n),u=!1}return u}finally{j=null,O=o,T=!1}}var I=o;t.unstable_IdlePriority=5,t.unstable_ImmediatePriority=1,t.unstable_LowPriority=4,t.unstable_NormalPriority=3,t.unstable_Profiling=null,t.unstable_UserBlockingPriority=2,t.unstable_cancelCallback=function(e){e.callback=null},t.unstable_continueExecution=function(){L||T||(L=!0,n(M))},t.unstable_getCurrentPriorityLevel=function(){return O},t.unstable_getFirstCallbackNode=function(){return k(E)},t.unstable_next=function(e){switch(O){case 1:case 2:case 3:var t=3;break;default:t=O}var n=O;O=t;try{return e()}finally{O=n}},t.unstable_pauseExecution=function(){},t.unstable_requestPaint=I,t.unstable_runWithPriority=function(e,t){switch(e){case 1:case 2:case 3:case 4:case 5:break;default:e=3}var n=O;O=e;try{return t()}finally{O=n}},t.unstable_scheduleCallback=function(e,o,l){var i=t.unstable_now();switch("object"===typeof l&&null!==l?l="number"===typeof(l=l.delay)&&0<l?i+l:i:l=i,e){case 1:var u=-1;break;case 2:u=250;break;case 5:u=1073741823;break;case 4:u=1e4;break;default:u=5e3}return e={id:P++,callback:o,priorityLevel:e,startTime:l,expirationTime:u=l+u,sortIndex:-1},l>i?(e.sortIndex=l,w(N,e),null===k(E)&&e===k(N)&&(F?a():F=!0,r(R,l-i))):(e.sortIndex=u,w(E,e),L||T||(L=!0,n(M))),e},t.unstable_wrapCallback=function(e){var t=O;return function(){var n=O;O=t;try{return e.apply(this,arguments)}finally{O=n}}}},296:function(e,t,n){"use strict";e.exports=n(813)},216:function(e,t,n){"use strict";e.exports=n.p+"static/media/default-kitty.8de3ec2fefe82e844764.jpg"}},t={};function n(r){var a=t[r];if(void 0!==a)return a.exports;var o=t[r]={exports:{}};return e[r](o,o.exports,n),o.exports}n.m=e,n.n=function(e){var t=e&&e.__esModule?function(){return e.default}:function(){return e};return n.d(t,{a:t}),t},n.d=function(e,t){for(var r in t)n.o(t,r)&&!n.o(e,r)&&Object.defineProperty(e,r,{enumerable:!0,get:t[r]})},n.f={},n.e=function(e){return Promise.all(Object.keys(n.f).reduce((function(t,r){return n.f[r](e,t),t}),[]))},n.u=function(e){return"static/js/"+e+".7f0c0923.chunk.js"},n.miniCssF=function(e){},n.g=function(){if("object"===typeof globalThis)return globalThis;try{return this||new Function("return this")()}catch(e){if("object"===typeof window)return window}}(),n.o=function(e,t){return Object.prototype.hasOwnProperty.call(e,t)},function(){var e={},t="kittygram:";n.l=function(r,a,o,l){if(e[r])e[r].push(a);else{var i,u;if(void 0!==o)for(var c=document.getElementsByTagName("script"),s=0;s<c.length;s++){var f=c[s];if(f.getAttribute("src")==r||f.getAttribute("data-webpack")==t+o){i=f;break}}i||(u=!0,(i=document.createElement("script")).charset="utf-8",i.timeout=120,n.nc&&i.setAttribute("nonce",n.nc),i.setAttribute("data-webpack",t+o),i.src=r),e[r]=[a];var d=function(t,n){i.onerror=i.onload=null,clearTimeout(p);var a=e[r];if(delete e[r],i.parentNode&&i.parentNode.removeChild(i),a&&a.forEach((function(e){return e(n)})),t)return t(n)},p=setTimeout(d.bind(null,void 0,{type:"timeout",target:i}),12e4);i.onerror=d.bind(null,i.onerror),i.onload=d.bind(null,i.onload),u&&document.head.appendChild(i)}}}(),n.r=function(e){"undefined"!==typeof Symbol&&Symbol.toStringTag&&Object.defineProperty(e,Symbol.toStringTag,{value:"Module"}),Object.defineProperty(e,"__esModule",{value:!0})},n.p="/",function(){var e={179:0};n.f.j=function(t,r){var a=n.o(e,t)?e[t]:void 0;if(0!==a)if(a)r.push(a[2]);else{var o=new Promise((function(n,r){a=e[t]=[n,r]}));r.push(a[2]=o);var l=n.p+n.u(t),i=new Error;n.l(l,(function(r){if(n.o(e,t)&&(0!==(a=e[t])&&(e[t]=void 0),a)){var o=r&&("load"===r.type?"missing":r.type),l=r&&r.target&&r.target.src;i.message="Loading chunk "+t+" failed.\\n("+o+": "+l+")",i.name="ChunkLoadError",i.type=o,i.request=l,a[1](i)}}),"chunk-"+t,t)}};var t=function(t,r){var a,o,l=r[0],i=r[1],u=r[2],c=0;if(l.some((function(t){return 0!==e[t]}))){for(a in i)n.o(i,a)&&(n.m[a]=i[a]);if(u)u(n)}for(t&&t(r);c<l.length;c++)o=l[c],n.o(e,o)&&e[o]&&e[o][0](),e[l[c]]=0},r=self.webpackChunkkittygram=self.webpackChunkkittygram||[];r.forEach(t.bind(null,0)),r.push=t.bind(null,r.push.bind(r))}(),function(){"use strict";var e=n(791),t=n(164);function r(e,t){(null==t||t>e.length)&&(t=e.length);for(var n=0,r=new Array(t);n<t;n++)r[n]=e[n];return r}function a(e,t){if(e){if("string"===typeof e)return r(e,t);var n=Object.prototype.toString.call(e).slice(8,-1);return"Object"===n&&e.constructor&&(n=e.constructor.name),"Map"===n||"Set"===n?Array.from(e):"Arguments"===n||/^(?:Ui|I)nt(?:8|16|32)(?:Clamped)?Array$/.test(n)?r(e,t):void 0}}function o(e,t){return function(e){if(Array.isArray(e))return e}(e)||function(e,t){var n=null==e?null:"undefined"!==typeof Symbol&&e[Symbol.iterator]||e["@@iterator"];if(null!=n){var r,a,o=[],l=!0,i=!1;try{for(n=n.call(e);!(l=(r=n.next()).done)&&(o.push(r.value),!t||o.length!==t);l=!0);}catch(u){i=!0,a=u}finally{try{l||null==n.return||n.return()}finally{if(i)throw a}}return o}}(e,t)||a(e,t)||function(){throw new TypeError("Invalid attempt to destructure non-iterable instance.\\nIn order to be iterable, non-array objects must have a [Symbol.iterator]() method.")}()}function l(e,t){return l=Object.setPrototypeOf||function(e,t){return e.__proto__=t,e},l(e,t)}function i(e,t){e.prototype=Object.create(t.prototype),e.prototype.constructor=e,l(e,t)}function u(){return u=Object.assign||function(e){for(var t=1;t<arguments.length;t++){var n=arguments[t];for(var r in n)Object.prototype.hasOwnProperty.call(n,r)&&(e[r]=n[r])}return e},u.apply(this,arguments)}function c(e){return"/"===e.charAt(0)}function s(e,t){for(var n=t,r=n+1,a=e.length;r<a;n+=1,r+=1)e[n]=e[r];e.pop()}var f=function(e,t){void 0===t&&(t="");var n,r=e&&e.split("/")||[],a=t&&t.split("/")||[],o=e&&c(e),l=t&&c(t),i=o||l;if(e&&c(e)?a=r:r.length&&(a.pop(),a=a.concat(r)),!a.length)return"/";if(a.length){var u=a[a.length-1];n="."===u||".."===u||""===u}else n=!1;for(var f=0,d=a.length;d>=0;d--){var p=a[d];"."===p?s(a,d):".."===p?(s(a,d),f++):f&&(s(a,d),f--)}if(!i)for(;f--;f)a.unshift("..");!i||""===a[0]||a[0]&&c(a[0])||a.unshift("");var h=a.join("/");return n&&"/"!==h.substr(-1)&&(h+="/"),h};function d(e){return e.valueOf?e.valueOf():Object.prototype.valueOf.call(e)}var p=function e(t,n){if(t===n)return!0;if(null==t||null==n)return!1;if(Array.isArray(t))return Array.isArray(n)&&t.length===n.length&&t.every((function(t,r){return e(t,n[r])}));if("object"===typeof t||"object"===typeof n){var r=d(t),a=d(n);return r!==t||a!==n?e(r,a):Object.keys(Object.assign({},t,n)).every((function(r){return e(t[r],n[r])}))}return!1},h="Invariant failed";function m(e,t){if(!e)throw new Error(h)}function v(e){return"/"===e.charAt(0)?e:"/"+e}function g(e){return"/"===e.charAt(0)?e.substr(1):e}function y(e,t){return function(e,t){return 0===e.toLowerCase().indexOf(t.toLowerCase())&&-1!=="/?#".indexOf(e.charAt(t.length))}(e,t)?e.substr(t.length):e}function b(e){return"/"===e.charAt(e.length-1)?e.slice(0,-1):e}function _(e){var t=e.pathname,n=e.search,r=e.hash,a=t||"/";return n&&"?"!==n&&(a+="?"===n.charAt(0)?n:"?"+n),r&&"#"!==r&&(a+="#"===r.charAt(0)?r:"#"+r),a}function x(e,t,n,r){var a;"string"===typeof e?(a=function(e){var t=e||"/",n="",r="",a=t.indexOf("#");-1!==a&&(r=t.substr(a),t=t.substr(0,a));var o=t.indexOf("?");return-1!==o&&(n=t.substr(o),t=t.substr(0,o)),{pathname:t,search:"?"===n?"":n,hash:"#"===r?"":r}}(e),a.state=t):(void 0===(a=u({},e)).pathname&&(a.pathname=""),a.search?"?"!==a.search.charAt(0)&&(a.search="?"+a.search):a.search="",a.hash?"#"!==a.hash.charAt(0)&&(a.hash="#"+a.hash):a.hash="",void 0!==t&&void 0===a.state&&(a.state=t));try{a.pathname=decodeURI(a.pathname)}catch(o){throw o instanceof URIError?new URIError(\'Pathname "\'+a.pathname+\'" could not be decoded. This is likely caused by an invalid percent-encoding.\'):o}return n&&(a.key=n),r?a.pathname?"/"!==a.pathname.charAt(0)&&(a.pathname=f(a.pathname,r.pathname)):a.pathname=r.pathname:a.pathname||(a.pathname="/"),a}function w(){var e=null;var t=[];return{setPrompt:function(t){return e=t,function(){e===t&&(e=null)}},confirmTransitionTo:function(t,n,r,a){if(null!=e){var o="function"===typeof e?e(t,n):e;"string"===typeof o?"function"===typeof r?r(o,a):a(!0):a(!1!==o)}else a(!0)},appendListener:function(e){var n=!0;function r(){n&&e.apply(void 0,arguments)}return t.push(r),function(){n=!1,t=t.filter((function(e){return e!==r}))}},notifyListeners:function(){for(var e=arguments.length,n=new Array(e),r=0;r<e;r++)n[r]=arguments[r];t.forEach((function(e){return e.apply(void 0,n)}))}}}var k=!("undefined"===typeof window||!window.document||!window.document.createElement);function S(e,t){t(window.confirm(e))}var C="popstate",E="hashchange";function N(){try{return window.history.state||{}}catch(e){return{}}}function P(e){void 0===e&&(e={}),k||m(!1);var t=window.history,n=function(){var e=window.navigator.userAgent;return(-1===e.indexOf("Android 2.")&&-1===e.indexOf("Android 4.0")||-1===e.indexOf("Mobile Safari")||-1!==e.indexOf("Chrome")||-1!==e.indexOf("Windows Phone"))&&window.history&&"pushState"in window.history}(),r=!(-1===window.navigator.userAgent.indexOf("Trident")),a=e,o=a.forceRefresh,l=void 0!==o&&o,i=a.getUserConfirmation,c=void 0===i?S:i,s=a.keyLength,f=void 0===s?6:s,d=e.basename?b(v(e.basename)):"";function p(e){var t=e||{},n=t.key,r=t.state,a=window.location,o=a.pathname+a.search+a.hash;return d&&(o=y(o,d)),x(o,r,n)}function h(){return Math.random().toString(36).substr(2,f)}var g=w();function P(e){u(U,e),U.length=t.length,g.notifyListeners(U.location,U.action)}function j(e){(function(e){return void 0===e.state&&-1===navigator.userAgent.indexOf("CriOS")})(e)||L(p(e.state))}function O(){L(p(N()))}var T=!1;function L(e){if(T)T=!1,P();else{g.confirmTransitionTo(e,"POP",c,(function(t){t?P({action:"POP",location:e}):function(e){var t=U.location,n=z.indexOf(t.key);-1===n&&(n=0);var r=z.indexOf(e.key);-1===r&&(r=0);var a=n-r;a&&(T=!0,M(a))}(e)}))}}var F=p(N()),z=[F.key];function R(e){return d+_(e)}function M(e){t.go(e)}var I=0;function A(e){1===(I+=e)&&1===e?(window.addEventListener(C,j),r&&window.addEventListener(E,O)):0===I&&(window.removeEventListener(C,j),r&&window.removeEventListener(E,O))}var D=!1;var U={length:t.length,action:"POP",location:F,createHref:R,push:function(e,r){var a="PUSH",o=x(e,r,h(),U.location);g.confirmTransitionTo(o,a,c,(function(e){if(e){var r=R(o),i=o.key,u=o.state;if(n)if(t.pushState({key:i,state:u},null,r),l)window.location.href=r;else{var c=z.indexOf(U.location.key),s=z.slice(0,c+1);s.push(o.key),z=s,P({action:a,location:o})}else window.location.href=r}}))},replace:function(e,r){var a="REPLACE",o=x(e,r,h(),U.location);g.confirmTransitionTo(o,a,c,(function(e){if(e){var r=R(o),i=o.key,u=o.state;if(n)if(t.replaceState({key:i,state:u},null,r),l)window.location.replace(r);else{var c=z.indexOf(U.location.key);-1!==c&&(z[c]=o.key),P({action:a,location:o})}else window.location.replace(r)}}))},go:M,goBack:function(){M(-1)},goForward:function(){M(1)},block:function(e){void 0===e&&(e=!1);var t=g.setPrompt(e);return D||(A(1),D=!0),function(){return D&&(D=!1,A(-1)),t()}},listen:function(e){var t=g.appendListener(e);return A(1),function(){A(-1),t()}}};return U}var j="hashchange",O={hashbang:{encodePath:function(e){return"!"===e.charAt(0)?e:"!/"+g(e)},decodePath:function(e){return"!"===e.charAt(0)?e.substr(1):e}},noslash:{encodePath:g,decodePath:v},slash:{encodePath:v,decodePath:v}};function T(e){var t=e.indexOf("#");return-1===t?e:e.slice(0,t)}function L(){var e=window.location.href,t=e.indexOf("#");return-1===t?"":e.substring(t+1)}function F(e){window.location.replace(T(window.location.href)+"#"+e)}function z(e){void 0===e&&{},k||m(!1);var t=window.history,n=(window.navigator.userAgent.indexOf("Firefox"),e),r=n.getUserConfirmation,a=void 0===r?S:r,o=n.hashType,l=void 0===o?"slash":o,i=e.basename?b(v(e.basename)):"",c=O[l],s=c.encodePath,f=c.decodePath;function d(){var e=f(L());return i&&y(e,i),x(e)}var p=w();function h(e){u(U,e),U.length=t.length,p.notifyListeners(U.location,U.action)}var g=!1,C=null;function E(){var e,t,n=L(),r=s(n);if(n!==r)F(r);else{var o=d(),l=U.location;if(!g&&(o,l.pathname===t.pathname&&e.search===t.search&&e.hash===t.hash))return;if(C===_(o))return;null,function(e){if(g)!1,h();else{var t="POP";p.confirmTransitionTo(e,t,a,(function(n){n?h({action:t,location:e}):function(e){var t=U.location,n=R.lastIndexOf(_(t));-1===n&&0;var r=R.lastIndexOf(_(e));-1===r&&0;var a=n-r;a&&(!0,M(a))}(e)}))}}(o)}}var N=L(),P=s(N);N!==P&&F(P);var z=d(),R=[_(z)];function M(e){t.go(e)}var I=0;function A(e){1===(I+=e)&&1===e?window.addEventListener(j,E):0===I&&window.removeEventListener(j,E)}var D=!1;var U={length:t.length,action:"POP",location:z,createHref:function(e){var t=document.querySelector("base"),n="";return t&&t.getAttribute("href")&&T(window.location.href),n+"#"+s(i+_(e))},push:function(e,t){var n="PUSH",r=x(e,void 0,void 0,U.location);p.confirmTransitionTo(r,n,a,(function(e){if(e){var t=_(r),a=s(i+t);if(L()!==a){t,function(e){window.location.hash=e}(a);var o=R.lastIndexOf(_(U.location)),l=R.slice(0,o+1);l.push(t),l,h({action:n,location:r})}else h()}}))},replace:function(e,t){var n="REPLACE",r=x(e,void 0,void 0,U.location);p.confirmTransitionTo(r,n,a,(function(e){if(e){var t=_(r),a=s(i+t);L()!==a&&(t,F(a));var o=R.indexOf(_(U.location));-1!==o&&(R[o]=t),h({action:n,location:r})}}))},go:M,goBack:function(){M(-1)},goForward:function(){M(1)},block:function(e){void 0===e&&!1;var t=p.setPrompt(e);return D||(A(1),!0),function(){return D&&(!1,A(-1)),t()}},listen:function(e){var t=p.appendListener(e);return A(1),function(){A(-1),t()}}};return U}function R(e,t,n){return Math.min(Math.max(e,t),n)}function M(e){void 0===e&&{};var t=e,n=t.getUserConfirmation,r=t.initialEntries,a=void 0===r?["/"]:r,o=t.initialIndex,l=void 0===o?0:o,i=t.keyLength,c=void 0===i?6:i,s=w();function f(e){u(g,e),g.length=g.entries.length,s.notifyListeners(g.location,g.action)}function d(){return Math.random().toString(36).substr(2,c)}var p=R(l,0,a.length-1),h=a.map((function(e){return x(e,void 0,"string"===typeof e?d():e.key||d())})),m=_;function v(e){var t=R(g.index+e,0,g.entries.length-1),r=g.entries[t];s.confirmTransitionTo(r,"POP",n,(function(e){e?f({action:"POP",location:r,index:t}):f()}))}var g={length:h.length,action:"POP",location:h[p],index:p,entries:h,createHref:m,push:function(e,t){var r="PUSH",a=x(e,t,d(),g.location);s.confirmTransitionTo(a,r,n,(function(e){if(e){var t=g.index+1,n=g.entries.slice(0);n.length>t?n.splice(t,n.length-t,a):n.push(a),f({action:r,location:a,index:t,entries:n})}}))},replace:function(e,t){var r="REPLACE",a=x(e,t,d(),g.location);s.confirmTransitionTo(a,r,n,(function(e){e&&(g.entries[g.index]=a,f({action:r,location:a}))}))},go:v,goBack:function(){v(-1)},goForward:function(){v(1)},canGo:function(e){var t=g.index+e;return t>=0&&t<g.entries.length},block:function(e){return void 0===e&&!1,s.setPrompt(e)},listen:function(e){return s.appendListener(e)}};return g}var I=n(7),A=n.n(I),D=1073741823,U="undefined"!==typeof globalThis?globalThis:"undefined"!==typeof window?window:"undefined"!==typeof n.g?n.g:{};function $(e){var t=[];return{on:function(e){t.push(e)},off:function(e){t=t.filter((function(t){return t!==e}))},get:function(){return e},set:function(n,r){e=n,t.forEach((function(t){return t(e,r)}))}}}var B=e.createContext||function(t,n){var r,a,o="__create-react-context-"+function(){var e="__global_unique_id__";return U[e]=(U[e]||0)+1}()+"__",l=function(e){function t(){var t;return(t=e.apply(this,arguments)||this).emitter=$(t.props.value),t}i(t,e);var r=t.prototype;return r.getChildContext=function(){var e;return(e={})[o]=this.emitter,e},r.componentWillReceiveProps=function(e){if(this.props.value!==e.value){var t,r=this.props.value,a=e.value;((o=r)===(l=a)?0!==o||1/o===1/l:o!==o&&l!==l)?t=0:(t="function"===typeof n?n(r,a):D,0!==(t|=0)&&this.emitter.set(e.value,t))}var o,l},r.render=function(){return this.props.children},t}(e.Component);l.childContextTypes=((r={})[o]=A().object.isRequired,r);var u=function(e){function n(){var t;return(t=e.apply(this,arguments)||this).state={value:t.getValue()},t.onUpdate=function(e,n){0!==((0|t.observedBits)&n)&&t.setState({value:t.getValue()})},t}i(n,e);var r=n.prototype;return r.componentWillReceiveProps=function(e){var t=e.observedBits;this.observedBits=void 0===t||null===t?D:t},r.componentDidMount=function(){this.context[o]&&this.context[o].on(this.onUpdate);var e=this.props.observedBits;this.observedBits=void 0===e||null===e?D:e},r.componentWillUnmount=function(){this.context[o]&&this.context[o].off(this.onUpdate)},r.getValue=function(){return this.context[o]?this.context[o].get():t},r.render=function(){return(e=this.props.children,Array.isArray(e)?e[0]:e)(this.state.value);var e},n}(e.Component);return u.contextTypes=((a={})[o]=A().object,a),{Provider:l,Consumer:u}},V=B,W=n(239),H=n.n(W);n(228);function Q(e,t){if(null==e)return{};var n,r,a={},o=Object.keys(e);for(r=0;r<o.length;r++)n=o[r],t.indexOf(n)>=0||(a[n]=e[n]);return a}n(110);var q=function(e){var t=V();return t.displayName=e,t},K=q("Router-History"),Y=q("Router"),X=function(t){function n(e){var n;return(n=t.call(this,e)||this).state={location:e.history.location},n._isMounted=!1,n._pendingLocation=null,e.staticContext||(n.unlisten=e.history.listen((function(e){n._isMounted?n.setState({location:e}):n._pendingLocation=e}))),n}i(n,t),n.computeRootMatch=function(e){return{path:"/",url:"/",params:{},isExact:"/"===e}};var r=n.prototype;return r.componentDidMount=function(){this._isMounted=!0,this._pendingLocation&&this.setState({location:this._pendingLocation})},r.componentWillUnmount=function(){this.unlisten&&(this.unlisten(),this._isMounted=!1,this._pendingLocation=null)},r.render=function(){return e.createElement(Y.Provider,{value:{history:this.props.history,location:this.state.location,match:n.computeRootMatch(this.state.location.pathname),staticContext:this.props.staticContext}},e.createElement(K.Provider,{children:this.props.children||null,value:this.props.history}))},n}(e.Component);e.Component;var G=function(e){function t(){return e.apply(this,arguments)||this}i(t,e);var n=t.prototype;return n.componentDidMount=function(){this.props.onMount&&this.props.onMount.call(this,this)},n.componentDidUpdate=function(e){this.props.onUpdate&&this.props.onUpdate.call(this,this,e)},n.componentWillUnmount=function(){this.props.onUnmount&&this.props.onUnmount.call(this,this)},n.render=function(){return null},t}(e.Component);var J={},Z=0;function ee(e,t){return void 0===e&&(e="/"),void 0===t&&(t={}),"/"===e?e:function(e){if(J[e])return J[e];var t=H().compile(e);return Z<1e4&&(J[e]=t,Z++),t}(e)(t,{pretty:!0})}function te(t){var n=t.computedMatch,r=t.to,a=t.push,o=void 0!==a&&a;return e.createElement(Y.Consumer,null,(function(t){t||m(!1);var a=t.history,l=t.staticContext,i=o?a.push:a.replace,c=x(n?"string"===typeof r?ee(r,n.params):u({},r,{pathname:ee(r.pathname,n.params)}):r);return l?(i(c),null):e.createElement(G,{onMount:function(){i(c)},onUpdate:function(e,t){var n,r,a=x(t.to);n=a,r=u({},c,{key:a.key}),n.pathname===r.pathname&&n.search===r.search&&n.hash===r.hash&&n.key===r.key&&p(n.state,r.state)||i(c)},to:r})}))}var ne={},re=0;function ae(e,t){void 0===t&&(t={}),("string"===typeof t||Array.isArray(t))&&(t={path:t});var n=t,r=n.path,a=n.exact,o=void 0!==a&&a,l=n.strict,i=void 0!==l&&l,u=n.sensitive,c=void 0!==u&&u;return[].concat(r).reduce((function(t,n){if(!n&&""!==n)return null;if(t)return t;var r=function(e,t){var n=""+t.end+t.strict+t.sensitive,r=ne[n]||(ne[n]={});if(r[e])return r[e];var a=[],o={regexp:H()(e,a,t),keys:a};return re<1e4&&(r[e]=o,re++),o}(n,{end:o,strict:i,sensitive:c}),a=r.regexp,l=r.keys,u=a.exec(e);if(!u)return null;var s=u[0],f=u.slice(1),d=e===s;return o&&!d?null:{path:n,url:"/"===n&&""===s?"/":s,isExact:d,params:l.reduce((function(e,t,n){return e[t.name]=f[n],e}),{})}}),null)}var oe=function(t){function n(){return t.apply(this,arguments)||this}return i(n,t),n.prototype.render=function(){var t=this;return e.createElement(Y.Consumer,null,(function(n){n||m(!1);var r=t.props.location||n.location,a=u({},n,{location:r,match:t.props.computedMatch?t.props.computedMatch:t.props.path?ae(r.pathname,t.props):n.match}),o=t.props,l=o.children,i=o.component,c=o.render;return Array.isArray(l)&&function(t){return 0===e.Children.count(t)}(l)&&(l=null),e.createElement(Y.Provider,{value:a},a.match?l?"function"===typeof l?l(a):l:i?e.createElement(i,a):c?c(a):null:"function"===typeof l?l(a):null)}))},n}(e.Component);function le(e){return"/"===e.charAt(0)?e:"/"+e}function ie(e,t){if(!e)return t;var n=le(e);return 0!==t.pathname.indexOf(n)?t:u({},t,{pathname:t.pathname.substr(n.length)})}function ue(e){return"string"===typeof e?e:_(e)}function ce(e){return function(){m(!1)}}function se(){}e.Component;var fe=function(t){function n(){return t.apply(this,arguments)||this}return i(n,t),n.prototype.render=function(){var t=this;return e.createElement(Y.Consumer,null,(function(n){n||m(!1);var r,a,o=t.props.location||n.location;return e.Children.forEach(t.props.children,(function(t){if(null==a&&e.isValidElement(t)){r=t;var l=t.props.path||t.props.from;a=l?ae(o.pathname,u({},t.props,{path:l})):n.match}})),a?e.cloneElement(r,{location:o,computedMatch:a}):null}))},n}(e.Component);var de=e.useContext;function pe(){return de(K)}function he(){return de(Y).location}var me=function(t){function n(){for(var e,n=arguments.length,r=new Array(n),a=0;a<n;a++)r[a]=arguments[a];return(e=t.call.apply(t,[this].concat(r))||this).history=P(e.props),e}return i(n,t),n.prototype.render=function(){return e.createElement(X,{history:this.history,children:this.props.children})},n}(e.Component);e.Component;var ve=function(e,t){return"function"===typeof e?e(t):e},ge=function(e,t){return"string"===typeof e?x(e,null,null,t):e},ye=function(e){return e},be=e.forwardRef;"undefined"===typeof be&&(be=ye);var _e=be((function(t,n){var r=t.innerRef,a=t.navigate,o=t.onClick,l=Q(t,["innerRef","navigate","onClick"]),i=l.target,c=u({},l,{onClick:function(e){try{o&&o(e)}catch(t){throw e.preventDefault(),t}e.defaultPrevented||0!==e.button||i&&"_self"!==i||function(e){return!!(e.metaKey||e.altKey||e.ctrlKey||e.shiftKey)}(e)||(e.preventDefault(),a())}});return c.ref=ye!==be&&n||r,e.createElement("a",c)}));var xe=be((function(t,n){var r=t.component,a=void 0===r?_e:r,o=t.replace,l=t.to,i=t.innerRef,c=Q(t,["component","replace","to","innerRef"]);return e.createElement(Y.Consumer,null,(function(t){t||m(!1);var r=t.history,s=ge(ve(l,t.location),t.location),f=s?r.createHref(s):"",d=u({},c,{href:f,navigate:function(){var e=ve(l,t.location),n=_(t.location)===_(ge(e));(o||n?r.replace:r.push)(e)}});return ye!==be?d.ref=n||i:d.innerRef=i,e.createElement(a,d)}))})),we=function(e){return e},ke=e.forwardRef;"undefined"===typeof ke&&(ke=we);var Se=ke((function(t,n){var r=t["aria-current"],a=void 0===r?"page":r,o=t.activeClassName,l=void 0===o?"active":o,i=t.activeStyle,c=t.className,s=t.exact,f=t.isActive,d=t.location,p=t.sensitive,h=t.strict,v=t.style,g=t.to,y=t.innerRef,b=Q(t,["aria-current","activeClassName","activeStyle","className","exact","isActive","location","sensitive","strict","style","to","innerRef"]);return e.createElement(Y.Consumer,null,(function(t){t||m(!1);var r=d||t.location,o=ge(ve(g,r),r),_=o.pathname,x=_&&_.replace(/([.+*?=^!:${}()[\\]|/\\\\])/g,"\\\\$1"),w=x?ae(r.pathname,{path:x,exact:s,sensitive:p,strict:h}):null,k=!!(f?f(w,r):w),S="function"===typeof c?c(k):c,C="function"===typeof v?v(k):v;k&&(S=function(){for(var e=arguments.length,t=new Array(e),n=0;n<e;n++)t[n]=arguments[n];return t.filter((function(e){return e})).join(" ")}(S,l),C=u({},C,i));var E=u({"aria-current":k&&a||null,className:S,style:C,to:o},b);return we!==ke?E.ref=n||y:E.innerRef=y,e.createElement(xe,E)}))})),Ce=e.createContext(),Ee="",Ne=["#FFE4C4","#DEB887","#FFA500","#FF8C00","#D2691E","#8B4513","#FFFFFF","#F5F5F5","#DCDCDC","#A9A9A9","#808080","#000000"],Pe={bisque:"#FFE4C4",burlywood:"#DEB887",orange:"#FFA500",darkorange:"#FF8C00",chocolate:"#D2691E",saddlebrown:"#8B4513",white:"#FFFFFF",whitesmoke:"#F5F5F5",gainsboro:"#DCDCDC",darkgrey:"#A9A9A9",gray:"#808080",black:"#000000"},je=function(e){return new Promise((function(t,n){var r=new FileReader;r.readAsDataURL(e),r.onload=function(){return t(r.result)},r.onerror=function(e){return n(e)}}))},Oe=function(e){return e.ok?e.json():e.json().then((function(e){return Promise.reject(e)}))},Te={"Content-Type":"application/json"},Le=function(){return fetch("".concat(Ee,"/api/users/me/"),{method:"GET",headers:{"Content-Type":"application/json",authorization:"Token ".concat(localStorage.getItem("auth_token"))}}).then(Oe)},Fe=function(){var e=arguments.length>0&&void 0!==arguments[0]?arguments[0]:1;return fetch("".concat(Ee,"/api/cats/?page=").concat(e),{method:"GET",headers:{"Content-Type":"application/json",authorization:"Token ".concat(localStorage.getItem("auth_token"))}}).then(Oe)},ze=function(e){return fetch("".concat(Ee,"/api/cats/"),{method:"POST",headers:{"Content-Type":"application/json",authorization:"Token ".concat(localStorage.getItem("auth_token"))},body:JSON.stringify(e)}).then(Oe)},Re=function(e,t){return fetch("".concat(Ee,"/api/cats/").concat(t,"/"),{method:"PATCH",headers:{"Content-Type":"application/json",authorization:"Token ".concat(localStorage.getItem("auth_token"))},body:JSON.stringify(e)}).then(Oe)};function Me(e,t,n){return t in e?Object.defineProperty(e,t,{value:n,enumerable:!0,configurable:!0,writable:!0}):e[t]=n,e}function Ie(e,t){var n=Object.keys(e);if(Object.getOwnPropertySymbols){var r=Object.getOwnPropertySymbols(e);t&&(r=r.filter((function(t){return Object.getOwnPropertyDescriptor(e,t).enumerable}))),n.push.apply(n,r)}return n}function Ae(e){for(var t=1;t<arguments.length;t++){var n=null!=arguments[t]?arguments[t]:{};t%2?Ie(Object(n),!0).forEach((function(t){Me(e,t,n[t])})):Object.getOwnPropertyDescriptors?Object.defineProperties(e,Object.getOwnPropertyDescriptors(n)):Ie(Object(n)).forEach((function(t){Object.defineProperty(e,t,Object.getOwnPropertyDescriptor(n,t))}))}return e}function De(e,t){if(null==e)return{};var n,r,a=Q(e,t);if(Object.getOwnPropertySymbols){var o=Object.getOwnPropertySymbols(e);for(r=0;r<o.length;r++)n=o[r],t.indexOf(n)>=0||Object.prototype.propertyIsEnumerable.call(e,n)&&(a[n]=e[n])}return a}var Ue=n(184),$e=["children"],Be=function(e){var t=e.children,n=De(e,$e);return(0,Ue.jsx)(oe,Ae(Ae({},n),{},{render:function(){return localStorage.getItem("auth_token")?t:(0,Ue.jsx)(te,{to:"/signin"})}}))};var Ve=n.p+"static/media/login.fd91e54728b2a6dfcef8b694ff5fa200.svg";var We=n.p+"static/media/plus.59855b1b9164527df1ebd896c9f827f2.svg";var He=n.p+"static/media/logout.d61d17a46a28107d321d846ff4fd88c4.svg";var Qe=n.p+"static/media/logo.018b6643f3dd14ed8a10432df1ab2a2b.svg",qe="button-header_button__gE5G7",Ke="button-header_hidden__Ay3Pt",Ye="button-header_none__+Bd3A",Xe="button-header_text__1pP0C",Ge="button-header_icon__QsQzj",Je=["isLogin","text","icon","to","extraClass"],Ze=function(e){var t=e.isLogin,n=void 0!==t&&t,r=e.text,a=void 0===r?"":r,o=e.icon,l=e.to,i=void 0===l?"/signin":l,u=e.extraClass,c=void 0===u?"":u,s=De(e,Je);return(0,Ue.jsxs)(Se,Ae(Ae({to:i,className:"".concat(qe," ").concat(c)},s),{},{children:[(0,Ue.jsx)("img",{className:Ge,src:o,alt:"\\u0418\\u043a\\u043e\\u043d\\u043a\\u0430."}),(0,Ue.jsx)("p",{className:"text text_type_large text_color_white pl-8 ".concat(Xe," ").concat(!a&&Ye," ").concat(n&&Ke),children:a})]}))},et="button-secondary_button__rvAvn",tt="button-secondary_icon__3AaNU",nt=["type","icon","extraClass"],rt=function(e){var t=e.type,n=void 0===t?"button":t,r=e.icon,a=e.extraClass,o=void 0===a?"":a,l=De(e,nt);return(0,Ue.jsx)("button",Ae(Ae({className:"".concat(et," ").concat(o),type:n},l),{},{children:(0,Ue.jsx)("img",{className:tt,src:r,alt:"\\u041a\\u043d\\u043e\\u043f\\u043a\\u0430 \\u0432\\u044b\\u0445\\u043e\\u0434\\u0430 \\u0438\\u0437 \\u0430\\u043a\\u043a\\u0430\\u0443\\u043d\\u0442\\u0430."})}))},at={header:"header_header__z8ezc",logo:"header_logo__wLirW",btns_box:"header_btns_box__-8dFL",hidden:"header_hidden__gbYee"},ot=function(t){var n=t.setQueryPage,r=t.extraClass,a=void 0===r?"":r,l=o(e.useContext(Ce),2),i=l[0],u=l[1],c=he(),s="".concat(at.header," ").concat(("/signin"===c.pathname||"/signup"===c.pathname)&&at.hidden," ").concat(a);return(0,Ue.jsxs)("header",{className:s,children:[(0,Ue.jsx)(Se,{className:at.nav,to:"/",onClick:function(){n(1)},children:(0,Ue.jsx)("img",{className:at.logo,src:Qe,alt:"\\u041b\\u043e\\u0433\\u043e\\u0442\\u0438\\u043f."})}),i.id?(0,Ue.jsxs)("div",{className:at.btns_box,children:[(0,Ue.jsx)(Ze,{to:"/cats/add",text:"\\u0414\\u043e\\u0431\\u0430\\u0432\\u0438\\u0442\\u044c \\u043a\\u043e\\u0442\\u0430",icon:We,isLogin:!0}),(0,Ue.jsx)(rt,{icon:He,onClick:function(){fetch("".concat(Ee,"/api/token/logout/"),{method:"POST",headers:{"Content-Type":"application/json",authorization:"Token ".concat(localStorage.getItem("auth_token"))}}).then((function(e){return 204===e.status?(localStorage.removeItem("auth_token"),e):null})).then((function(){u({id:""}),n(1)}))}})]}):(0,Ue.jsx)(Ze,{to:"/signin",text:"\\u0412\\u043e\\u0439\\u0442\\u0438",icon:Ve})]})},lt="footer_footer__XXj-R",it="footer_text__9aNvQ",ut=function(e){var t=e.extraClass,n=void 0===t?"":t;return(0,Ue.jsx)("footer",{className:"".concat(lt," ").concat(n),children:(0,Ue.jsx)("p",{className:"text text_type_medium-20 text_color_input ".concat(it),children:"Kittygram ".concat((new Date).getFullYear())})})},ct="form-container_content__QF6jd",st=function(e){var t=e.children,n=e.extraClass,r=void 0===n?"":n;return(0,Ue.jsx)("div",{className:"".concat(ct," ").concat(r),children:t})};var ft=n.p+"static/media/eye.14d865b3b3ae85ab958b2bb4a49f75e0.svg";var dt=n.p+"static/media/eye-off.fc7a1ff2d14069eb4fd33ce01673c351.svg",pt={content:"input_content__34WpC",input:"input_input__bAnmr",eye_btn:"input_eye_btn__HxGE6",error:"input_error__UV1tM"},ht=["extraClass","extraInputClass","type","id","error"],mt=function(t){var n=t.extraClass,r=void 0===n?"":n,a=t.extraInputClass,l=void 0===a?"":a,i=t.type,u=t.id,c=t.error,s=De(t,ht),f=o(e.useState(!1),2),d=f[0],p=f[1],h="password"===i?d?"text":"password":i,m="password"===h?dt:ft;return(0,Ue.jsxs)("div",{className:"".concat(pt.content," ").concat(r),children:[(0,Ue.jsx)("input",Ae({id:u,type:h,className:"".concat(pt.input," text text_type_medium-16 text_color_primary ").concat(l)},s)),"password"===i&&(0,Ue.jsx)("button",{type:"button",className:pt.eye_btn,onClick:function(){p(!d)},children:(0,Ue.jsx)("img",{className:pt.eye_img,src:m,alt:"\\u041f\\u043e\\u0441\\u043c\\u043e\\u0442\\u0440\\u0435\\u0442\\u044c \\u043f\\u0430\\u0440\\u043e\\u043b\\u044c."})}),c&&(0,Ue.jsx)("span",{className:"text text_type_medium-16 text_color_red mb-4 ".concat(pt.error),children:c})]})},vt={button:"button-form_button__4mpE0"},gt=["text","extraClass","type"],yt=function(e){var t=e.text,n=void 0===t?"":t,r=e.extraClass,a=void 0===r?"":r,o=e.type,l=void 0===o?"button":o,i=De(e,gt);return(0,Ue.jsx)("button",Ae(Ae({className:"".concat(vt.button," ").concat(a),type:l},i),{},{children:(0,Ue.jsx)("p",{className:"text text_type_large text_color_white pl-8 ".concat(vt.text),children:n})}))},bt="sign-up_content__gBA-o",_t="sign-up_logo__uFH+m",xt="sign-up_title__cuAPb",wt="sign-up_subtitle__mhtwA",kt="sign-up_form__fBruE",St="sign-up_agreement__-44AE",Ct="sign-up_footer__5UI9T",Et="sign-up_nav__7NKpQ",Nt=function(t){var n=t.extraClass,r=void 0===n?"":n,a=o(e.useState({}),2),l=a[0],i=a[1],u=o(e.useState(""),2),c=u[0],s=u[1],f=o(e.useState(""),2),d=f[0],p=f[1],h=o(e.useState(""),2),m=h[0],v=h[1],g=pe(),y=function(e){i(Ae(Ae({},l),{},Me({},e.target.name,e.target.value)))};return(0,Ue.jsxs)("section",{className:"".concat(bt," ").concat(r),children:[(0,Ue.jsx)("img",{className:"".concat(_t," mb-16"),src:Qe,alt:"\\u041b\\u043e\\u0433\\u043e\\u0442\\u0438\\u043f"}),(0,Ue.jsx)("h1",{className:"text text_type_h1 text_color_primary mb-20 ".concat(xt),children:"\\u0420\\u0435\\u0433\\u0438\\u0441\\u0442\\u0440\\u0430\\u0446\\u0438\\u044f"}),(0,Ue.jsx)("p",{className:"text text_type_medium-20 text_color_input mb-10 ".concat(wt),children:"\\u0417\\u0430\\u0440\\u0435\\u0433\\u0438\\u0441\\u0442\\u0440\\u0438\\u0440\\u0443\\u0439\\u0442\\u0435\\u0441\\u044c \\u0434\\u043b\\u044f \\u0434\\u043e\\u0441\\u0442\\u0443\\u043f\\u0430 \\u043a Kittygram!"}),(0,Ue.jsxs)(st,{children:[(0,Ue.jsxs)("form",{className:kt,children:[(0,Ue.jsx)(mt,{onChange:y,name:"username",type:"text",id:1,placeholder:"\\u0418\\u043c\\u044f",error:m}),(0,Ue.jsx)(mt,{onChange:y,name:"password",type:"password",id:2,placeholder:"\\u041f\\u0430\\u0440\\u043e\\u043b\\u044c",error:d}),(0,Ue.jsx)(mt,{onChange:y,name:"password2",type:"password",id:3,placeholder:"\\u041f\\u043e\\u0432\\u0442\\u043e\\u0440\\u0438\\u0442\\u0435 \\u043f\\u0430\\u0440\\u043e\\u043b\\u044c",error:c}),(0,Ue.jsx)("p",{className:"text text_type_small text_color_input ".concat(St),children:"\\u0420\\u0435\\u0433\\u0438\\u0441\\u0442\\u0440\\u0438\\u0440\\u0443\\u044f\\u0441\\u044c \\u043d\\u0430 \\u043d\\u0430\\u0448\\u0435\\u043c \\u0441\\u0430\\u0439\\u0442\\u0435, \\u0432\\u044b \\u043e\\u0431\\u0435\\u0449\\u0430\\u0435\\u0442\\u0435 \\u043f\\u043e\\u0441\\u0442\\u0438\\u0442\\u044c \\u0432 \\u0441\\u0435\\u0440\\u0432\\u0438\\u0441 \\u0442\\u043e\\u043b\\u044c\\u043a\\u043e \\u043a\\u043e\\u0442\\u043e\\u0432, \\u043d\\u0438\\u043a\\u0430\\u043a\\u0438\\u0445 \\u0441\\u043e\\u0431\\u0430\\u043a."}),(0,Ue.jsx)(yt,{text:"\\u0417\\u0430\\u0440\\u0435\\u0433\\u0438\\u0441\\u0442\\u0440\\u0438\\u0440\\u043e\\u0432\\u0430\\u0442\\u044c\\u0441\\u044f",onClick:function(){var e,t;c&&s(""),m&&v(""),d&&p(""),(l.username?l.password?l.password2?l.password===l.password2||(s("\\u041f\\u0430\\u0440\\u043e\\u043b\\u0438 \\u043d\\u0435 \\u0441\\u043e\\u0432\\u043f\\u0430\\u0434\\u0430\\u044e\\u0442!"),0):(s("\\u041f\\u043e\\u043b\\u0435 \\u0441 \\u043f\\u0430\\u0440\\u043e\\u043b\\u0435\\u043c \\u044f\\u0432\\u043b\\u044f\\u0435\\u0442\\u0441\\u044f \\u043e\\u0431\\u044f\\u0437\\u0430\\u0442\\u0435\\u043b\\u044c\\u043d\\u044b\\u043c"),0):(p("\\u041f\\u043e\\u043b\\u0435 \\u0441 \\u043f\\u0430\\u0440\\u043e\\u043b\\u0435\\u043c \\u044f\\u0432\\u043b\\u044f\\u0435\\u0442\\u0441\\u044f \\u043e\\u0431\\u044f\\u0437\\u0430\\u0442\\u0435\\u043b\\u044c\\u043d\\u044b\\u043c"),0):(v("\\u041f\\u043e\\u043b\\u0435 \\u0441 \\u0438\\u043c\\u0435\\u043d\\u0435\\u043c \\u044f\\u0432\\u043b\\u044f\\u0435\\u0442\\u0441\\u044f \\u043e\\u0431\\u044f\\u0437\\u0430\\u0442\\u0435\\u043b\\u044c\\u043d\\u044b\\u043c"),0))&&(e=l.username,t=l.password,fetch("".concat(Ee,"/api/users/"),{method:"POST",headers:Te,body:JSON.stringify({username:e,password:t})}).then(Oe)).then((function(e){e&&e.username&&g.replace({pathname:"/signin"})})).catch((function(e){"object"===typeof e.username?v("\\u041f\\u043e\\u043b\\u044c\\u0437\\u043e\\u0432\\u0430\\u0442\\u0435\\u043b\\u044c \\u0441 \\u0442\\u0430\\u043a\\u0438\\u043c \\u0438\\u043c\\u0435\\u043d\\u0435\\u043c \\u0443\\u0436\\u0435 \\u0437\\u0430\\u0440\\u0435\\u0433\\u0438\\u0441\\u0442\\u0440\\u0438\\u0440\\u043e\\u0432\\u0430\\u043d"):"object"===typeof e.password?p("\\u041f\\u0430\\u0440\\u043e\\u043b\\u044c \\u0434\\u043e\\u043b\\u0436\\u0435\\u043d \\u0441\\u043e\\u0434\\u0435\\u0440\\u0436\\u0430\\u0442\\u044c \\u043c\\u0438\\u043d\\u0438\\u043c\\u0443\\u043c 8 \\u0441\\u0438\\u043c\\u0432\\u043e\\u043b\\u043e\\u0432 \\u0438 \\u043d\\u0435 \\u0441\\u043e\\u0441\\u0442\\u043e\\u044f\\u0442\\u044c \\u043f\\u043e\\u043b\\u043d\\u043e\\u0441\\u0442\\u044c\\u044e \\u0438\\u0437 \\u0446\\u0438\\u0444\\u0440"):s("\\u041e\\u0448\\u0438\\u0431\\u043a\\u0430 \\u0441\\u0435\\u0440\\u0432\\u0435\\u0440\\u0430")}))}}),(0,Ue.jsx)("p",{className:"text text_type_small text_color_input mt-5 mb-5",children:"\\u0438\\u043b\\u0438"})]}),(0,Ue.jsx)("div",{className:Ct,children:(0,Ue.jsx)(Se,{to:"/signin",className:"text text_type_medium-16 text_color_link ".concat(Et),children:"\\u0423\\u0436\\u0435 \\u0437\\u0430\\u0440\\u0435\\u0433\\u0438\\u0441\\u0442\\u0440\\u0438\\u0440\\u043e\\u0432\\u0430\\u043d\\u044b? \\u0412\\u043e\\u0439\\u0442\\u0438"})})]})]})},Pt="sign-in_content__NFW4-",jt="sign-in_logo__TLPO8",Ot="sign-in_title__-Rq9N",Tt="sign-in_subtitle__FS2pv",Lt="sign-in_form__lp3-r",Ft="sign-in_btn__oC-J6",zt="sign-in_footer__Lhi8x",Rt="sign-in_nav__yZAbu",Mt=function(t){var n=t.extraClass,r=void 0===n?"":n,a=o(e.useState({}),2),l=a[0],i=a[1],u=o(e.useContext(Ce),2),c=(u[0],u[1]),s=o(e.useState(""),2),f=s[0],d=s[1],p=o(e.useState(""),2),h=p[0],m=p[1],v=pe(),g=function(e){i(Ae(Ae({},l),{},Me({},e.target.name,e.target.value)))};return(0,Ue.jsxs)("section",{className:"".concat(Pt," ").concat(r),children:[(0,Ue.jsx)("img",{className:"".concat(jt," mb-16"),src:Qe,alt:"\\u041b\\u043e\\u0433\\u043e\\u0442\\u0438\\u043f"}),(0,Ue.jsx)("h1",{className:"text text_type_h1 text_color_primary mb-10 ".concat(Ot),children:"\\u0412\\u0445\\u043e\\u0434"}),(0,Ue.jsx)("p",{className:"text text_type_medium-20 text_color_input mb-20 ".concat(Tt),children:"\\u0412\\u043e\\u0439\\u0434\\u0438\\u0442\\u0435 \\u0434\\u043b\\u044f \\u0434\\u043e\\u0441\\u0442\\u0443\\u043f\\u0430 \\u043a Kittygram!"}),(0,Ue.jsxs)(st,{children:[(0,Ue.jsxs)("form",{className:Lt,children:[(0,Ue.jsx)(mt,{name:"username",type:"text",id:1,placeholder:"\\u0418\\u043c\\u044f",onChange:g,error:h}),(0,Ue.jsx)(mt,{name:"password",type:"password",id:2,placeholder:"\\u041f\\u0430\\u0440\\u043e\\u043b\\u044c",onChange:g,error:f}),(0,Ue.jsx)(yt,{extraClass:Ft,text:"\\u0412\\u043e\\u0439\\u0442\\u0438",onClick:function(){var e,t;h&&m(""),f&&d(""),(l.username?l.password||(d("\\u041f\\u043e\\u043b\\u0435 \\u0441 \\u043f\\u0430\\u0440\\u043e\\u043b\\u0435\\u043c \\u044f\\u0432\\u043b\\u044f\\u0435\\u0442\\u0441\\u044f \\u043e\\u0431\\u044f\\u0437\\u0430\\u0442\\u0435\\u043b\\u044c\\u043d\\u044b\\u043c"),0):(m("\\u041f\\u043e\\u043b\\u0435 \\u0441 \\u0438\\u043c\\u0435\\u043d\\u0435\\u043c \\u044f\\u0432\\u043b\\u044f\\u0435\\u0442\\u0441\\u044f \\u043e\\u0431\\u044f\\u0437\\u0430\\u0442\\u0435\\u043b\\u044c\\u043d\\u044b\\u043c"),0))&&(e=l.username,t=l.password,fetch("".concat(Ee,"/api/token/login/"),{method:"POST",headers:Te,body:JSON.stringify({username:e,password:t})}).then(Oe).then((function(e){return e.auth_token?(localStorage.setItem("auth_token",e.auth_token),e):null}))).then((function(e){e&&e.auth_token&&Le().then((function(e){e&&e.id&&(c({id:e.id}),v.replace({pathname:"/"}))}))})).catch((function(e){e.non_field_errors?d("\\u041d\\u0435\\u043f\\u0440\\u0430\\u0432\\u0438\\u043b\\u044c\\u043d\\u044b\\u0439 \\u043b\\u043e\\u0433\\u0438\\u043d \\u0438\\u043b\\u0438 \\u043f\\u0430\\u0440\\u043e\\u043b\\u044c"):d("\\u041e\\u0448\\u0438\\u0431\\u043a\\u0430 \\u0441\\u0435\\u0440\\u0432\\u0435\\u0440\\u0430")}))}}),(0,Ue.jsx)("p",{className:"text text_type_small text_color_input mt-5 mb-5",children:"\\u0438\\u043b\\u0438"})]}),(0,Ue.jsx)("div",{className:zt,children:(0,Ue.jsx)(Se,{to:"/signup",className:"text text_type_medium-16 text_color_link ".concat(Rt),children:"\\u0415\\u0449\\u0451 \\u043d\\u0435 \\u0437\\u0430\\u0440\\u0435\\u0433\\u0438\\u0441\\u0442\\u0440\\u0438\\u0440\\u043e\\u0432\\u0430\\u043d\\u044b? \\u0417\\u0430\\u0440\\u0435\\u0433\\u0438\\u0441\\u0442\\u0440\\u0438\\u0440\\u0443\\u0439\\u0442\\u0435\\u0441\\u044c"})})]})]})},It=n(216),At="main-card_content__jspn3",Dt="main-card_img__FF6td",Ut="main-card_cat_color_box__CSxEU",$t="main-card_cat_color__E7AhF",Bt="main-card_name_n_date_box__7NIhR",Vt="main-card_link__w9JZe",Wt="main-card_data_box__icWmC",Ht="main-card_name__YLdqh",Qt="main-card_date__-7YrD",qt=function(e){var t=e.cardId,n=e.name,r=void 0===n?"":n,a=e.date,o=void 0===a?"":a,l=e.color,i=void 0===l?"\\u0411\\u0435\\u0436\\u0435\\u0432\\u044b\\u0439":l,u=e.img,c=e.extraClass,s=void 0===c?"":c,f="black"===i||"saddlebrown"===i||"gray"===i||"darkgray"===i?"white":"primary";return(0,Ue.jsxs)("article",{className:"".concat(At," ").concat(s),children:[(0,Ue.jsx)(xe,{className:Vt,to:"/cats/".concat(t),children:(0,Ue.jsx)("img",{className:Dt,src:null!==u&&void 0!==u?u:It,alt:"\\u0424\\u043e\\u0442\\u043e \\u043a\\u043e\\u0442\\u0438\\u043a\\u0430."})}),(0,Ue.jsxs)("div",{className:Wt,children:[(0,Ue.jsxs)("div",{className:Bt,children:[(0,Ue.jsx)("p",{className:"text text_type_h3 text_color_primary mt-8 mb-3 ".concat(Ht),children:r}),(0,Ue.jsx)("p",{className:"text text_type_medium-20 text_color_secondary mb-8 ".concat(Qt),children:o})]}),(0,Ue.jsx)("div",{className:Ut,style:{backgroundColor:i},children:(0,Ue.jsx)("p",{className:"text text_type_medium-20 text_color_".concat(f," ").concat($t),children:i})})]})]})};var Kt=n.p+"static/media/arrow-left.6ff1d49a90339020f94d1421135f7fa6.svg";var Yt=n.p+"static/media/arrow-right.2452b64f6b61cdab22f430e1a3c2b883.svg",Xt="pagination-box_content__1CsCN",Gt="pagination-box_btn_box__EgxZv",Jt="pagination-box_btn__T9ku2",Zt="pagination-box_num_btn__xqcVb",en=function(t){var n=t.data,r=t.queryPage,a=t.setQueryPage,l=t.extraClass,i=void 0===l?"":l,u=o(e.useState([]),2),c=u[0],s=u[1],f=function(e){var t=e.target.closest("button");t&&t.name!==r&&a(+t.name)};return e.useEffect((function(){var e=[];if(n.pages<6)for(var t=1;t<=n.pages;t++)e.push(t);else 1===r?(e.push(1),e.push(2),e.push("..."),e.push(n.pages)):2===r||3===r?(e.push(1),e.push(2),e.push(3),e.push("..."),e.push(n.pages)):r===n.pages-2||r===n.pages-1?(e.push(1),e.push("..."),e.push(n.pages-2),e.push(n.pages-1),e.push(n.pages)):r===n.pages?(e.push(1),e.push("..."),e.push(n.pages-1),e.push(n.pages)):(e.push(1),e.push("..."),e.push(r),e.push("..."),e.push(n.pages));s(e)}),[n,r]),(0,Ue.jsxs)("div",{className:"".concat(Xt," ").concat(i),children:[(0,Ue.jsx)("button",{className:Jt,type:"button",onClick:function(){r>1&&a(r-1)},disabled:1===r,children:(0,Ue.jsx)("img",{src:Kt,alt:"\\u041f\\u0440\\u0435\\u0434\\u044b\\u0434\\u0443\\u0449\\u0430\\u044f \\u0441\\u0442\\u0440\\u0430\\u043d\\u0438\\u0446\\u0430."})}),(0,Ue.jsx)("div",{className:Gt,children:c.map((function(e,t){var n=r===e,a=n?600:500,o=n?"primary":"additional",l="..."!==e?e:"";return(0,Ue.jsx)("button",{name:l,className:Zt,type:"button",onClick:f,disabled:n||"..."===e,children:(0,Ue.jsx)("p",{className:"text text_type_medium text_color_".concat(o),style:{fontWeight:a,letterSpacing:"0.2px"},children:e})},t)}))}),(0,Ue.jsx)("button",{className:Jt,type:"button",onClick:function(){r<n.pages&&a(r+1)},disabled:r===n.pages,children:(0,Ue.jsx)("img",{src:Yt,alt:"\\u0421\\u043b\\u0435\\u0434\\u0443\\u044e\\u0449\\u0430\\u044f \\u0441\\u0442\\u0440\\u0430\\u043d\\u0438\\u0446\\u0430."})})]})},tn="main-page_content__jSflQ",nn="main-page_box__gof+4",rn="main-page_title__0Limq",an=function(t){var n=t.queryPage,r=t.setQueryPage,a=t.extraClass,l=void 0===a?"":a,i=o(e.useState([]),2),u=i[0],c=i[1],s=o(e.useState({}),2),f=s[0],d=s[1];return e.useEffect((function(){Fe(n).then((function(e){d({count:e.count,pages:Math.ceil(e.count/10)}),c(e.results)})).catch((function(e){"Invalid page."===e.detail?Fe(n-1).then((function(e){r(n-1),d({count:e.count,pages:Math.ceil(e.count/10)}),c(e.results)})).catch((function(e){console.error(e)})):console.error(e)}))}),[n,r]),(0,Ue.jsxs)("section",{className:"".concat(tn," ").concat(l),children:[(0,Ue.jsx)("h2",{className:"text text_type_h2 text_color_primary mt-25 mb-20 ".concat(rn),children:"\\u0417\\u0430\\u043c\\u0435\\u0447\\u0430\\u0442\\u0435\\u043b\\u044c\\u043d\\u044b\\u0435 \\u043a\\u043e\\u0442\\u044b"}),(0,Ue.jsx)("div",{className:nn,children:u.map((function(e,t){return(0,Ue.jsx)(qt,{cardId:e.id,img:e.image_url,name:e.name,date:e.birth_year,color:e.color},t)}))}),f.count>10&&(0,Ue.jsx)(en,{data:f,queryPage:n,setQueryPage:r})]})};var on=n.p+"static/media/left.ba3f3318a460c4b00226ae3ce7fd4e7b.svg";var ln=n.p+"static/media/edit.611e483e59ff026c004ea5a187429270.svg";var un=n.p+"static/media/trash.350e8fbd4c1c8ce9100b349c5bfe4405.svg",cn="card-page_content__-QS-g",sn="card-page_container__AWIda",fn="card-page_desktop_btn__L8ADJ",dn="card-page_desk_return__SM2fy",pn="card-page_desk_edit__+i1bX",hn="card-page_desk_remove__p7dW8",mn="card-page_btns_box_mobile__3wsK5",vn="card-page_img_box__hm8nt",gn="card-page_img__Fvt-D",yn="card-page_cat_color_box__Pnna0",bn="card-page_cat_color__SmQIB",_n="card-page_date__jGVcr",xn="card-page_achievements__uXTAy",wn="card-page_mobile_btn__zPSOM",kn="card-page_name__MhHql",Sn=function(t){var n,r=t.data,a=t.setData,l=t.extraClass,i=void 0===l?"":l,u=o(e.useState(""),2),c=u[0],s=u[1],f=o(e.useContext(Ce),1)[0],d=pe(),p=function(){var e=de(Y).match;return e?e.params:{}}();e.useEffect((function(){var e;(e=p.id,fetch("".concat(Ee,"/api/cats/").concat(e,"/"),{method:"GET",headers:{"Content-Type":"application/json",authorization:"Token ".concat(localStorage.getItem("auth_token"))}}).then(Oe)).then((function(e){if(e&&e.id){a(e);var t="";e.achievements.forEach((function(e){t?t+=", ".concat(e.achievement_name):t=e.achievement_name})),s(t)}}))}),[p.id,a]);var h=function(){a({}),d.push("/")},m=function(){var e;(e=r.id,fetch("".concat(Ee,"/api/cats/").concat(e,"/"),{method:"DELETE",headers:{"Content-Type":"application/json",authorization:"Token ".concat(localStorage.getItem("auth_token"))}}).then((function(e){return 204===e.status?{status:!0}:{status:!1}}))).then((function(e){e.status&&d.replace({pathname:"/"})})).catch((function(e){console.log(e.message)}))},v="black"===r.color||"saddlebrown"===r.color||"gray"===r.color||"darkgray"===r.color?"white":"primary";return(0,Ue.jsxs)("article",{className:"".concat(cn," ").concat(i),children:[(0,Ue.jsxs)("div",{className:sn,children:[(0,Ue.jsxs)("div",{className:mn,children:[(0,Ue.jsx)(rt,{extraClass:wn,icon:on,onClick:h}),r.owner&&r.owner===f.id&&(0,Ue.jsxs)(Ue.Fragment,{children:[(0,Ue.jsx)(Ze,{extraClass:"".concat(wn),icon:ln,to:"/cats/edit"}),(0,Ue.jsx)(rt,{extraClass:wn,icon:un,onClick:m})]})]}),(0,Ue.jsx)("div",{className:vn,children:(0,Ue.jsx)("img",{className:gn,src:null!==(n=r.image_url)&&void 0!==n?n:It,alt:"\\u0424\\u043e\\u0442\\u043e \\u043a\\u043e\\u0442\\u0438\\u043a\\u0430."})}),(0,Ue.jsx)(rt,{extraClass:"".concat(fn," ").concat(dn),icon:on,onClick:h}),r.owner&&r.owner===f.id&&(0,Ue.jsxs)(Ue.Fragment,{children:[(0,Ue.jsx)(Ze,{extraClass:"".concat(fn," ").concat(pn),icon:ln,to:"/cats/edit"}),(0,Ue.jsx)(rt,{extraClass:"".concat(fn," ").concat(hn),icon:un,onClick:m})]})]}),(0,Ue.jsx)("p",{className:"text text_type_h2-5 text_color_primary mt-35 mb-10 ".concat(kn),children:r.name}),(0,Ue.jsx)("p",{className:"text text_type_h3 text_color_secondary ".concat(_n),children:r.birth_year}),(0,Ue.jsx)("div",{className:yn,style:{backgroundColor:r.color},children:(0,Ue.jsx)("p",{className:"text text_type_medium-20 text_color_".concat(v," ").concat(bn),children:r.color})}),(0,Ue.jsx)("p",{className:"text text_type_h3 ".concat(xn),children:c})]})};var Cn=n.p+"static/media/image.1f8fb69e23a2923346dc85614ee781ed.svg";function En(e){return function(e){if(Array.isArray(e))return r(e)}(e)||function(e){if("undefined"!==typeof Symbol&&null!=e[Symbol.iterator]||null!=e["@@iterator"])return Array.from(e)}(e)||a(e)||function(){throw new TypeError("Invalid attempt to spread non-iterable instance.\\nIn order to be iterable, non-array objects must have a [Symbol.iterator]() method.")}()}var Nn=n.p+"static/media/arrow-down.97c71208e13653cf3de6706849402549.svg";var Pn=n.p+"static/media/arrow-up.6e99cc6c25ac1acbc8151883d979de6b.svg";var jn=n.p+"static/media/add.2268b30ae31e86e7e894d9f9c5882de4.svg",On="checkbox_content__bSpqE",Tn="checkbox_input__Qgwuf",Ln="checkbox_label__n26zZ",Fn=function(e){var t=e.name,n=e.id,r=e.checked,a=void 0!==r&&r,o=e.label,l=e.onChange,i=e.extraClass,u=void 0===i?"":i,c="text text_type_medium-16 text_color_option ".concat(Ln);return(0,Ue.jsxs)("div",{className:"".concat(On," ").concat(u),children:[(0,Ue.jsx)("input",{className:Tn,checked:a,onChange:l,type:"checkbox",name:t,id:n}),(0,Ue.jsx)("label",{className:c,htmlFor:n,children:o})]})};var zn=n.p+"static/media/cross.14f09e31cbcb140a369cc9725a225c59.svg",Rn="modal_content__LKJPu",Mn="modal_overlay__+jqTW",In=document.getElementById("react-modals"),An=function(e){var n=e.children,r=e.onClose,a=e.extraClass,o=void 0===a?"":a;return t.createPortal((0,Ue.jsxs)(Ue.Fragment,{children:[(0,Ue.jsx)("div",{className:"".concat(Rn," ").concat(o),children:n}),(0,Ue.jsx)("div",{className:Mn,onClick:r})]}),In)},Dn="popup_popup__8kICL",Un="popup_title__iBMkt",$n="popup_btn__fZdrU",Bn="popup_close_btn__QqZL3",Vn=function(e){var t=e.onClose,n=e.onChange,r=e.onSubmit,a=e.extraClass,o=void 0===a?"":a;return(0,Ue.jsx)(An,{onClose:t,children:(0,Ue.jsxs)("div",{className:"".concat(Dn," ").concat(o),children:[(0,Ue.jsx)("h3",{className:"text text_type_h3 text_color_primary mb-10 ".concat(Un),children:"\\u041d\\u043e\\u0432\\u043e\\u0435 \\u0434\\u043e\\u0441\\u0442\\u0438\\u0436\\u0435\\u043d\\u0438\\u0435"}),(0,Ue.jsx)(mt,{type:"text",onChange:n}),(0,Ue.jsx)(yt,{text:"\\u0414\\u043e\\u0431\\u0430\\u0432\\u0438\\u0442\\u044c",extraClass:$n,onClick:r}),(0,Ue.jsx)("button",{className:Bn,type:"button",onClick:t,children:(0,Ue.jsx)("img",{src:zn,alt:"\\u041a\\u043d\\u043e\\u043f\\u043a\\u0430 \\u0437\\u0430\\u043a\\u0440\\u044b\\u0442\\u0438\\u044f."})})]})})},Wn={content:"select_content__5esgk",btn:"select_btn__FGpZO",achievements_box:"select_achievements_box__ZWAOv",achievements_list:"select_achievements_list__IUARU",search_box:"select_search_box__NqOa2",search_input_box:"select_search_input_box__4OAz7",search_input:"select_search_input__mEvI8",add_btn:"select_add_btn__hsURC",text:"select_text__MkEZ8"},Hn=function(t){var n=t.card,r=t.setCard,a=t.userAchievements,l=t.extraClass,i=void 0===l?"":l,u=o(e.useState(!1),2),c=u[0],s=u[1],f=o(e.useState({}),2),d=f[0],p=f[1],h=o(e.useState(a||"\\u0414\\u043e\\u0441\\u0442\\u0438\\u0436\\u0435\\u043d\\u0438\\u044f"),2),m=h[0],v=h[1],g=o(e.useState([]),2),y=g[0],b=g[1],_=o(e.useState([]),2),x=_[0],w=_[1],k=o(e.useState(!1),2),S=k[0],C=k[1],E=o(e.useState(""),2),N=E[0],P=E[1],j=c?Pn:Nn,O=function(e){if(c){var t=[];for(var a in e)e[a]&&t.push({achievement_name:a});r(Ae(Ae({},n),{},{achievements:t}))}},T=function(e){p(Ae(Ae({},d),{},Me({},e.target.name,e.target.checked))),L(Ae(Ae({},d),{},Me({},e.target.name,e.target.checked))),O(Ae(Ae({},d),{},Me({},e.target.name,e.target.checked)))},L=function(e){var t=[];for(var n in e)e[n]&&t.push(n);t.length?v(t.join(", ")):v("\\u0414\\u043e\\u0441\\u0442\\u0438\\u0436\\u0435\\u043d\\u0438\\u044f")},F=function(){fetch("".concat(Ee,"/api/achievements/"),{method:"GET",headers:{"Content-Type":"application/json",authorization:"Token ".concat(localStorage.getItem("auth_token"))}}).then(Oe).then((function(e){var t=[];e.forEach((function(e){t.push(e.achievement_name)})),b(t),w(t)}))},z=function(){C(!1)};return e.useEffect((function(){if(F(),a){var e=a.split(", "),t={};e.forEach((function(e){t[e]=!0})),p(t),v(a)}}),[a]),(0,Ue.jsxs)("div",{className:"".concat(Wn.content," ").concat(i),children:[(0,Ue.jsxs)("button",{onClick:function(){O(d),s(!c)},type:"button",className:Wn.btn,children:[(0,Ue.jsx)("p",{className:"text text_type_medium-16 text_color_".concat("\\u0414\\u043e\\u0441\\u0442\\u0438\\u0436\\u0435\\u043d\\u0438\\u044f"===m?"secondary":"primary"," ").concat(Wn.text),children:m}),(0,Ue.jsx)("img",{className:Wn.img,src:j,alt:"\\u041e\\u0442\\u043a\\u0440\\u044b\\u0442\\u044c \\u0441\\u043f\\u0438\\u0441\\u043e\\u043a."})]}),c&&(0,Ue.jsxs)("div",{className:Wn.achievements_box,children:[(0,Ue.jsxs)("div",{className:Wn.search_box,children:[(0,Ue.jsx)(mt,{placeholder:"\\u041f\\u043e\\u0438\\u0441\\u043a",type:"text",extraClass:Wn.search_input_box,extraInputClass:Wn.search_input,onChange:function(e){b(x.filter((function(t){return-1!==t.toLowerCase().indexOf(e.target.value.toLowerCase())})))}}),(0,Ue.jsx)("button",{className:Wn.add_btn,onClick:function(){C(!0)},children:(0,Ue.jsx)("img",{src:jn,alt:"\\u041a\\u043d\\u043e\\u043f\\u043a\\u0430 \\u0434\\u043e\\u0431\\u0430\\u0432\\u043b\\u0435\\u043d\\u0438\\u044f \\u0434\\u043e\\u0441\\u0442\\u0438\\u0436\\u0435\\u043d\\u0438\\u044f."})})]}),(0,Ue.jsx)("div",{className:Wn.achievements_list,children:y.map((function(e,t){return(0,Ue.jsx)(Fn,{name:e,id:t,checked:d[e],label:e,onChange:T},t)}))})]}),S&&(0,Ue.jsx)(Vn,{onClose:z,onChange:function(e){P(e.target.value)},onSubmit:function(){b([].concat(En(y),[N])),w([].concat(En(x),[N])),z()}})]})},Qn="colors-box_colors_box__03yxD",qn="colors-box_colors_grid__ex9hE",Kn="colors-box_color_item__xc664",Yn="colors-box_cat_color__+lf25",Xn=function(e){var t=e.colorsList,n=e.currentColor,r=e.setCard,a=e.setCurrentColor,o=e.card,l=e.extraClass,i=void 0===l?"":l;return(0,Ue.jsxs)("div",{className:"".concat(Qn," ").concat(i),children:[(0,Ue.jsx)("div",{className:qn,children:t.map((function(e,t){var l={backgroundColor:e,border:e===n?"1px solid #FF5A26":"none"};return(0,Ue.jsx)("div",{style:l,className:Kn,onClick:function(){a(e),r(Ae(Ae({},o),{},{color:e}))}},t)}))}),(0,Ue.jsxs)("p",{className:"text text_type_medium-16 text_color_input ".concat(Yn),children:["\\u0426\\u0432\\u0435\\u0442 \\u043a\\u043e\\u0442\\u0430: ",(0,Ue.jsx)("span",{className:"text_color_primary",children:n})]})]})},Gn="add-card-page_content__m+Iro",Jn="add-card-page_container__MoYoa",Zn="add-card-page_return_btn__NsYn3",er="add-card-page_img_box__p4XHq",tr="add-card-page_img__isrMT",nr="add-card-page_submit_btn__np9UM",rr="add-card-page_return_btn_mobile__VksY1",ar="add-card-page_file_input__1bHTc",or=function(t){var n=t.extraClass,r=void 0===n?"":n,a=o(e.useState("#FFFFFF"),2),l=a[0],i=a[1],u=o(e.useState(""),2),c=u[0],s=u[1],f=o(e.useState({color:l,achievements:[]}),2),d=f[0],p=f[1],h=o(e.useState(""),2),m=h[0],v=h[1],g=o(e.useState(""),2),y=g[0],b=g[1],_=pe(),x=function(){_.goBack()},w=function(e){p(Ae(Ae({},d),{},Me({},e.target.name,e.target.value))),"image"===e.target.name&&s(e.target.value)},k=function(e){"object"===typeof e.name?v("\\u041f\\u043e\\u043b\\u0435 \\u0441 \\u0438\\u043c\\u0435\\u043d\\u0435\\u043c \\u044f\\u0432\\u043b\\u044f\\u0435\\u0442\\u0441\\u044f \\u043e\\u0431\\u044f\\u0437\\u0430\\u0442\\u0435\\u043b\\u044c\\u043d\\u044b\\u043c"):"object"===typeof e.birth_year&&b("\\u041f\\u043e\\u043b\\u0435 \\u0441 \\u0433\\u043e\\u0434\\u043e\\u043c \\u0440\\u043e\\u0436\\u0434\\u0435\\u043d\\u0438\\u044f \\u044f\\u0432\\u043b\\u044f\\u0435\\u0442\\u0441\\u044f \\u043e\\u0431\\u044f\\u0437\\u0430\\u0442\\u0435\\u043b\\u044c\\u043d\\u044b\\u043c")};return(0,Ue.jsxs)("div",{className:"".concat(Gn," ").concat(r),children:[(0,Ue.jsx)("h2",{className:"text text_type_h2 text_color_primary mt-25 mb-9",children:"\\u041d\\u043e\\u0432\\u044b\\u0439 \\u043a\\u043e\\u0442"}),(0,Ue.jsx)(rt,{extraClass:rr,icon:on,onClick:x}),(0,Ue.jsxs)("div",{className:Jn,children:[(0,Ue.jsxs)("label",{htmlFor:"image",className:er,children:[(0,Ue.jsx)("img",{className:tr,src:Cn,alt:"\\u0414\\u043e\\u0431\\u0430\\u0432\\u0438\\u0442\\u044c \\u0444\\u043e\\u0442\\u043e \\u043a\\u043e\\u0442\\u0438\\u043a\\u0430."}),(0,Ue.jsx)("p",{className:"text text_type_medium-16 text_color_primary",children:c||"\\u0417\\u0430\\u0433\\u0440\\u0443\\u0437\\u0438\\u0442\\u0435 \\u0444\\u043e\\u0442\\u043e \\u0432 \\u0444\\u043e\\u0440\\u043c\\u0430\\u0442\\u0435 JPG"})]}),(0,Ue.jsx)("input",{type:"file",className:ar,name:"image",id:"image",onChange:w}),(0,Ue.jsx)(mt,{onChange:w,name:"name",type:"text",placeholder:"\\u0418\\u043c\\u044f \\u043a\\u043e\\u0442\\u0430",error:m}),(0,Ue.jsx)(mt,{onChange:w,name:"birth_year",type:"text",placeholder:"\\u0413\\u043e\\u0434 \\u0440\\u043e\\u0436\\u0434\\u0435\\u043d\\u0438\\u044f",error:y}),(0,Ue.jsx)(Xn,{colorsList:Ne,currentColor:l,setCurrentColor:i,card:d,setCard:p}),(0,Ue.jsx)(Hn,{card:d,setCard:p}),(0,Ue.jsx)(yt,{extraClass:nr,text:"\\u0421\\u043e\\u0445\\u0440\\u0430\\u043d\\u0438\\u0442\\u044c",onClick:function(){y&&b(""),m&&v("");var e=document.querySelector(\'input[type="file"]\').files[0];e?je(e).then((function(e){d.image=e,ze(d).then((function(e){e&&e.id&&_.push("/cats/".concat(e.id))})).catch(k)})):ze(d).then((function(e){e&&e.id&&_.push("/cats/".concat(e.id))})).catch(k)}}),(0,Ue.jsx)(rt,{extraClass:Zn,icon:on,onClick:x})]})]})},lr="edit-card-page_content__La6IE",ir="edit-card-page_container__GcWvq",ur="edit-card-page_return_btn__KY1P2",cr="edit-card-page_img_box__7tS6H",sr="edit-card-page_img__k7OYu",fr="edit-card-page_current_img__sXwr2",dr="edit-card-page_remove_btn__OhWS1",pr="edit-card-page_submit_btn__zkld2",hr="edit-card-page_return_btn_mobile__ym8sf",mr="edit-card-page_file_input__06ah4",vr=function(t){var n=t.data,r=t.setData,a=t.extraClass,l=void 0===a?"":a,i=o(e.useState("#FFFFFF"),2),u=i[0],c=i[1],s=o(e.useState({}),2),f=s[0],d=s[1],p=o(e.useState(""),2),h=p[0],m=p[1],v=o(e.useState(""),2),g=v[0],y=v[1],b=o(e.useState(""),2),_=b[0],x=b[1],w=o(e.useState(""),2),k=w[0],S=w[1],C=pe();e.useEffect((function(){if(n.id){d(n),c(Pe[n.color]);var e="";n.achievements.forEach((function(t){e?e+=", ".concat(t.achievement_name):e=t.achievement_name})),m(e)}}),[n,r]);var E=function(e){d(Ae(Ae({},f),{},Me({},e.target.name,e.target.value))),"image"===e.target.name&&y(e.target.value)},N=function(){C.goBack()},P=function(e){"object"===typeof e.name?x("\\u041f\\u043e\\u043b\\u0435 \\u0441 \\u0438\\u043c\\u0435\\u043d\\u0435\\u043c \\u044f\\u0432\\u043b\\u044f\\u0435\\u0442\\u0441\\u044f \\u043e\\u0431\\u044f\\u0437\\u0430\\u0442\\u0435\\u043b\\u044c\\u043d\\u044b\\u043c"):"object"===typeof e.birth_year&&S("\\u041f\\u043e\\u043b\\u0435 \\u0441 \\u0433\\u043e\\u0434\\u043e\\u043c \\u0440\\u043e\\u0436\\u0434\\u0435\\u043d\\u0438\\u044f \\u044f\\u0432\\u043b\\u044f\\u0435\\u0442\\u0441\\u044f \\u043e\\u0431\\u044f\\u0437\\u0430\\u0442\\u0435\\u043b\\u044c\\u043d\\u044b\\u043c")};return(0,Ue.jsxs)("div",{className:"".concat(lr," ").concat(l),children:[(0,Ue.jsx)("h2",{className:"text text_type_h2 text_color_primary mt-25 mb-9",children:"\\u0420\\u0435\\u0434\\u0430\\u043a\\u0442\\u0438\\u0440\\u043e\\u0432\\u0430\\u0442\\u044c \\u043a\\u043e\\u0442\\u0430"}),(0,Ue.jsx)(rt,{extraClass:hr,icon:on,onClick:N}),(0,Ue.jsxs)("div",{className:ir,children:[!g&&f.image?(0,Ue.jsxs)("div",{className:cr,children:[(0,Ue.jsx)("img",{className:fr,src:f.image_url,alt:"\\u0424\\u043e\\u0442\\u043e \\u043a\\u043e\\u0442\\u0438\\u043a\\u0430."}),(0,Ue.jsx)(rt,{extraClass:dr,icon:un,onClick:function(){d(Ae(Ae({},f),{},{image:null}))}})]}):(0,Ue.jsxs)("label",{htmlFor:"image",className:cr,children:[(0,Ue.jsx)("img",{className:sr,src:Cn,alt:"\\u0414\\u043e\\u0431\\u0430\\u0432\\u0438\\u0442\\u044c \\u0444\\u043e\\u0442\\u043e \\u043a\\u043e\\u0442\\u0438\\u043a\\u0430."}),(0,Ue.jsx)("p",{className:"text text_type_medium-16 text_color_primary",children:g||"\\u0417\\u0430\\u0433\\u0440\\u0443\\u0437\\u0438\\u0442\\u0435 \\u0444\\u043e\\u0442\\u043e \\u0432 \\u0444\\u043e\\u0440\\u043c\\u0430\\u0442\\u0435 JPG"})]}),(0,Ue.jsx)("input",{type:"file",className:mr,name:"image",id:"image",onChange:E}),(0,Ue.jsx)(mt,{type:"text",placeholder:"\\u0418\\u043c\\u044f \\u043a\\u043e\\u0442\\u0430",name:"name",defaultValue:f.name,onChange:E,error:_}),(0,Ue.jsx)(mt,{type:"text",placeholder:"\\u0413\\u043e\\u0434 \\u0440\\u043e\\u0436\\u0434\\u0435\\u043d\\u0438\\u044f",name:"birth_year",defaultValue:f.birth_year,onChange:E,error:k}),(0,Ue.jsx)(Xn,{colorsList:Ne,currentColor:u,setCurrentColor:c,card:f,setCard:d}),(0,Ue.jsx)(Hn,{card:f,setCard:d,userAchievements:h}),(0,Ue.jsx)(yt,{extraClass:pr,text:"\\u0421\\u043e\\u0445\\u0440\\u0430\\u043d\\u0438\\u0442\\u044c",onClick:function(){k&&S(""),_&&x("");var e={},t=document.querySelector(\'input[type="file"]\').files[0];n.name!==f.name&&(e.name=f.name),n.color!==f.color&&(e.color=f.color),n.birth_year!==f.birth_year&&(e.birth_year=f.birth_year),n.image!==f.image&&null===f.image&&(e.image=f.image),JSON.stringify(n.achievements)!==JSON.stringify(f.achievements)&&(e.achievements=f.achievements),t?je(t).then((function(t){e.image=t,Re(e,f.id).then((function(e){e&&e.id&&C.replace({pathname:"/cats/".concat(e.id)})})).catch(P)})):Re(e,f.id).then((function(e){e&&e.id&&C.replace({pathname:"/cats/".concat(e.id)})})).catch(P)}}),(0,Ue.jsx)(rt,{extraClass:ur,icon:on,onClick:N})]})]})},gr="app_app__ZSdIq",yr="app_content__T+cwl";var br=function(){var t=o(e.useState({}),2),n=t[0],r=t[1],a=o(e.useState({}),2),l=a[0],i=a[1],u=o(e.useState(1),2),c=u[0],s=u[1];return e.useEffect((function(){localStorage.getItem("auth_token")&&Le().then((function(e){e&&e.id&&r({id:e.id})}))}),[]),(0,Ue.jsx)("div",{className:gr,children:(0,Ue.jsx)(Ce.Provider,{value:[n,r],children:(0,Ue.jsxs)(me,{children:[(0,Ue.jsx)(ot,{setQueryPage:s}),(0,Ue.jsx)("main",{className:yr,children:(0,Ue.jsxs)(fe,{children:[(0,Ue.jsx)(Be,{exact:!0,path:"/",children:(0,Ue.jsx)(an,{queryPage:c,setQueryPage:s})}),(0,Ue.jsx)(oe,{path:"/signin",children:(0,Ue.jsx)(Mt,{})}),(0,Ue.jsx)(oe,{path:"/signup",children:(0,Ue.jsx)(Nt,{})}),(0,Ue.jsx)(Be,{path:"/cats/add",children:(0,Ue.jsx)(or,{})}),(0,Ue.jsx)(Be,{path:"/cats/edit",children:(0,Ue.jsx)(vr,{data:l,setData:i})}),(0,Ue.jsx)(Be,{path:"/cats/:id",children:(0,Ue.jsx)(Sn,{data:l,setData:i})})]})}),(0,Ue.jsx)(ut,{})]})})})},_r=function(e){e&&e instanceof Function&&n.e(787).then(n.bind(n,787)).then((function(t){var n=t.getCLS,r=t.getFID,a=t.getFCP,o=t.getLCP,l=t.getTTFB;n(e),r(e),a(e),o(e),l(e)}))};t.render((0,Ue.jsx)(e.StrictMode,{children:(0,Ue.jsx)(br,{})}),document.getElementById("root")),_r()}()}();\n//# sourceMappingURL=main.8fbb4784.js.map'
E            +  where '/*! For license information please see main.8fbb4784.js.LICENSE.txt */\n!function(){var e={110:function(e,t,n){"use strict";var r=n(309),a={childContextTypes:!0,contextType:!0,contextTypes:!0,defaultProps:!0,displayName:!0,getDefaultProps:!0,getDerivedStateFromError:!0,getDerivedStateFromProps:!0,mixins:!0,propTypes:!0,type:!0},o={name:!0,length:!0,prototype:!0,caller:!0,callee:!0,arguments:!0,arity:!0},l={$$typeof:!0,compare:!0,defaultProps:!0,displayName:!0,propTypes:!0,type:!0},i={};function u(e){return r.isMemo(e)?l:i[e.$$typeof]||a}i[r.ForwardRef]={$$typeof:!0,render:!0,defaultProps:!0,displayName:!0,propTypes:!0},i[r.Memo]=l;var c=Object.defineProperty,s=Object.getOwnPropertyNames,f=Object.getOwnPropertySymbols,d=Object.getOwnPropertyDescriptor,p=Object.getPrototypeOf,h=Object.prototype;e.exports=function e(t,n,r){if("string"!==typeof n){if(h){var a=p(n);a&&a!==h&&e(t,a,r)}var l=s(n);f&&(l=l.concat(f(n)));for(var i=u(t),m=u(n),v=0;v<l.length;++v){var g=l[v];if(!o[g]&&(!r||!r[g])&&(!m||!m[g])&&(!i||!i[g])){var y=d(n,g);try{c(t,g,y)}catch(b){}}}}return t}},746:function(e,t){"use strict";var n="function"===typeof Symbol&&Symbol.for,r=n?Symbol.for("react.element"):60103,a=n?Symbol.for("react.portal"):60106,o=n?Symbol.for("react.fragment"):60107,l=n?Symbol.for("react.strict_mode"):60108,i=n?Symbol.for("react.profiler"):60114,u=n?Symbol.for("react.provider"):60109,c=n?Symbol.for("react.context"):60110,s=n?Symbol.for("react.async_mode"):60111,f=n?Symbol.for("react.concurrent_mode"):60111,d=n?Symbol.for("react.forward_ref"):60112,p=n?Symbol.for("react.suspense"):60113,h=n?Symbol.for("react.suspense_list"):60120,m=n?Symbol.for("react.memo"):60115,v=n?Symbol.for("react.lazy"):60116,g=n?Symbol.for("react.block"):60121,y=n?Symbol.for("react.fundamental"):60117,b=n?Symbol.for("react.responder"):60118,_=n?Symbol.for("react.scope"):60119;function x(e){if("object"===typeof e&&null!==e){var t=e.$$typeof;switch(t){case r:switch(e=e.type){case s:case f:case o:case i:case l:case p:return e;default:switch(e=e&&e.$$typeof){case c:case d:case v:case m:case u:return e;default:return t}}case a:return t}}}function w(e){return x(e)===f}t.AsyncMode=s,t.ConcurrentMode=f,t.ContextConsumer=c,t.ContextProvider=u,t.Element=r,t.ForwardRef=d,t.Fragment=o,t.Lazy=v,t.Memo=m,t.Portal=a,t.Profiler=i,t.StrictMode=l,t.Suspense=p,t.isAsyncMode=function(e){return w(e)||x(e)===s},t.isConcurrentMode=w,t.isContextConsumer=function(e){return x(e)===c},t.isContextProvider=function(e){return x(e)===u},t.isElement=function(e){return"object"===typeof e&&null!==e&&e.$$typeof===r},t.isForwardRef=function(e){return x(e)===d},t.isFragment=function(e){return x(e)===o},t.isLazy=function(e){return x(e)===v},t.isMemo=function(e){return x(e)===m},t.isPortal=function(e){return x(e)===a},t.isProfiler=function(e){return x(e)===i},t.isStrictMode=function(e){return x(e)===l},t.isSuspense=function(e){return x(e)===p},t.isValidElementType=function(e){return"string"===typeof e||"function"===typeof e||e===o||e===f||e===i||e===l||e===p||e===h||"object"===typeof e&&null!==e&&(e.$$typeof===v||e.$$typeof===m||e.$$typeof===u||e.$$typeof===c||e.$$typeof===d||e.$$typeof===y||e.$$typeof===b||e.$$typeof===_||e.$$typeof===g)},t.typeOf=x},309:function(e,t,n){"use strict";e.exports=n(746)},725:function(e){"use strict";var t=Object.getOwnPropertySymbols,n=Object.prototype.hasOwnProperty,r=Object.prototype.propertyIsEnumerable;function a(e){if(null===e||void 0===e)throw new TypeError("Object.assign cannot be called with null or undefined");return Object(e)}e.exports=function(){try{if(!Object.assign)return!1;var e=new String("abc");if(e[5]="de","5"===Object.getOwnPropertyNames(e)[0])return!1;for(var t={},n=0;n<10;n++)t["_"+String.fromCharCode(n)]=n;if("0123456789"!==Object.getOwnPropertyNames(t).map((function(e){return t[e]})).join(""))return!1;var r={};return"abcdefghijklmnopqrst".split("").forEach((function(e){r[e]=e})),"abcdefghijklmnopqrst"===Object.keys(Object.assign({},r)).join("")}catch(a){return!1}}()?Object.assign:function(e,o){for(var l,i,u=a(e),c=1;c<arguments.length;c++){for(var s in l=Object(arguments[c]))n.call(l,s)&&(u[s]=l[s]);if(t){i=t(l);for(var f=0;f<i.length;f++)r.call(l,i[f])&&(u[i[f]]=l[i[f]])}}return u}},888:function(e,t,n){"use strict";var r=n(47);function a(){}function o(){}o.resetWarningCache=a,e.exports=function(){function e(e,t,n,a,o,l){if(l!==r){var i=new Error("Calling PropTypes validators directly is not supported by the `prop-types` package. Use PropTypes.checkPropTypes() to call them. Read more at http://fb.me/use-check-prop-types");throw i.name="Invariant Violation",i}}function t(){return e}e.isRequired=e;var n={array:e,bigint:e,bool:e,func:e,number:e,object:e,string:e,symbol:e,any:e,arrayOf:t,element:e,elementType:e,instanceOf:t,node:e,objectOf:t,oneOf:t,oneOfType:t,shape:t,exact:t,checkPropTypes:o,resetWarningCache:a};return n.PropTypes=n,n}},7:function(e,t,n){e.exports=n(888)()},47:function(e){"use strict";e.exports="SECRET_DO_NOT_PASS_THIS_OR_YOU_WILL_BE_FIRED"},463:function(e,t,n){"use strict";var r=n(791),a=n(725),o=n(296);function l(e){for(var t="https://reactjs.org/docs/error-decoder.html?invariant="+e,n=1;n<arguments.length;n++)t+="&args[]="+encodeURIComponent(arguments[n]);return"Minified React error #"+e+"; visit "+t+" for the full message or use the non-minified dev environment for full errors and additional helpful warnings."}if(!r)throw Error(l(227));var i=new Set,u={};function c(e,t){s(e,t),s(e+"Capture",t)}function s(e,t){for(u[e]=t,e=0;e<t.length;e++)i.add(t[e])}var f=!("undefined"===typeof window||"undefined"===typeof window.document||"undefined"===typeof window.document.createElement),d=/^[:A-Z_a-z\\u00C0-\\u00D6\\u00D8-\\u00F6\\u00F8-\\u02FF\\u0370-\\u037D\\u037F-\\u1FFF\\u200C-\\u200D\\u2070-\\u218F\\u2C00-\\u2FEF\\u3001-\\uD7FF\\uF900-\\uFDCF\\uFDF0-\\uFFFD][:A-Z_a-z\\u00C0-\\u00D6\\u00D8-\\u00F6\\u00F8-\\u02FF\\u0370-\\u037D\\u037F-\\u1FFF\\u200C-\\u200D\\u2070-\\u218F\\u2C00-\\u2FEF\\u3001-\\uD7FF\\uF900-\\uFDCF\\uFDF0-\\uFFFD\\-.0-9\\u00B7\\u0300-\\u036F\\u203F-\\u2040]*$/,p=Object.prototype.hasOwnProperty,h={},m={};function v(e,t,n,r,a,o,l){this.acceptsBooleans=2===t||3===t||4===t,this.attributeName=r,this.attributeNamespace=a,this.mustUseProperty=n,this.propertyName=e,this.type=t,this.sanitizeURL=o,this.removeEmptyString=l}var g={};"children dangerouslySetInnerHTML defaultValue defaultChecked innerHTML suppressContentEditableWarning suppressHydrationWarning style".split(" ").forEach((function(e){g[e]=new v(e,0,!1,e,null,!1,!1)})),[["acceptCharset","accept-charset"],["className","class"],["htmlFor","for"],["httpEquiv","http-equiv"]].forEach((function(e){var t=e[0];g[t]=new v(t,1,!1,e[1],null,!1,!1)})),["contentEditable","draggable","spellCheck","value"].forEach((function(e){g[e]=new v(e,2,!1,e.toLowerCase(),null,!1,!1)})),["autoReverse","externalResourcesRequired","focusable","preserveAlpha"].forEach((function(e){g[e]=new v(e,2,!1,e,null,!1,!1)})),"allowFullScreen async autoFocus autoPlay controls default defer disabled disablePictureInPicture disableRemotePlayback formNoValidate hidden loop noModule noValidate open playsInline readOnly required reversed scoped seamless itemScope".split(" ").forEach((function(e){g[e]=new v(e,3,!1,e.toLowerCase(),null,!1,!1)})),["checked","multiple","muted","selected"].forEach((function(e){g[e]=new v(e,3,!0,e,null,!1,!1)})),["capture","download"].forEach((function(e){g[e]=new v(e,4,!1,e,null,!1,!1)})),["cols","rows","size","span"].forEach((function(e){g[e]=new v(e,6,!1,e,null,!1,!1)})),["rowSpan","start"].forEach((function(e){g[e]=new v(e,5,!1,e.toLowerCase(),null,!1,!1)}));var y=/[\\-:]([a-z])/g;function b(e){return e[1].toUpperCase()}function _(e,t,n,r){var a=g.hasOwnProperty(t)?g[t]:null;(null!==a?0===a.type:!r&&(2<t.length&&("o"===t[0]||"O"===t[0])&&("n"===t[1]||"N"===t[1])))||(function(e,t,n,r){if(null===t||"undefined"===typeof t||function(e,t,n,r){if(null!==n&&0===n.type)return!1;switch(typeof t){case"function":case"symbol":return!0;case"boolean":return!r&&(null!==n?!n.acceptsBooleans:"data-"!==(e=e.toLowerCase().slice(0,5))&&"aria-"!==e);default:return!1}}(e,t,n,r))return!0;if(r)return!1;if(null!==n)switch(n.type){case 3:return!t;case 4:return!1===t;case 5:return isNaN(t);case 6:return isNaN(t)||1>t}return!1}(t,n,a,r)&&(n=null),r||null===a?function(e){return!!p.call(m,e)||!p.call(h,e)&&(d.test(e)?m[e]=!0:(h[e]=!0,!1))}(t)&&(null===n?e.removeAttribute(t):e.setAttribute(t,""+n)):a.mustUseProperty?e[a.propertyName]=null===n?3!==a.type&&"":n:(t=a.attributeName,r=a.attributeNamespace,null===n?e.removeAttribute(t):(n=3===(a=a.type)||4===a&&!0===n?"":""+n,r?e.setAttributeNS(r,t,n):e.setAttribute(t,n))))}"accent-height alignment-baseline arabic-form baseline-shift cap-height clip-path clip-rule color-interpolation color-interpolation-filters color-profile color-rendering dominant-baseline enable-background fill-opacity fill-rule flood-color flood-opacity font-family font-size font-size-adjust font-stretch font-style font-variant font-weight glyph-name glyph-orientation-horizontal glyph-orientation-vertical horiz-adv-x horiz-origin-x image-rendering letter-spacing lighting-color marker-end marker-mid marker-start overline-position overline-thickness paint-order panose-1 pointer-events rendering-intent shape-rendering stop-color stop-opacity strikethrough-position strikethrough-thickness stroke-dasharray stroke-dashoffset stroke-linecap stroke-linejoin stroke-miterlimit stroke-opacity stroke-width text-anchor text-decoration text-rendering underline-position underline-thickness unicode-bidi unicode-range units-per-em v-alphabetic v-hanging v-ideographic v-mathematical vector-effect vert-adv-y vert-origin-x vert-origin-y word-spacing writing-mode xmlns:xlink x-height".split(" ").forEach((function(e){var t=e.replace(y,b);g[t]=new v(t,1,!1,e,null,!1,!1)})),"xlink:actuate xlink:arcrole xlink:role xlink:show xlink:title xlink:type".split(" ").forEach((function(e){var t=e.replace(y,b);g[t]=new v(t,1,!1,e,"http://www.w3.org/1999/xlink",!1,!1)})),["xml:base","xml:lang","xml:space"].forEach((function(e){var t=e.replace(y,b);g[t]=new v(t,1,!1,e,"http://www.w3.org/XML/1998/namespace",!1,!1)})),["tabIndex","crossOrigin"].forEach((function(e){g[e]=new v(e,1,!1,e.toLowerCase(),null,!1,!1)})),g.xlinkHref=new v("xlinkHref",1,!1,"xlink:href","http://www.w3.org/1999/xlink",!0,!1),["src","href","action","formAction"].forEach((function(e){g[e]=new v(e,1,!1,e.toLowerCase(),null,!0,!0)}));var x=r.__SECRET_INTERNALS_DO_NOT_USE_OR_YOU_WILL_BE_FIRED,w=60103,k=60106,S=60107,C=60108,E=60114,N=60109,P=60110,j=60112,O=60113,T=60120,L=60115,F=60116,z=60121,R=60128,M=60129,I=60130,A=60131;if("function"===typeof Symbol&&Symbol.for){var D=Symbol.for;w=D("react.element"),k=D("react.portal"),S=D("react.fragment"),C=D("react.strict_mode"),E=D("react.profiler"),N=D("react.provider"),P=D("react.context"),j=D("react.forward_ref"),O=D("react.suspense"),T=D("react.suspense_list"),L=D("react.memo"),F=D("react.lazy"),z=D("react.block"),D("react.scope"),R=D("react.opaque.id"),M=D("react.debug_trace_mode"),I=D("react.offscreen"),A=D("react.legacy_hidden")}var U,$="function"===typeof Symbol&&Symbol.iterator;function B(e){return null===e||"object"!==typeof e?null:"function"===typeof(e=$&&e[$]||e["@@iterator"])?e:null}function V(e){if(void 0===U)try{throw Error()}catch(n){var t=n.stack.trim().match(/\\n( *(at )?)/);U=t&&t[1]||""}return"\\n"+U+e}var W=!1;function H(e,t){if(!e||W)return"";W=!0;var n=Error.prepareStackTrace;Error.prepareStackTrace=void 0;try{if(t)if(t=function(){throw Error()},Object.defineProperty(t.prototype,"props",{set:function(){throw Error()}}),"object"===typeof Reflect&&Reflect.construct){try{Reflect.construct(t,[])}catch(u){var r=u}Reflect.construct(e,[],t)}else{try{t.call()}catch(u){r=u}e.call(t.prototype)}else{try{throw Error()}catch(u){r=u}e()}}catch(u){if(u&&r&&"string"===typeof u.stack){for(var a=u.stack.split("\\n"),o=r.stack.split("\\n"),l=a.length-1,i=o.length-1;1<=l&&0<=i&&a[l]!==o[i];)i--;for(;1<=l&&0<=i;l--,i--)if(a[l]!==o[i]){if(1!==l||1!==i)do{if(l--,0>--i||a[l]!==o[i])return"\\n"+a[l].replace(" at new "," at ")}while(1<=l&&0<=i);break}}}finally{W=!1,Error.prepareStackTrace=n}return(e=e?e.displayName||e.name:"")?V(e):""}function Q(e){switch(e.tag){case 5:return V(e.type);case 16:return V("Lazy");case 13:return V("Suspense");case 19:return V("SuspenseList");case 0:case 2:case 15:return e=H(e.type,!1);case 11:return e=H(e.type.render,!1);case 22:return e=H(e.type._render,!1);case 1:return e=H(e.type,!0);default:return""}}function q(e){if(null==e)return null;if("function"===typeof e)return e.displayName||e.name||null;if("string"===typeof e)return e;switch(e){case S:return"Fragment";case k:return"Portal";case E:return"Profiler";case C:return"StrictMode";case O:return"Suspense";case T:return"SuspenseList"}if("object"===typeof e)switch(e.$$typeof){case P:return(e.displayName||"Context")+".Consumer";case N:return(e._context.displayName||"Context")+".Provider";case j:var t=e.render;return t=t.displayName||t.name||"",e.displayName||(""!==t?"ForwardRef("+t+")":"ForwardRef");case L:return q(e.type);case z:return q(e._render);case F:t=e._payload,e=e._init;try{return q(e(t))}catch(n){}}return null}function K(e){switch(typeof e){case"boolean":case"number":case"object":case"string":case"undefined":return e;default:return""}}function Y(e){var t=e.type;return(e=e.nodeName)&&"input"===e.toLowerCase()&&("checkbox"===t||"radio"===t)}function X(e){e._valueTracker||(e._valueTracker=function(e){var t=Y(e)?"checked":"value",n=Object.getOwnPropertyDescriptor(e.constructor.prototype,t),r=""+e[t];if(!e.hasOwnProperty(t)&&"undefined"!==typeof n&&"function"===typeof n.get&&"function"===typeof n.set){var a=n.get,o=n.set;return Object.defineProperty(e,t,{configurable:!0,get:function(){return a.call(this)},set:function(e){r=""+e,o.call(this,e)}}),Object.defineProperty(e,t,{enumerable:n.enumerable}),{getValue:function(){return r},setValue:function(e){r=""+e},stopTracking:function(){e._valueTracker=null,delete e[t]}}}}(e))}function G(e){if(!e)return!1;var t=e._valueTracker;if(!t)return!0;var n=t.getValue(),r="";return e&&(r=Y(e)?e.checked?"true":"false":e.value),(e=r)!==n&&(t.setValue(e),!0)}function J(e){if("undefined"===typeof(e=e||("undefined"!==typeof document?document:void 0)))return null;try{return e.activeElement||e.body}catch(t){return e.body}}function Z(e,t){var n=t.checked;return a({},t,{defaultChecked:void 0,defaultValue:void 0,value:void 0,checked:null!=n?n:e._wrapperState.initialChecked})}function ee(e,t){var n=null==t.defaultValue?"":t.defaultValue,r=null!=t.checked?t.checked:t.defaultChecked;n=K(null!=t.value?t.value:n),e._wrapperState={initialChecked:r,initialValue:n,controlled:"checkbox"===t.type||"radio"===t.type?null!=t.checked:null!=t.value}}function te(e,t){null!=(t=t.checked)&&_(e,"checked",t,!1)}function ne(e,t){te(e,t);var n=K(t.value),r=t.type;if(null!=n)"number"===r?(0===n&&""===e.value||e.value!=n)&&(e.value=""+n):e.value!==""+n&&(e.value=""+n);else if("submit"===r||"reset"===r)return void e.removeAttribute("value");t.hasOwnProperty("value")?ae(e,t.type,n):t.hasOwnProperty("defaultValue")&&ae(e,t.type,K(t.defaultValue)),null==t.checked&&null!=t.defaultChecked&&(e.defaultChecked=!!t.defaultChecked)}function re(e,t,n){if(t.hasOwnProperty("value")||t.hasOwnProperty("defaultValue")){var r=t.type;if(!("submit"!==r&&"reset"!==r||void 0!==t.value&&null!==t.value))return;t=""+e._wrapperState.initialValue,n||t===e.value||(e.value=t),e.defaultValue=t}""!==(n=e.name)&&(e.name=""),e.defaultChecked=!!e._wrapperState.initialChecked,""!==n&&(e.name=n)}function ae(e,t,n){"number"===t&&J(e.ownerDocument)===e||(null==n?e.defaultValue=""+e._wrapperState.initialValue:e.defaultValue!==""+n&&(e.defaultValue=""+n))}function oe(e,t){return e=a({children:void 0},t),(t=function(e){var t="";return r.Children.forEach(e,(function(e){null!=e&&(t+=e)})),t}(t.children))&&(e.children=t),e}function le(e,t,n,r){if(e=e.options,t){t={};for(var a=0;a<n.length;a++)t["$"+n[a]]=!0;for(n=0;n<e.length;n++)a=t.hasOwnProperty("$"+e[n].value),e[n].selected!==a&&(e[n].selected=a),a&&r&&(e[n].defaultSelected=!0)}else{for(n=""+K(n),t=null,a=0;a<e.length;a++){if(e[a].value===n)return e[a].selected=!0,void(r&&(e[a].defaultSelected=!0));null!==t||e[a].disabled||(t=e[a])}null!==t&&(t.selected=!0)}}function ie(e,t){if(null!=t.dangerouslySetInnerHTML)throw Error(l(91));return a({},t,{value:void 0,defaultValue:void 0,children:""+e._wrapperState.initialValue})}function ue(e,t){var n=t.value;if(null==n){if(n=t.children,t=t.defaultValue,null!=n){if(null!=t)throw Error(l(92));if(Array.isArray(n)){if(!(1>=n.length))throw Error(l(93));n=n[0]}t=n}null==t&&(t=""),n=t}e._wrapperState={initialValue:K(n)}}function ce(e,t){var n=K(t.value),r=K(t.defaultValue);null!=n&&((n=""+n)!==e.value&&(e.value=n),null==t.defaultValue&&e.defaultValue!==n&&(e.defaultValue=n)),null!=r&&(e.defaultValue=""+r)}function se(e){var t=e.textContent;t===e._wrapperState.initialValue&&""!==t&&null!==t&&(e.value=t)}var fe="http://www.w3.org/1999/xhtml",de="http://www.w3.org/2000/svg";function pe(e){switch(e){case"svg":return"http://www.w3.org/2000/svg";case"math":return"http://www.w3.org/1998/Math/MathML";default:return"http://www.w3.org/1999/xhtml"}}function he(e,t){return null==e||"http://www.w3.org/1999/xhtml"===e?pe(t):"http://www.w3.org/2000/svg"===e&&"foreignObject"===t?"http://www.w3.org/1999/xhtml":e}var me,ve,ge=(ve=function(e,t){if(e.namespaceURI!==de||"innerHTML"in e)e.innerHTML=t;else{for((me=me||document.createElement("div")).innerHTML="<svg>"+t.valueOf().toString()+"</svg>",t=me.firstChild;e.firstChild;)e.removeChild(e.firstChild);for(;t.firstChild;)e.appendChild(t.firstChild)}},"undefined"!==typeof MSApp&&MSApp.execUnsafeLocalFunction?function(e,t,n,r){MSApp.execUnsafeLocalFunction((function(){return ve(e,t)}))}:ve);function ye(e,t){if(t){var n=e.firstChild;if(n&&n===e.lastChild&&3===n.nodeType)return void(n.nodeValue=t)}e.textContent=t}var be={animationIterationCount:!0,borderImageOutset:!0,borderImageSlice:!0,borderImageWidth:!0,boxFlex:!0,boxFlexGroup:!0,boxOrdinalGroup:!0,columnCount:!0,columns:!0,flex:!0,flexGrow:!0,flexPositive:!0,flexShrink:!0,flexNegative:!0,flexOrder:!0,gridArea:!0,gridRow:!0,gridRowEnd:!0,gridRowSpan:!0,gridRowStart:!0,gridColumn:!0,gridColumnEnd:!0,gridColumnSpan:!0,gridColumnStart:!0,fontWeight:!0,lineClamp:!0,lineHeight:!0,opacity:!0,order:!0,orphans:!0,tabSize:!0,widows:!0,zIndex:!0,zoom:!0,fillOpacity:!0,floodOpacity:!0,stopOpacity:!0,strokeDasharray:!0,strokeDashoffset:!0,strokeMiterlimit:!0,strokeOpacity:!0,strokeWidth:!0},_e=["Webkit","ms","Moz","O"];function xe(e,t,n){return null==t||"boolean"===typeof t||""===t?"":n||"number"!==typeof t||0===t||be.hasOwnProperty(e)&&be[e]?(""+t).trim():t+"px"}function we(e,t){for(var n in e=e.style,t)if(t.hasOwnProperty(n)){var r=0===n.indexOf("--"),a=xe(n,t[n],r);"float"===n&&(n="cssFloat"),r?e.setProperty(n,a):e[n]=a}}Object.keys(be).forEach((function(e){_e.forEach((function(t){t=t+e.charAt(0).toUpperCase()+e.substring(1),be[t]=be[e]}))}));var ke=a({menuitem:!0},{area:!0,base:!0,br:!0,col:!0,embed:!0,hr:!0,img:!0,input:!0,keygen:!0,link:!0,meta:!0,param:!0,source:!0,track:!0,wbr:!0});function Se(e,t){if(t){if(ke[e]&&(null!=t.children||null!=t.dangerouslySetInnerHTML))throw Error(l(137,e));if(null!=t.dangerouslySetInnerHTML){if(null!=t.children)throw Error(l(60));if("object"!==typeof t.dangerouslySetInnerHTML||!("__html"in t.dangerouslySetInnerHTML))throw Error(l(61))}if(null!=t.style&&"object"!==typeof t.style)throw Error(l(62))}}function Ce(e,t){if(-1===e.indexOf("-"))return"string"===typeof t.is;switch(e){case"annotation-xml":case"color-profile":case"font-face":case"font-face-src":case"font-face-uri":case"font-face-format":case"font-face-name":case"missing-glyph":return!1;default:return!0}}function Ee(e){return(e=e.target||e.srcElement||window).correspondingUseElement&&(e=e.correspondingUseElement),3===e.nodeType?e.parentNode:e}var Ne=null,Pe=null,je=null;function Oe(e){if(e=ra(e)){if("function"!==typeof Ne)throw Error(l(280));var t=e.stateNode;t&&(t=oa(t),Ne(e.stateNode,e.type,t))}}function Te(e){Pe?je?je.push(e):je=[e]:Pe=e}function Le(){if(Pe){var e=Pe,t=je;if(je=Pe=null,Oe(e),t)for(e=0;e<t.length;e++)Oe(t[e])}}function Fe(e,t){return e(t)}function ze(e,t,n,r,a){return e(t,n,r,a)}function Re(){}var Me=Fe,Ie=!1,Ae=!1;function De(){null===Pe&&null===je||(Re(),Le())}function Ue(e,t){var n=e.stateNode;if(null===n)return null;var r=oa(n);if(null===r)return null;n=r[t];e:switch(t){case"onClick":case"onClickCapture":case"onDoubleClick":case"onDoubleClickCapture":case"onMouseDown":case"onMouseDownCapture":case"onMouseMove":case"onMouseMoveCapture":case"onMouseUp":case"onMouseUpCapture":case"onMouseEnter":(r=!r.disabled)||(r=!("button"===(e=e.type)||"input"===e||"select"===e||"textarea"===e)),e=!r;break e;default:e=!1}if(e)return null;if(n&&"function"!==typeof n)throw Error(l(231,t,typeof n));return n}var $e=!1;if(f)try{var Be={};Object.defineProperty(Be,"passive",{get:function(){$e=!0}}),window.addEventListener("test",Be,Be),window.removeEventListener("test",Be,Be)}catch(ve){$e=!1}function Ve(e,t,n,r,a,o,l,i,u){var c=Array.prototype.slice.call(arguments,3);try{t.apply(n,c)}catch(s){this.onError(s)}}var We=!1,He=null,Qe=!1,qe=null,Ke={onError:function(e){We=!0,He=e}};function Ye(e,t,n,r,a,o,l,i,u){We=!1,He=null,Ve.apply(Ke,arguments)}function Xe(e){var t=e,n=e;if(e.alternate)for(;t.return;)t=t.return;else{e=t;do{0!==(1026&(t=e).flags)&&(n=t.return),e=t.return}while(e)}return 3===t.tag?n:null}function Ge(e){if(13===e.tag){var t=e.memoizedState;if(null===t&&(null!==(e=e.alternate)&&(t=e.memoizedState)),null!==t)return t.dehydrated}return null}function Je(e){if(Xe(e)!==e)throw Error(l(188))}function Ze(e){if(e=function(e){var t=e.alternate;if(!t){if(null===(t=Xe(e)))throw Error(l(188));return t!==e?null:e}for(var n=e,r=t;;){var a=n.return;if(null===a)break;var o=a.alternate;if(null===o){if(null!==(r=a.return)){n=r;continue}break}if(a.child===o.child){for(o=a.child;o;){if(o===n)return Je(a),e;if(o===r)return Je(a),t;o=o.sibling}throw Error(l(188))}if(n.return!==r.return)n=a,r=o;else{for(var i=!1,u=a.child;u;){if(u===n){i=!0,n=a,r=o;break}if(u===r){i=!0,r=a,n=o;break}u=u.sibling}if(!i){for(u=o.child;u;){if(u===n){i=!0,n=o,r=a;break}if(u===r){i=!0,r=o,n=a;break}u=u.sibling}if(!i)throw Error(l(189))}}if(n.alternate!==r)throw Error(l(190))}if(3!==n.tag)throw Error(l(188));return n.stateNode.current===n?e:t}(e),!e)return null;for(var t=e;;){if(5===t.tag||6===t.tag)return t;if(t.child)t.child.return=t,t=t.child;else{if(t===e)break;for(;!t.sibling;){if(!t.return||t.return===e)return null;t=t.return}t.sibling.return=t.return,t=t.sibling}}return null}function et(e,t){for(var n=e.alternate;null!==t;){if(t===e||t===n)return!0;t=t.return}return!1}var tt,nt,rt,at,ot=!1,lt=[],it=null,ut=null,ct=null,st=new Map,ft=new Map,dt=[],pt="mousedown mouseup touchcancel touchend touchstart auxclick dblclick pointercancel pointerdown pointerup dragend dragstart drop compositionend compositionstart keydown keypress keyup input textInput copy cut paste click change contextmenu reset submit".split(" ");function ht(e,t,n,r,a){return{blockedOn:e,domEventName:t,eventSystemFlags:16|n,nativeEvent:a,targetContainers:[r]}}function mt(e,t){switch(e){case"focusin":case"focusout":it=null;break;case"dragenter":case"dragleave":ut=null;break;case"mouseover":case"mouseout":ct=null;break;case"pointerover":case"pointerout":st.delete(t.pointerId);break;case"gotpointercapture":case"lostpointercapture":ft.delete(t.pointerId)}}function vt(e,t,n,r,a,o){return null===e||e.nativeEvent!==o?(e=ht(t,n,r,a,o),null!==t&&(null!==(t=ra(t))&&nt(t)),e):(e.eventSystemFlags|=r,t=e.targetContainers,null!==a&&-1===t.indexOf(a)&&t.push(a),e)}function gt(e){var t=na(e.target);if(null!==t){var n=Xe(t);if(null!==n)if(13===(t=n.tag)){if(null!==(t=Ge(n)))return e.blockedOn=t,void at(e.lanePriority,(function(){o.unstable_runWithPriority(e.priority,(function(){rt(n)}))}))}else if(3===t&&n.stateNode.hydrate)return void(e.blockedOn=3===n.tag?n.stateNode.containerInfo:null)}e.blockedOn=null}function yt(e){if(null!==e.blockedOn)return!1;for(var t=e.targetContainers;0<t.length;){var n=Zt(e.domEventName,e.eventSystemFlags,t[0],e.nativeEvent);if(null!==n)return null!==(t=ra(n))&&nt(t),e.blockedOn=n,!1;t.shift()}return!0}function bt(e,t,n){yt(e)&&n.delete(t)}function _t(){for(ot=!1;0<lt.length;){var e=lt[0];if(null!==e.blockedOn){null!==(e=ra(e.blockedOn))&&tt(e);break}for(var t=e.targetContainers;0<t.length;){var n=Zt(e.domEventName,e.eventSystemFlags,t[0],e.nativeEvent);if(null!==n){e.blockedOn=n;break}t.shift()}null===e.blockedOn&&lt.shift()}null!==it&&yt(it)&&(it=null),null!==ut&&yt(ut)&&(ut=null),null!==ct&&yt(ct)&&(ct=null),st.forEach(bt),ft.forEach(bt)}function xt(e,t){e.blockedOn===t&&(e.blockedOn=null,ot||(ot=!0,o.unstable_scheduleCallback(o.unstable_NormalPriority,_t)))}function wt(e){function t(t){return xt(t,e)}if(0<lt.length){xt(lt[0],e);for(var n=1;n<lt.length;n++){var r=lt[n];r.blockedOn===e&&(r.blockedOn=null)}}for(null!==it&&xt(it,e),null!==ut&&xt(ut,e),null!==ct&&xt(ct,e),st.forEach(t),ft.forEach(t),n=0;n<dt.length;n++)(r=dt[n]).blockedOn===e&&(r.blockedOn=null);for(;0<dt.length&&null===(n=dt[0]).blockedOn;)gt(n),null===n.blockedOn&&dt.shift()}function kt(e,t){var n={};return n[e.toLowerCase()]=t.toLowerCase(),n["Webkit"+e]="webkit"+t,n["Moz"+e]="moz"+t,n}var St={animationend:kt("Animation","AnimationEnd"),animationiteration:kt("Animation","AnimationIteration"),animationstart:kt("Animation","AnimationStart"),transitionend:kt("Transition","TransitionEnd")},Ct={},Et={};function Nt(e){if(Ct[e])return Ct[e];if(!St[e])return e;var t,n=St[e];for(t in n)if(n.hasOwnProperty(t)&&t in Et)return Ct[e]=n[t];return e}f&&(Et=document.createElement("div").style,"AnimationEvent"in window||(delete St.animationend.animation,delete St.animationiteration.animation,delete St.animationstart.animation),"TransitionEvent"in window||delete St.transitionend.transition);var Pt=Nt("animationend"),jt=Nt("animationiteration"),Ot=Nt("animationstart"),Tt=Nt("transitionend"),Lt=new Map,Ft=new Map,zt=["abort","abort",Pt,"animationEnd",jt,"animationIteration",Ot,"animationStart","canplay","canPlay","canplaythrough","canPlayThrough","durationchange","durationChange","emptied","emptied","encrypted","encrypted","ended","ended","error","error","gotpointercapture","gotPointerCapture","load","load","loadeddata","loadedData","loadedmetadata","loadedMetadata","loadstart","loadStart","lostpointercapture","lostPointerCapture","playing","playing","progress","progress","seeking","seeking","stalled","stalled","suspend","suspend","timeupdate","timeUpdate",Tt,"transitionEnd","waiting","waiting"];function Rt(e,t){for(var n=0;n<e.length;n+=2){var r=e[n],a=e[n+1];a="on"+(a[0].toUpperCase()+a.slice(1)),Ft.set(r,t),Lt.set(r,a),c(a,[r])}}(0,o.unstable_now)();var Mt=8;function It(e){if(0!==(1&e))return Mt=15,1;if(0!==(2&e))return Mt=14,2;if(0!==(4&e))return Mt=13,4;var t=24&e;return 0!==t?(Mt=12,t):0!==(32&e)?(Mt=11,32):0!==(t=192&e)?(Mt=10,t):0!==(256&e)?(Mt=9,256):0!==(t=3584&e)?(Mt=8,t):0!==(4096&e)?(Mt=7,4096):0!==(t=4186112&e)?(Mt=6,t):0!==(t=62914560&e)?(Mt=5,t):67108864&e?(Mt=4,67108864):0!==(134217728&e)?(Mt=3,134217728):0!==(t=805306368&e)?(Mt=2,t):0!==(1073741824&e)?(Mt=1,1073741824):(Mt=8,e)}function At(e,t){var n=e.pendingLanes;if(0===n)return Mt=0;var r=0,a=0,o=e.expiredLanes,l=e.suspendedLanes,i=e.pingedLanes;if(0!==o)r=o,a=Mt=15;else if(0!==(o=134217727&n)){var u=o&~l;0!==u?(r=It(u),a=Mt):0!==(i&=o)&&(r=It(i),a=Mt)}else 0!==(o=n&~l)?(r=It(o),a=Mt):0!==i&&(r=It(i),a=Mt);if(0===r)return 0;if(r=n&((0>(r=31-Wt(r))?0:1<<r)<<1)-1,0!==t&&t!==r&&0===(t&l)){if(It(t),a<=Mt)return t;Mt=a}if(0!==(t=e.entangledLanes))for(e=e.entanglements,t&=r;0<t;)a=1<<(n=31-Wt(t)),r|=e[n],t&=~a;return r}function Dt(e){return 0!==(e=-1073741825&e.pendingLanes)?e:1073741824&e?1073741824:0}function Ut(e,t){switch(e){case 15:return 1;case 14:return 2;case 12:return 0===(e=$t(24&~t))?Ut(10,t):e;case 10:return 0===(e=$t(192&~t))?Ut(8,t):e;case 8:return 0===(e=$t(3584&~t))&&(0===(e=$t(4186112&~t))&&(e=512)),e;case 2:return 0===(t=$t(805306368&~t))&&(t=268435456),t}throw Error(l(358,e))}function $t(e){return e&-e}function Bt(e){for(var t=[],n=0;31>n;n++)t.push(e);return t}function Vt(e,t,n){e.pendingLanes|=t;var r=t-1;e.suspendedLanes&=r,e.pingedLanes&=r,(e=e.eventTimes)[t=31-Wt(t)]=n}var Wt=Math.clz32?Math.clz32:function(e){return 0===e?32:31-(Ht(e)/Qt|0)|0},Ht=Math.log,Qt=Math.LN2;var qt=o.unstable_UserBlockingPriority,Kt=o.unstable_runWithPriority,Yt=!0;function Xt(e,t,n,r){Ie||Re();var a=Jt,o=Ie;Ie=!0;try{ze(a,e,t,n,r)}finally{(Ie=o)||De()}}function Gt(e,t,n,r){Kt(qt,Jt.bind(null,e,t,n,r))}function Jt(e,t,n,r){var a;if(Yt)if((a=0===(4&t))&&0<lt.length&&-1<pt.indexOf(e))e=ht(null,e,t,n,r),lt.push(e);else{var o=Zt(e,t,n,r);if(null===o)a&&mt(e,r);else{if(a){if(-1<pt.indexOf(e))return e=ht(o,e,t,n,r),void lt.push(e);if(function(e,t,n,r,a){switch(t){case"focusin":return it=vt(it,e,t,n,r,a),!0;case"dragenter":return ut=vt(ut,e,t,n,r,a),!0;case"mouseover":return ct=vt(ct,e,t,n,r,a),!0;case"pointerover":var o=a.pointerId;return st.set(o,vt(st.get(o)||null,e,t,n,r,a)),!0;case"gotpointercapture":return o=a.pointerId,ft.set(o,vt(ft.get(o)||null,e,t,n,r,a)),!0}return!1}(o,e,t,n,r))return;mt(e,r)}Rr(e,t,r,null,n)}}}function Zt(e,t,n,r){var a=Ee(r);if(null!==(a=na(a))){var o=Xe(a);if(null===o)a=null;else{var l=o.tag;if(13===l){if(null!==(a=Ge(o)))return a;a=null}else if(3===l){if(o.stateNode.hydrate)return 3===o.tag?o.stateNode.containerInfo:null;a=null}else o!==a&&(a=null)}}return Rr(e,t,r,a,n),null}var en=null,tn=null,nn=null;function rn(){if(nn)return nn;var e,t,n=tn,r=n.length,a="value"in en?en.value:en.textContent,o=a.length;for(e=0;e<r&&n[e]===a[e];e++);var l=r-e;for(t=1;t<=l&&n[r-t]===a[o-t];t++);return nn=a.slice(e,1<t?1-t:void 0)}function an(e){var t=e.keyCode;return"charCode"in e?0===(e=e.charCode)&&13===t&&(e=13):e=t,10===e&&(e=13),32<=e||13===e?e:0}function on(){return!0}function ln(){return!1}function un(e){function t(t,n,r,a,o){for(var l in this._reactName=t,this._targetInst=r,this.type=n,this.nativeEvent=a,this.target=o,this.currentTarget=null,e)e.hasOwnProperty(l)&&(t=e[l],this[l]=t?t(a):a[l]);return this.isDefaultPrevented=(null!=a.defaultPrevented?a.defaultPrevented:!1===a.returnValue)?on:ln,this.isPropagationStopped=ln,this}return a(t.prototype,{preventDefault:function(){this.defaultPrevented=!0;var e=this.nativeEvent;e&&(e.preventDefault?e.preventDefault():"unknown"!==typeof e.returnValue&&(e.returnValue=!1),this.isDefaultPrevented=on)},stopPropagation:function(){var e=this.nativeEvent;e&&(e.stopPropagation?e.stopPropagation():"unknown"!==typeof e.cancelBubble&&(e.cancelBubble=!0),this.isPropagationStopped=on)},persist:function(){},isPersistent:on}),t}var cn,sn,fn,dn={eventPhase:0,bubbles:0,cancelable:0,timeStamp:function(e){return e.timeStamp||Date.now()},defaultPrevented:0,isTrusted:0},pn=un(dn),hn=a({},dn,{view:0,detail:0}),mn=un(hn),vn=a({},hn,{screenX:0,screenY:0,clientX:0,clientY:0,pageX:0,pageY:0,ctrlKey:0,shiftKey:0,altKey:0,metaKey:0,getModifierState:Pn,button:0,buttons:0,relatedTarget:function(e){return void 0===e.relatedTarget?e.fromElement===e.srcElement?e.toElement:e.fromElement:e.relatedTarget},movementX:function(e){return"movementX"in e?e.movementX:(e!==fn&&(fn&&"mousemove"===e.type?(cn=e.screenX-fn.screenX,sn=e.screenY-fn.screenY):sn=cn=0,fn=e),cn)},movementY:function(e){return"movementY"in e?e.movementY:sn}}),gn=un(vn),yn=un(a({},vn,{dataTransfer:0})),bn=un(a({},hn,{relatedTarget:0})),_n=un(a({},dn,{animationName:0,elapsedTime:0,pseudoElement:0})),xn=a({},dn,{clipboardData:function(e){return"clipboardData"in e?e.clipboardData:window.clipboardData}}),wn=un(xn),kn=un(a({},dn,{data:0})),Sn={Esc:"Escape",Spacebar:" ",Left:"ArrowLeft",Up:"ArrowUp",Right:"ArrowRight",Down:"ArrowDown",Del:"Delete",Win:"OS",Menu:"ContextMenu",Apps:"ContextMenu",Scroll:"ScrollLock",MozPrintableKey:"Unidentified"},Cn={8:"Backspace",9:"Tab",12:"Clear",13:"Enter",16:"Shift",17:"Control",18:"Alt",19:"Pause",20:"CapsLock",27:"Escape",32:" ",33:"PageUp",34:"PageDown",35:"End",36:"Home",37:"ArrowLeft",38:"ArrowUp",39:"ArrowRight",40:"ArrowDown",45:"Insert",46:"Delete",112:"F1",113:"F2",114:"F3",115:"F4",116:"F5",117:"F6",118:"F7",119:"F8",120:"F9",121:"F10",122:"F11",123:"F12",144:"NumLock",145:"ScrollLock",224:"Meta"},En={Alt:"altKey",Control:"ctrlKey",Meta:"metaKey",Shift:"shiftKey"};function Nn(e){var t=this.nativeEvent;return t.getModifierState?t.getModifierState(e):!!(e=En[e])&&!!t[e]}function Pn(){return Nn}var jn=a({},hn,{key:function(e){if(e.key){var t=Sn[e.key]||e.key;if("Unidentified"!==t)return t}return"keypress"===e.type?13===(e=an(e))?"Enter":String.fromCharCode(e):"keydown"===e.type||"keyup"===e.type?Cn[e.keyCode]||"Unidentified":""},code:0,location:0,ctrlKey:0,shiftKey:0,altKey:0,metaKey:0,repeat:0,locale:0,getModifierState:Pn,charCode:function(e){return"keypress"===e.type?an(e):0},keyCode:function(e){return"keydown"===e.type||"keyup"===e.type?e.keyCode:0},which:function(e){return"keypress"===e.type?an(e):"keydown"===e.type||"keyup"===e.type?e.keyCode:0}}),On=un(jn),Tn=un(a({},vn,{pointerId:0,width:0,height:0,pressure:0,tangentialPressure:0,tiltX:0,tiltY:0,twist:0,pointerType:0,isPrimary:0})),Ln=un(a({},hn,{touches:0,targetTouches:0,changedTouches:0,altKey:0,metaKey:0,ctrlKey:0,shiftKey:0,getModifierState:Pn})),Fn=un(a({},dn,{propertyName:0,elapsedTime:0,pseudoElement:0})),zn=a({},vn,{deltaX:function(e){return"deltaX"in e?e.deltaX:"wheelDeltaX"in e?-e.wheelDeltaX:0},deltaY:function(e){return"deltaY"in e?e.deltaY:"wheelDeltaY"in e?-e.wheelDeltaY:"wheelDelta"in e?-e.wheelDelta:0},deltaZ:0,deltaMode:0}),Rn=un(zn),Mn=[9,13,27,32],In=f&&"CompositionEvent"in window,An=null;f&&"documentMode"in document&&(An=document.documentMode);var Dn=f&&"TextEvent"in window&&!An,Un=f&&(!In||An&&8<An&&11>=An),$n=String.fromCharCode(32),Bn=!1;function Vn(e,t){switch(e){case"keyup":return-1!==Mn.indexOf(t.keyCode);case"keydown":return 229!==t.keyCode;case"keypress":case"mousedown":case"focusout":return!0;default:return!1}}function Wn(e){return"object"===typeof(e=e.detail)&&"data"in e?e.data:null}var Hn=!1;var Qn={color:!0,date:!0,datetime:!0,"datetime-local":!0,email:!0,month:!0,number:!0,password:!0,range:!0,search:!0,tel:!0,text:!0,time:!0,url:!0,week:!0};function qn(e){var t=e&&e.nodeName&&e.nodeName.toLowerCase();return"input"===t?!!Qn[e.type]:"textarea"===t}function Kn(e,t,n,r){Te(r),0<(t=Ir(t,"onChange")).length&&(n=new pn("onChange","change",null,n,r),e.push({event:n,listeners:t}))}var Yn=null,Xn=null;function Gn(e){jr(e,0)}function Jn(e){if(G(aa(e)))return e}function Zn(e,t){if("change"===e)return t}var er=!1;if(f){var tr;if(f){var nr="oninput"in document;if(!nr){var rr=document.createElement("div");rr.setAttribute("oninput","return;"),nr="function"===typeof rr.oninput}tr=nr}else tr=!1;er=tr&&(!document.documentMode||9<document.documentMode)}function ar(){Yn&&(Yn.detachEvent("onpropertychange",or),Xn=Yn=null)}function or(e){if("value"===e.propertyName&&Jn(Xn)){var t=[];if(Kn(t,Xn,e,Ee(e)),e=Gn,Ie)e(t);else{Ie=!0;try{Fe(e,t)}finally{Ie=!1,De()}}}}function lr(e,t,n){"focusin"===e?(ar(),Xn=n,(Yn=t).attachEvent("onpropertychange",or)):"focusout"===e&&ar()}function ir(e){if("selectionchange"===e||"keyup"===e||"keydown"===e)return Jn(Xn)}function ur(e,t){if("click"===e)return Jn(t)}function cr(e,t){if("input"===e||"change"===e)return Jn(t)}var sr="function"===typeof Object.is?Object.is:function(e,t){return e===t&&(0!==e||1/e===1/t)||e!==e&&t!==t},fr=Object.prototype.hasOwnProperty;function dr(e,t){if(sr(e,t))return!0;if("object"!==typeof e||null===e||"object"!==typeof t||null===t)return!1;var n=Object.keys(e),r=Object.keys(t);if(n.length!==r.length)return!1;for(r=0;r<n.length;r++)if(!fr.call(t,n[r])||!sr(e[n[r]],t[n[r]]))return!1;return!0}function pr(e){for(;e&&e.firstChild;)e=e.firstChild;return e}function hr(e,t){var n,r=pr(e);for(e=0;r;){if(3===r.nodeType){if(n=e+r.textContent.length,e<=t&&n>=t)return{node:r,offset:t-e};e=n}e:{for(;r;){if(r.nextSibling){r=r.nextSibling;break e}r=r.parentNode}r=void 0}r=pr(r)}}function mr(e,t){return!(!e||!t)&&(e===t||(!e||3!==e.nodeType)&&(t&&3===t.nodeType?mr(e,t.parentNode):"contains"in e?e.contains(t):!!e.compareDocumentPosition&&!!(16&e.compareDocumentPosition(t))))}function vr(){for(var e=window,t=J();t instanceof e.HTMLIFrameElement;){try{var n="string"===typeof t.contentWindow.location.href}catch(r){n=!1}if(!n)break;t=J((e=t.contentWindow).document)}return t}function gr(e){var t=e&&e.nodeName&&e.nodeName.toLowerCase();return t&&("input"===t&&("text"===e.type||"search"===e.type||"tel"===e.type||"url"===e.type||"password"===e.type)||"textarea"===t||"true"===e.contentEditable)}var yr=f&&"documentMode"in document&&11>=document.documentMode,br=null,_r=null,xr=null,wr=!1;function kr(e,t,n){var r=n.window===n?n.document:9===n.nodeType?n:n.ownerDocument;wr||null==br||br!==J(r)||("selectionStart"in(r=br)&&gr(r)?r={start:r.selectionStart,end:r.selectionEnd}:r={anchorNode:(r=(r.ownerDocument&&r.ownerDocument.defaultView||window).getSelection()).anchorNode,anchorOffset:r.anchorOffset,focusNode:r.focusNode,focusOffset:r.focusOffset},xr&&dr(xr,r)||(xr=r,0<(r=Ir(_r,"onSelect")).length&&(t=new pn("onSelect","select",null,t,n),e.push({event:t,listeners:r}),t.target=br)))}Rt("cancel cancel click click close close contextmenu contextMenu copy copy cut cut auxclick auxClick dblclick doubleClick dragend dragEnd dragstart dragStart drop drop focusin focus focusout blur input input invalid invalid keydown keyDown keypress keyPress keyup keyUp mousedown mouseDown mouseup mouseUp paste paste pause pause play play pointercancel pointerCancel pointerdown pointerDown pointerup pointerUp ratechange rateChange reset reset seeked seeked submit submit touchcancel touchCancel touchend touchEnd touchstart touchStart volumechange volumeChange".split(" "),0),Rt("drag drag dragenter dragEnter dragexit dragExit dragleave dragLeave dragover dragOver mousemove mouseMove mouseout mouseOut mouseover mouseOver pointermove pointerMove pointerout pointerOut pointerover pointerOver scroll scroll toggle toggle touchmove touchMove wheel wheel".split(" "),1),Rt(zt,2);for(var Sr="change selectionchange textInput compositionstart compositionend compositionupdate".split(" "),Cr=0;Cr<Sr.length;Cr++)Ft.set(Sr[Cr],0);s("onMouseEnter",["mouseout","mouseover"]),s("onMouseLeave",["mouseout","mouseover"]),s("onPointerEnter",["pointerout","pointerover"]),s("onPointerLeave",["pointerout","pointerover"]),c("onChange","change click focusin focusout input keydown keyup selectionchange".split(" ")),c("onSelect","focusout contextmenu dragend focusin keydown keyup mousedown mouseup selectionchange".split(" ")),c("onBeforeInput",["compositionend","keypress","textInput","paste"]),c("onCompositionEnd","compositionend focusout keydown keypress keyup mousedown".split(" ")),c("onCompositionStart","compositionstart focusout keydown keypress keyup mousedown".split(" ")),c("onCompositionUpdate","compositionupdate focusout keydown keypress keyup mousedown".split(" "));var Er="abort canplay canplaythrough durationchange emptied encrypted ended error loadeddata loadedmetadata loadstart pause play playing progress ratechange seeked seeking stalled suspend timeupdate volumechange waiting".split(" "),Nr=new Set("cancel close invalid load scroll toggle".split(" ").concat(Er));function Pr(e,t,n){var r=e.type||"unknown-event";e.currentTarget=n,function(e,t,n,r,a,o,i,u,c){if(Ye.apply(this,arguments),We){if(!We)throw Error(l(198));var s=He;We=!1,He=null,Qe||(Qe=!0,qe=s)}}(r,t,void 0,e),e.currentTarget=null}function jr(e,t){t=0!==(4&t);for(var n=0;n<e.length;n++){var r=e[n],a=r.event;r=r.listeners;e:{var o=void 0;if(t)for(var l=r.length-1;0<=l;l--){var i=r[l],u=i.instance,c=i.currentTarget;if(i=i.listener,u!==o&&a.isPropagationStopped())break e;Pr(a,i,c),o=u}else for(l=0;l<r.length;l++){if(u=(i=r[l]).instance,c=i.currentTarget,i=i.listener,u!==o&&a.isPropagationStopped())break e;Pr(a,i,c),o=u}}}if(Qe)throw e=qe,Qe=!1,qe=null,e}function Or(e,t){var n=la(t),r=e+"__bubble";n.has(r)||(zr(t,e,2,!1),n.add(r))}var Tr="_reactListening"+Math.random().toString(36).slice(2);function Lr(e){e[Tr]||(e[Tr]=!0,i.forEach((function(t){Nr.has(t)||Fr(t,!1,e,null),Fr(t,!0,e,null)})))}function Fr(e,t,n,r){var a=4<arguments.length&&void 0!==arguments[4]?arguments[4]:0,o=n;if("selectionchange"===e&&9!==n.nodeType&&(o=n.ownerDocument),null!==r&&!t&&Nr.has(e)){if("scroll"!==e)return;a|=2,o=r}var l=la(o),i=e+"__"+(t?"capture":"bubble");l.has(i)||(t&&(a|=4),zr(o,e,a,t),l.add(i))}function zr(e,t,n,r){var a=Ft.get(t);switch(void 0===a?2:a){case 0:a=Xt;break;case 1:a=Gt;break;default:a=Jt}n=a.bind(null,t,n,e),a=void 0,!$e||"touchstart"!==t&&"touchmove"!==t&&"wheel"!==t||(a=!0),r?void 0!==a?e.addEventListener(t,n,{capture:!0,passive:a}):e.addEventListener(t,n,!0):void 0!==a?e.addEventListener(t,n,{passive:a}):e.addEventListener(t,n,!1)}function Rr(e,t,n,r,a){var o=r;if(0===(1&t)&&0===(2&t)&&null!==r)e:for(;;){if(null===r)return;var l=r.tag;if(3===l||4===l){var i=r.stateNode.containerInfo;if(i===a||8===i.nodeType&&i.parentNode===a)break;if(4===l)for(l=r.return;null!==l;){var u=l.tag;if((3===u||4===u)&&((u=l.stateNode.containerInfo)===a||8===u.nodeType&&u.parentNode===a))return;l=l.return}for(;null!==i;){if(null===(l=na(i)))return;if(5===(u=l.tag)||6===u){r=o=l;continue e}i=i.parentNode}}r=r.return}!function(e,t,n){if(Ae)return e(t,n);Ae=!0;try{Me(e,t,n)}finally{Ae=!1,De()}}((function(){var r=o,a=Ee(n),l=[];e:{var i=Lt.get(e);if(void 0!==i){var u=pn,c=e;switch(e){case"keypress":if(0===an(n))break e;case"keydown":case"keyup":u=On;break;case"focusin":c="focus",u=bn;break;case"focusout":c="blur",u=bn;break;case"beforeblur":case"afterblur":u=bn;break;case"click":if(2===n.button)break e;case"auxclick":case"dblclick":case"mousedown":case"mousemove":case"mouseup":case"mouseout":case"mouseover":case"contextmenu":u=gn;break;case"drag":case"dragend":case"dragenter":case"dragexit":case"dragleave":case"dragover":case"dragstart":case"drop":u=yn;break;case"touchcancel":case"touchend":case"touchmove":case"touchstart":u=Ln;break;case Pt:case jt:case Ot:u=_n;break;case Tt:u=Fn;break;case"scroll":u=mn;break;case"wheel":u=Rn;break;case"copy":case"cut":case"paste":u=wn;break;case"gotpointercapture":case"lostpointercapture":case"pointercancel":case"pointerdown":case"pointermove":case"pointerout":case"pointerover":case"pointerup":u=Tn}var s=0!==(4&t),f=!s&&"scroll"===e,d=s?null!==i?i+"Capture":null:i;s=[];for(var p,h=r;null!==h;){var m=(p=h).stateNode;if(5===p.tag&&null!==m&&(p=m,null!==d&&(null!=(m=Ue(h,d))&&s.push(Mr(h,m,p)))),f)break;h=h.return}0<s.length&&(i=new u(i,c,null,n,a),l.push({event:i,listeners:s}))}}if(0===(7&t)){if(u="mouseout"===e||"pointerout"===e,(!(i="mouseover"===e||"pointerover"===e)||0!==(16&t)||!(c=n.relatedTarget||n.fromElement)||!na(c)&&!c[ea])&&(u||i)&&(i=a.window===a?a:(i=a.ownerDocument)?i.defaultView||i.parentWindow:window,u?(u=r,null!==(c=(c=n.relatedTarget||n.toElement)?na(c):null)&&(c!==(f=Xe(c))||5!==c.tag&&6!==c.tag)&&(c=null)):(u=null,c=r),u!==c)){if(s=gn,m="onMouseLeave",d="onMouseEnter",h="mouse","pointerout"!==e&&"pointerover"!==e||(s=Tn,m="onPointerLeave",d="onPointerEnter",h="pointer"),f=null==u?i:aa(u),p=null==c?i:aa(c),(i=new s(m,h+"leave",u,n,a)).target=f,i.relatedTarget=p,m=null,na(a)===r&&((s=new s(d,h+"enter",c,n,a)).target=p,s.relatedTarget=f,m=s),f=m,u&&c)e:{for(d=c,h=0,p=s=u;p;p=Ar(p))h++;for(p=0,m=d;m;m=Ar(m))p++;for(;0<h-p;)s=Ar(s),h--;for(;0<p-h;)d=Ar(d),p--;for(;h--;){if(s===d||null!==d&&s===d.alternate)break e;s=Ar(s),d=Ar(d)}s=null}else s=null;null!==u&&Dr(l,i,u,s,!1),null!==c&&null!==f&&Dr(l,f,c,s,!0)}if("select"===(u=(i=r?aa(r):window).nodeName&&i.nodeName.toLowerCase())||"input"===u&&"file"===i.type)var v=Zn;else if(qn(i))if(er)v=cr;else{v=ir;var g=lr}else(u=i.nodeName)&&"input"===u.toLowerCase()&&("checkbox"===i.type||"radio"===i.type)&&(v=ur);switch(v&&(v=v(e,r))?Kn(l,v,n,a):(g&&g(e,i,r),"focusout"===e&&(g=i._wrapperState)&&g.controlled&&"number"===i.type&&ae(i,"number",i.value)),g=r?aa(r):window,e){case"focusin":(qn(g)||"true"===g.contentEditable)&&(br=g,_r=r,xr=null);break;case"focusout":xr=_r=br=null;break;case"mousedown":wr=!0;break;case"contextmenu":case"mouseup":case"dragend":wr=!1,kr(l,n,a);break;case"selectionchange":if(yr)break;case"keydown":case"keyup":kr(l,n,a)}var y;if(In)e:{switch(e){case"compositionstart":var b="onCompositionStart";break e;case"compositionend":b="onCompositionEnd";break e;case"compositionupdate":b="onCompositionUpdate";break e}b=void 0}else Hn?Vn(e,n)&&(b="onCompositionEnd"):"keydown"===e&&229===n.keyCode&&(b="onCompositionStart");b&&(Un&&"ko"!==n.locale&&(Hn||"onCompositionStart"!==b?"onCompositionEnd"===b&&Hn&&(y=rn()):(tn="value"in(en=a)?en.value:en.textContent,Hn=!0)),0<(g=Ir(r,b)).length&&(b=new kn(b,e,null,n,a),l.push({event:b,listeners:g}),y?b.data=y:null!==(y=Wn(n))&&(b.data=y))),(y=Dn?function(e,t){switch(e){case"compositionend":return Wn(t);case"keypress":return 32!==t.which?null:(Bn=!0,$n);case"textInput":return(e=t.data)===$n&&Bn?null:e;default:return null}}(e,n):function(e,t){if(Hn)return"compositionend"===e||!In&&Vn(e,t)?(e=rn(),nn=tn=en=null,Hn=!1,e):null;switch(e){case"paste":default:return null;case"keypress":if(!(t.ctrlKey||t.altKey||t.metaKey)||t.ctrlKey&&t.altKey){if(t.char&&1<t.char.length)return t.char;if(t.which)return String.fromCharCode(t.which)}return null;case"compositionend":return Un&&"ko"!==t.locale?null:t.data}}(e,n))&&(0<(r=Ir(r,"onBeforeInput")).length&&(a=new kn("onBeforeInput","beforeinput",null,n,a),l.push({event:a,listeners:r}),a.data=y))}jr(l,t)}))}function Mr(e,t,n){return{instance:e,listener:t,currentTarget:n}}function Ir(e,t){for(var n=t+"Capture",r=[];null!==e;){var a=e,o=a.stateNode;5===a.tag&&null!==o&&(a=o,null!=(o=Ue(e,n))&&r.unshift(Mr(e,o,a)),null!=(o=Ue(e,t))&&r.push(Mr(e,o,a))),e=e.return}return r}function Ar(e){if(null===e)return null;do{e=e.return}while(e&&5!==e.tag);return e||null}function Dr(e,t,n,r,a){for(var o=t._reactName,l=[];null!==n&&n!==r;){var i=n,u=i.alternate,c=i.stateNode;if(null!==u&&u===r)break;5===i.tag&&null!==c&&(i=c,a?null!=(u=Ue(n,o))&&l.unshift(Mr(n,u,i)):a||null!=(u=Ue(n,o))&&l.push(Mr(n,u,i))),n=n.return}0!==l.length&&e.push({event:t,listeners:l})}function Ur(){}var $r=null,Br=null;function Vr(e,t){switch(e){case"button":case"input":case"select":case"textarea":return!!t.autoFocus}return!1}function Wr(e,t){return"textarea"===e||"option"===e||"noscript"===e||"string"===typeof t.children||"number"===typeof t.children||"object"===typeof t.dangerouslySetInnerHTML&&null!==t.dangerouslySetInnerHTML&&null!=t.dangerouslySetInnerHTML.__html}var Hr="function"===typeof setTimeout?setTimeout:void 0,Qr="function"===typeof clearTimeout?clearTimeout:void 0;function qr(e){1===e.nodeType?e.textContent="":9===e.nodeType&&(null!=(e=e.body)&&(e.textContent=""))}function Kr(e){for(;null!=e;e=e.nextSibling){var t=e.nodeType;if(1===t||3===t)break}return e}function Yr(e){e=e.previousSibling;for(var t=0;e;){if(8===e.nodeType){var n=e.data;if("$"===n||"$!"===n||"$?"===n){if(0===t)return e;t--}else"/$"===n&&t++}e=e.previousSibling}return null}var Xr=0;var Gr=Math.random().toString(36).slice(2),Jr="__reactFiber$"+Gr,Zr="__reactProps$"+Gr,ea="__reactContainer$"+Gr,ta="__reactEvents$"+Gr;function na(e){var t=e[Jr];if(t)return t;for(var n=e.parentNode;n;){if(t=n[ea]||n[Jr]){if(n=t.alternate,null!==t.child||null!==n&&null!==n.child)for(e=Yr(e);null!==e;){if(n=e[Jr])return n;e=Yr(e)}return t}n=(e=n).parentNode}return null}function ra(e){return!(e=e[Jr]||e[ea])||5!==e.tag&&6!==e.tag&&13!==e.tag&&3!==e.tag?null:e}function aa(e){if(5===e.tag||6===e.tag)return e.stateNode;throw Error(l(33))}function oa(e){return e[Zr]||null}function la(e){var t=e[ta];return void 0===t&&(t=e[ta]=new Set),t}var ia=[],ua=-1;function ca(e){return{current:e}}function sa(e){0>ua||(e.current=ia[ua],ia[ua]=null,ua--)}function fa(e,t){ua++,ia[ua]=e.current,e.current=t}var da={},pa=ca(da),ha=ca(!1),ma=da;function va(e,t){var n=e.type.contextTypes;if(!n)return da;var r=e.stateNode;if(r&&r.__reactInternalMemoizedUnmaskedChildContext===t)return r.__reactInternalMemoizedMaskedChildContext;var a,o={};for(a in n)o[a]=t[a];return r&&((e=e.stateNode).__reactInternalMemoizedUnmaskedChildContext=t,e.__reactInternalMemoizedMaskedChildContext=o),o}function ga(e){return null!==(e=e.childContextTypes)&&void 0!==e}function ya(){sa(ha),sa(pa)}function ba(e,t,n){if(pa.current!==da)throw Error(l(168));fa(pa,t),fa(ha,n)}function _a(e,t,n){var r=e.stateNode;if(e=t.childContextTypes,"function"!==typeof r.getChildContext)return n;for(var o in r=r.getChildContext())if(!(o in e))throw Error(l(108,q(t)||"Unknown",o));return a({},n,r)}function xa(e){return e=(e=e.stateNode)&&e.__reactInternalMemoizedMergedChildContext||da,ma=pa.current,fa(pa,e),fa(ha,ha.current),!0}function wa(e,t,n){var r=e.stateNode;if(!r)throw Error(l(169));n?(e=_a(e,t,ma),r.__reactInternalMemoizedMergedChildContext=e,sa(ha),sa(pa),fa(pa,e)):sa(ha),fa(ha,n)}var ka=null,Sa=null,Ca=o.unstable_runWithPriority,Ea=o.unstable_scheduleCallback,Na=o.unstable_cancelCallback,Pa=o.unstable_shouldYield,ja=o.unstable_requestPaint,Oa=o.unstable_now,Ta=o.unstable_getCurrentPriorityLevel,La=o.unstable_ImmediatePriority,Fa=o.unstable_UserBlockingPriority,za=o.unstable_NormalPriority,Ra=o.unstable_LowPriority,Ma=o.unstable_IdlePriority,Ia={},Aa=void 0!==ja?ja:function(){},Da=null,Ua=null,$a=!1,Ba=Oa(),Va=1e4>Ba?Oa:function(){return Oa()-Ba};function Wa(){switch(Ta()){case La:return 99;case Fa:return 98;case za:return 97;case Ra:return 96;case Ma:return 95;default:throw Error(l(332))}}function Ha(e){switch(e){case 99:return La;case 98:return Fa;case 97:return za;case 96:return Ra;case 95:return Ma;default:throw Error(l(332))}}function Qa(e,t){return e=Ha(e),Ca(e,t)}function qa(e,t,n){return e=Ha(e),Ea(e,t,n)}function Ka(){if(null!==Ua){var e=Ua;Ua=null,Na(e)}Ya()}function Ya(){if(!$a&&null!==Da){$a=!0;var e=0;try{var t=Da;Qa(99,(function(){for(;e<t.length;e++){var n=t[e];do{n=n(!0)}while(null!==n)}})),Da=null}catch(n){throw null!==Da&&(Da=Da.slice(e+1)),Ea(La,Ka),n}finally{$a=!1}}}var Xa=x.ReactCurrentBatchConfig;function Ga(e,t){if(e&&e.defaultProps){for(var n in t=a({},t),e=e.defaultProps)void 0===t[n]&&(t[n]=e[n]);return t}return t}var Ja=ca(null),Za=null,eo=null,to=null;function no(){to=eo=Za=null}function ro(e){var t=Ja.current;sa(Ja),e.type._context._currentValue=t}function ao(e,t){for(;null!==e;){var n=e.alternate;if((e.childLanes&t)===t){if(null===n||(n.childLanes&t)===t)break;n.childLanes|=t}else e.childLanes|=t,null!==n&&(n.childLanes|=t);e=e.return}}function oo(e,t){Za=e,to=eo=null,null!==(e=e.dependencies)&&null!==e.firstContext&&(0!==(e.lanes&t)&&(Il=!0),e.firstContext=null)}function lo(e,t){if(to!==e&&!1!==t&&0!==t)if("number"===typeof t&&1073741823!==t||(to=e,t=1073741823),t={context:e,observedBits:t,next:null},null===eo){if(null===Za)throw Error(l(308));eo=t,Za.dependencies={lanes:0,firstContext:t,responders:null}}else eo=eo.next=t;return e._currentValue}var io=!1;function uo(e){e.updateQueue={baseState:e.memoizedState,firstBaseUpdate:null,lastBaseUpdate:null,shared:{pending:null},effects:null}}function co(e,t){e=e.updateQueue,t.updateQueue===e&&(t.updateQueue={baseState:e.baseState,firstBaseUpdate:e.firstBaseUpdate,lastBaseUpdate:e.lastBaseUpdate,shared:e.shared,effects:e.effects})}function so(e,t){return{eventTime:e,lane:t,tag:0,payload:null,callback:null,next:null}}function fo(e,t){if(null!==(e=e.updateQueue)){var n=(e=e.shared).pending;null===n?t.next=t:(t.next=n.next,n.next=t),e.pending=t}}function po(e,t){var n=e.updateQueue,r=e.alternate;if(null!==r&&n===(r=r.updateQueue)){var a=null,o=null;if(null!==(n=n.firstBaseUpdate)){do{var l={eventTime:n.eventTime,lane:n.lane,tag:n.tag,payload:n.payload,callback:n.callback,next:null};null===o?a=o=l:o=o.next=l,n=n.next}while(null!==n);null===o?a=o=t:o=o.next=t}else a=o=t;return n={baseState:r.baseState,firstBaseUpdate:a,lastBaseUpdate:o,shared:r.shared,effects:r.effects},void(e.updateQueue=n)}null===(e=n.lastBaseUpdate)?n.firstBaseUpdate=t:e.next=t,n.lastBaseUpdate=t}function ho(e,t,n,r){var o=e.updateQueue;io=!1;var l=o.firstBaseUpdate,i=o.lastBaseUpdate,u=o.shared.pending;if(null!==u){o.shared.pending=null;var c=u,s=c.next;c.next=null,null===i?l=s:i.next=s,i=c;var f=e.alternate;if(null!==f){var d=(f=f.updateQueue).lastBaseUpdate;d!==i&&(null===d?f.firstBaseUpdate=s:d.next=s,f.lastBaseUpdate=c)}}if(null!==l){for(d=o.baseState,i=0,f=s=c=null;;){u=l.lane;var p=l.eventTime;if((r&u)===u){null!==f&&(f=f.next={eventTime:p,lane:0,tag:l.tag,payload:l.payload,callback:l.callback,next:null});e:{var h=e,m=l;switch(u=t,p=n,m.tag){case 1:if("function"===typeof(h=m.payload)){d=h.call(p,d,u);break e}d=h;break e;case 3:h.flags=-4097&h.flags|64;case 0:if(null===(u="function"===typeof(h=m.payload)?h.call(p,d,u):h)||void 0===u)break e;d=a({},d,u);break e;case 2:io=!0}}null!==l.callback&&(e.flags|=32,null===(u=o.effects)?o.effects=[l]:u.push(l))}else p={eventTime:p,lane:u,tag:l.tag,payload:l.payload,callback:l.callback,next:null},null===f?(s=f=p,c=d):f=f.next=p,i|=u;if(null===(l=l.next)){if(null===(u=o.shared.pending))break;l=u.next,u.next=null,o.lastBaseUpdate=u,o.shared.pending=null}}null===f&&(c=d),o.baseState=c,o.firstBaseUpdate=s,o.lastBaseUpdate=f,$i|=i,e.lanes=i,e.memoizedState=d}}function mo(e,t,n){if(e=t.effects,t.effects=null,null!==e)for(t=0;t<e.length;t++){var r=e[t],a=r.callback;if(null!==a){if(r.callback=null,r=n,"function"!==typeof a)throw Error(l(191,a));a.call(r)}}}var vo=(new r.Component).refs;function go(e,t,n,r){n=null===(n=n(r,t=e.memoizedState))||void 0===n?t:a({},t,n),e.memoizedState=n,0===e.lanes&&(e.updateQueue.baseState=n)}var yo={isMounted:function(e){return!!(e=e._reactInternals)&&Xe(e)===e},enqueueSetState:function(e,t,n){e=e._reactInternals;var r=du(),a=pu(e),o=so(r,a);o.payload=t,void 0!==n&&null!==n&&(o.callback=n),fo(e,o),hu(e,a,r)},enqueueReplaceState:function(e,t,n){e=e._reactInternals;var r=du(),a=pu(e),o=so(r,a);o.tag=1,o.payload=t,void 0!==n&&null!==n&&(o.callback=n),fo(e,o),hu(e,a,r)},enqueueForceUpdate:function(e,t){e=e._reactInternals;var n=du(),r=pu(e),a=so(n,r);a.tag=2,void 0!==t&&null!==t&&(a.callback=t),fo(e,a),hu(e,r,n)}};function bo(e,t,n,r,a,o,l){return"function"===typeof(e=e.stateNode).shouldComponentUpdate?e.shouldComponentUpdate(r,o,l):!t.prototype||!t.prototype.isPureReactComponent||(!dr(n,r)||!dr(a,o))}function _o(e,t,n){var r=!1,a=da,o=t.contextType;return"object"===typeof o&&null!==o?o=lo(o):(a=ga(t)?ma:pa.current,o=(r=null!==(r=t.contextTypes)&&void 0!==r)?va(e,a):da),t=new t(n,o),e.memoizedState=null!==t.state&&void 0!==t.state?t.state:null,t.updater=yo,e.stateNode=t,t._reactInternals=e,r&&((e=e.stateNode).__reactInternalMemoizedUnmaskedChildContext=a,e.__reactInternalMemoizedMaskedChildContext=o),t}function xo(e,t,n,r){e=t.state,"function"===typeof t.componentWillReceiveProps&&t.componentWillReceiveProps(n,r),"function"===typeof t.UNSAFE_componentWillReceiveProps&&t.UNSAFE_componentWillReceiveProps(n,r),t.state!==e&&yo.enqueueReplaceState(t,t.state,null)}function wo(e,t,n,r){var a=e.stateNode;a.props=n,a.state=e.memoizedState,a.refs=vo,uo(e);var o=t.contextType;"object"===typeof o&&null!==o?a.context=lo(o):(o=ga(t)?ma:pa.current,a.context=va(e,o)),ho(e,n,a,r),a.state=e.memoizedState,"function"===typeof(o=t.getDerivedStateFromProps)&&(go(e,t,o,n),a.state=e.memoizedState),"function"===typeof t.getDerivedStateFromProps||"function"===typeof a.getSnapshotBeforeUpdate||"function"!==typeof a.UNSAFE_componentWillMount&&"function"!==typeof a.componentWillMount||(t=a.state,"function"===typeof a.componentWillMount&&a.componentWillMount(),"function"===typeof a.UNSAFE_componentWillMount&&a.UNSAFE_componentWillMount(),t!==a.state&&yo.enqueueReplaceState(a,a.state,null),ho(e,n,a,r),a.state=e.memoizedState),"function"===typeof a.componentDidMount&&(e.flags|=4)}var ko=Array.isArray;function So(e,t,n){if(null!==(e=n.ref)&&"function"!==typeof e&&"object"!==typeof e){if(n._owner){if(n=n._owner){if(1!==n.tag)throw Error(l(309));var r=n.stateNode}if(!r)throw Error(l(147,e));var a=""+e;return null!==t&&null!==t.ref&&"function"===typeof t.ref&&t.ref._stringRef===a?t.ref:(t=function(e){var t=r.refs;t===vo&&(t=r.refs={}),null===e?delete t[a]:t[a]=e},t._stringRef=a,t)}if("string"!==typeof e)throw Error(l(284));if(!n._owner)throw Error(l(290,e))}return e}function Co(e,t){if("textarea"!==e.type)throw Error(l(31,"[object Object]"===Object.prototype.toString.call(t)?"object with keys {"+Object.keys(t).join(", ")+"}":t))}function Eo(e){function t(t,n){if(e){var r=t.lastEffect;null!==r?(r.nextEffect=n,t.lastEffect=n):t.firstEffect=t.lastEffect=n,n.nextEffect=null,n.flags=8}}function n(n,r){if(!e)return null;for(;null!==r;)t(n,r),r=r.sibling;return null}function r(e,t){for(e=new Map;null!==t;)null!==t.key?e.set(t.key,t):e.set(t.index,t),t=t.sibling;return e}function a(e,t){return(e=Qu(e,t)).index=0,e.sibling=null,e}function o(t,n,r){return t.index=r,e?null!==(r=t.alternate)?(r=r.index)<n?(t.flags=2,n):r:(t.flags=2,n):n}function i(t){return e&&null===t.alternate&&(t.flags=2),t}function u(e,t,n,r){return null===t||6!==t.tag?((t=Xu(n,e.mode,r)).return=e,t):((t=a(t,n)).return=e,t)}function c(e,t,n,r){return null!==t&&t.elementType===n.type?((r=a(t,n.props)).ref=So(e,t,n),r.return=e,r):((r=qu(n.type,n.key,n.props,null,e.mode,r)).ref=So(e,t,n),r.return=e,r)}function s(e,t,n,r){return null===t||4!==t.tag||t.stateNode.containerInfo!==n.containerInfo||t.stateNode.implementation!==n.implementation?((t=Gu(n,e.mode,r)).return=e,t):((t=a(t,n.children||[])).return=e,t)}function f(e,t,n,r,o){return null===t||7!==t.tag?((t=Ku(n,e.mode,r,o)).return=e,t):((t=a(t,n)).return=e,t)}function d(e,t,n){if("string"===typeof t||"number"===typeof t)return(t=Xu(""+t,e.mode,n)).return=e,t;if("object"===typeof t&&null!==t){switch(t.$$typeof){case w:return(n=qu(t.type,t.key,t.props,null,e.mode,n)).ref=So(e,null,t),n.return=e,n;case k:return(t=Gu(t,e.mode,n)).return=e,t}if(ko(t)||B(t))return(t=Ku(t,e.mode,n,null)).return=e,t;Co(e,t)}return null}function p(e,t,n,r){var a=null!==t?t.key:null;if("string"===typeof n||"number"===typeof n)return null!==a?null:u(e,t,""+n,r);if("object"===typeof n&&null!==n){switch(n.$$typeof){case w:return n.key===a?n.type===S?f(e,t,n.props.children,r,a):c(e,t,n,r):null;case k:return n.key===a?s(e,t,n,r):null}if(ko(n)||B(n))return null!==a?null:f(e,t,n,r,null);Co(e,n)}return null}function h(e,t,n,r,a){if("string"===typeof r||"number"===typeof r)return u(t,e=e.get(n)||null,""+r,a);if("object"===typeof r&&null!==r){switch(r.$$typeof){case w:return e=e.get(null===r.key?n:r.key)||null,r.type===S?f(t,e,r.props.children,a,r.key):c(t,e,r,a);case k:return s(t,e=e.get(null===r.key?n:r.key)||null,r,a)}if(ko(r)||B(r))return f(t,e=e.get(n)||null,r,a,null);Co(t,r)}return null}function m(a,l,i,u){for(var c=null,s=null,f=l,m=l=0,v=null;null!==f&&m<i.length;m++){f.index>m?(v=f,f=null):v=f.sibling;var g=p(a,f,i[m],u);if(null===g){null===f&&(f=v);break}e&&f&&null===g.alternate&&t(a,f),l=o(g,l,m),null===s?c=g:s.sibling=g,s=g,f=v}if(m===i.length)return n(a,f),c;if(null===f){for(;m<i.length;m++)null!==(f=d(a,i[m],u))&&(l=o(f,l,m),null===s?c=f:s.sibling=f,s=f);return c}for(f=r(a,f);m<i.length;m++)null!==(v=h(f,a,m,i[m],u))&&(e&&null!==v.alternate&&f.delete(null===v.key?m:v.key),l=o(v,l,m),null===s?c=v:s.sibling=v,s=v);return e&&f.forEach((function(e){return t(a,e)})),c}function v(a,i,u,c){var s=B(u);if("function"!==typeof s)throw Error(l(150));if(null==(u=s.call(u)))throw Error(l(151));for(var f=s=null,m=i,v=i=0,g=null,y=u.next();null!==m&&!y.done;v++,y=u.next()){m.index>v?(g=m,m=null):g=m.sibling;var b=p(a,m,y.value,c);if(null===b){null===m&&(m=g);break}e&&m&&null===b.alternate&&t(a,m),i=o(b,i,v),null===f?s=b:f.sibling=b,f=b,m=g}if(y.done)return n(a,m),s;if(null===m){for(;!y.done;v++,y=u.next())null!==(y=d(a,y.value,c))&&(i=o(y,i,v),null===f?s=y:f.sibling=y,f=y);return s}for(m=r(a,m);!y.done;v++,y=u.next())null!==(y=h(m,a,v,y.value,c))&&(e&&null!==y.alternate&&m.delete(null===y.key?v:y.key),i=o(y,i,v),null===f?s=y:f.sibling=y,f=y);return e&&m.forEach((function(e){return t(a,e)})),s}return function(e,r,o,u){var c="object"===typeof o&&null!==o&&o.type===S&&null===o.key;c&&(o=o.props.children);var s="object"===typeof o&&null!==o;if(s)switch(o.$$typeof){case w:e:{for(s=o.key,c=r;null!==c;){if(c.key===s){if(7===c.tag){if(o.type===S){n(e,c.sibling),(r=a(c,o.props.children)).return=e,e=r;break e}}else if(c.elementType===o.type){n(e,c.sibling),(r=a(c,o.props)).ref=So(e,c,o),r.return=e,e=r;break e}n(e,c);break}t(e,c),c=c.sibling}o.type===S?((r=Ku(o.props.children,e.mode,u,o.key)).return=e,e=r):((u=qu(o.type,o.key,o.props,null,e.mode,u)).ref=So(e,r,o),u.return=e,e=u)}return i(e);case k:e:{for(c=o.key;null!==r;){if(r.key===c){if(4===r.tag&&r.stateNode.containerInfo===o.containerInfo&&r.stateNode.implementation===o.implementation){n(e,r.sibling),(r=a(r,o.children||[])).return=e,e=r;break e}n(e,r);break}t(e,r),r=r.sibling}(r=Gu(o,e.mode,u)).return=e,e=r}return i(e)}if("string"===typeof o||"number"===typeof o)return o=""+o,null!==r&&6===r.tag?(n(e,r.sibling),(r=a(r,o)).return=e,e=r):(n(e,r),(r=Xu(o,e.mode,u)).return=e,e=r),i(e);if(ko(o))return m(e,r,o,u);if(B(o))return v(e,r,o,u);if(s&&Co(e,o),"undefined"===typeof o&&!c)switch(e.tag){case 1:case 22:case 0:case 11:case 15:throw Error(l(152,q(e.type)||"Component"))}return n(e,r)}}var No=Eo(!0),Po=Eo(!1),jo={},Oo=ca(jo),To=ca(jo),Lo=ca(jo);function Fo(e){if(e===jo)throw Error(l(174));return e}function zo(e,t){switch(fa(Lo,t),fa(To,e),fa(Oo,jo),e=t.nodeType){case 9:case 11:t=(t=t.documentElement)?t.namespaceURI:he(null,"");break;default:t=he(t=(e=8===e?t.parentNode:t).namespaceURI||null,e=e.tagName)}sa(Oo),fa(Oo,t)}function Ro(){sa(Oo),sa(To),sa(Lo)}function Mo(e){Fo(Lo.current);var t=Fo(Oo.current),n=he(t,e.type);t!==n&&(fa(To,e),fa(Oo,n))}function Io(e){To.current===e&&(sa(Oo),sa(To))}var Ao=ca(0);function Do(e){for(var t=e;null!==t;){if(13===t.tag){var n=t.memoizedState;if(null!==n&&(null===(n=n.dehydrated)||"$?"===n.data||"$!"===n.data))return t}else if(19===t.tag&&void 0!==t.memoizedProps.revealOrder){if(0!==(64&t.flags))return t}else if(null!==t.child){t.child.return=t,t=t.child;continue}if(t===e)break;for(;null===t.sibling;){if(null===t.return||t.return===e)return null;t=t.return}t.sibling.return=t.return,t=t.sibling}return null}var Uo=null,$o=null,Bo=!1;function Vo(e,t){var n=Wu(5,null,null,0);n.elementType="DELETED",n.type="DELETED",n.stateNode=t,n.return=e,n.flags=8,null!==e.lastEffect?(e.lastEffect.nextEffect=n,e.lastEffect=n):e.firstEffect=e.lastEffect=n}function Wo(e,t){switch(e.tag){case 5:var n=e.type;return null!==(t=1!==t.nodeType||n.toLowerCase()!==t.nodeName.toLowerCase()?null:t)&&(e.stateNode=t,!0);case 6:return null!==(t=""===e.pendingProps||3!==t.nodeType?null:t)&&(e.stateNode=t,!0);default:return!1}}function Ho(e){if(Bo){var t=$o;if(t){var n=t;if(!Wo(e,t)){if(!(t=Kr(n.nextSibling))||!Wo(e,t))return e.flags=-1025&e.flags|2,Bo=!1,void(Uo=e);Vo(Uo,n)}Uo=e,$o=Kr(t.firstChild)}else e.flags=-1025&e.flags|2,Bo=!1,Uo=e}}function Qo(e){for(e=e.return;null!==e&&5!==e.tag&&3!==e.tag&&13!==e.tag;)e=e.return;Uo=e}function qo(e){if(e!==Uo)return!1;if(!Bo)return Qo(e),Bo=!0,!1;var t=e.type;if(5!==e.tag||"head"!==t&&"body"!==t&&!Wr(t,e.memoizedProps))for(t=$o;t;)Vo(e,t),t=Kr(t.nextSibling);if(Qo(e),13===e.tag){if(!(e=null!==(e=e.memoizedState)?e.dehydrated:null))throw Error(l(317));e:{for(e=e.nextSibling,t=0;e;){if(8===e.nodeType){var n=e.data;if("/$"===n){if(0===t){$o=Kr(e.nextSibling);break e}t--}else"$"!==n&&"$!"!==n&&"$?"!==n||t++}e=e.nextSibling}$o=null}}else $o=Uo?Kr(e.stateNode.nextSibling):null;return!0}function Ko(){$o=Uo=null,Bo=!1}var Yo=[];function Xo(){for(var e=0;e<Yo.length;e++)Yo[e]._workInProgressVersionPrimary=null;Yo.length=0}var Go=x.ReactCurrentDispatcher,Jo=x.ReactCurrentBatchConfig,Zo=0,el=null,tl=null,nl=null,rl=!1,al=!1;function ol(){throw Error(l(321))}function ll(e,t){if(null===t)return!1;for(var n=0;n<t.length&&n<e.length;n++)if(!sr(e[n],t[n]))return!1;return!0}function il(e,t,n,r,a,o){if(Zo=o,el=t,t.memoizedState=null,t.updateQueue=null,t.lanes=0,Go.current=null===e||null===e.memoizedState?Fl:zl,e=n(r,a),al){o=0;do{if(al=!1,!(25>o))throw Error(l(301));o+=1,nl=tl=null,t.updateQueue=null,Go.current=Rl,e=n(r,a)}while(al)}if(Go.current=Ll,t=null!==tl&&null!==tl.next,Zo=0,nl=tl=el=null,rl=!1,t)throw Error(l(300));return e}function ul(){var e={memoizedState:null,baseState:null,baseQueue:null,queue:null,next:null};return null===nl?el.memoizedState=nl=e:nl=nl.next=e,nl}function cl(){if(null===tl){var e=el.alternate;e=null!==e?e.memoizedState:null}else e=tl.next;var t=null===nl?el.memoizedState:nl.next;if(null!==t)nl=t,tl=e;else{if(null===e)throw Error(l(310));e={memoizedState:(tl=e).memoizedState,baseState:tl.baseState,baseQueue:tl.baseQueue,queue:tl.queue,next:null},null===nl?el.memoizedState=nl=e:nl=nl.next=e}return nl}function sl(e,t){return"function"===typeof t?t(e):t}function fl(e){var t=cl(),n=t.queue;if(null===n)throw Error(l(311));n.lastRenderedReducer=e;var r=tl,a=r.baseQueue,o=n.pending;if(null!==o){if(null!==a){var i=a.next;a.next=o.next,o.next=i}r.baseQueue=a=o,n.pending=null}if(null!==a){a=a.next,r=r.baseState;var u=i=o=null,c=a;do{var s=c.lane;if((Zo&s)===s)null!==u&&(u=u.next={lane:0,action:c.action,eagerReducer:c.eagerReducer,eagerState:c.eagerState,next:null}),r=c.eagerReducer===e?c.eagerState:e(r,c.action);else{var f={lane:s,action:c.action,eagerReducer:c.eagerReducer,eagerState:c.eagerState,next:null};null===u?(i=u=f,o=r):u=u.next=f,el.lanes|=s,$i|=s}c=c.next}while(null!==c&&c!==a);null===u?o=r:u.next=i,sr(r,t.memoizedState)||(Il=!0),t.memoizedState=r,t.baseState=o,t.baseQueue=u,n.lastRenderedState=r}return[t.memoizedState,n.dispatch]}function dl(e){var t=cl(),n=t.queue;if(null===n)throw Error(l(311));n.lastRenderedReducer=e;var r=n.dispatch,a=n.pending,o=t.memoizedState;if(null!==a){n.pending=null;var i=a=a.next;do{o=e(o,i.action),i=i.next}while(i!==a);sr(o,t.memoizedState)||(Il=!0),t.memoizedState=o,null===t.baseQueue&&(t.baseState=o),n.lastRenderedState=o}return[o,r]}function pl(e,t,n){var r=t._getVersion;r=r(t._source);var a=t._workInProgressVersionPrimary;if(null!==a?e=a===r:(e=e.mutableReadLanes,(e=(Zo&e)===e)&&(t._workInProgressVersionPrimary=r,Yo.push(t))),e)return n(t._source);throw Yo.push(t),Error(l(350))}function hl(e,t,n,r){var a=Fi;if(null===a)throw Error(l(349));var o=t._getVersion,i=o(t._source),u=Go.current,c=u.useState((function(){return pl(a,t,n)})),s=c[1],f=c[0];c=nl;var d=e.memoizedState,p=d.refs,h=p.getSnapshot,m=d.source;d=d.subscribe;var v=el;return e.memoizedState={refs:p,source:t,subscribe:r},u.useEffect((function(){p.getSnapshot=n,p.setSnapshot=s;var e=o(t._source);if(!sr(i,e)){e=n(t._source),sr(f,e)||(s(e),e=pu(v),a.mutableReadLanes|=e&a.pendingLanes),e=a.mutableReadLanes,a.entangledLanes|=e;for(var r=a.entanglements,l=e;0<l;){var u=31-Wt(l),c=1<<u;r[u]|=e,l&=~c}}}),[n,t,r]),u.useEffect((function(){return r(t._source,(function(){var e=p.getSnapshot,n=p.setSnapshot;try{n(e(t._source));var r=pu(v);a.mutableReadLanes|=r&a.pendingLanes}catch(o){n((function(){throw o}))}}))}),[t,r]),sr(h,n)&&sr(m,t)&&sr(d,r)||((e={pending:null,dispatch:null,lastRenderedReducer:sl,lastRenderedState:f}).dispatch=s=Tl.bind(null,el,e),c.queue=e,c.baseQueue=null,f=pl(a,t,n),c.memoizedState=c.baseState=f),f}function ml(e,t,n){return hl(cl(),e,t,n)}function vl(e){var t=ul();return"function"===typeof e&&(e=e()),t.memoizedState=t.baseState=e,e=(e=t.queue={pending:null,dispatch:null,lastRenderedReducer:sl,lastRenderedState:e}).dispatch=Tl.bind(null,el,e),[t.memoizedState,e]}function gl(e,t,n,r){return e={tag:e,create:t,destroy:n,deps:r,next:null},null===(t=el.updateQueue)?(t={lastEffect:null},el.updateQueue=t,t.lastEffect=e.next=e):null===(n=t.lastEffect)?t.lastEffect=e.next=e:(r=n.next,n.next=e,e.next=r,t.lastEffect=e),e}function yl(e){return e={current:e},ul().memoizedState=e}function bl(){return cl().memoizedState}function _l(e,t,n,r){var a=ul();el.flags|=e,a.memoizedState=gl(1|t,n,void 0,void 0===r?null:r)}function xl(e,t,n,r){var a=cl();r=void 0===r?null:r;var o=void 0;if(null!==tl){var l=tl.memoizedState;if(o=l.destroy,null!==r&&ll(r,l.deps))return void gl(t,n,o,r)}el.flags|=e,a.memoizedState=gl(1|t,n,o,r)}function wl(e,t){return _l(516,4,e,t)}function kl(e,t){return xl(516,4,e,t)}function Sl(e,t){return xl(4,2,e,t)}function Cl(e,t){return"function"===typeof t?(e=e(),t(e),function(){t(null)}):null!==t&&void 0!==t?(e=e(),t.current=e,function(){t.current=null}):void 0}function El(e,t,n){return n=null!==n&&void 0!==n?n.concat([e]):null,xl(4,2,Cl.bind(null,t,e),n)}function Nl(){}function Pl(e,t){var n=cl();t=void 0===t?null:t;var r=n.memoizedState;return null!==r&&null!==t&&ll(t,r[1])?r[0]:(n.memoizedState=[e,t],e)}function jl(e,t){var n=cl();t=void 0===t?null:t;var r=n.memoizedState;return null!==r&&null!==t&&ll(t,r[1])?r[0]:(e=e(),n.memoizedState=[e,t],e)}function Ol(e,t){var n=Wa();Qa(98>n?98:n,(function(){e(!0)})),Qa(97<n?97:n,(function(){var n=Jo.transition;Jo.transition=1;try{e(!1),t()}finally{Jo.transition=n}}))}function Tl(e,t,n){var r=du(),a=pu(e),o={lane:a,action:n,eagerReducer:null,eagerState:null,next:null},l=t.pending;if(null===l?o.next=o:(o.next=l.next,l.next=o),t.pending=o,l=e.alternate,e===el||null!==l&&l===el)al=rl=!0;else{if(0===e.lanes&&(null===l||0===l.lanes)&&null!==(l=t.lastRenderedReducer))try{var i=t.lastRenderedState,u=l(i,n);if(o.eagerReducer=l,o.eagerState=u,sr(u,i))return}catch(c){}hu(e,a,r)}}var Ll={readContext:lo,useCallback:ol,useContext:ol,useEffect:ol,useImperativeHandle:ol,useLayoutEffect:ol,useMemo:ol,useReducer:ol,useRef:ol,useState:ol,useDebugValue:ol,useDeferredValue:ol,useTransition:ol,useMutableSource:ol,useOpaqueIdentifier:ol,unstable_isNewReconciler:!1},Fl={readContext:lo,useCallback:function(e,t){return ul().memoizedState=[e,void 0===t?null:t],e},useContext:lo,useEffect:wl,useImperativeHandle:function(e,t,n){return n=null!==n&&void 0!==n?n.concat([e]):null,_l(4,2,Cl.bind(null,t,e),n)},useLayoutEffect:function(e,t){return _l(4,2,e,t)},useMemo:function(e,t){var n=ul();return t=void 0===t?null:t,e=e(),n.memoizedState=[e,t],e},useReducer:function(e,t,n){var r=ul();return t=void 0!==n?n(t):t,r.memoizedState=r.baseState=t,e=(e=r.queue={pending:null,dispatch:null,lastRenderedReducer:e,lastRenderedState:t}).dispatch=Tl.bind(null,el,e),[r.memoizedState,e]},useRef:yl,useState:vl,useDebugValue:Nl,useDeferredValue:function(e){var t=vl(e),n=t[0],r=t[1];return wl((function(){var t=Jo.transition;Jo.transition=1;try{r(e)}finally{Jo.transition=t}}),[e]),n},useTransition:function(){var e=vl(!1),t=e[0];return yl(e=Ol.bind(null,e[1])),[e,t]},useMutableSource:function(e,t,n){var r=ul();return r.memoizedState={refs:{getSnapshot:t,setSnapshot:null},source:e,subscribe:n},hl(r,e,t,n)},useOpaqueIdentifier:function(){if(Bo){var e=!1,t=function(e){return{$$typeof:R,toString:e,valueOf:e}}((function(){throw e||(e=!0,n("r:"+(Xr++).toString(36))),Error(l(355))})),n=vl(t)[1];return 0===(2&el.mode)&&(el.flags|=516,gl(5,(function(){n("r:"+(Xr++).toString(36))}),void 0,null)),t}return vl(t="r:"+(Xr++).toString(36)),t},unstable_isNewReconciler:!1},zl={readContext:lo,useCallback:Pl,useContext:lo,useEffect:kl,useImperativeHandle:El,useLayoutEffect:Sl,useMemo:jl,useReducer:fl,useRef:bl,useState:function(){return fl(sl)},useDebugValue:Nl,useDeferredValue:function(e){var t=fl(sl),n=t[0],r=t[1];return kl((function(){var t=Jo.transition;Jo.transition=1;try{r(e)}finally{Jo.transition=t}}),[e]),n},useTransition:function(){var e=fl(sl)[0];return[bl().current,e]},useMutableSource:ml,useOpaqueIdentifier:function(){return fl(sl)[0]},unstable_isNewReconciler:!1},Rl={readContext:lo,useCallback:Pl,useContext:lo,useEffect:kl,useImperativeHandle:El,useLayoutEffect:Sl,useMemo:jl,useReducer:dl,useRef:bl,useState:function(){return dl(sl)},useDebugValue:Nl,useDeferredValue:function(e){var t=dl(sl),n=t[0],r=t[1];return kl((function(){var t=Jo.transition;Jo.transition=1;try{r(e)}finally{Jo.transition=t}}),[e]),n},useTransition:function(){var e=dl(sl)[0];return[bl().current,e]},useMutableSource:ml,useOpaqueIdentifier:function(){return dl(sl)[0]},unstable_isNewReconciler:!1},Ml=x.ReactCurrentOwner,Il=!1;function Al(e,t,n,r){t.child=null===e?Po(t,null,n,r):No(t,e.child,n,r)}function Dl(e,t,n,r,a){n=n.render;var o=t.ref;return oo(t,a),r=il(e,t,n,r,o,a),null===e||Il?(t.flags|=1,Al(e,t,r,a),t.child):(t.updateQueue=e.updateQueue,t.flags&=-517,e.lanes&=~a,oi(e,t,a))}function Ul(e,t,n,r,a,o){if(null===e){var l=n.type;return"function"!==typeof l||Hu(l)||void 0!==l.defaultProps||null!==n.compare||void 0!==n.defaultProps?((e=qu(n.type,null,r,t,t.mode,o)).ref=t.ref,e.return=t,t.child=e):(t.tag=15,t.type=l,$l(e,t,l,r,a,o))}return l=e.child,0===(a&o)&&(a=l.memoizedProps,(n=null!==(n=n.compare)?n:dr)(a,r)&&e.ref===t.ref)?oi(e,t,o):(t.flags|=1,(e=Qu(l,r)).ref=t.ref,e.return=t,t.child=e)}function $l(e,t,n,r,a,o){if(null!==e&&dr(e.memoizedProps,r)&&e.ref===t.ref){if(Il=!1,0===(o&a))return t.lanes=e.lanes,oi(e,t,o);0!==(16384&e.flags)&&(Il=!0)}return Wl(e,t,n,r,o)}function Bl(e,t,n){var r=t.pendingProps,a=r.children,o=null!==e?e.memoizedState:null;if("hidden"===r.mode||"unstable-defer-without-hiding"===r.mode)if(0===(4&t.mode))t.memoizedState={baseLanes:0},wu(t,n);else{if(0===(1073741824&n))return e=null!==o?o.baseLanes|n:n,t.lanes=t.childLanes=1073741824,t.memoizedState={baseLanes:e},wu(t,e),null;t.memoizedState={baseLanes:0},wu(t,null!==o?o.baseLanes:n)}else null!==o?(r=o.baseLanes|n,t.memoizedState=null):r=n,wu(t,r);return Al(e,t,a,n),t.child}function Vl(e,t){var n=t.ref;(null===e&&null!==n||null!==e&&e.ref!==n)&&(t.flags|=128)}function Wl(e,t,n,r,a){var o=ga(n)?ma:pa.current;return o=va(t,o),oo(t,a),n=il(e,t,n,r,o,a),null===e||Il?(t.flags|=1,Al(e,t,n,a),t.child):(t.updateQueue=e.updateQueue,t.flags&=-517,e.lanes&=~a,oi(e,t,a))}function Hl(e,t,n,r,a){if(ga(n)){var o=!0;xa(t)}else o=!1;if(oo(t,a),null===t.stateNode)null!==e&&(e.alternate=null,t.alternate=null,t.flags|=2),_o(t,n,r),wo(t,n,r,a),r=!0;else if(null===e){var l=t.stateNode,i=t.memoizedProps;l.props=i;var u=l.context,c=n.contextType;"object"===typeof c&&null!==c?c=lo(c):c=va(t,c=ga(n)?ma:pa.current);var s=n.getDerivedStateFromProps,f="function"===typeof s||"function"===typeof l.getSnapshotBeforeUpdate;f||"function"!==typeof l.UNSAFE_componentWillReceiveProps&&"function"!==typeof l.componentWillReceiveProps||(i!==r||u!==c)&&xo(t,l,r,c),io=!1;var d=t.memoizedState;l.state=d,ho(t,r,l,a),u=t.memoizedState,i!==r||d!==u||ha.current||io?("function"===typeof s&&(go(t,n,s,r),u=t.memoizedState),(i=io||bo(t,n,i,r,d,u,c))?(f||"function"!==typeof l.UNSAFE_componentWillMount&&"function"!==typeof l.componentWillMount||("function"===typeof l.componentWillMount&&l.componentWillMount(),"function"===typeof l.UNSAFE_componentWillMount&&l.UNSAFE_componentWillMount()),"function"===typeof l.componentDidMount&&(t.flags|=4)):("function"===typeof l.componentDidMount&&(t.flags|=4),t.memoizedProps=r,t.memoizedState=u),l.props=r,l.state=u,l.context=c,r=i):("function"===typeof l.componentDidMount&&(t.flags|=4),r=!1)}else{l=t.stateNode,co(e,t),i=t.memoizedProps,c=t.type===t.elementType?i:Ga(t.type,i),l.props=c,f=t.pendingProps,d=l.context,"object"===typeof(u=n.contextType)&&null!==u?u=lo(u):u=va(t,u=ga(n)?ma:pa.current);var p=n.getDerivedStateFromProps;(s="function"===typeof p||"function"===typeof l.getSnapshotBeforeUpdate)||"function"!==typeof l.UNSAFE_componentWillReceiveProps&&"function"!==typeof l.componentWillReceiveProps||(i!==f||d!==u)&&xo(t,l,r,u),io=!1,d=t.memoizedState,l.state=d,ho(t,r,l,a);var h=t.memoizedState;i!==f||d!==h||ha.current||io?("function"===typeof p&&(go(t,n,p,r),h=t.memoizedState),(c=io||bo(t,n,c,r,d,h,u))?(s||"function"!==typeof l.UNSAFE_componentWillUpdate&&"function"!==typeof l.componentWillUpdate||("function"===typeof l.componentWillUpdate&&l.componentWillUpdate(r,h,u),"function"===typeof l.UNSAFE_componentWillUpdate&&l.UNSAFE_componentWillUpdate(r,h,u)),"function"===typeof l.componentDidUpdate&&(t.flags|=4),"function"===typeof l.getSnapshotBeforeUpdate&&(t.flags|=256)):("function"!==typeof l.componentDidUpdate||i===e.memoizedProps&&d===e.memoizedState||(t.flags|=4),"function"!==typeof l.getSnapshotBeforeUpdate||i===e.memoizedProps&&d===e.memoizedState||(t.flags|=256),t.memoizedProps=r,t.memoizedState=h),l.props=r,l.state=h,l.context=u,r=c):("function"!==typeof l.componentDidUpdate||i===e.memoizedProps&&d===e.memoizedState||(t.flags|=4),"function"!==typeof l.getSnapshotBeforeUpdate||i===e.memoizedProps&&d===e.memoizedState||(t.flags|=256),r=!1)}return Ql(e,t,n,r,o,a)}function Ql(e,t,n,r,a,o){Vl(e,t);var l=0!==(64&t.flags);if(!r&&!l)return a&&wa(t,n,!1),oi(e,t,o);r=t.stateNode,Ml.current=t;var i=l&&"function"!==typeof n.getDerivedStateFromError?null:r.render();return t.flags|=1,null!==e&&l?(t.child=No(t,e.child,null,o),t.child=No(t,null,i,o)):Al(e,t,i,o),t.memoizedState=r.state,a&&wa(t,n,!0),t.child}function ql(e){var t=e.stateNode;t.pendingContext?ba(0,t.pendingContext,t.pendingContext!==t.context):t.context&&ba(0,t.context,!1),zo(e,t.containerInfo)}var Kl,Yl,Xl,Gl={dehydrated:null,retryLane:0};function Jl(e,t,n){var r,a=t.pendingProps,o=Ao.current,l=!1;return(r=0!==(64&t.flags))||(r=(null===e||null!==e.memoizedState)&&0!==(2&o)),r?(l=!0,t.flags&=-65):null!==e&&null===e.memoizedState||void 0===a.fallback||!0===a.unstable_avoidThisFallback||(o|=1),fa(Ao,1&o),null===e?(void 0!==a.fallback&&Ho(t),e=a.children,o=a.fallback,l?(e=Zl(t,e,o,n),t.child.memoizedState={baseLanes:n},t.memoizedState=Gl,e):"number"===typeof a.unstable_expectedLoadTime?(e=Zl(t,e,o,n),t.child.memoizedState={baseLanes:n},t.memoizedState=Gl,t.lanes=33554432,e):((n=Yu({mode:"visible",children:e},t.mode,n,null)).return=t,t.child=n)):(e.memoizedState,l?(a=ti(e,t,a.children,a.fallback,n),l=t.child,o=e.child.memoizedState,l.memoizedState=null===o?{baseLanes:n}:{baseLanes:o.baseLanes|n},l.childLanes=e.childLanes&~n,t.memoizedState=Gl,a):(n=ei(e,t,a.children,n),t.memoizedState=null,n))}function Zl(e,t,n,r){var a=e.mode,o=e.child;return t={mode:"hidden",children:t},0===(2&a)&&null!==o?(o.childLanes=0,o.pendingProps=t):o=Yu(t,a,0,null),n=Ku(n,a,r,null),o.return=e,n.return=e,o.sibling=n,e.child=o,n}function ei(e,t,n,r){var a=e.child;return e=a.sibling,n=Qu(a,{mode:"visible",children:n}),0===(2&t.mode)&&(n.lanes=r),n.return=t,n.sibling=null,null!==e&&(e.nextEffect=null,e.flags=8,t.firstEffect=t.lastEffect=e),t.child=n}function ti(e,t,n,r,a){var o=t.mode,l=e.child;e=l.sibling;var i={mode:"hidden",children:n};return 0===(2&o)&&t.child!==l?((n=t.child).childLanes=0,n.pendingProps=i,null!==(l=n.lastEffect)?(t.firstEffect=n.firstEffect,t.lastEffect=l,l.nextEffect=null):t.firstEffect=t.lastEffect=null):n=Qu(l,i),null!==e?r=Qu(e,r):(r=Ku(r,o,a,null)).flags|=2,r.return=t,n.return=t,n.sibling=r,t.child=n,r}function ni(e,t){e.lanes|=t;var n=e.alternate;null!==n&&(n.lanes|=t),ao(e.return,t)}function ri(e,t,n,r,a,o){var l=e.memoizedState;null===l?e.memoizedState={isBackwards:t,rendering:null,renderingStartTime:0,last:r,tail:n,tailMode:a,lastEffect:o}:(l.isBackwards=t,l.rendering=null,l.renderingStartTime=0,l.last=r,l.tail=n,l.tailMode=a,l.lastEffect=o)}function ai(e,t,n){var r=t.pendingProps,a=r.revealOrder,o=r.tail;if(Al(e,t,r.children,n),0!==(2&(r=Ao.current)))r=1&r|2,t.flags|=64;else{if(null!==e&&0!==(64&e.flags))e:for(e=t.child;null!==e;){if(13===e.tag)null!==e.memoizedState&&ni(e,n);else if(19===e.tag)ni(e,n);else if(null!==e.child){e.child.return=e,e=e.child;continue}if(e===t)break e;for(;null===e.sibling;){if(null===e.return||e.return===t)break e;e=e.return}e.sibling.return=e.return,e=e.sibling}r&=1}if(fa(Ao,r),0===(2&t.mode))t.memoizedState=null;else switch(a){case"forwards":for(n=t.child,a=null;null!==n;)null!==(e=n.alternate)&&null===Do(e)&&(a=n),n=n.sibling;null===(n=a)?(a=t.child,t.child=null):(a=n.sibling,n.sibling=null),ri(t,!1,a,n,o,t.lastEffect);break;case"backwards":for(n=null,a=t.child,t.child=null;null!==a;){if(null!==(e=a.alternate)&&null===Do(e)){t.child=a;break}e=a.sibling,a.sibling=n,n=a,a=e}ri(t,!0,n,null,o,t.lastEffect);break;case"together":ri(t,!1,null,null,void 0,t.lastEffect);break;default:t.memoizedState=null}return t.child}function oi(e,t,n){if(null!==e&&(t.dependencies=e.dependencies),$i|=t.lanes,0!==(n&t.childLanes)){if(null!==e&&t.child!==e.child)throw Error(l(153));if(null!==t.child){for(n=Qu(e=t.child,e.pendingProps),t.child=n,n.return=t;null!==e.sibling;)e=e.sibling,(n=n.sibling=Qu(e,e.pendingProps)).return=t;n.sibling=null}return t.child}return null}function li(e,t){if(!Bo)switch(e.tailMode){case"hidden":t=e.tail;for(var n=null;null!==t;)null!==t.alternate&&(n=t),t=t.sibling;null===n?e.tail=null:n.sibling=null;break;case"collapsed":n=e.tail;for(var r=null;null!==n;)null!==n.alternate&&(r=n),n=n.sibling;null===r?t||null===e.tail?e.tail=null:e.tail.sibling=null:r.sibling=null}}function ii(e,t,n){var r=t.pendingProps;switch(t.tag){case 2:case 16:case 15:case 0:case 11:case 7:case 8:case 12:case 9:case 14:return null;case 1:case 17:return ga(t.type)&&ya(),null;case 3:return Ro(),sa(ha),sa(pa),Xo(),(r=t.stateNode).pendingContext&&(r.context=r.pendingContext,r.pendingContext=null),null!==e&&null!==e.child||(qo(t)?t.flags|=4:r.hydrate||(t.flags|=256)),null;case 5:Io(t);var o=Fo(Lo.current);if(n=t.type,null!==e&&null!=t.stateNode)Yl(e,t,n,r),e.ref!==t.ref&&(t.flags|=128);else{if(!r){if(null===t.stateNode)throw Error(l(166));return null}if(e=Fo(Oo.current),qo(t)){r=t.stateNode,n=t.type;var i=t.memoizedProps;switch(r[Jr]=t,r[Zr]=i,n){case"dialog":Or("cancel",r),Or("close",r);break;case"iframe":case"object":case"embed":Or("load",r);break;case"video":case"audio":for(e=0;e<Er.length;e++)Or(Er[e],r);break;case"source":Or("error",r);break;case"img":case"image":case"link":Or("error",r),Or("load",r);break;case"details":Or("toggle",r);break;case"input":ee(r,i),Or("invalid",r);break;case"select":r._wrapperState={wasMultiple:!!i.multiple},Or("invalid",r);break;case"textarea":ue(r,i),Or("invalid",r)}for(var c in Se(n,i),e=null,i)i.hasOwnProperty(c)&&(o=i[c],"children"===c?"string"===typeof o?r.textContent!==o&&(e=["children",o]):"number"===typeof o&&r.textContent!==""+o&&(e=["children",""+o]):u.hasOwnProperty(c)&&null!=o&&"onScroll"===c&&Or("scroll",r));switch(n){case"input":X(r),re(r,i,!0);break;case"textarea":X(r),se(r);break;case"select":case"option":break;default:"function"===typeof i.onClick&&(r.onclick=Ur)}r=e,t.updateQueue=r,null!==r&&(t.flags|=4)}else{switch(c=9===o.nodeType?o:o.ownerDocument,e===fe&&(e=pe(n)),e===fe?"script"===n?((e=c.createElement("div")).innerHTML="<script><\\/script>",e=e.removeChild(e.firstChild)):"string"===typeof r.is?e=c.createElement(n,{is:r.is}):(e=c.createElement(n),"select"===n&&(c=e,r.multiple?c.multiple=!0:r.size&&(c.size=r.size))):e=c.createElementNS(e,n),e[Jr]=t,e[Zr]=r,Kl(e,t),t.stateNode=e,c=Ce(n,r),n){case"dialog":Or("cancel",e),Or("close",e),o=r;break;case"iframe":case"object":case"embed":Or("load",e),o=r;break;case"video":case"audio":for(o=0;o<Er.length;o++)Or(Er[o],e);o=r;break;case"source":Or("error",e),o=r;break;case"img":case"image":case"link":Or("error",e),Or("load",e),o=r;break;case"details":Or("toggle",e),o=r;break;case"input":ee(e,r),o=Z(e,r),Or("invalid",e);break;case"option":o=oe(e,r);break;case"select":e._wrapperState={wasMultiple:!!r.multiple},o=a({},r,{value:void 0}),Or("invalid",e);break;case"textarea":ue(e,r),o=ie(e,r),Or("invalid",e);break;default:o=r}Se(n,o);var s=o;for(i in s)if(s.hasOwnProperty(i)){var f=s[i];"style"===i?we(e,f):"dangerouslySetInnerHTML"===i?null!=(f=f?f.__html:void 0)&&ge(e,f):"children"===i?"string"===typeof f?("textarea"!==n||""!==f)&&ye(e,f):"number"===typeof f&&ye(e,""+f):"suppressContentEditableWarning"!==i&&"suppressHydrationWarning"!==i&&"autoFocus"!==i&&(u.hasOwnProperty(i)?null!=f&&"onScroll"===i&&Or("scroll",e):null!=f&&_(e,i,f,c))}switch(n){case"input":X(e),re(e,r,!1);break;case"textarea":X(e),se(e);break;case"option":null!=r.value&&e.setAttribute("value",""+K(r.value));break;case"select":e.multiple=!!r.multiple,null!=(i=r.value)?le(e,!!r.multiple,i,!1):null!=r.defaultValue&&le(e,!!r.multiple,r.defaultValue,!0);break;default:"function"===typeof o.onClick&&(e.onclick=Ur)}Vr(n,r)&&(t.flags|=4)}null!==t.ref&&(t.flags|=128)}return null;case 6:if(e&&null!=t.stateNode)Xl(0,t,e.memoizedProps,r);else{if("string"!==typeof r&&null===t.stateNode)throw Error(l(166));n=Fo(Lo.current),Fo(Oo.current),qo(t)?(r=t.stateNode,n=t.memoizedProps,r[Jr]=t,r.nodeValue!==n&&(t.flags|=4)):((r=(9===n.nodeType?n:n.ownerDocument).createTextNode(r))[Jr]=t,t.stateNode=r)}return null;case 13:return sa(Ao),r=t.memoizedState,0!==(64&t.flags)?(t.lanes=n,t):(r=null!==r,n=!1,null===e?void 0!==t.memoizedProps.fallback&&qo(t):n=null!==e.memoizedState,r&&!n&&0!==(2&t.mode)&&(null===e&&!0!==t.memoizedProps.unstable_avoidThisFallback||0!==(1&Ao.current)?0===Ai&&(Ai=3):(0!==Ai&&3!==Ai||(Ai=4),null===Fi||0===(134217727&$i)&&0===(134217727&Bi)||yu(Fi,Ri))),(r||n)&&(t.flags|=4),null);case 4:return Ro(),null===e&&Lr(t.stateNode.containerInfo),null;case 10:return ro(t),null;case 19:if(sa(Ao),null===(r=t.memoizedState))return null;if(i=0!==(64&t.flags),null===(c=r.rendering))if(i)li(r,!1);else{if(0!==Ai||null!==e&&0!==(64&e.flags))for(e=t.child;null!==e;){if(null!==(c=Do(e))){for(t.flags|=64,li(r,!1),null!==(i=c.updateQueue)&&(t.updateQueue=i,t.flags|=4),null===r.lastEffect&&(t.firstEffect=null),t.lastEffect=r.lastEffect,r=n,n=t.child;null!==n;)e=r,(i=n).flags&=2,i.nextEffect=null,i.firstEffect=null,i.lastEffect=null,null===(c=i.alternate)?(i.childLanes=0,i.lanes=e,i.child=null,i.memoizedProps=null,i.memoizedState=null,i.updateQueue=null,i.dependencies=null,i.stateNode=null):(i.childLanes=c.childLanes,i.lanes=c.lanes,i.child=c.child,i.memoizedProps=c.memoizedProps,i.memoizedState=c.memoizedState,i.updateQueue=c.updateQueue,i.type=c.type,e=c.dependencies,i.dependencies=null===e?null:{lanes:e.lanes,firstContext:e.firstContext}),n=n.sibling;return fa(Ao,1&Ao.current|2),t.child}e=e.sibling}null!==r.tail&&Va()>Qi&&(t.flags|=64,i=!0,li(r,!1),t.lanes=33554432)}else{if(!i)if(null!==(e=Do(c))){if(t.flags|=64,i=!0,null!==(n=e.updateQueue)&&(t.updateQueue=n,t.flags|=4),li(r,!0),null===r.tail&&"hidden"===r.tailMode&&!c.alternate&&!Bo)return null!==(t=t.lastEffect=r.lastEffect)&&(t.nextEffect=null),null}else 2*Va()-r.renderingStartTime>Qi&&1073741824!==n&&(t.flags|=64,i=!0,li(r,!1),t.lanes=33554432);r.isBackwards?(c.sibling=t.child,t.child=c):(null!==(n=r.last)?n.sibling=c:t.child=c,r.last=c)}return null!==r.tail?(n=r.tail,r.rendering=n,r.tail=n.sibling,r.lastEffect=t.lastEffect,r.renderingStartTime=Va(),n.sibling=null,t=Ao.current,fa(Ao,i?1&t|2:1&t),n):null;case 23:case 24:return ku(),null!==e&&null!==e.memoizedState!==(null!==t.memoizedState)&&"unstable-defer-without-hiding"!==r.mode&&(t.flags|=4),null}throw Error(l(156,t.tag))}function ui(e){switch(e.tag){case 1:ga(e.type)&&ya();var t=e.flags;return 4096&t?(e.flags=-4097&t|64,e):null;case 3:if(Ro(),sa(ha),sa(pa),Xo(),0!==(64&(t=e.flags)))throw Error(l(285));return e.flags=-4097&t|64,e;case 5:return Io(e),null;case 13:return sa(Ao),4096&(t=e.flags)?(e.flags=-4097&t|64,e):null;case 19:return sa(Ao),null;case 4:return Ro(),null;case 10:return ro(e),null;case 23:case 24:return ku(),null;default:return null}}function ci(e,t){try{var n="",r=t;do{n+=Q(r),r=r.return}while(r);var a=n}catch(o){a="\\nError generating stack: "+o.message+"\\n"+o.stack}return{value:e,source:t,stack:a}}function si(e,t){try{console.error(t.value)}catch(n){setTimeout((function(){throw n}))}}Kl=function(e,t){for(var n=t.child;null!==n;){if(5===n.tag||6===n.tag)e.appendChild(n.stateNode);else if(4!==n.tag&&null!==n.child){n.child.return=n,n=n.child;continue}if(n===t)break;for(;null===n.sibling;){if(null===n.return||n.return===t)return;n=n.return}n.sibling.return=n.return,n=n.sibling}},Yl=function(e,t,n,r){var o=e.memoizedProps;if(o!==r){e=t.stateNode,Fo(Oo.current);var l,i=null;switch(n){case"input":o=Z(e,o),r=Z(e,r),i=[];break;case"option":o=oe(e,o),r=oe(e,r),i=[];break;case"select":o=a({},o,{value:void 0}),r=a({},r,{value:void 0}),i=[];break;case"textarea":o=ie(e,o),r=ie(e,r),i=[];break;default:"function"!==typeof o.onClick&&"function"===typeof r.onClick&&(e.onclick=Ur)}for(f in Se(n,r),n=null,o)if(!r.hasOwnProperty(f)&&o.hasOwnProperty(f)&&null!=o[f])if("style"===f){var c=o[f];for(l in c)c.hasOwnProperty(l)&&(n||(n={}),n[l]="")}else"dangerouslySetInnerHTML"!==f&&"children"!==f&&"suppressContentEditableWarning"!==f&&"suppressHydrationWarning"!==f&&"autoFocus"!==f&&(u.hasOwnProperty(f)?i||(i=[]):(i=i||[]).push(f,null));for(f in r){var s=r[f];if(c=null!=o?o[f]:void 0,r.hasOwnProperty(f)&&s!==c&&(null!=s||null!=c))if("style"===f)if(c){for(l in c)!c.hasOwnProperty(l)||s&&s.hasOwnProperty(l)||(n||(n={}),n[l]="");for(l in s)s.hasOwnProperty(l)&&c[l]!==s[l]&&(n||(n={}),n[l]=s[l])}else n||(i||(i=[]),i.push(f,n)),n=s;else"dangerouslySetInnerHTML"===f?(s=s?s.__html:void 0,c=c?c.__html:void 0,null!=s&&c!==s&&(i=i||[]).push(f,s)):"children"===f?"string"!==typeof s&&"number"!==typeof s||(i=i||[]).push(f,""+s):"suppressContentEditableWarning"!==f&&"suppressHydrationWarning"!==f&&(u.hasOwnProperty(f)?(null!=s&&"onScroll"===f&&Or("scroll",e),i||c===s||(i=[])):"object"===typeof s&&null!==s&&s.$$typeof===R?s.toString():(i=i||[]).push(f,s))}n&&(i=i||[]).push("style",n);var f=i;(t.updateQueue=f)&&(t.flags|=4)}},Xl=function(e,t,n,r){n!==r&&(t.flags|=4)};var fi="function"===typeof WeakMap?WeakMap:Map;function di(e,t,n){(n=so(-1,n)).tag=3,n.payload={element:null};var r=t.value;return n.callback=function(){Xi||(Xi=!0,Gi=r),si(0,t)},n}function pi(e,t,n){(n=so(-1,n)).tag=3;var r=e.type.getDerivedStateFromError;if("function"===typeof r){var a=t.value;n.payload=function(){return si(0,t),r(a)}}var o=e.stateNode;return null!==o&&"function"===typeof o.componentDidCatch&&(n.callback=function(){"function"!==typeof r&&(null===Ji?Ji=new Set([this]):Ji.add(this),si(0,t));var e=t.stack;this.componentDidCatch(t.value,{componentStack:null!==e?e:""})}),n}var hi="function"===typeof WeakSet?WeakSet:Set;function mi(e){var t=e.ref;if(null!==t)if("function"===typeof t)try{t(null)}catch(n){Uu(e,n)}else t.current=null}function vi(e,t){switch(t.tag){case 0:case 11:case 15:case 22:case 5:case 6:case 4:case 17:return;case 1:if(256&t.flags&&null!==e){var n=e.memoizedProps,r=e.memoizedState;t=(e=t.stateNode).getSnapshotBeforeUpdate(t.elementType===t.type?n:Ga(t.type,n),r),e.__reactInternalSnapshotBeforeUpdate=t}return;case 3:return void(256&t.flags&&qr(t.stateNode.containerInfo))}throw Error(l(163))}function gi(e,t,n){switch(n.tag){case 0:case 11:case 15:case 22:if(null!==(t=null!==(t=n.updateQueue)?t.lastEffect:null)){e=t=t.next;do{if(3===(3&e.tag)){var r=e.create;e.destroy=r()}e=e.next}while(e!==t)}if(null!==(t=null!==(t=n.updateQueue)?t.lastEffect:null)){e=t=t.next;do{var a=e;r=a.next,0!==(4&(a=a.tag))&&0!==(1&a)&&(Iu(n,e),Mu(n,e)),e=r}while(e!==t)}return;case 1:return e=n.stateNode,4&n.flags&&(null===t?e.componentDidMount():(r=n.elementType===n.type?t.memoizedProps:Ga(n.type,t.memoizedProps),e.componentDidUpdate(r,t.memoizedState,e.__reactInternalSnapshotBeforeUpdate))),void(null!==(t=n.updateQueue)&&mo(n,t,e));case 3:if(null!==(t=n.updateQueue)){if(e=null,null!==n.child)switch(n.child.tag){case 5:case 1:e=n.child.stateNode}mo(n,t,e)}return;case 5:return e=n.stateNode,void(null===t&&4&n.flags&&Vr(n.type,n.memoizedProps)&&e.focus());case 6:case 4:case 12:case 19:case 17:case 20:case 21:case 23:case 24:return;case 13:return void(null===n.memoizedState&&(n=n.alternate,null!==n&&(n=n.memoizedState,null!==n&&(n=n.dehydrated,null!==n&&wt(n)))))}throw Error(l(163))}function yi(e,t){for(var n=e;;){if(5===n.tag){var r=n.stateNode;if(t)"function"===typeof(r=r.style).setProperty?r.setProperty("display","none","important"):r.display="none";else{r=n.stateNode;var a=n.memoizedProps.style;a=void 0!==a&&null!==a&&a.hasOwnProperty("display")?a.display:null,r.style.display=xe("display",a)}}else if(6===n.tag)n.stateNode.nodeValue=t?"":n.memoizedProps;else if((23!==n.tag&&24!==n.tag||null===n.memoizedState||n===e)&&null!==n.child){n.child.return=n,n=n.child;continue}if(n===e)break;for(;null===n.sibling;){if(null===n.return||n.return===e)return;n=n.return}n.sibling.return=n.return,n=n.sibling}}function bi(e,t){if(Sa&&"function"===typeof Sa.onCommitFiberUnmount)try{Sa.onCommitFiberUnmount(ka,t)}catch(o){}switch(t.tag){case 0:case 11:case 14:case 15:case 22:if(null!==(e=t.updateQueue)&&null!==(e=e.lastEffect)){var n=e=e.next;do{var r=n,a=r.destroy;if(r=r.tag,void 0!==a)if(0!==(4&r))Iu(t,n);else{r=t;try{a()}catch(o){Uu(r,o)}}n=n.next}while(n!==e)}break;case 1:if(mi(t),"function"===typeof(e=t.stateNode).componentWillUnmount)try{e.props=t.memoizedProps,e.state=t.memoizedState,e.componentWillUnmount()}catch(o){Uu(t,o)}break;case 5:mi(t);break;case 4:Ci(e,t)}}function _i(e){e.alternate=null,e.child=null,e.dependencies=null,e.firstEffect=null,e.lastEffect=null,e.memoizedProps=null,e.memoizedState=null,e.pendingProps=null,e.return=null,e.updateQueue=null}function xi(e){return 5===e.tag||3===e.tag||4===e.tag}function wi(e){e:{for(var t=e.return;null!==t;){if(xi(t))break e;t=t.return}throw Error(l(160))}var n=t;switch(t=n.stateNode,n.tag){case 5:var r=!1;break;case 3:case 4:t=t.containerInfo,r=!0;break;default:throw Error(l(161))}16&n.flags&&(ye(t,""),n.flags&=-17);e:t:for(n=e;;){for(;null===n.sibling;){if(null===n.return||xi(n.return)){n=null;break e}n=n.return}for(n.sibling.return=n.return,n=n.sibling;5!==n.tag&&6!==n.tag&&18!==n.tag;){if(2&n.flags)continue t;if(null===n.child||4===n.tag)continue t;n.child.return=n,n=n.child}if(!(2&n.flags)){n=n.stateNode;break e}}r?ki(e,n,t):Si(e,n,t)}function ki(e,t,n){var r=e.tag,a=5===r||6===r;if(a)e=a?e.stateNode:e.stateNode.instance,t?8===n.nodeType?n.parentNode.insertBefore(e,t):n.insertBefore(e,t):(8===n.nodeType?(t=n.parentNode).insertBefore(e,n):(t=n).appendChild(e),null!==(n=n._reactRootContainer)&&void 0!==n||null!==t.onclick||(t.onclick=Ur));else if(4!==r&&null!==(e=e.child))for(ki(e,t,n),e=e.sibling;null!==e;)ki(e,t,n),e=e.sibling}function Si(e,t,n){var r=e.tag,a=5===r||6===r;if(a)e=a?e.stateNode:e.stateNode.instance,t?n.insertBefore(e,t):n.appendChild(e);else if(4!==r&&null!==(e=e.child))for(Si(e,t,n),e=e.sibling;null!==e;)Si(e,t,n),e=e.sibling}function Ci(e,t){for(var n,r,a=t,o=!1;;){if(!o){o=a.return;e:for(;;){if(null===o)throw Error(l(160));switch(n=o.stateNode,o.tag){case 5:r=!1;break e;case 3:case 4:n=n.containerInfo,r=!0;break e}o=o.return}o=!0}if(5===a.tag||6===a.tag){e:for(var i=e,u=a,c=u;;)if(bi(i,c),null!==c.child&&4!==c.tag)c.child.return=c,c=c.child;else{if(c===u)break e;for(;null===c.sibling;){if(null===c.return||c.return===u)break e;c=c.return}c.sibling.return=c.return,c=c.sibling}r?(i=n,u=a.stateNode,8===i.nodeType?i.parentNode.removeChild(u):i.removeChild(u)):n.removeChild(a.stateNode)}else if(4===a.tag){if(null!==a.child){n=a.stateNode.containerInfo,r=!0,a.child.return=a,a=a.child;continue}}else if(bi(e,a),null!==a.child){a.child.return=a,a=a.child;continue}if(a===t)break;for(;null===a.sibling;){if(null===a.return||a.return===t)return;4===(a=a.return).tag&&(o=!1)}a.sibling.return=a.return,a=a.sibling}}function Ei(e,t){switch(t.tag){case 0:case 11:case 14:case 15:case 22:var n=t.updateQueue;if(null!==(n=null!==n?n.lastEffect:null)){var r=n=n.next;do{3===(3&r.tag)&&(e=r.destroy,r.destroy=void 0,void 0!==e&&e()),r=r.next}while(r!==n)}return;case 1:case 12:case 17:return;case 5:if(null!=(n=t.stateNode)){r=t.memoizedProps;var a=null!==e?e.memoizedProps:r;e=t.type;var o=t.updateQueue;if(t.updateQueue=null,null!==o){for(n[Zr]=r,"input"===e&&"radio"===r.type&&null!=r.name&&te(n,r),Ce(e,a),t=Ce(e,r),a=0;a<o.length;a+=2){var i=o[a],u=o[a+1];"style"===i?we(n,u):"dangerouslySetInnerHTML"===i?ge(n,u):"children"===i?ye(n,u):_(n,i,u,t)}switch(e){case"input":ne(n,r);break;case"textarea":ce(n,r);break;case"select":e=n._wrapperState.wasMultiple,n._wrapperState.wasMultiple=!!r.multiple,null!=(o=r.value)?le(n,!!r.multiple,o,!1):e!==!!r.multiple&&(null!=r.defaultValue?le(n,!!r.multiple,r.defaultValue,!0):le(n,!!r.multiple,r.multiple?[]:"",!1))}}}return;case 6:if(null===t.stateNode)throw Error(l(162));return void(t.stateNode.nodeValue=t.memoizedProps);case 3:return void((n=t.stateNode).hydrate&&(n.hydrate=!1,wt(n.containerInfo)));case 13:return null!==t.memoizedState&&(Hi=Va(),yi(t.child,!0)),void Ni(t);case 19:return void Ni(t);case 23:case 24:return void yi(t,null!==t.memoizedState)}throw Error(l(163))}function Ni(e){var t=e.updateQueue;if(null!==t){e.updateQueue=null;var n=e.stateNode;null===n&&(n=e.stateNode=new hi),t.forEach((function(t){var r=Bu.bind(null,e,t);n.has(t)||(n.add(t),t.then(r,r))}))}}function Pi(e,t){return null!==e&&(null===(e=e.memoizedState)||null!==e.dehydrated)&&(null!==(t=t.memoizedState)&&null===t.dehydrated)}var ji=Math.ceil,Oi=x.ReactCurrentDispatcher,Ti=x.ReactCurrentOwner,Li=0,Fi=null,zi=null,Ri=0,Mi=0,Ii=ca(0),Ai=0,Di=null,Ui=0,$i=0,Bi=0,Vi=0,Wi=null,Hi=0,Qi=1/0;function qi(){Qi=Va()+500}var Ki,Yi=null,Xi=!1,Gi=null,Ji=null,Zi=!1,eu=null,tu=90,nu=[],ru=[],au=null,ou=0,lu=null,iu=-1,uu=0,cu=0,su=null,fu=!1;function du(){return 0!==(48&Li)?Va():-1!==iu?iu:iu=Va()}function pu(e){if(0===(2&(e=e.mode)))return 1;if(0===(4&e))return 99===Wa()?1:2;if(0===uu&&(uu=Ui),0!==Xa.transition){0!==cu&&(cu=null!==Wi?Wi.pendingLanes:0),e=uu;var t=4186112&~cu;return 0===(t&=-t)&&(0===(t=(e=4186112&~e)&-e)&&(t=8192)),t}return e=Wa(),0!==(4&Li)&&98===e?e=Ut(12,uu):e=Ut(e=function(e){switch(e){case 99:return 15;case 98:return 10;case 97:case 96:return 8;case 95:return 2;default:return 0}}(e),uu),e}function hu(e,t,n){if(50<ou)throw ou=0,lu=null,Error(l(185));if(null===(e=mu(e,t)))return null;Vt(e,t,n),e===Fi&&(Bi|=t,4===Ai&&yu(e,Ri));var r=Wa();1===t?0!==(8&Li)&&0===(48&Li)?bu(e):(vu(e,n),0===Li&&(qi(),Ka())):(0===(4&Li)||98!==r&&99!==r||(null===au?au=new Set([e]):au.add(e)),vu(e,n)),Wi=e}function mu(e,t){e.lanes|=t;var n=e.alternate;for(null!==n&&(n.lanes|=t),n=e,e=e.return;null!==e;)e.childLanes|=t,null!==(n=e.alternate)&&(n.childLanes|=t),n=e,e=e.return;return 3===n.tag?n.stateNode:null}function vu(e,t){for(var n=e.callbackNode,r=e.suspendedLanes,a=e.pingedLanes,o=e.expirationTimes,i=e.pendingLanes;0<i;){var u=31-Wt(i),c=1<<u,s=o[u];if(-1===s){if(0===(c&r)||0!==(c&a)){s=t,It(c);var f=Mt;o[u]=10<=f?s+250:6<=f?s+5e3:-1}}else s<=t&&(e.expiredLanes|=c);i&=~c}if(r=At(e,e===Fi?Ri:0),t=Mt,0===r)null!==n&&(n!==Ia&&Na(n),e.callbackNode=null,e.callbackPriority=0);else{if(null!==n){if(e.callbackPriority===t)return;n!==Ia&&Na(n)}15===t?(n=bu.bind(null,e),null===Da?(Da=[n],Ua=Ea(La,Ya)):Da.push(n),n=Ia):14===t?n=qa(99,bu.bind(null,e)):(n=function(e){switch(e){case 15:case 14:return 99;case 13:case 12:case 11:case 10:return 98;case 9:case 8:case 7:case 6:case 4:case 5:return 97;case 3:case 2:case 1:return 95;case 0:return 90;default:throw Error(l(358,e))}}(t),n=qa(n,gu.bind(null,e))),e.callbackPriority=t,e.callbackNode=n}}function gu(e){if(iu=-1,cu=uu=0,0!==(48&Li))throw Error(l(327));var t=e.callbackNode;if(Ru()&&e.callbackNode!==t)return null;var n=At(e,e===Fi?Ri:0);if(0===n)return null;var r=n,a=Li;Li|=16;var o=Eu();for(Fi===e&&Ri===r||(qi(),Su(e,r));;)try{ju();break}catch(u){Cu(e,u)}if(no(),Oi.current=o,Li=a,null!==zi?r=0:(Fi=null,Ri=0,r=Ai),0!==(Ui&Bi))Su(e,0);else if(0!==r){if(2===r&&(Li|=64,e.hydrate&&(e.hydrate=!1,qr(e.containerInfo)),0!==(n=Dt(e))&&(r=Nu(e,n))),1===r)throw t=Di,Su(e,0),yu(e,n),vu(e,Va()),t;switch(e.finishedWork=e.current.alternate,e.finishedLanes=n,r){case 0:case 1:throw Error(l(345));case 2:case 5:Lu(e);break;case 3:if(yu(e,n),(62914560&n)===n&&10<(r=Hi+500-Va())){if(0!==At(e,0))break;if(((a=e.suspendedLanes)&n)!==n){du(),e.pingedLanes|=e.suspendedLanes&a;break}e.timeoutHandle=Hr(Lu.bind(null,e),r);break}Lu(e);break;case 4:if(yu(e,n),(4186112&n)===n)break;for(r=e.eventTimes,a=-1;0<n;){var i=31-Wt(n);o=1<<i,(i=r[i])>a&&(a=i),n&=~o}if(n=a,10<(n=(120>(n=Va()-n)?120:480>n?480:1080>n?1080:1920>n?1920:3e3>n?3e3:4320>n?4320:1960*ji(n/1960))-n)){e.timeoutHandle=Hr(Lu.bind(null,e),n);break}Lu(e);break;default:throw Error(l(329))}}return vu(e,Va()),e.callbackNode===t?gu.bind(null,e):null}function yu(e,t){for(t&=~Vi,t&=~Bi,e.suspendedLanes|=t,e.pingedLanes&=~t,e=e.expirationTimes;0<t;){var n=31-Wt(t),r=1<<n;e[n]=-1,t&=~r}}function bu(e){if(0!==(48&Li))throw Error(l(327));if(Ru(),e===Fi&&0!==(e.expiredLanes&Ri)){var t=Ri,n=Nu(e,t);0!==(Ui&Bi)&&(n=Nu(e,t=At(e,t)))}else n=Nu(e,t=At(e,0));if(0!==e.tag&&2===n&&(Li|=64,e.hydrate&&(e.hydrate=!1,qr(e.containerInfo)),0!==(t=Dt(e))&&(n=Nu(e,t))),1===n)throw n=Di,Su(e,0),yu(e,t),vu(e,Va()),n;return e.finishedWork=e.current.alternate,e.finishedLanes=t,Lu(e),vu(e,Va()),null}function _u(e,t){var n=Li;Li|=1;try{return e(t)}finally{0===(Li=n)&&(qi(),Ka())}}function xu(e,t){var n=Li;Li&=-2,Li|=8;try{return e(t)}finally{0===(Li=n)&&(qi(),Ka())}}function wu(e,t){fa(Ii,Mi),Mi|=t,Ui|=t}function ku(){Mi=Ii.current,sa(Ii)}function Su(e,t){e.finishedWork=null,e.finishedLanes=0;var n=e.timeoutHandle;if(-1!==n&&(e.timeoutHandle=-1,Qr(n)),null!==zi)for(n=zi.return;null!==n;){var r=n;switch(r.tag){case 1:null!==(r=r.type.childContextTypes)&&void 0!==r&&ya();break;case 3:Ro(),sa(ha),sa(pa),Xo();break;case 5:Io(r);break;case 4:Ro();break;case 13:case 19:sa(Ao);break;case 10:ro(r);break;case 23:case 24:ku()}n=n.return}Fi=e,zi=Qu(e.current,null),Ri=Mi=Ui=t,Ai=0,Di=null,Vi=Bi=$i=0}function Cu(e,t){for(;;){var n=zi;try{if(no(),Go.current=Ll,rl){for(var r=el.memoizedState;null!==r;){var a=r.queue;null!==a&&(a.pending=null),r=r.next}rl=!1}if(Zo=0,nl=tl=el=null,al=!1,Ti.current=null,null===n||null===n.return){Ai=1,Di=t,zi=null;break}e:{var o=e,l=n.return,i=n,u=t;if(t=Ri,i.flags|=2048,i.firstEffect=i.lastEffect=null,null!==u&&"object"===typeof u&&"function"===typeof u.then){var c=u;if(0===(2&i.mode)){var s=i.alternate;s?(i.updateQueue=s.updateQueue,i.memoizedState=s.memoizedState,i.lanes=s.lanes):(i.updateQueue=null,i.memoizedState=null)}var f=0!==(1&Ao.current),d=l;do{var p;if(p=13===d.tag){var h=d.memoizedState;if(null!==h)p=null!==h.dehydrated;else{var m=d.memoizedProps;p=void 0!==m.fallback&&(!0!==m.unstable_avoidThisFallback||!f)}}if(p){var v=d.updateQueue;if(null===v){var g=new Set;g.add(c),d.updateQueue=g}else v.add(c);if(0===(2&d.mode)){if(d.flags|=64,i.flags|=16384,i.flags&=-2981,1===i.tag)if(null===i.alternate)i.tag=17;else{var y=so(-1,1);y.tag=2,fo(i,y)}i.lanes|=1;break e}u=void 0,i=t;var b=o.pingCache;if(null===b?(b=o.pingCache=new fi,u=new Set,b.set(c,u)):void 0===(u=b.get(c))&&(u=new Set,b.set(c,u)),!u.has(i)){u.add(i);var _=$u.bind(null,o,c,i);c.then(_,_)}d.flags|=4096,d.lanes=t;break e}d=d.return}while(null!==d);u=Error((q(i.type)||"A React component")+" suspended while rendering, but no fallback UI was specified.\\n\\nAdd a <Suspense fallback=...> component higher in the tree to provide a loading indicator or placeholder to display.")}5!==Ai&&(Ai=2),u=ci(u,i),d=l;do{switch(d.tag){case 3:o=u,d.flags|=4096,t&=-t,d.lanes|=t,po(d,di(0,o,t));break e;case 1:o=u;var x=d.type,w=d.stateNode;if(0===(64&d.flags)&&("function"===typeof x.getDerivedStateFromError||null!==w&&"function"===typeof w.componentDidCatch&&(null===Ji||!Ji.has(w)))){d.flags|=4096,t&=-t,d.lanes|=t,po(d,pi(d,o,t));break e}}d=d.return}while(null!==d)}Tu(n)}catch(k){t=k,zi===n&&null!==n&&(zi=n=n.return);continue}break}}function Eu(){var e=Oi.current;return Oi.current=Ll,null===e?Ll:e}function Nu(e,t){var n=Li;Li|=16;var r=Eu();for(Fi===e&&Ri===t||Su(e,t);;)try{Pu();break}catch(a){Cu(e,a)}if(no(),Li=n,Oi.current=r,null!==zi)throw Error(l(261));return Fi=null,Ri=0,Ai}function Pu(){for(;null!==zi;)Ou(zi)}function ju(){for(;null!==zi&&!Pa();)Ou(zi)}function Ou(e){var t=Ki(e.alternate,e,Mi);e.memoizedProps=e.pendingProps,null===t?Tu(e):zi=t,Ti.current=null}function Tu(e){var t=e;do{var n=t.alternate;if(e=t.return,0===(2048&t.flags)){if(null!==(n=ii(n,t,Mi)))return void(zi=n);if(24!==(n=t).tag&&23!==n.tag||null===n.memoizedState||0!==(1073741824&Mi)||0===(4&n.mode)){for(var r=0,a=n.child;null!==a;)r|=a.lanes|a.childLanes,a=a.sibling;n.childLanes=r}null!==e&&0===(2048&e.flags)&&(null===e.firstEffect&&(e.firstEffect=t.firstEffect),null!==t.lastEffect&&(null!==e.lastEffect&&(e.lastEffect.nextEffect=t.firstEffect),e.lastEffect=t.lastEffect),1<t.flags&&(null!==e.lastEffect?e.lastEffect.nextEffect=t:e.firstEffect=t,e.lastEffect=t))}else{if(null!==(n=ui(t)))return n.flags&=2047,void(zi=n);null!==e&&(e.firstEffect=e.lastEffect=null,e.flags|=2048)}if(null!==(t=t.sibling))return void(zi=t);zi=t=e}while(null!==t);0===Ai&&(Ai=5)}function Lu(e){var t=Wa();return Qa(99,Fu.bind(null,e,t)),null}function Fu(e,t){do{Ru()}while(null!==eu);if(0!==(48&Li))throw Error(l(327));var n=e.finishedWork;if(null===n)return null;if(e.finishedWork=null,e.finishedLanes=0,n===e.current)throw Error(l(177));e.callbackNode=null;var r=n.lanes|n.childLanes,a=r,o=e.pendingLanes&~a;e.pendingLanes=a,e.suspendedLanes=0,e.pingedLanes=0,e.expiredLanes&=a,e.mutableReadLanes&=a,e.entangledLanes&=a,a=e.entanglements;for(var i=e.eventTimes,u=e.expirationTimes;0<o;){var c=31-Wt(o),s=1<<c;a[c]=0,i[c]=-1,u[c]=-1,o&=~s}if(null!==au&&0===(24&r)&&au.has(e)&&au.delete(e),e===Fi&&(zi=Fi=null,Ri=0),1<n.flags?null!==n.lastEffect?(n.lastEffect.nextEffect=n,r=n.firstEffect):r=n:r=n.firstEffect,null!==r){if(a=Li,Li|=32,Ti.current=null,$r=Yt,gr(i=vr())){if("selectionStart"in i)u={start:i.selectionStart,end:i.selectionEnd};else e:if(u=(u=i.ownerDocument)&&u.defaultView||window,(s=u.getSelection&&u.getSelection())&&0!==s.rangeCount){u=s.anchorNode,o=s.anchorOffset,c=s.focusNode,s=s.focusOffset;try{u.nodeType,c.nodeType}catch(E){u=null;break e}var f=0,d=-1,p=-1,h=0,m=0,v=i,g=null;t:for(;;){for(var y;v!==u||0!==o&&3!==v.nodeType||(d=f+o),v!==c||0!==s&&3!==v.nodeType||(p=f+s),3===v.nodeType&&(f+=v.nodeValue.length),null!==(y=v.firstChild);)g=v,v=y;for(;;){if(v===i)break t;if(g===u&&++h===o&&(d=f),g===c&&++m===s&&(p=f),null!==(y=v.nextSibling))break;g=(v=g).parentNode}v=y}u=-1===d||-1===p?null:{start:d,end:p}}else u=null;u=u||{start:0,end:0}}else u=null;Br={focusedElem:i,selectionRange:u},Yt=!1,su=null,fu=!1,Yi=r;do{try{zu()}catch(E){if(null===Yi)throw Error(l(330));Uu(Yi,E),Yi=Yi.nextEffect}}while(null!==Yi);su=null,Yi=r;do{try{for(i=e;null!==Yi;){var b=Yi.flags;if(16&b&&ye(Yi.stateNode,""),128&b){var _=Yi.alternate;if(null!==_){var x=_.ref;null!==x&&("function"===typeof x?x(null):x.current=null)}}switch(1038&b){case 2:wi(Yi),Yi.flags&=-3;break;case 6:wi(Yi),Yi.flags&=-3,Ei(Yi.alternate,Yi);break;case 1024:Yi.flags&=-1025;break;case 1028:Yi.flags&=-1025,Ei(Yi.alternate,Yi);break;case 4:Ei(Yi.alternate,Yi);break;case 8:Ci(i,u=Yi);var w=u.alternate;_i(u),null!==w&&_i(w)}Yi=Yi.nextEffect}}catch(E){if(null===Yi)throw Error(l(330));Uu(Yi,E),Yi=Yi.nextEffect}}while(null!==Yi);if(x=Br,_=vr(),b=x.focusedElem,i=x.selectionRange,_!==b&&b&&b.ownerDocument&&mr(b.ownerDocument.documentElement,b)){null!==i&&gr(b)&&(_=i.start,void 0===(x=i.end)&&(x=_),"selectionStart"in b?(b.selectionStart=_,b.selectionEnd=Math.min(x,b.value.length)):(x=(_=b.ownerDocument||document)&&_.defaultView||window).getSelection&&(x=x.getSelection(),u=b.textContent.length,w=Math.min(i.start,u),i=void 0===i.end?w:Math.min(i.end,u),!x.extend&&w>i&&(u=i,i=w,w=u),u=hr(b,w),o=hr(b,i),u&&o&&(1!==x.rangeCount||x.anchorNode!==u.node||x.anchorOffset!==u.offset||x.focusNode!==o.node||x.focusOffset!==o.offset)&&((_=_.createRange()).setStart(u.node,u.offset),x.removeAllRanges(),w>i?(x.addRange(_),x.extend(o.node,o.offset)):(_.setEnd(o.node,o.offset),x.addRange(_))))),_=[];for(x=b;x=x.parentNode;)1===x.nodeType&&_.push({element:x,left:x.scrollLeft,top:x.scrollTop});for("function"===typeof b.focus&&b.focus(),b=0;b<_.length;b++)(x=_[b]).element.scrollLeft=x.left,x.element.scrollTop=x.top}Yt=!!$r,Br=$r=null,e.current=n,Yi=r;do{try{for(b=e;null!==Yi;){var k=Yi.flags;if(36&k&&gi(b,Yi.alternate,Yi),128&k){_=void 0;var S=Yi.ref;if(null!==S){var C=Yi.stateNode;Yi.tag,_=C,"function"===typeof S?S(_):S.current=_}}Yi=Yi.nextEffect}}catch(E){if(null===Yi)throw Error(l(330));Uu(Yi,E),Yi=Yi.nextEffect}}while(null!==Yi);Yi=null,Aa(),Li=a}else e.current=n;if(Zi)Zi=!1,eu=e,tu=t;else for(Yi=r;null!==Yi;)t=Yi.nextEffect,Yi.nextEffect=null,8&Yi.flags&&((k=Yi).sibling=null,k.stateNode=null),Yi=t;if(0===(r=e.pendingLanes)&&(Ji=null),1===r?e===lu?ou++:(ou=0,lu=e):ou=0,n=n.stateNode,Sa&&"function"===typeof Sa.onCommitFiberRoot)try{Sa.onCommitFiberRoot(ka,n,void 0,64===(64&n.current.flags))}catch(E){}if(vu(e,Va()),Xi)throw Xi=!1,e=Gi,Gi=null,e;return 0!==(8&Li)||Ka(),null}function zu(){for(;null!==Yi;){var e=Yi.alternate;fu||null===su||(0!==(8&Yi.flags)?et(Yi,su)&&(fu=!0):13===Yi.tag&&Pi(e,Yi)&&et(Yi,su)&&(fu=!0));var t=Yi.flags;0!==(256&t)&&vi(e,Yi),0===(512&t)||Zi||(Zi=!0,qa(97,(function(){return Ru(),null}))),Yi=Yi.nextEffect}}function Ru(){if(90!==tu){var e=97<tu?97:tu;return tu=90,Qa(e,Au)}return!1}function Mu(e,t){nu.push(t,e),Zi||(Zi=!0,qa(97,(function(){return Ru(),null})))}function Iu(e,t){ru.push(t,e),Zi||(Zi=!0,qa(97,(function(){return Ru(),null})))}function Au(){if(null===eu)return!1;var e=eu;if(eu=null,0!==(48&Li))throw Error(l(331));var t=Li;Li|=32;var n=ru;ru=[];for(var r=0;r<n.length;r+=2){var a=n[r],o=n[r+1],i=a.destroy;if(a.destroy=void 0,"function"===typeof i)try{i()}catch(c){if(null===o)throw Error(l(330));Uu(o,c)}}for(n=nu,nu=[],r=0;r<n.length;r+=2){a=n[r],o=n[r+1];try{var u=a.create;a.destroy=u()}catch(c){if(null===o)throw Error(l(330));Uu(o,c)}}for(u=e.current.firstEffect;null!==u;)e=u.nextEffect,u.nextEffect=null,8&u.flags&&(u.sibling=null,u.stateNode=null),u=e;return Li=t,Ka(),!0}function Du(e,t,n){fo(e,t=di(0,t=ci(n,t),1)),t=du(),null!==(e=mu(e,1))&&(Vt(e,1,t),vu(e,t))}function Uu(e,t){if(3===e.tag)Du(e,e,t);else for(var n=e.return;null!==n;){if(3===n.tag){Du(n,e,t);break}if(1===n.tag){var r=n.stateNode;if("function"===typeof n.type.getDerivedStateFromError||"function"===typeof r.componentDidCatch&&(null===Ji||!Ji.has(r))){var a=pi(n,e=ci(t,e),1);if(fo(n,a),a=du(),null!==(n=mu(n,1)))Vt(n,1,a),vu(n,a);else if("function"===typeof r.componentDidCatch&&(null===Ji||!Ji.has(r)))try{r.componentDidCatch(t,e)}catch(o){}break}}n=n.return}}function $u(e,t,n){var r=e.pingCache;null!==r&&r.delete(t),t=du(),e.pingedLanes|=e.suspendedLanes&n,Fi===e&&(Ri&n)===n&&(4===Ai||3===Ai&&(62914560&Ri)===Ri&&500>Va()-Hi?Su(e,0):Vi|=n),vu(e,t)}function Bu(e,t){var n=e.stateNode;null!==n&&n.delete(t),0===(t=0)&&(0===(2&(t=e.mode))?t=1:0===(4&t)?t=99===Wa()?1:2:(0===uu&&(uu=Ui),0===(t=$t(62914560&~uu))&&(t=4194304))),n=du(),null!==(e=mu(e,t))&&(Vt(e,t,n),vu(e,n))}function Vu(e,t,n,r){this.tag=e,this.key=n,this.sibling=this.child=this.return=this.stateNode=this.type=this.elementType=null,this.index=0,this.ref=null,this.pendingProps=t,this.dependencies=this.memoizedState=this.updateQueue=this.memoizedProps=null,this.mode=r,this.flags=0,this.lastEffect=this.firstEffect=this.nextEffect=null,this.childLanes=this.lanes=0,this.alternate=null}function Wu(e,t,n,r){return new Vu(e,t,n,r)}function Hu(e){return!(!(e=e.prototype)||!e.isReactComponent)}function Qu(e,t){var n=e.alternate;return null===n?((n=Wu(e.tag,t,e.key,e.mode)).elementType=e.elementType,n.type=e.type,n.stateNode=e.stateNode,n.alternate=e,e.alternate=n):(n.pendingProps=t,n.type=e.type,n.flags=0,n.nextEffect=null,n.firstEffect=null,n.lastEffect=null),n.childLanes=e.childLanes,n.lanes=e.lanes,n.child=e.child,n.memoizedProps=e.memoizedProps,n.memoizedState=e.memoizedState,n.updateQueue=e.updateQueue,t=e.dependencies,n.dependencies=null===t?null:{lanes:t.lanes,firstContext:t.firstContext},n.sibling=e.sibling,n.index=e.index,n.ref=e.ref,n}function qu(e,t,n,r,a,o){var i=2;if(r=e,"function"===typeof e)Hu(e)&&(i=1);else if("string"===typeof e)i=5;else e:switch(e){case S:return Ku(n.children,a,o,t);case M:i=8,a|=16;break;case C:i=8,a|=1;break;case E:return(e=Wu(12,n,t,8|a)).elementType=E,e.type=E,e.lanes=o,e;case O:return(e=Wu(13,n,t,a)).type=O,e.elementType=O,e.lanes=o,e;case T:return(e=Wu(19,n,t,a)).elementType=T,e.lanes=o,e;case I:return Yu(n,a,o,t);case A:return(e=Wu(24,n,t,a)).elementType=A,e.lanes=o,e;default:if("object"===typeof e&&null!==e)switch(e.$$typeof){case N:i=10;break e;case P:i=9;break e;case j:i=11;break e;case L:i=14;break e;case F:i=16,r=null;break e;case z:i=22;break e}throw Error(l(130,null==e?e:typeof e,""))}return(t=Wu(i,n,t,a)).elementType=e,t.type=r,t.lanes=o,t}function Ku(e,t,n,r){return(e=Wu(7,e,r,t)).lanes=n,e}function Yu(e,t,n,r){return(e=Wu(23,e,r,t)).elementType=I,e.lanes=n,e}function Xu(e,t,n){return(e=Wu(6,e,null,t)).lanes=n,e}function Gu(e,t,n){return(t=Wu(4,null!==e.children?e.children:[],e.key,t)).lanes=n,t.stateNode={containerInfo:e.containerInfo,pendingChildren:null,implementation:e.implementation},t}function Ju(e,t,n){this.tag=t,this.containerInfo=e,this.finishedWork=this.pingCache=this.current=this.pendingChildren=null,this.timeoutHandle=-1,this.pendingContext=this.context=null,this.hydrate=n,this.callbackNode=null,this.callbackPriority=0,this.eventTimes=Bt(0),this.expirationTimes=Bt(-1),this.entangledLanes=this.finishedLanes=this.mutableReadLanes=this.expiredLanes=this.pingedLanes=this.suspendedLanes=this.pendingLanes=0,this.entanglements=Bt(0),this.mutableSourceEagerHydrationData=null}function Zu(e,t,n){var r=3<arguments.length&&void 0!==arguments[3]?arguments[3]:null;return{$$typeof:k,key:null==r?null:""+r,children:e,containerInfo:t,implementation:n}}function ec(e,t,n,r){var a=t.current,o=du(),i=pu(a);e:if(n){t:{if(Xe(n=n._reactInternals)!==n||1!==n.tag)throw Error(l(170));var u=n;do{switch(u.tag){case 3:u=u.stateNode.context;break t;case 1:if(ga(u.type)){u=u.stateNode.__reactInternalMemoizedMergedChildContext;break t}}u=u.return}while(null!==u);throw Error(l(171))}if(1===n.tag){var c=n.type;if(ga(c)){n=_a(n,c,u);break e}}n=u}else n=da;return null===t.context?t.context=n:t.pendingContext=n,(t=so(o,i)).payload={element:e},null!==(r=void 0===r?null:r)&&(t.callback=r),fo(a,t),hu(a,i,o),i}function tc(e){return(e=e.current).child?(e.child.tag,e.child.stateNode):null}function nc(e,t){if(null!==(e=e.memoizedState)&&null!==e.dehydrated){var n=e.retryLane;e.retryLane=0!==n&&n<t?n:t}}function rc(e,t){nc(e,t),(e=e.alternate)&&nc(e,t)}function ac(e,t,n){var r=null!=n&&null!=n.hydrationOptions&&n.hydrationOptions.mutableSources||null;if(n=new Ju(e,t,null!=n&&!0===n.hydrate),t=Wu(3,null,null,2===t?7:1===t?3:0),n.current=t,t.stateNode=n,uo(t),e[ea]=n.current,Lr(8===e.nodeType?e.parentNode:e),r)for(e=0;e<r.length;e++){var a=(t=r[e])._getVersion;a=a(t._source),null==n.mutableSourceEagerHydrationData?n.mutableSourceEagerHydrationData=[t,a]:n.mutableSourceEagerHydrationData.push(t,a)}this._internalRoot=n}function oc(e){return!(!e||1!==e.nodeType&&9!==e.nodeType&&11!==e.nodeType&&(8!==e.nodeType||" react-mount-point-unstable "!==e.nodeValue))}function lc(e,t,n,r,a){var o=n._reactRootContainer;if(o){var l=o._internalRoot;if("function"===typeof a){var i=a;a=function(){var e=tc(l);i.call(e)}}ec(t,l,e,a)}else{if(o=n._reactRootContainer=function(e,t){if(t||(t=!(!(t=e?9===e.nodeType?e.documentElement:e.firstChild:null)||1!==t.nodeType||!t.hasAttribute("data-reactroot"))),!t)for(var n;n=e.lastChild;)e.removeChild(n);return new ac(e,0,t?{hydrate:!0}:void 0)}(n,r),l=o._internalRoot,"function"===typeof a){var u=a;a=function(){var e=tc(l);u.call(e)}}xu((function(){ec(t,l,e,a)}))}return tc(l)}function ic(e,t){var n=2<arguments.length&&void 0!==arguments[2]?arguments[2]:null;if(!oc(t))throw Error(l(200));return Zu(e,t,null,n)}Ki=function(e,t,n){var r=t.lanes;if(null!==e)if(e.memoizedProps!==t.pendingProps||ha.current)Il=!0;else{if(0===(n&r)){switch(Il=!1,t.tag){case 3:ql(t),Ko();break;case 5:Mo(t);break;case 1:ga(t.type)&&xa(t);break;case 4:zo(t,t.stateNode.containerInfo);break;case 10:r=t.memoizedProps.value;var a=t.type._context;fa(Ja,a._currentValue),a._currentValue=r;break;case 13:if(null!==t.memoizedState)return 0!==(n&t.child.childLanes)?Jl(e,t,n):(fa(Ao,1&Ao.current),null!==(t=oi(e,t,n))?t.sibling:null);fa(Ao,1&Ao.current);break;case 19:if(r=0!==(n&t.childLanes),0!==(64&e.flags)){if(r)return ai(e,t,n);t.flags|=64}if(null!==(a=t.memoizedState)&&(a.rendering=null,a.tail=null,a.lastEffect=null),fa(Ao,Ao.current),r)break;return null;case 23:case 24:return t.lanes=0,Bl(e,t,n)}return oi(e,t,n)}Il=0!==(16384&e.flags)}else Il=!1;switch(t.lanes=0,t.tag){case 2:if(r=t.type,null!==e&&(e.alternate=null,t.alternate=null,t.flags|=2),e=t.pendingProps,a=va(t,pa.current),oo(t,n),a=il(null,t,r,e,a,n),t.flags|=1,"object"===typeof a&&null!==a&&"function"===typeof a.render&&void 0===a.$$typeof){if(t.tag=1,t.memoizedState=null,t.updateQueue=null,ga(r)){var o=!0;xa(t)}else o=!1;t.memoizedState=null!==a.state&&void 0!==a.state?a.state:null,uo(t);var i=r.getDerivedStateFromProps;"function"===typeof i&&go(t,r,i,e),a.updater=yo,t.stateNode=a,a._reactInternals=t,wo(t,r,e,n),t=Ql(null,t,r,!0,o,n)}else t.tag=0,Al(null,t,a,n),t=t.child;return t;case 16:a=t.elementType;e:{switch(null!==e&&(e.alternate=null,t.alternate=null,t.flags|=2),e=t.pendingProps,a=(o=a._init)(a._payload),t.type=a,o=t.tag=function(e){if("function"===typeof e)return Hu(e)?1:0;if(void 0!==e&&null!==e){if((e=e.$$typeof)===j)return 11;if(e===L)return 14}return 2}(a),e=Ga(a,e),o){case 0:t=Wl(null,t,a,e,n);break e;case 1:t=Hl(null,t,a,e,n);break e;case 11:t=Dl(null,t,a,e,n);break e;case 14:t=Ul(null,t,a,Ga(a.type,e),r,n);break e}throw Error(l(306,a,""))}return t;case 0:return r=t.type,a=t.pendingProps,Wl(e,t,r,a=t.elementType===r?a:Ga(r,a),n);case 1:return r=t.type,a=t.pendingProps,Hl(e,t,r,a=t.elementType===r?a:Ga(r,a),n);case 3:if(ql(t),r=t.updateQueue,null===e||null===r)throw Error(l(282));if(r=t.pendingProps,a=null!==(a=t.memoizedState)?a.element:null,co(e,t),ho(t,r,null,n),(r=t.memoizedState.element)===a)Ko(),t=oi(e,t,n);else{if((o=(a=t.stateNode).hydrate)&&($o=Kr(t.stateNode.containerInfo.firstChild),Uo=t,o=Bo=!0),o){if(null!=(e=a.mutableSourceEagerHydrationData))for(a=0;a<e.length;a+=2)(o=e[a])._workInProgressVersionPrimary=e[a+1],Yo.push(o);for(n=Po(t,null,r,n),t.child=n;n;)n.flags=-3&n.flags|1024,n=n.sibling}else Al(e,t,r,n),Ko();t=t.child}return t;case 5:return Mo(t),null===e&&Ho(t),r=t.type,a=t.pendingProps,o=null!==e?e.memoizedProps:null,i=a.children,Wr(r,a)?i=null:null!==o&&Wr(r,o)&&(t.flags|=16),Vl(e,t),Al(e,t,i,n),t.child;case 6:return null===e&&Ho(t),null;case 13:return Jl(e,t,n);case 4:return zo(t,t.stateNode.containerInfo),r=t.pendingProps,null===e?t.child=No(t,null,r,n):Al(e,t,r,n),t.child;case 11:return r=t.type,a=t.pendingProps,Dl(e,t,r,a=t.elementType===r?a:Ga(r,a),n);case 7:return Al(e,t,t.pendingProps,n),t.child;case 8:case 12:return Al(e,t,t.pendingProps.children,n),t.child;case 10:e:{r=t.type._context,a=t.pendingProps,i=t.memoizedProps,o=a.value;var u=t.type._context;if(fa(Ja,u._currentValue),u._currentValue=o,null!==i)if(u=i.value,0===(o=sr(u,o)?0:0|("function"===typeof r._calculateChangedBits?r._calculateChangedBits(u,o):1073741823))){if(i.children===a.children&&!ha.current){t=oi(e,t,n);break e}}else for(null!==(u=t.child)&&(u.return=t);null!==u;){var c=u.dependencies;if(null!==c){i=u.child;for(var s=c.firstContext;null!==s;){if(s.context===r&&0!==(s.observedBits&o)){1===u.tag&&((s=so(-1,n&-n)).tag=2,fo(u,s)),u.lanes|=n,null!==(s=u.alternate)&&(s.lanes|=n),ao(u.return,n),c.lanes|=n;break}s=s.next}}else i=10===u.tag&&u.type===t.type?null:u.child;if(null!==i)i.return=u;else for(i=u;null!==i;){if(i===t){i=null;break}if(null!==(u=i.sibling)){u.return=i.return,i=u;break}i=i.return}u=i}Al(e,t,a.children,n),t=t.child}return t;case 9:return a=t.type,r=(o=t.pendingProps).children,oo(t,n),r=r(a=lo(a,o.unstable_observedBits)),t.flags|=1,Al(e,t,r,n),t.child;case 14:return o=Ga(a=t.type,t.pendingProps),Ul(e,t,a,o=Ga(a.type,o),r,n);case 15:return $l(e,t,t.type,t.pendingProps,r,n);case 17:return r=t.type,a=t.pendingProps,a=t.elementType===r?a:Ga(r,a),null!==e&&(e.alternate=null,t.alternate=null,t.flags|=2),t.tag=1,ga(r)?(e=!0,xa(t)):e=!1,oo(t,n),_o(t,r,a),wo(t,r,a,n),Ql(null,t,r,!0,e,n);case 19:return ai(e,t,n);case 23:case 24:return Bl(e,t,n)}throw Error(l(156,t.tag))},ac.prototype.render=function(e){ec(e,this._internalRoot,null,null)},ac.prototype.unmount=function(){var e=this._internalRoot,t=e.containerInfo;ec(null,e,null,(function(){t[ea]=null}))},tt=function(e){13===e.tag&&(hu(e,4,du()),rc(e,4))},nt=function(e){13===e.tag&&(hu(e,67108864,du()),rc(e,67108864))},rt=function(e){if(13===e.tag){var t=du(),n=pu(e);hu(e,n,t),rc(e,n)}},at=function(e,t){return t()},Ne=function(e,t,n){switch(t){case"input":if(ne(e,n),t=n.name,"radio"===n.type&&null!=t){for(n=e;n.parentNode;)n=n.parentNode;for(n=n.querySelectorAll("input[name="+JSON.stringify(""+t)+\'][type="radio"]\'),t=0;t<n.length;t++){var r=n[t];if(r!==e&&r.form===e.form){var a=oa(r);if(!a)throw Error(l(90));G(r),ne(r,a)}}}break;case"textarea":ce(e,n);break;case"select":null!=(t=n.value)&&le(e,!!n.multiple,t,!1)}},Fe=_u,ze=function(e,t,n,r,a){var o=Li;Li|=4;try{return Qa(98,e.bind(null,t,n,r,a))}finally{0===(Li=o)&&(qi(),Ka())}},Re=function(){0===(49&Li)&&(function(){if(null!==au){var e=au;au=null,e.forEach((function(e){e.expiredLanes|=24&e.pendingLanes,vu(e,Va())}))}Ka()}(),Ru())},Me=function(e,t){var n=Li;Li|=2;try{return e(t)}finally{0===(Li=n)&&(qi(),Ka())}};var uc={Events:[ra,aa,oa,Te,Le,Ru,{current:!1}]},cc={findFiberByHostInstance:na,bundleType:0,version:"17.0.2",rendererPackageName:"react-dom"},sc={bundleType:cc.bundleType,version:cc.version,rendererPackageName:cc.rendererPackageName,rendererConfig:cc.rendererConfig,overrideHookState:null,overrideHookStateDeletePath:null,overrideHookStateRenamePath:null,overrideProps:null,overridePropsDeletePath:null,overridePropsRenamePath:null,setSuspenseHandler:null,scheduleUpdate:null,currentDispatcherRef:x.ReactCurrentDispatcher,findHostInstanceByFiber:function(e){return null===(e=Ze(e))?null:e.stateNode},findFiberByHostInstance:cc.findFiberByHostInstance||function(){return null},findHostInstancesForRefresh:null,scheduleRefresh:null,scheduleRoot:null,setRefreshHandler:null,getCurrentFiber:null};if("undefined"!==typeof __REACT_DEVTOOLS_GLOBAL_HOOK__){var fc=__REACT_DEVTOOLS_GLOBAL_HOOK__;if(!fc.isDisabled&&fc.supportsFiber)try{ka=fc.inject(sc),Sa=fc}catch(ve){}}t.__SECRET_INTERNALS_DO_NOT_USE_OR_YOU_WILL_BE_FIRED=uc,t.createPortal=ic,t.findDOMNode=function(e){if(null==e)return null;if(1===e.nodeType)return e;var t=e._reactInternals;if(void 0===t){if("function"===typeof e.render)throw Error(l(188));throw Error(l(268,Object.keys(e)))}return e=null===(e=Ze(t))?null:e.stateNode},t.flushSync=function(e,t){var n=Li;if(0!==(48&n))return e(t);Li|=1;try{if(e)return Qa(99,e.bind(null,t))}finally{Li=n,Ka()}},t.hydrate=function(e,t,n){if(!oc(t))throw Error(l(200));return lc(null,e,t,!0,n)},t.render=function(e,t,n){if(!oc(t))throw Error(l(200));return lc(null,e,t,!1,n)},t.unmountComponentAtNode=function(e){if(!oc(e))throw Error(l(40));return!!e._reactRootContainer&&(xu((function(){lc(null,null,e,!1,(function(){e._reactRootContainer=null,e[ea]=null}))})),!0)},t.unstable_batchedUpdates=_u,t.unstable_createPortal=function(e,t){return ic(e,t,2<arguments.length&&void 0!==arguments[2]?arguments[2]:null)},t.unstable_renderSubtreeIntoContainer=function(e,t,n,r){if(!oc(n))throw Error(l(200));if(null==e||void 0===e._reactInternals)throw Error(l(38));return lc(e,t,n,!1,r)},t.version="17.0.2"},164:function(e,t,n){"use strict";!function e(){if("undefined"!==typeof __REACT_DEVTOOLS_GLOBAL_HOOK__&&"function"===typeof __REACT_DEVTOOLS_GLOBAL_HOOK__.checkDCE)try{__REACT_DEVTOOLS_GLOBAL_HOOK__.checkDCE(e)}catch(t){console.error(t)}}(),e.exports=n(463)},381:function(e){e.exports=Array.isArray||function(e){return"[object Array]"==Object.prototype.toString.call(e)}},239:function(e,t,n){var r=n(381);e.exports=p,e.exports.parse=o,e.exports.compile=function(e,t){return i(o(e,t),t)},e.exports.tokensToFunction=i,e.exports.tokensToRegExp=d;var a=new RegExp(["(\\\\\\\\.)","([\\\\/.])?(?:(?:\\\\:(\\\\w+)(?:\\\\(((?:\\\\\\\\.|[^\\\\\\\\()])+)\\\\))?|\\\\(((?:\\\\\\\\.|[^\\\\\\\\()])+)\\\\))([+*?])?|(\\\\*))"].join("|"),"g");function o(e,t){for(var n,r=[],o=0,l=0,i="",s=t&&t.delimiter||"/";null!=(n=a.exec(e));){var f=n[0],d=n[1],p=n.index;if(i+=e.slice(l,p),l=p+f.length,d)i+=d[1];else{var h=e[l],m=n[2],v=n[3],g=n[4],y=n[5],b=n[6],_=n[7];i&&(r.push(i),i="");var x=null!=m&&null!=h&&h!==m,w="+"===b||"*"===b,k="?"===b||"*"===b,S=n[2]||s,C=g||y;r.push({name:v||o++,prefix:m||"",delimiter:S,optional:k,repeat:w,partial:x,asterisk:!!_,pattern:C?c(C):_?".*":"[^"+u(S)+"]+?"})}}return l<e.length&&(i+=e.substr(l)),i&&r.push(i),r}function l(e){return encodeURI(e).replace(/[\\/?#]/g,(function(e){return"%"+e.charCodeAt(0).toString(16).toUpperCase()}))}function i(e,t){for(var n=new Array(e.length),a=0;a<e.length;a++)"object"===typeof e[a]&&(n[a]=new RegExp("^(?:"+e[a].pattern+")$",f(t)));return function(t,a){for(var o="",i=t||{},u=(a||{}).pretty?l:encodeURIComponent,c=0;c<e.length;c++){var s=e[c];if("string"!==typeof s){var f,d=i[s.name];if(null==d){if(s.optional){s.partial&&(o+=s.prefix);continue}throw new TypeError(\'Expected "\'+s.name+\'" to be defined\')}if(r(d)){if(!s.repeat)throw new TypeError(\'Expected "\'+s.name+\'" to not repeat, but received `\'+JSON.stringify(d)+"`");if(0===d.length){if(s.optional)continue;throw new TypeError(\'Expected "\'+s.name+\'" to not be empty\')}for(var p=0;p<d.length;p++){if(f=u(d[p]),!n[c].test(f))throw new TypeError(\'Expected all "\'+s.name+\'" to match "\'+s.pattern+\'", but received `\'+JSON.stringify(f)+"`");o+=(0===p?s.prefix:s.delimiter)+f}}else{if(f=s.asterisk?encodeURI(d).replace(/[?#]/g,(function(e){return"%"+e.charCodeAt(0).toString(16).toUpperCase()})):u(d),!n[c].test(f))throw new TypeError(\'Expected "\'+s.name+\'" to match "\'+s.pattern+\'", but received "\'+f+\'"\');o+=s.prefix+f}}else o+=s}return o}}function u(e){return e.replace(/([.+*?=^!:${}()[\\]|\\/\\\\])/g,"\\\\$1")}function c(e){return e.replace(/([=!:$\\/()])/g,"\\\\$1")}function s(e,t){return e.keys=t,e}function f(e){return e&&e.sensitive?"":"i"}function d(e,t,n){r(t)||(n=t||n,t=[]);for(var a=(n=n||{}).strict,o=!1!==n.end,l="",i=0;i<e.length;i++){var c=e[i];if("string"===typeof c)l+=u(c);else{var d=u(c.prefix),p="(?:"+c.pattern+")";t.push(c),c.repeat&&(p+="(?:"+d+p+")*"),l+=p=c.optional?c.partial?d+"("+p+")?":"(?:"+d+"("+p+"))?":d+"("+p+")"}}var h=u(n.delimiter||"/"),m=l.slice(-h.length)===h;return a||(l=(m?l.slice(0,-h.length):l)+"(?:"+h+"(?=$))?"),l+=o?"$":a&&m?"":"(?="+h+"|$)",s(new RegExp("^"+l,f(n)),t)}function p(e,t,n){return r(t)||(n=t||n,t=[]),n=n||{},e instanceof RegExp?function(e,t){var n=e.source.match(/\\((?!\\?)/g);if(n)for(var r=0;r<n.length;r++)t.push({name:r,prefix:null,delimiter:null,optional:!1,repeat:!1,partial:!1,asterisk:!1,pattern:null});return s(e,t)}(e,t):r(e)?function(e,t,n){for(var r=[],a=0;a<e.length;a++)r.push(p(e[a],t,n).source);return s(new RegExp("(?:"+r.join("|")+")",f(n)),t)}(e,t,n):function(e,t,n){return d(o(e,n),t,n)}(e,t,n)}},195:function(e,t){"use strict";var n="function"===typeof Symbol&&Symbol.for,r=n?Symbol.for("react.element"):60103,a=n?Symbol.for("react.portal"):60106,o=n?Symbol.for("react.fragment"):60107,l=n?Symbol.for("react.strict_mode"):60108,i=n?Symbol.for("react.profiler"):60114,u=n?Symbol.for("react.provider"):60109,c=n?Symbol.for("react.context"):60110,s=n?Symbol.for("react.async_mode"):60111,f=n?Symbol.for("react.concurrent_mode"):60111,d=n?Symbol.for("react.forward_ref"):60112,p=n?Symbol.for("react.suspense"):60113,h=n?Symbol.for("react.suspense_list"):60120,m=n?Symbol.for("react.memo"):60115,v=n?Symbol.for("react.lazy"):60116,g=n?Symbol.for("react.block"):60121,y=n?Symbol.for("react.fundamental"):60117,b=n?Symbol.for("react.responder"):60118,_=n?Symbol.for("react.scope"):60119;function x(e){if("object"===typeof e&&null!==e){var t=e.$$typeof;switch(t){case r:switch(e=e.type){case s:case f:case o:case i:case l:case p:return e;default:switch(e=e&&e.$$typeof){case c:case d:case v:case m:case u:return e;default:return t}}case a:return t}}}function w(e){return x(e)===f}},228:function(e,t,n){"use strict";n(195)},374:function(e,t,n){"use strict";n(725);var r=n(791),a=60103;if(t.Fragment=60107,"function"===typeof Symbol&&Symbol.for){var o=Symbol.for;a=o("react.element"),t.Fragment=o("react.fragment")}var l=r.__SECRET_INTERNALS_DO_NOT_USE_OR_YOU_WILL_BE_FIRED.ReactCurrentOwner,i=Object.prototype.hasOwnProperty,u={key:!0,ref:!0,__self:!0,__source:!0};function c(e,t,n){var r,o={},c=null,s=null;for(r in void 0!==n&&(c=""+n),void 0!==t.key&&(c=""+t.key),void 0!==t.ref&&(s=t.ref),t)i.call(t,r)&&!u.hasOwnProperty(r)&&(o[r]=t[r]);if(e&&e.defaultProps)for(r in t=e.defaultProps)void 0===o[r]&&(o[r]=t[r]);return{$$typeof:a,type:e,key:c,ref:s,props:o,_owner:l.current}}t.jsx=c,t.jsxs=c},117:function(e,t,n){"use strict";var r=n(725),a=60103,o=60106;t.Fragment=60107,t.StrictMode=60108,t.Profiler=60114;var l=60109,i=60110,u=60112;t.Suspense=60113;var c=60115,s=60116;if("function"===typeof Symbol&&Symbol.for){var f=Symbol.for;a=f("react.element"),o=f("react.portal"),t.Fragment=f("react.fragment"),t.StrictMode=f("react.strict_mode"),t.Profiler=f("react.profiler"),l=f("react.provider"),i=f("react.context"),u=f("react.forward_ref"),t.Suspense=f("react.suspense"),c=f("react.memo"),s=f("react.lazy")}var d="function"===typeof Symbol&&Symbol.iterator;function p(e){for(var t="https://reactjs.org/docs/error-decoder.html?invariant="+e,n=1;n<arguments.length;n++)t+="&args[]="+encodeURIComponent(arguments[n]);return"Minified React error #"+e+"; visit "+t+" for the full message or use the non-minified dev environment for full errors and additional helpful warnings."}var h={isMounted:function(){return!1},enqueueForceUpdate:function(){},enqueueReplaceState:function(){},enqueueSetState:function(){}},m={};function v(e,t,n){this.props=e,this.context=t,this.refs=m,this.updater=n||h}function g(){}function y(e,t,n){this.props=e,this.context=t,this.refs=m,this.updater=n||h}v.prototype.isReactComponent={},v.prototype.setState=function(e,t){if("object"!==typeof e&&"function"!==typeof e&&null!=e)throw Error(p(85));this.updater.enqueueSetState(this,e,t,"setState")},v.prototype.forceUpdate=function(e){this.updater.enqueueForceUpdate(this,e,"forceUpdate")},g.prototype=v.prototype;var b=y.prototype=new g;b.constructor=y,r(b,v.prototype),b.isPureReactComponent=!0;var _={current:null},x=Object.prototype.hasOwnProperty,w={key:!0,ref:!0,__self:!0,__source:!0};function k(e,t,n){var r,o={},l=null,i=null;if(null!=t)for(r in void 0!==t.ref&&(i=t.ref),void 0!==t.key&&(l=""+t.key),t)x.call(t,r)&&!w.hasOwnProperty(r)&&(o[r]=t[r]);var u=arguments.length-2;if(1===u)o.children=n;else if(1<u){for(var c=Array(u),s=0;s<u;s++)c[s]=arguments[s+2];o.children=c}if(e&&e.defaultProps)for(r in u=e.defaultProps)void 0===o[r]&&(o[r]=u[r]);return{$$typeof:a,type:e,key:l,ref:i,props:o,_owner:_.current}}function S(e){return"object"===typeof e&&null!==e&&e.$$typeof===a}var C=/\\/+/g;function E(e,t){return"object"===typeof e&&null!==e&&null!=e.key?function(e){var t={"=":"=0",":":"=2"};return"$"+e.replace(/[=:]/g,(function(e){return t[e]}))}(""+e.key):t.toString(36)}function N(e,t,n,r,l){var i=typeof e;"undefined"!==i&&"boolean"!==i||(e=null);var u=!1;if(null===e)u=!0;else switch(i){case"string":case"number":u=!0;break;case"object":switch(e.$$typeof){case a:case o:u=!0}}if(u)return l=l(u=e),e=""===r?"."+E(u,0):r,Array.isArray(l)?(n="",null!=e&&(n=e.replace(C,"$&/")+"/"),N(l,t,n,"",(function(e){return e}))):null!=l&&(S(l)&&(l=function(e,t){return{$$typeof:a,type:e.type,key:t,ref:e.ref,props:e.props,_owner:e._owner}}(l,n+(!l.key||u&&u.key===l.key?"":(""+l.key).replace(C,"$&/")+"/")+e)),t.push(l)),1;if(u=0,r=""===r?".":r+":",Array.isArray(e))for(var c=0;c<e.length;c++){var s=r+E(i=e[c],c);u+=N(i,t,n,s,l)}else if(s=function(e){return null===e||"object"!==typeof e?null:"function"===typeof(e=d&&e[d]||e["@@iterator"])?e:null}(e),"function"===typeof s)for(e=s.call(e),c=0;!(i=e.next()).done;)u+=N(i=i.value,t,n,s=r+E(i,c++),l);else if("object"===i)throw t=""+e,Error(p(31,"[object Object]"===t?"object with keys {"+Object.keys(e).join(", ")+"}":t));return u}function P(e,t,n){if(null==e)return e;var r=[],a=0;return N(e,r,"","",(function(e){return t.call(n,e,a++)})),r}function j(e){if(-1===e._status){var t=e._result;t=t(),e._status=0,e._result=t,t.then((function(t){0===e._status&&(t=t.default,e._status=1,e._result=t)}),(function(t){0===e._status&&(e._status=2,e._result=t)}))}if(1===e._status)return e._result;throw e._result}var O={current:null};function T(){var e=O.current;if(null===e)throw Error(p(321));return e}var L={ReactCurrentDispatcher:O,ReactCurrentBatchConfig:{transition:0},ReactCurrentOwner:_,IsSomeRendererActing:{current:!1},assign:r};t.Children={map:P,forEach:function(e,t,n){P(e,(function(){t.apply(this,arguments)}),n)},count:function(e){var t=0;return P(e,(function(){t++})),t},toArray:function(e){return P(e,(function(e){return e}))||[]},only:function(e){if(!S(e))throw Error(p(143));return e}},t.Component=v,t.PureComponent=y,t.__SECRET_INTERNALS_DO_NOT_USE_OR_YOU_WILL_BE_FIRED=L,t.cloneElement=function(e,t,n){if(null===e||void 0===e)throw Error(p(267,e));var o=r({},e.props),l=e.key,i=e.ref,u=e._owner;if(null!=t){if(void 0!==t.ref&&(i=t.ref,u=_.current),void 0!==t.key&&(l=""+t.key),e.type&&e.type.defaultProps)var c=e.type.defaultProps;for(s in t)x.call(t,s)&&!w.hasOwnProperty(s)&&(o[s]=void 0===t[s]&&void 0!==c?c[s]:t[s])}var s=arguments.length-2;if(1===s)o.children=n;else if(1<s){c=Array(s);for(var f=0;f<s;f++)c[f]=arguments[f+2];o.children=c}return{$$typeof:a,type:e.type,key:l,ref:i,props:o,_owner:u}},t.createContext=function(e,t){return void 0===t&&(t=null),(e={$$typeof:i,_calculateChangedBits:t,_currentValue:e,_currentValue2:e,_threadCount:0,Provider:null,Consumer:null}).Provider={$$typeof:l,_context:e},e.Consumer=e},t.createElement=k,t.createFactory=function(e){var t=k.bind(null,e);return t.type=e,t},t.createRef=function(){return{current:null}},t.forwardRef=function(e){return{$$typeof:u,render:e}},t.isValidElement=S,t.lazy=function(e){return{$$typeof:s,_payload:{_status:-1,_result:e},_init:j}},t.memo=function(e,t){return{$$typeof:c,type:e,compare:void 0===t?null:t}},t.useCallback=function(e,t){return T().useCallback(e,t)},t.useContext=function(e,t){return T().useContext(e,t)},t.useDebugValue=function(){},t.useEffect=function(e,t){return T().useEffect(e,t)},t.useImperativeHandle=function(e,t,n){return T().useImperativeHandle(e,t,n)},t.useLayoutEffect=function(e,t){return T().useLayoutEffect(e,t)},t.useMemo=function(e,t){return T().useMemo(e,t)},t.useReducer=function(e,t,n){return T().useReducer(e,t,n)},t.useRef=function(e){return T().useRef(e)},t.useState=function(e){return T().useState(e)},t.version="17.0.2"},791:function(e,t,n){"use strict";e.exports=n(117)},184:function(e,t,n){"use strict";e.exports=n(374)},813:function(e,t){"use strict";var n,r,a,o;if("object"===typeof performance&&"function"===typeof performance.now){var l=performance;t.unstable_now=function(){return l.now()}}else{var i=Date,u=i.now();t.unstable_now=function(){return i.now()-u}}if("undefined"===typeof window||"function"!==typeof MessageChannel){var c=null,s=null,f=function e(){if(null!==c)try{var n=t.unstable_now();c(!0,n),c=null}catch(r){throw setTimeout(e,0),r}};n=function(e){null!==c?setTimeout(n,0,e):(c=e,setTimeout(f,0))},r=function(e,t){s=setTimeout(e,t)},a=function(){clearTimeout(s)},t.unstable_shouldYield=function(){return!1},o=t.unstable_forceFrameRate=function(){}}else{var d=window.setTimeout,p=window.clearTimeout;if("undefined"!==typeof console){var h=window.cancelAnimationFrame;"function"!==typeof window.requestAnimationFrame&&console.error("This browser doesn\'t support requestAnimationFrame. Make sure that you load a polyfill in older browsers. https://reactjs.org/link/react-polyfills"),"function"!==typeof h&&console.error("This browser doesn\'t support cancelAnimationFrame. Make sure that you load a polyfill in older browsers. https://reactjs.org/link/react-polyfills")}var m=!1,v=null,g=-1,y=5,b=0;t.unstable_shouldYield=function(){return t.unstable_now()>=b},o=function(){},t.unstable_forceFrameRate=function(e){0>e||125<e?console.error("forceFrameRate takes a positive int between 0 and 125, forcing frame rates higher than 125 fps is not supported"):y=0<e?Math.floor(1e3/e):5};var _=new MessageChannel,x=_.port2;_.port1.onmessage=function(){if(null!==v){var e=t.unstable_now();b=e+y;try{v(!0,e)?x.postMessage(null):(m=!1,v=null)}catch(n){throw x.postMessage(null),n}}else m=!1},n=function(e){v=e,m||(m=!0,x.postMessage(null))},r=function(e,n){g=d((function(){e(t.unstable_now())}),n)},a=function(){p(g),g=-1}}function w(e,t){var n=e.length;e.push(t);e:for(;;){var r=n-1>>>1,a=e[r];if(!(void 0!==a&&0<C(a,t)))break e;e[r]=t,e[n]=a,n=r}}function k(e){return void 0===(e=e[0])?null:e}function S(e){var t=e[0];if(void 0!==t){var n=e.pop();if(n!==t){e[0]=n;e:for(var r=0,a=e.length;r<a;){var o=2*(r+1)-1,l=e[o],i=o+1,u=e[i];if(void 0!==l&&0>C(l,n))void 0!==u&&0>C(u,l)?(e[r]=u,e[i]=n,r=i):(e[r]=l,e[o]=n,r=o);else{if(!(void 0!==u&&0>C(u,n)))break e;e[r]=u,e[i]=n,r=i}}}return t}return null}function C(e,t){var n=e.sortIndex-t.sortIndex;return 0!==n?n:e.id-t.id}var E=[],N=[],P=1,j=null,O=3,T=!1,L=!1,F=!1;function z(e){for(var t=k(N);null!==t;){if(null===t.callback)S(N);else{if(!(t.startTime<=e))break;S(N),t.sortIndex=t.expirationTime,w(E,t)}t=k(N)}}function R(e){if(F=!1,z(e),!L)if(null!==k(E))L=!0,n(M);else{var t=k(N);null!==t&&r(R,t.startTime-e)}}function M(e,n){L=!1,F&&(F=!1,a()),T=!0;var o=O;try{for(z(n),j=k(E);null!==j&&(!(j.expirationTime>n)||e&&!t.unstable_shouldYield());){var l=j.callback;if("function"===typeof l){j.callback=null,O=j.priorityLevel;var i=l(j.expirationTime<=n);n=t.unstable_now(),"function"===typeof i?j.callback=i:j===k(E)&&S(E),z(n)}else S(E);j=k(E)}if(null!==j)var u=!0;else{var c=k(N);null!==c&&r(R,c.startTime-n),u=!1}return u}finally{j=null,O=o,T=!1}}var I=o;t.unstable_IdlePriority=5,t.unstable_ImmediatePriority=1,t.unstable_LowPriority=4,t.unstable_NormalPriority=3,t.unstable_Profiling=null,t.unstable_UserBlockingPriority=2,t.unstable_cancelCallback=function(e){e.callback=null},t.unstable_continueExecution=function(){L||T||(L=!0,n(M))},t.unstable_getCurrentPriorityLevel=function(){return O},t.unstable_getFirstCallbackNode=function(){return k(E)},t.unstable_next=function(e){switch(O){case 1:case 2:case 3:var t=3;break;default:t=O}var n=O;O=t;try{return e()}finally{O=n}},t.unstable_pauseExecution=function(){},t.unstable_requestPaint=I,t.unstable_runWithPriority=function(e,t){switch(e){case 1:case 2:case 3:case 4:case 5:break;default:e=3}var n=O;O=e;try{return t()}finally{O=n}},t.unstable_scheduleCallback=function(e,o,l){var i=t.unstable_now();switch("object"===typeof l&&null!==l?l="number"===typeof(l=l.delay)&&0<l?i+l:i:l=i,e){case 1:var u=-1;break;case 2:u=250;break;case 5:u=1073741823;break;case 4:u=1e4;break;default:u=5e3}return e={id:P++,callback:o,priorityLevel:e,startTime:l,expirationTime:u=l+u,sortIndex:-1},l>i?(e.sortIndex=l,w(N,e),null===k(E)&&e===k(N)&&(F?a():F=!0,r(R,l-i))):(e.sortIndex=u,w(E,e),L||T||(L=!0,n(M))),e},t.unstable_wrapCallback=function(e){var t=O;return function(){var n=O;O=t;try{return e.apply(this,arguments)}finally{O=n}}}},296:function(e,t,n){"use strict";e.exports=n(813)},216:function(e,t,n){"use strict";e.exports=n.p+"static/media/default-kitty.8de3ec2fefe82e844764.jpg"}},t={};function n(r){var a=t[r];if(void 0!==a)return a.exports;var o=t[r]={exports:{}};return e[r](o,o.exports,n),o.exports}n.m=e,n.n=function(e){var t=e&&e.__esModule?function(){return e.default}:function(){return e};return n.d(t,{a:t}),t},n.d=function(e,t){for(var r in t)n.o(t,r)&&!n.o(e,r)&&Object.defineProperty(e,r,{enumerable:!0,get:t[r]})},n.f={},n.e=function(e){return Promise.all(Object.keys(n.f).reduce((function(t,r){return n.f[r](e,t),t}),[]))},n.u=function(e){return"static/js/"+e+".7f0c0923.chunk.js"},n.miniCssF=function(e){},n.g=function(){if("object"===typeof globalThis)return globalThis;try{return this||new Function("return this")()}catch(e){if("object"===typeof window)return window}}(),n.o=function(e,t){return Object.prototype.hasOwnProperty.call(e,t)},function(){var e={},t="kittygram:";n.l=function(r,a,o,l){if(e[r])e[r].push(a);else{var i,u;if(void 0!==o)for(var c=document.getElementsByTagName("script"),s=0;s<c.length;s++){var f=c[s];if(f.getAttribute("src")==r||f.getAttribute("data-webpack")==t+o){i=f;break}}i||(u=!0,(i=document.createElement("script")).charset="utf-8",i.timeout=120,n.nc&&i.setAttribute("nonce",n.nc),i.setAttribute("data-webpack",t+o),i.src=r),e[r]=[a];var d=function(t,n){i.onerror=i.onload=null,clearTimeout(p);var a=e[r];if(delete e[r],i.parentNode&&i.parentNode.removeChild(i),a&&a.forEach((function(e){return e(n)})),t)return t(n)},p=setTimeout(d.bind(null,void 0,{type:"timeout",target:i}),12e4);i.onerror=d.bind(null,i.onerror),i.onload=d.bind(null,i.onload),u&&document.head.appendChild(i)}}}(),n.r=function(e){"undefined"!==typeof Symbol&&Symbol.toStringTag&&Object.defineProperty(e,Symbol.toStringTag,{value:"Module"}),Object.defineProperty(e,"__esModule",{value:!0})},n.p="/",function(){var e={179:0};n.f.j=function(t,r){var a=n.o(e,t)?e[t]:void 0;if(0!==a)if(a)r.push(a[2]);else{var o=new Promise((function(n,r){a=e[t]=[n,r]}));r.push(a[2]=o);var l=n.p+n.u(t),i=new Error;n.l(l,(function(r){if(n.o(e,t)&&(0!==(a=e[t])&&(e[t]=void 0),a)){var o=r&&("load"===r.type?"missing":r.type),l=r&&r.target&&r.target.src;i.message="Loading chunk "+t+" failed.\\n("+o+": "+l+")",i.name="ChunkLoadError",i.type=o,i.request=l,a[1](i)}}),"chunk-"+t,t)}};var t=function(t,r){var a,o,l=r[0],i=r[1],u=r[2],c=0;if(l.some((function(t){return 0!==e[t]}))){for(a in i)n.o(i,a)&&(n.m[a]=i[a]);if(u)u(n)}for(t&&t(r);c<l.length;c++)o=l[c],n.o(e,o)&&e[o]&&e[o][0](),e[l[c]]=0},r=self.webpackChunkkittygram=self.webpackChunkkittygram||[];r.forEach(t.bind(null,0)),r.push=t.bind(null,r.push.bind(r))}(),function(){"use strict";var e=n(791),t=n(164);function r(e,t){(null==t||t>e.length)&&(t=e.length);for(var n=0,r=new Array(t);n<t;n++)r[n]=e[n];return r}function a(e,t){if(e){if("string"===typeof e)return r(e,t);var n=Object.prototype.toString.call(e).slice(8,-1);return"Object"===n&&e.constructor&&(n=e.constructor.name),"Map"===n||"Set"===n?Array.from(e):"Arguments"===n||/^(?:Ui|I)nt(?:8|16|32)(?:Clamped)?Array$/.test(n)?r(e,t):void 0}}function o(e,t){return function(e){if(Array.isArray(e))return e}(e)||function(e,t){var n=null==e?null:"undefined"!==typeof Symbol&&e[Symbol.iterator]||e["@@iterator"];if(null!=n){var r,a,o=[],l=!0,i=!1;try{for(n=n.call(e);!(l=(r=n.next()).done)&&(o.push(r.value),!t||o.length!==t);l=!0);}catch(u){i=!0,a=u}finally{try{l||null==n.return||n.return()}finally{if(i)throw a}}return o}}(e,t)||a(e,t)||function(){throw new TypeError("Invalid attempt to destructure non-iterable instance.\\nIn order to be iterable, non-array objects must have a [Symbol.iterator]() method.")}()}function l(e,t){return l=Object.setPrototypeOf||function(e,t){return e.__proto__=t,e},l(e,t)}function i(e,t){e.prototype=Object.create(t.prototype),e.prototype.constructor=e,l(e,t)}function u(){return u=Object.assign||function(e){for(var t=1;t<arguments.length;t++){var n=arguments[t];for(var r in n)Object.prototype.hasOwnProperty.call(n,r)&&(e[r]=n[r])}return e},u.apply(this,arguments)}function c(e){return"/"===e.charAt(0)}function s(e,t){for(var n=t,r=n+1,a=e.length;r<a;n+=1,r+=1)e[n]=e[r];e.pop()}var f=function(e,t){void 0===t&&(t="");var n,r=e&&e.split("/")||[],a=t&&t.split("/")||[],o=e&&c(e),l=t&&c(t),i=o||l;if(e&&c(e)?a=r:r.length&&(a.pop(),a=a.concat(r)),!a.length)return"/";if(a.length){var u=a[a.length-1];n="."===u||".."===u||""===u}else n=!1;for(var f=0,d=a.length;d>=0;d--){var p=a[d];"."===p?s(a,d):".."===p?(s(a,d),f++):f&&(s(a,d),f--)}if(!i)for(;f--;f)a.unshift("..");!i||""===a[0]||a[0]&&c(a[0])||a.unshift("");var h=a.join("/");return n&&"/"!==h.substr(-1)&&(h+="/"),h};function d(e){return e.valueOf?e.valueOf():Object.prototype.valueOf.call(e)}var p=function e(t,n){if(t===n)return!0;if(null==t||null==n)return!1;if(Array.isArray(t))return Array.isArray(n)&&t.length===n.length&&t.every((function(t,r){return e(t,n[r])}));if("object"===typeof t||"object"===typeof n){var r=d(t),a=d(n);return r!==t||a!==n?e(r,a):Object.keys(Object.assign({},t,n)).every((function(r){return e(t[r],n[r])}))}return!1},h="Invariant failed";function m(e,t){if(!e)throw new Error(h)}function v(e){return"/"===e.charAt(0)?e:"/"+e}function g(e){return"/"===e.charAt(0)?e.substr(1):e}function y(e,t){return function(e,t){return 0===e.toLowerCase().indexOf(t.toLowerCase())&&-1!=="/?#".indexOf(e.charAt(t.length))}(e,t)?e.substr(t.length):e}function b(e){return"/"===e.charAt(e.length-1)?e.slice(0,-1):e}function _(e){var t=e.pathname,n=e.search,r=e.hash,a=t||"/";return n&&"?"!==n&&(a+="?"===n.charAt(0)?n:"?"+n),r&&"#"!==r&&(a+="#"===r.charAt(0)?r:"#"+r),a}function x(e,t,n,r){var a;"string"===typeof e?(a=function(e){var t=e||"/",n="",r="",a=t.indexOf("#");-1!==a&&(r=t.substr(a),t=t.substr(0,a));var o=t.indexOf("?");return-1!==o&&(n=t.substr(o),t=t.substr(0,o)),{pathname:t,search:"?"===n?"":n,hash:"#"===r?"":r}}(e),a.state=t):(void 0===(a=u({},e)).pathname&&(a.pathname=""),a.search?"?"!==a.search.charAt(0)&&(a.search="?"+a.search):a.search="",a.hash?"#"!==a.hash.charAt(0)&&(a.hash="#"+a.hash):a.hash="",void 0!==t&&void 0===a.state&&(a.state=t));try{a.pathname=decodeURI(a.pathname)}catch(o){throw o instanceof URIError?new URIError(\'Pathname "\'+a.pathname+\'" could not be decoded. This is likely caused by an invalid percent-encoding.\'):o}return n&&(a.key=n),r?a.pathname?"/"!==a.pathname.charAt(0)&&(a.pathname=f(a.pathname,r.pathname)):a.pathname=r.pathname:a.pathname||(a.pathname="/"),a}function w(){var e=null;var t=[];return{setPrompt:function(t){return e=t,function(){e===t&&(e=null)}},confirmTransitionTo:function(t,n,r,a){if(null!=e){var o="function"===typeof e?e(t,n):e;"string"===typeof o?"function"===typeof r?r(o,a):a(!0):a(!1!==o)}else a(!0)},appendListener:function(e){var n=!0;function r(){n&&e.apply(void 0,arguments)}return t.push(r),function(){n=!1,t=t.filter((function(e){return e!==r}))}},notifyListeners:function(){for(var e=arguments.length,n=new Array(e),r=0;r<e;r++)n[r]=arguments[r];t.forEach((function(e){return e.apply(void 0,n)}))}}}var k=!("undefined"===typeof window||!window.document||!window.document.createElement);function S(e,t){t(window.confirm(e))}var C="popstate",E="hashchange";function N(){try{return window.history.state||{}}catch(e){return{}}}function P(e){void 0===e&&(e={}),k||m(!1);var t=window.history,n=function(){var e=window.navigator.userAgent;return(-1===e.indexOf("Android 2.")&&-1===e.indexOf("Android 4.0")||-1===e.indexOf("Mobile Safari")||-1!==e.indexOf("Chrome")||-1!==e.indexOf("Windows Phone"))&&window.history&&"pushState"in window.history}(),r=!(-1===window.navigator.userAgent.indexOf("Trident")),a=e,o=a.forceRefresh,l=void 0!==o&&o,i=a.getUserConfirmation,c=void 0===i?S:i,s=a.keyLength,f=void 0===s?6:s,d=e.basename?b(v(e.basename)):"";function p(e){var t=e||{},n=t.key,r=t.state,a=window.location,o=a.pathname+a.search+a.hash;return d&&(o=y(o,d)),x(o,r,n)}function h(){return Math.random().toString(36).substr(2,f)}var g=w();function P(e){u(U,e),U.length=t.length,g.notifyListeners(U.location,U.action)}function j(e){(function(e){return void 0===e.state&&-1===navigator.userAgent.indexOf("CriOS")})(e)||L(p(e.state))}function O(){L(p(N()))}var T=!1;function L(e){if(T)T=!1,P();else{g.confirmTransitionTo(e,"POP",c,(function(t){t?P({action:"POP",location:e}):function(e){var t=U.location,n=z.indexOf(t.key);-1===n&&(n=0);var r=z.indexOf(e.key);-1===r&&(r=0);var a=n-r;a&&(T=!0,M(a))}(e)}))}}var F=p(N()),z=[F.key];function R(e){return d+_(e)}function M(e){t.go(e)}var I=0;function A(e){1===(I+=e)&&1===e?(window.addEventListener(C,j),r&&window.addEventListener(E,O)):0===I&&(window.removeEventListener(C,j),r&&window.removeEventListener(E,O))}var D=!1;var U={length:t.length,action:"POP",location:F,createHref:R,push:function(e,r){var a="PUSH",o=x(e,r,h(),U.location);g.confirmTransitionTo(o,a,c,(function(e){if(e){var r=R(o),i=o.key,u=o.state;if(n)if(t.pushState({key:i,state:u},null,r),l)window.location.href=r;else{var c=z.indexOf(U.location.key),s=z.slice(0,c+1);s.push(o.key),z=s,P({action:a,location:o})}else window.location.href=r}}))},replace:function(e,r){var a="REPLACE",o=x(e,r,h(),U.location);g.confirmTransitionTo(o,a,c,(function(e){if(e){var r=R(o),i=o.key,u=o.state;if(n)if(t.replaceState({key:i,state:u},null,r),l)window.location.replace(r);else{var c=z.indexOf(U.location.key);-1!==c&&(z[c]=o.key),P({action:a,location:o})}else window.location.replace(r)}}))},go:M,goBack:function(){M(-1)},goForward:function(){M(1)},block:function(e){void 0===e&&(e=!1);var t=g.setPrompt(e);return D||(A(1),D=!0),function(){return D&&(D=!1,A(-1)),t()}},listen:function(e){var t=g.appendListener(e);return A(1),function(){A(-1),t()}}};return U}var j="hashchange",O={hashbang:{encodePath:function(e){return"!"===e.charAt(0)?e:"!/"+g(e)},decodePath:function(e){return"!"===e.charAt(0)?e.substr(1):e}},noslash:{encodePath:g,decodePath:v},slash:{encodePath:v,decodePath:v}};function T(e){var t=e.indexOf("#");return-1===t?e:e.slice(0,t)}function L(){var e=window.location.href,t=e.indexOf("#");return-1===t?"":e.substring(t+1)}function F(e){window.location.replace(T(window.location.href)+"#"+e)}function z(e){void 0===e&&{},k||m(!1);var t=window.history,n=(window.navigator.userAgent.indexOf("Firefox"),e),r=n.getUserConfirmation,a=void 0===r?S:r,o=n.hashType,l=void 0===o?"slash":o,i=e.basename?b(v(e.basename)):"",c=O[l],s=c.encodePath,f=c.decodePath;function d(){var e=f(L());return i&&y(e,i),x(e)}var p=w();function h(e){u(U,e),U.length=t.length,p.notifyListeners(U.location,U.action)}var g=!1,C=null;function E(){var e,t,n=L(),r=s(n);if(n!==r)F(r);else{var o=d(),l=U.location;if(!g&&(o,l.pathname===t.pathname&&e.search===t.search&&e.hash===t.hash))return;if(C===_(o))return;null,function(e){if(g)!1,h();else{var t="POP";p.confirmTransitionTo(e,t,a,(function(n){n?h({action:t,location:e}):function(e){var t=U.location,n=R.lastIndexOf(_(t));-1===n&&0;var r=R.lastIndexOf(_(e));-1===r&&0;var a=n-r;a&&(!0,M(a))}(e)}))}}(o)}}var N=L(),P=s(N);N!==P&&F(P);var z=d(),R=[_(z)];function M(e){t.go(e)}var I=0;function A(e){1===(I+=e)&&1===e?window.addEventListener(j,E):0===I&&window.removeEventListener(j,E)}var D=!1;var U={length:t.length,action:"POP",location:z,createHref:function(e){var t=document.querySelector("base"),n="";return t&&t.getAttribute("href")&&T(window.location.href),n+"#"+s(i+_(e))},push:function(e,t){var n="PUSH",r=x(e,void 0,void 0,U.location);p.confirmTransitionTo(r,n,a,(function(e){if(e){var t=_(r),a=s(i+t);if(L()!==a){t,function(e){window.location.hash=e}(a);var o=R.lastIndexOf(_(U.location)),l=R.slice(0,o+1);l.push(t),l,h({action:n,location:r})}else h()}}))},replace:function(e,t){var n="REPLACE",r=x(e,void 0,void 0,U.location);p.confirmTransitionTo(r,n,a,(function(e){if(e){var t=_(r),a=s(i+t);L()!==a&&(t,F(a));var o=R.indexOf(_(U.location));-1!==o&&(R[o]=t),h({action:n,location:r})}}))},go:M,goBack:function(){M(-1)},goForward:function(){M(1)},block:function(e){void 0===e&&!1;var t=p.setPrompt(e);return D||(A(1),!0),function(){return D&&(!1,A(-1)),t()}},listen:function(e){var t=p.appendListener(e);return A(1),function(){A(-1),t()}}};return U}function R(e,t,n){return Math.min(Math.max(e,t),n)}function M(e){void 0===e&&{};var t=e,n=t.getUserConfirmation,r=t.initialEntries,a=void 0===r?["/"]:r,o=t.initialIndex,l=void 0===o?0:o,i=t.keyLength,c=void 0===i?6:i,s=w();function f(e){u(g,e),g.length=g.entries.length,s.notifyListeners(g.location,g.action)}function d(){return Math.random().toString(36).substr(2,c)}var p=R(l,0,a.length-1),h=a.map((function(e){return x(e,void 0,"string"===typeof e?d():e.key||d())})),m=_;function v(e){var t=R(g.index+e,0,g.entries.length-1),r=g.entries[t];s.confirmTransitionTo(r,"POP",n,(function(e){e?f({action:"POP",location:r,index:t}):f()}))}var g={length:h.length,action:"POP",location:h[p],index:p,entries:h,createHref:m,push:function(e,t){var r="PUSH",a=x(e,t,d(),g.location);s.confirmTransitionTo(a,r,n,(function(e){if(e){var t=g.index+1,n=g.entries.slice(0);n.length>t?n.splice(t,n.length-t,a):n.push(a),f({action:r,location:a,index:t,entries:n})}}))},replace:function(e,t){var r="REPLACE",a=x(e,t,d(),g.location);s.confirmTransitionTo(a,r,n,(function(e){e&&(g.entries[g.index]=a,f({action:r,location:a}))}))},go:v,goBack:function(){v(-1)},goForward:function(){v(1)},canGo:function(e){var t=g.index+e;return t>=0&&t<g.entries.length},block:function(e){return void 0===e&&!1,s.setPrompt(e)},listen:function(e){return s.appendListener(e)}};return g}var I=n(7),A=n.n(I),D=1073741823,U="undefined"!==typeof globalThis?globalThis:"undefined"!==typeof window?window:"undefined"!==typeof n.g?n.g:{};function $(e){var t=[];return{on:function(e){t.push(e)},off:function(e){t=t.filter((function(t){return t!==e}))},get:function(){return e},set:function(n,r){e=n,t.forEach((function(t){return t(e,r)}))}}}var B=e.createContext||function(t,n){var r,a,o="__create-react-context-"+function(){var e="__global_unique_id__";return U[e]=(U[e]||0)+1}()+"__",l=function(e){function t(){var t;return(t=e.apply(this,arguments)||this).emitter=$(t.props.value),t}i(t,e);var r=t.prototype;return r.getChildContext=function(){var e;return(e={})[o]=this.emitter,e},r.componentWillReceiveProps=function(e){if(this.props.value!==e.value){var t,r=this.props.value,a=e.value;((o=r)===(l=a)?0!==o||1/o===1/l:o!==o&&l!==l)?t=0:(t="function"===typeof n?n(r,a):D,0!==(t|=0)&&this.emitter.set(e.value,t))}var o,l},r.render=function(){return this.props.children},t}(e.Component);l.childContextTypes=((r={})[o]=A().object.isRequired,r);var u=function(e){function n(){var t;return(t=e.apply(this,arguments)||this).state={value:t.getValue()},t.onUpdate=function(e,n){0!==((0|t.observedBits)&n)&&t.setState({value:t.getValue()})},t}i(n,e);var r=n.prototype;return r.componentWillReceiveProps=function(e){var t=e.observedBits;this.observedBits=void 0===t||null===t?D:t},r.componentDidMount=function(){this.context[o]&&this.context[o].on(this.onUpdate);var e=this.props.observedBits;this.observedBits=void 0===e||null===e?D:e},r.componentWillUnmount=function(){this.context[o]&&this.context[o].off(this.onUpdate)},r.getValue=function(){return this.context[o]?this.context[o].get():t},r.render=function(){return(e=this.props.children,Array.isArray(e)?e[0]:e)(this.state.value);var e},n}(e.Component);return u.contextTypes=((a={})[o]=A().object,a),{Provider:l,Consumer:u}},V=B,W=n(239),H=n.n(W);n(228);function Q(e,t){if(null==e)return{};var n,r,a={},o=Object.keys(e);for(r=0;r<o.length;r++)n=o[r],t.indexOf(n)>=0||(a[n]=e[n]);return a}n(110);var q=function(e){var t=V();return t.displayName=e,t},K=q("Router-History"),Y=q("Router"),X=function(t){function n(e){var n;return(n=t.call(this,e)||this).state={location:e.history.location},n._isMounted=!1,n._pendingLocation=null,e.staticContext||(n.unlisten=e.history.listen((function(e){n._isMounted?n.setState({location:e}):n._pendingLocation=e}))),n}i(n,t),n.computeRootMatch=function(e){return{path:"/",url:"/",params:{},isExact:"/"===e}};var r=n.prototype;return r.componentDidMount=function(){this._isMounted=!0,this._pendingLocation&&this.setState({location:this._pendingLocation})},r.componentWillUnmount=function(){this.unlisten&&(this.unlisten(),this._isMounted=!1,this._pendingLocation=null)},r.render=function(){return e.createElement(Y.Provider,{value:{history:this.props.history,location:this.state.location,match:n.computeRootMatch(this.state.location.pathname),staticContext:this.props.staticContext}},e.createElement(K.Provider,{children:this.props.children||null,value:this.props.history}))},n}(e.Component);e.Component;var G=function(e){function t(){return e.apply(this,arguments)||this}i(t,e);var n=t.prototype;return n.componentDidMount=function(){this.props.onMount&&this.props.onMount.call(this,this)},n.componentDidUpdate=function(e){this.props.onUpdate&&this.props.onUpdate.call(this,this,e)},n.componentWillUnmount=function(){this.props.onUnmount&&this.props.onUnmount.call(this,this)},n.render=function(){return null},t}(e.Component);var J={},Z=0;function ee(e,t){return void 0===e&&(e="/"),void 0===t&&(t={}),"/"===e?e:function(e){if(J[e])return J[e];var t=H().compile(e);return Z<1e4&&(J[e]=t,Z++),t}(e)(t,{pretty:!0})}function te(t){var n=t.computedMatch,r=t.to,a=t.push,o=void 0!==a&&a;return e.createElement(Y.Consumer,null,(function(t){t||m(!1);var a=t.history,l=t.staticContext,i=o?a.push:a.replace,c=x(n?"string"===typeof r?ee(r,n.params):u({},r,{pathname:ee(r.pathname,n.params)}):r);return l?(i(c),null):e.createElement(G,{onMount:function(){i(c)},onUpdate:function(e,t){var n,r,a=x(t.to);n=a,r=u({},c,{key:a.key}),n.pathname===r.pathname&&n.search===r.search&&n.hash===r.hash&&n.key===r.key&&p(n.state,r.state)||i(c)},to:r})}))}var ne={},re=0;function ae(e,t){void 0===t&&(t={}),("string"===typeof t||Array.isArray(t))&&(t={path:t});var n=t,r=n.path,a=n.exact,o=void 0!==a&&a,l=n.strict,i=void 0!==l&&l,u=n.sensitive,c=void 0!==u&&u;return[].concat(r).reduce((function(t,n){if(!n&&""!==n)return null;if(t)return t;var r=function(e,t){var n=""+t.end+t.strict+t.sensitive,r=ne[n]||(ne[n]={});if(r[e])return r[e];var a=[],o={regexp:H()(e,a,t),keys:a};return re<1e4&&(r[e]=o,re++),o}(n,{end:o,strict:i,sensitive:c}),a=r.regexp,l=r.keys,u=a.exec(e);if(!u)return null;var s=u[0],f=u.slice(1),d=e===s;return o&&!d?null:{path:n,url:"/"===n&&""===s?"/":s,isExact:d,params:l.reduce((function(e,t,n){return e[t.name]=f[n],e}),{})}}),null)}var oe=function(t){function n(){return t.apply(this,arguments)||this}return i(n,t),n.prototype.render=function(){var t=this;return e.createElement(Y.Consumer,null,(function(n){n||m(!1);var r=t.props.location||n.location,a=u({},n,{location:r,match:t.props.computedMatch?t.props.computedMatch:t.props.path?ae(r.pathname,t.props):n.match}),o=t.props,l=o.children,i=o.component,c=o.render;return Array.isArray(l)&&function(t){return 0===e.Children.count(t)}(l)&&(l=null),e.createElement(Y.Provider,{value:a},a.match?l?"function"===typeof l?l(a):l:i?e.createElement(i,a):c?c(a):null:"function"===typeof l?l(a):null)}))},n}(e.Component);function le(e){return"/"===e.charAt(0)?e:"/"+e}function ie(e,t){if(!e)return t;var n=le(e);return 0!==t.pathname.indexOf(n)?t:u({},t,{pathname:t.pathname.substr(n.length)})}function ue(e){return"string"===typeof e?e:_(e)}function ce(e){return function(){m(!1)}}function se(){}e.Component;var fe=function(t){function n(){return t.apply(this,arguments)||this}return i(n,t),n.prototype.render=function(){var t=this;return e.createElement(Y.Consumer,null,(function(n){n||m(!1);var r,a,o=t.props.location||n.location;return e.Children.forEach(t.props.children,(function(t){if(null==a&&e.isValidElement(t)){r=t;var l=t.props.path||t.props.from;a=l?ae(o.pathname,u({},t.props,{path:l})):n.match}})),a?e.cloneElement(r,{location:o,computedMatch:a}):null}))},n}(e.Component);var de=e.useContext;function pe(){return de(K)}function he(){return de(Y).location}var me=function(t){function n(){for(var e,n=arguments.length,r=new Array(n),a=0;a<n;a++)r[a]=arguments[a];return(e=t.call.apply(t,[this].concat(r))||this).history=P(e.props),e}return i(n,t),n.prototype.render=function(){return e.createElement(X,{history:this.history,children:this.props.children})},n}(e.Component);e.Component;var ve=function(e,t){return"function"===typeof e?e(t):e},ge=function(e,t){return"string"===typeof e?x(e,null,null,t):e},ye=function(e){return e},be=e.forwardRef;"undefined"===typeof be&&(be=ye);var _e=be((function(t,n){var r=t.innerRef,a=t.navigate,o=t.onClick,l=Q(t,["innerRef","navigate","onClick"]),i=l.target,c=u({},l,{onClick:function(e){try{o&&o(e)}catch(t){throw e.preventDefault(),t}e.defaultPrevented||0!==e.button||i&&"_self"!==i||function(e){return!!(e.metaKey||e.altKey||e.ctrlKey||e.shiftKey)}(e)||(e.preventDefault(),a())}});return c.ref=ye!==be&&n||r,e.createElement("a",c)}));var xe=be((function(t,n){var r=t.component,a=void 0===r?_e:r,o=t.replace,l=t.to,i=t.innerRef,c=Q(t,["component","replace","to","innerRef"]);return e.createElement(Y.Consumer,null,(function(t){t||m(!1);var r=t.history,s=ge(ve(l,t.location),t.location),f=s?r.createHref(s):"",d=u({},c,{href:f,navigate:function(){var e=ve(l,t.location),n=_(t.location)===_(ge(e));(o||n?r.replace:r.push)(e)}});return ye!==be?d.ref=n||i:d.innerRef=i,e.createElement(a,d)}))})),we=function(e){return e},ke=e.forwardRef;"undefined"===typeof ke&&(ke=we);var Se=ke((function(t,n){var r=t["aria-current"],a=void 0===r?"page":r,o=t.activeClassName,l=void 0===o?"active":o,i=t.activeStyle,c=t.className,s=t.exact,f=t.isActive,d=t.location,p=t.sensitive,h=t.strict,v=t.style,g=t.to,y=t.innerRef,b=Q(t,["aria-current","activeClassName","activeStyle","className","exact","isActive","location","sensitive","strict","style","to","innerRef"]);return e.createElement(Y.Consumer,null,(function(t){t||m(!1);var r=d||t.location,o=ge(ve(g,r),r),_=o.pathname,x=_&&_.replace(/([.+*?=^!:${}()[\\]|/\\\\])/g,"\\\\$1"),w=x?ae(r.pathname,{path:x,exact:s,sensitive:p,strict:h}):null,k=!!(f?f(w,r):w),S="function"===typeof c?c(k):c,C="function"===typeof v?v(k):v;k&&(S=function(){for(var e=arguments.length,t=new Array(e),n=0;n<e;n++)t[n]=arguments[n];return t.filter((function(e){return e})).join(" ")}(S,l),C=u({},C,i));var E=u({"aria-current":k&&a||null,className:S,style:C,to:o},b);return we!==ke?E.ref=n||y:E.innerRef=y,e.createElement(xe,E)}))})),Ce=e.createContext(),Ee="",Ne=["#FFE4C4","#DEB887","#FFA500","#FF8C00","#D2691E","#8B4513","#FFFFFF","#F5F5F5","#DCDCDC","#A9A9A9","#808080","#000000"],Pe={bisque:"#FFE4C4",burlywood:"#DEB887",orange:"#FFA500",darkorange:"#FF8C00",chocolate:"#D2691E",saddlebrown:"#8B4513",white:"#FFFFFF",whitesmoke:"#F5F5F5",gainsboro:"#DCDCDC",darkgrey:"#A9A9A9",gray:"#808080",black:"#000000"},je=function(e){return new Promise((function(t,n){var r=new FileReader;r.readAsDataURL(e),r.onload=function(){return t(r.result)},r.onerror=function(e){return n(e)}}))},Oe=function(e){return e.ok?e.json():e.json().then((function(e){return Promise.reject(e)}))},Te={"Content-Type":"application/json"},Le=function(){return fetch("".concat(Ee,"/api/users/me/"),{method:"GET",headers:{"Content-Type":"application/json",authorization:"Token ".concat(localStorage.getItem("auth_token"))}}).then(Oe)},Fe=function(){var e=arguments.length>0&&void 0!==arguments[0]?arguments[0]:1;return fetch("".concat(Ee,"/api/cats/?page=").concat(e),{method:"GET",headers:{"Content-Type":"application/json",authorization:"Token ".concat(localStorage.getItem("auth_token"))}}).then(Oe)},ze=function(e){return fetch("".concat(Ee,"/api/cats/"),{method:"POST",headers:{"Content-Type":"application/json",authorization:"Token ".concat(localStorage.getItem("auth_token"))},body:JSON.stringify(e)}).then(Oe)},Re=function(e,t){return fetch("".concat(Ee,"/api/cats/").concat(t,"/"),{method:"PATCH",headers:{"Content-Type":"application/json",authorization:"Token ".concat(localStorage.getItem("auth_token"))},body:JSON.stringify(e)}).then(Oe)};function Me(e,t,n){return t in e?Object.defineProperty(e,t,{value:n,enumerable:!0,configurable:!0,writable:!0}):e[t]=n,e}function Ie(e,t){var n=Object.keys(e);if(Object.getOwnPropertySymbols){var r=Object.getOwnPropertySymbols(e);t&&(r=r.filter((function(t){return Object.getOwnPropertyDescriptor(e,t).enumerable}))),n.push.apply(n,r)}return n}function Ae(e){for(var t=1;t<arguments.length;t++){var n=null!=arguments[t]?arguments[t]:{};t%2?Ie(Object(n),!0).forEach((function(t){Me(e,t,n[t])})):Object.getOwnPropertyDescriptors?Object.defineProperties(e,Object.getOwnPropertyDescriptors(n)):Ie(Object(n)).forEach((function(t){Object.defineProperty(e,t,Object.getOwnPropertyDescriptor(n,t))}))}return e}function De(e,t){if(null==e)return{};var n,r,a=Q(e,t);if(Object.getOwnPropertySymbols){var o=Object.getOwnPropertySymbols(e);for(r=0;r<o.length;r++)n=o[r],t.indexOf(n)>=0||Object.prototype.propertyIsEnumerable.call(e,n)&&(a[n]=e[n])}return a}var Ue=n(184),$e=["children"],Be=function(e){var t=e.children,n=De(e,$e);return(0,Ue.jsx)(oe,Ae(Ae({},n),{},{render:function(){return localStorage.getItem("auth_token")?t:(0,Ue.jsx)(te,{to:"/signin"})}}))};var Ve=n.p+"static/media/login.fd91e54728b2a6dfcef8b694ff5fa200.svg";var We=n.p+"static/media/plus.59855b1b9164527df1ebd896c9f827f2.svg";var He=n.p+"static/media/logout.d61d17a46a28107d321d846ff4fd88c4.svg";var Qe=n.p+"static/media/logo.018b6643f3dd14ed8a10432df1ab2a2b.svg",qe="button-header_button__gE5G7",Ke="button-header_hidden__Ay3Pt",Ye="button-header_none__+Bd3A",Xe="button-header_text__1pP0C",Ge="button-header_icon__QsQzj",Je=["isLogin","text","icon","to","extraClass"],Ze=function(e){var t=e.isLogin,n=void 0!==t&&t,r=e.text,a=void 0===r?"":r,o=e.icon,l=e.to,i=void 0===l?"/signin":l,u=e.extraClass,c=void 0===u?"":u,s=De(e,Je);return(0,Ue.jsxs)(Se,Ae(Ae({to:i,className:"".concat(qe," ").concat(c)},s),{},{children:[(0,Ue.jsx)("img",{className:Ge,src:o,alt:"\\u0418\\u043a\\u043e\\u043d\\u043a\\u0430."}),(0,Ue.jsx)("p",{className:"text text_type_large text_color_white pl-8 ".concat(Xe," ").concat(!a&&Ye," ").concat(n&&Ke),children:a})]}))},et="button-secondary_button__rvAvn",tt="button-secondary_icon__3AaNU",nt=["type","icon","extraClass"],rt=function(e){var t=e.type,n=void 0===t?"button":t,r=e.icon,a=e.extraClass,o=void 0===a?"":a,l=De(e,nt);return(0,Ue.jsx)("button",Ae(Ae({className:"".concat(et," ").concat(o),type:n},l),{},{children:(0,Ue.jsx)("img",{className:tt,src:r,alt:"\\u041a\\u043d\\u043e\\u043f\\u043a\\u0430 \\u0432\\u044b\\u0445\\u043e\\u0434\\u0430 \\u0438\\u0437 \\u0430\\u043a\\u043a\\u0430\\u0443\\u043d\\u0442\\u0430."})}))},at={header:"header_header__z8ezc",logo:"header_logo__wLirW",btns_box:"header_btns_box__-8dFL",hidden:"header_hidden__gbYee"},ot=function(t){var n=t.setQueryPage,r=t.extraClass,a=void 0===r?"":r,l=o(e.useContext(Ce),2),i=l[0],u=l[1],c=he(),s="".concat(at.header," ").concat(("/signin"===c.pathname||"/signup"===c.pathname)&&at.hidden," ").concat(a);return(0,Ue.jsxs)("header",{className:s,children:[(0,Ue.jsx)(Se,{className:at.nav,to:"/",onClick:function(){n(1)},children:(0,Ue.jsx)("img",{className:at.logo,src:Qe,alt:"\\u041b\\u043e\\u0433\\u043e\\u0442\\u0438\\u043f."})}),i.id?(0,Ue.jsxs)("div",{className:at.btns_box,children:[(0,Ue.jsx)(Ze,{to:"/cats/add",text:"\\u0414\\u043e\\u0431\\u0430\\u0432\\u0438\\u0442\\u044c \\u043a\\u043e\\u0442\\u0430",icon:We,isLogin:!0}),(0,Ue.jsx)(rt,{icon:He,onClick:function(){fetch("".concat(Ee,"/api/token/logout/"),{method:"POST",headers:{"Content-Type":"application/json",authorization:"Token ".concat(localStorage.getItem("auth_token"))}}).then((function(e){return 204===e.status?(localStorage.removeItem("auth_token"),e):null})).then((function(){u({id:""}),n(1)}))}})]}):(0,Ue.jsx)(Ze,{to:"/signin",text:"\\u0412\\u043e\\u0439\\u0442\\u0438",icon:Ve})]})},lt="footer_footer__XXj-R",it="footer_text__9aNvQ",ut=function(e){var t=e.extraClass,n=void 0===t?"":t;return(0,Ue.jsx)("footer",{className:"".concat(lt," ").concat(n),children:(0,Ue.jsx)("p",{className:"text text_type_medium-20 text_color_input ".concat(it),children:"Kittygram ".concat((new Date).getFullYear())})})},ct="form-container_content__QF6jd",st=function(e){var t=e.children,n=e.extraClass,r=void 0===n?"":n;return(0,Ue.jsx)("div",{className:"".concat(ct," ").concat(r),children:t})};var ft=n.p+"static/media/eye.14d865b3b3ae85ab958b2bb4a49f75e0.svg";var dt=n.p+"static/media/eye-off.fc7a1ff2d14069eb4fd33ce01673c351.svg",pt={content:"input_content__34WpC",input:"input_input__bAnmr",eye_btn:"input_eye_btn__HxGE6",error:"input_error__UV1tM"},ht=["extraClass","extraInputClass","type","id","error"],mt=function(t){var n=t.extraClass,r=void 0===n?"":n,a=t.extraInputClass,l=void 0===a?"":a,i=t.type,u=t.id,c=t.error,s=De(t,ht),f=o(e.useState(!1),2),d=f[0],p=f[1],h="password"===i?d?"text":"password":i,m="password"===h?dt:ft;return(0,Ue.jsxs)("div",{className:"".concat(pt.content," ").concat(r),children:[(0,Ue.jsx)("input",Ae({id:u,type:h,className:"".concat(pt.input," text text_type_medium-16 text_color_primary ").concat(l)},s)),"password"===i&&(0,Ue.jsx)("button",{type:"button",className:pt.eye_btn,onClick:function(){p(!d)},children:(0,Ue.jsx)("img",{className:pt.eye_img,src:m,alt:"\\u041f\\u043e\\u0441\\u043c\\u043e\\u0442\\u0440\\u0435\\u0442\\u044c \\u043f\\u0430\\u0440\\u043e\\u043b\\u044c."})}),c&&(0,Ue.jsx)("span",{className:"text text_type_medium-16 text_color_red mb-4 ".concat(pt.error),children:c})]})},vt={button:"button-form_button__4mpE0"},gt=["text","extraClass","type"],yt=function(e){var t=e.text,n=void 0===t?"":t,r=e.extraClass,a=void 0===r?"":r,o=e.type,l=void 0===o?"button":o,i=De(e,gt);return(0,Ue.jsx)("button",Ae(Ae({className:"".concat(vt.button," ").concat(a),type:l},i),{},{children:(0,Ue.jsx)("p",{className:"text text_type_large text_color_white pl-8 ".concat(vt.text),children:n})}))},bt="sign-up_content__gBA-o",_t="sign-up_logo__uFH+m",xt="sign-up_title__cuAPb",wt="sign-up_subtitle__mhtwA",kt="sign-up_form__fBruE",St="sign-up_agreement__-44AE",Ct="sign-up_footer__5UI9T",Et="sign-up_nav__7NKpQ",Nt=function(t){var n=t.extraClass,r=void 0===n?"":n,a=o(e.useState({}),2),l=a[0],i=a[1],u=o(e.useState(""),2),c=u[0],s=u[1],f=o(e.useState(""),2),d=f[0],p=f[1],h=o(e.useState(""),2),m=h[0],v=h[1],g=pe(),y=function(e){i(Ae(Ae({},l),{},Me({},e.target.name,e.target.value)))};return(0,Ue.jsxs)("section",{className:"".concat(bt," ").concat(r),children:[(0,Ue.jsx)("img",{className:"".concat(_t," mb-16"),src:Qe,alt:"\\u041b\\u043e\\u0433\\u043e\\u0442\\u0438\\u043f"}),(0,Ue.jsx)("h1",{className:"text text_type_h1 text_color_primary mb-20 ".concat(xt),children:"\\u0420\\u0435\\u0433\\u0438\\u0441\\u0442\\u0440\\u0430\\u0446\\u0438\\u044f"}),(0,Ue.jsx)("p",{className:"text text_type_medium-20 text_color_input mb-10 ".concat(wt),children:"\\u0417\\u0430\\u0440\\u0435\\u0433\\u0438\\u0441\\u0442\\u0440\\u0438\\u0440\\u0443\\u0439\\u0442\\u0435\\u0441\\u044c \\u0434\\u043b\\u044f \\u0434\\u043e\\u0441\\u0442\\u0443\\u043f\\u0430 \\u043a Kittygram!"}),(0,Ue.jsxs)(st,{children:[(0,Ue.jsxs)("form",{className:kt,children:[(0,Ue.jsx)(mt,{onChange:y,name:"username",type:"text",id:1,placeholder:"\\u0418\\u043c\\u044f",error:m}),(0,Ue.jsx)(mt,{onChange:y,name:"password",type:"password",id:2,placeholder:"\\u041f\\u0430\\u0440\\u043e\\u043b\\u044c",error:d}),(0,Ue.jsx)(mt,{onChange:y,name:"password2",type:"password",id:3,placeholder:"\\u041f\\u043e\\u0432\\u0442\\u043e\\u0440\\u0438\\u0442\\u0435 \\u043f\\u0430\\u0440\\u043e\\u043b\\u044c",error:c}),(0,Ue.jsx)("p",{className:"text text_type_small text_color_input ".concat(St),children:"\\u0420\\u0435\\u0433\\u0438\\u0441\\u0442\\u0440\\u0438\\u0440\\u0443\\u044f\\u0441\\u044c \\u043d\\u0430 \\u043d\\u0430\\u0448\\u0435\\u043c \\u0441\\u0430\\u0439\\u0442\\u0435, \\u0432\\u044b \\u043e\\u0431\\u0435\\u0449\\u0430\\u0435\\u0442\\u0435 \\u043f\\u043e\\u0441\\u0442\\u0438\\u0442\\u044c \\u0432 \\u0441\\u0435\\u0440\\u0432\\u0438\\u0441 \\u0442\\u043e\\u043b\\u044c\\u043a\\u043e \\u043a\\u043e\\u0442\\u043e\\u0432, \\u043d\\u0438\\u043a\\u0430\\u043a\\u0438\\u0445 \\u0441\\u043e\\u0431\\u0430\\u043a."}),(0,Ue.jsx)(yt,{text:"\\u0417\\u0430\\u0440\\u0435\\u0433\\u0438\\u0441\\u0442\\u0440\\u0438\\u0440\\u043e\\u0432\\u0430\\u0442\\u044c\\u0441\\u044f",onClick:function(){var e,t;c&&s(""),m&&v(""),d&&p(""),(l.username?l.password?l.password2?l.password===l.password2||(s("\\u041f\\u0430\\u0440\\u043e\\u043b\\u0438 \\u043d\\u0435 \\u0441\\u043e\\u0432\\u043f\\u0430\\u0434\\u0430\\u044e\\u0442!"),0):(s("\\u041f\\u043e\\u043b\\u0435 \\u0441 \\u043f\\u0430\\u0440\\u043e\\u043b\\u0435\\u043c \\u044f\\u0432\\u043b\\u044f\\u0435\\u0442\\u0441\\u044f \\u043e\\u0431\\u044f\\u0437\\u0430\\u0442\\u0435\\u043b\\u044c\\u043d\\u044b\\u043c"),0):(p("\\u041f\\u043e\\u043b\\u0435 \\u0441 \\u043f\\u0430\\u0440\\u043e\\u043b\\u0435\\u043c \\u044f\\u0432\\u043b\\u044f\\u0435\\u0442\\u0441\\u044f \\u043e\\u0431\\u044f\\u0437\\u0430\\u0442\\u0435\\u043b\\u044c\\u043d\\u044b\\u043c"),0):(v("\\u041f\\u043e\\u043b\\u0435 \\u0441 \\u0438\\u043c\\u0435\\u043d\\u0435\\u043c \\u044f\\u0432\\u043b\\u044f\\u0435\\u0442\\u0441\\u044f \\u043e\\u0431\\u044f\\u0437\\u0430\\u0442\\u0435\\u043b\\u044c\\u043d\\u044b\\u043c"),0))&&(e=l.username,t=l.password,fetch("".concat(Ee,"/api/users/"),{method:"POST",headers:Te,body:JSON.stringify({username:e,password:t})}).then(Oe)).then((function(e){e&&e.username&&g.replace({pathname:"/signin"})})).catch((function(e){"object"===typeof e.username?v("\\u041f\\u043e\\u043b\\u044c\\u0437\\u043e\\u0432\\u0430\\u0442\\u0435\\u043b\\u044c \\u0441 \\u0442\\u0430\\u043a\\u0438\\u043c \\u0438\\u043c\\u0435\\u043d\\u0435\\u043c \\u0443\\u0436\\u0435 \\u0437\\u0430\\u0440\\u0435\\u0433\\u0438\\u0441\\u0442\\u0440\\u0438\\u0440\\u043e\\u0432\\u0430\\u043d"):"object"===typeof e.password?p("\\u041f\\u0430\\u0440\\u043e\\u043b\\u044c \\u0434\\u043e\\u043b\\u0436\\u0435\\u043d \\u0441\\u043e\\u0434\\u0435\\u0440\\u0436\\u0430\\u0442\\u044c \\u043c\\u0438\\u043d\\u0438\\u043c\\u0443\\u043c 8 \\u0441\\u0438\\u043c\\u0432\\u043e\\u043b\\u043e\\u0432 \\u0438 \\u043d\\u0435 \\u0441\\u043e\\u0441\\u0442\\u043e\\u044f\\u0442\\u044c \\u043f\\u043e\\u043b\\u043d\\u043e\\u0441\\u0442\\u044c\\u044e \\u0438\\u0437 \\u0446\\u0438\\u0444\\u0440"):s("\\u041e\\u0448\\u0438\\u0431\\u043a\\u0430 \\u0441\\u0435\\u0440\\u0432\\u0435\\u0440\\u0430")}))}}),(0,Ue.jsx)("p",{className:"text text_type_small text_color_input mt-5 mb-5",children:"\\u0438\\u043b\\u0438"})]}),(0,Ue.jsx)("div",{className:Ct,children:(0,Ue.jsx)(Se,{to:"/signin",className:"text text_type_medium-16 text_color_link ".concat(Et),children:"\\u0423\\u0436\\u0435 \\u0437\\u0430\\u0440\\u0435\\u0433\\u0438\\u0441\\u0442\\u0440\\u0438\\u0440\\u043e\\u0432\\u0430\\u043d\\u044b? \\u0412\\u043e\\u0439\\u0442\\u0438"})})]})]})},Pt="sign-in_content__NFW4-",jt="sign-in_logo__TLPO8",Ot="sign-in_title__-Rq9N",Tt="sign-in_subtitle__FS2pv",Lt="sign-in_form__lp3-r",Ft="sign-in_btn__oC-J6",zt="sign-in_footer__Lhi8x",Rt="sign-in_nav__yZAbu",Mt=function(t){var n=t.extraClass,r=void 0===n?"":n,a=o(e.useState({}),2),l=a[0],i=a[1],u=o(e.useContext(Ce),2),c=(u[0],u[1]),s=o(e.useState(""),2),f=s[0],d=s[1],p=o(e.useState(""),2),h=p[0],m=p[1],v=pe(),g=function(e){i(Ae(Ae({},l),{},Me({},e.target.name,e.target.value)))};return(0,Ue.jsxs)("section",{className:"".concat(Pt," ").concat(r),children:[(0,Ue.jsx)("img",{className:"".concat(jt," mb-16"),src:Qe,alt:"\\u041b\\u043e\\u0433\\u043e\\u0442\\u0438\\u043f"}),(0,Ue.jsx)("h1",{className:"text text_type_h1 text_color_primary mb-10 ".concat(Ot),children:"\\u0412\\u0445\\u043e\\u0434"}),(0,Ue.jsx)("p",{className:"text text_type_medium-20 text_color_input mb-20 ".concat(Tt),children:"\\u0412\\u043e\\u0439\\u0434\\u0438\\u0442\\u0435 \\u0434\\u043b\\u044f \\u0434\\u043e\\u0441\\u0442\\u0443\\u043f\\u0430 \\u043a Kittygram!"}),(0,Ue.jsxs)(st,{children:[(0,Ue.jsxs)("form",{className:Lt,children:[(0,Ue.jsx)(mt,{name:"username",type:"text",id:1,placeholder:"\\u0418\\u043c\\u044f",onChange:g,error:h}),(0,Ue.jsx)(mt,{name:"password",type:"password",id:2,placeholder:"\\u041f\\u0430\\u0440\\u043e\\u043b\\u044c",onChange:g,error:f}),(0,Ue.jsx)(yt,{extraClass:Ft,text:"\\u0412\\u043e\\u0439\\u0442\\u0438",onClick:function(){var e,t;h&&m(""),f&&d(""),(l.username?l.password||(d("\\u041f\\u043e\\u043b\\u0435 \\u0441 \\u043f\\u0430\\u0440\\u043e\\u043b\\u0435\\u043c \\u044f\\u0432\\u043b\\u044f\\u0435\\u0442\\u0441\\u044f \\u043e\\u0431\\u044f\\u0437\\u0430\\u0442\\u0435\\u043b\\u044c\\u043d\\u044b\\u043c"),0):(m("\\u041f\\u043e\\u043b\\u0435 \\u0441 \\u0438\\u043c\\u0435\\u043d\\u0435\\u043c \\u044f\\u0432\\u043b\\u044f\\u0435\\u0442\\u0441\\u044f \\u043e\\u0431\\u044f\\u0437\\u0430\\u0442\\u0435\\u043b\\u044c\\u043d\\u044b\\u043c"),0))&&(e=l.username,t=l.password,fetch("".concat(Ee,"/api/token/login/"),{method:"POST",headers:Te,body:JSON.stringify({username:e,password:t})}).then(Oe).then((function(e){return e.auth_token?(localStorage.setItem("auth_token",e.auth_token),e):null}))).then((function(e){e&&e.auth_token&&Le().then((function(e){e&&e.id&&(c({id:e.id}),v.replace({pathname:"/"}))}))})).catch((function(e){e.non_field_errors?d("\\u041d\\u0435\\u043f\\u0440\\u0430\\u0432\\u0438\\u043b\\u044c\\u043d\\u044b\\u0439 \\u043b\\u043e\\u0433\\u0438\\u043d \\u0438\\u043b\\u0438 \\u043f\\u0430\\u0440\\u043e\\u043b\\u044c"):d("\\u041e\\u0448\\u0438\\u0431\\u043a\\u0430 \\u0441\\u0435\\u0440\\u0432\\u0435\\u0440\\u0430")}))}}),(0,Ue.jsx)("p",{className:"text text_type_small text_color_input mt-5 mb-5",children:"\\u0438\\u043b\\u0438"})]}),(0,Ue.jsx)("div",{className:zt,children:(0,Ue.jsx)(Se,{to:"/signup",className:"text text_type_medium-16 text_color_link ".concat(Rt),children:"\\u0415\\u0449\\u0451 \\u043d\\u0435 \\u0437\\u0430\\u0440\\u0435\\u0433\\u0438\\u0441\\u0442\\u0440\\u0438\\u0440\\u043e\\u0432\\u0430\\u043d\\u044b? \\u0417\\u0430\\u0440\\u0435\\u0433\\u0438\\u0441\\u0442\\u0440\\u0438\\u0440\\u0443\\u0439\\u0442\\u0435\\u0441\\u044c"})})]})]})},It=n(216),At="main-card_content__jspn3",Dt="main-card_img__FF6td",Ut="main-card_cat_color_box__CSxEU",$t="main-card_cat_color__E7AhF",Bt="main-card_name_n_date_box__7NIhR",Vt="main-card_link__w9JZe",Wt="main-card_data_box__icWmC",Ht="main-card_name__YLdqh",Qt="main-card_date__-7YrD",qt=function(e){var t=e.cardId,n=e.name,r=void 0===n?"":n,a=e.date,o=void 0===a?"":a,l=e.color,i=void 0===l?"\\u0411\\u0435\\u0436\\u0435\\u0432\\u044b\\u0439":l,u=e.img,c=e.extraClass,s=void 0===c?"":c,f="black"===i||"saddlebrown"===i||"gray"===i||"darkgray"===i?"white":"primary";return(0,Ue.jsxs)("article",{className:"".concat(At," ").concat(s),children:[(0,Ue.jsx)(xe,{className:Vt,to:"/cats/".concat(t),children:(0,Ue.jsx)("img",{className:Dt,src:null!==u&&void 0!==u?u:It,alt:"\\u0424\\u043e\\u0442\\u043e \\u043a\\u043e\\u0442\\u0438\\u043a\\u0430."})}),(0,Ue.jsxs)("div",{className:Wt,children:[(0,Ue.jsxs)("div",{className:Bt,children:[(0,Ue.jsx)("p",{className:"text text_type_h3 text_color_primary mt-8 mb-3 ".concat(Ht),children:r}),(0,Ue.jsx)("p",{className:"text text_type_medium-20 text_color_secondary mb-8 ".concat(Qt),children:o})]}),(0,Ue.jsx)("div",{className:Ut,style:{backgroundColor:i},children:(0,Ue.jsx)("p",{className:"text text_type_medium-20 text_color_".concat(f," ").concat($t),children:i})})]})]})};var Kt=n.p+"static/media/arrow-left.6ff1d49a90339020f94d1421135f7fa6.svg";var Yt=n.p+"static/media/arrow-right.2452b64f6b61cdab22f430e1a3c2b883.svg",Xt="pagination-box_content__1CsCN",Gt="pagination-box_btn_box__EgxZv",Jt="pagination-box_btn__T9ku2",Zt="pagination-box_num_btn__xqcVb",en=function(t){var n=t.data,r=t.queryPage,a=t.setQueryPage,l=t.extraClass,i=void 0===l?"":l,u=o(e.useState([]),2),c=u[0],s=u[1],f=function(e){var t=e.target.closest("button");t&&t.name!==r&&a(+t.name)};return e.useEffect((function(){var e=[];if(n.pages<6)for(var t=1;t<=n.pages;t++)e.push(t);else 1===r?(e.push(1),e.push(2),e.push("..."),e.push(n.pages)):2===r||3===r?(e.push(1),e.push(2),e.push(3),e.push("..."),e.push(n.pages)):r===n.pages-2||r===n.pages-1?(e.push(1),e.push("..."),e.push(n.pages-2),e.push(n.pages-1),e.push(n.pages)):r===n.pages?(e.push(1),e.push("..."),e.push(n.pages-1),e.push(n.pages)):(e.push(1),e.push("..."),e.push(r),e.push("..."),e.push(n.pages));s(e)}),[n,r]),(0,Ue.jsxs)("div",{className:"".concat(Xt," ").concat(i),children:[(0,Ue.jsx)("button",{className:Jt,type:"button",onClick:function(){r>1&&a(r-1)},disabled:1===r,children:(0,Ue.jsx)("img",{src:Kt,alt:"\\u041f\\u0440\\u0435\\u0434\\u044b\\u0434\\u0443\\u0449\\u0430\\u044f \\u0441\\u0442\\u0440\\u0430\\u043d\\u0438\\u0446\\u0430."})}),(0,Ue.jsx)("div",{className:Gt,children:c.map((function(e,t){var n=r===e,a=n?600:500,o=n?"primary":"additional",l="..."!==e?e:"";return(0,Ue.jsx)("button",{name:l,className:Zt,type:"button",onClick:f,disabled:n||"..."===e,children:(0,Ue.jsx)("p",{className:"text text_type_medium text_color_".concat(o),style:{fontWeight:a,letterSpacing:"0.2px"},children:e})},t)}))}),(0,Ue.jsx)("button",{className:Jt,type:"button",onClick:function(){r<n.pages&&a(r+1)},disabled:r===n.pages,children:(0,Ue.jsx)("img",{src:Yt,alt:"\\u0421\\u043b\\u0435\\u0434\\u0443\\u044e\\u0449\\u0430\\u044f \\u0441\\u0442\\u0440\\u0430\\u043d\\u0438\\u0446\\u0430."})})]})},tn="main-page_content__jSflQ",nn="main-page_box__gof+4",rn="main-page_title__0Limq",an=function(t){var n=t.queryPage,r=t.setQueryPage,a=t.extraClass,l=void 0===a?"":a,i=o(e.useState([]),2),u=i[0],c=i[1],s=o(e.useState({}),2),f=s[0],d=s[1];return e.useEffect((function(){Fe(n).then((function(e){d({count:e.count,pages:Math.ceil(e.count/10)}),c(e.results)})).catch((function(e){"Invalid page."===e.detail?Fe(n-1).then((function(e){r(n-1),d({count:e.count,pages:Math.ceil(e.count/10)}),c(e.results)})).catch((function(e){console.error(e)})):console.error(e)}))}),[n,r]),(0,Ue.jsxs)("section",{className:"".concat(tn," ").concat(l),children:[(0,Ue.jsx)("h2",{className:"text text_type_h2 text_color_primary mt-25 mb-20 ".concat(rn),children:"\\u0417\\u0430\\u043c\\u0435\\u0447\\u0430\\u0442\\u0435\\u043b\\u044c\\u043d\\u044b\\u0435 \\u043a\\u043e\\u0442\\u044b"}),(0,Ue.jsx)("div",{className:nn,children:u.map((function(e,t){return(0,Ue.jsx)(qt,{cardId:e.id,img:e.image_url,name:e.name,date:e.birth_year,color:e.color},t)}))}),f.count>10&&(0,Ue.jsx)(en,{data:f,queryPage:n,setQueryPage:r})]})};var on=n.p+"static/media/left.ba3f3318a460c4b00226ae3ce7fd4e7b.svg";var ln=n.p+"static/media/edit.611e483e59ff026c004ea5a187429270.svg";var un=n.p+"static/media/trash.350e8fbd4c1c8ce9100b349c5bfe4405.svg",cn="card-page_content__-QS-g",sn="card-page_container__AWIda",fn="card-page_desktop_btn__L8ADJ",dn="card-page_desk_return__SM2fy",pn="card-page_desk_edit__+i1bX",hn="card-page_desk_remove__p7dW8",mn="card-page_btns_box_mobile__3wsK5",vn="card-page_img_box__hm8nt",gn="card-page_img__Fvt-D",yn="card-page_cat_color_box__Pnna0",bn="card-page_cat_color__SmQIB",_n="card-page_date__jGVcr",xn="card-page_achievements__uXTAy",wn="card-page_mobile_btn__zPSOM",kn="card-page_name__MhHql",Sn=function(t){var n,r=t.data,a=t.setData,l=t.extraClass,i=void 0===l?"":l,u=o(e.useState(""),2),c=u[0],s=u[1],f=o(e.useContext(Ce),1)[0],d=pe(),p=function(){var e=de(Y).match;return e?e.params:{}}();e.useEffect((function(){var e;(e=p.id,fetch("".concat(Ee,"/api/cats/").concat(e,"/"),{method:"GET",headers:{"Content-Type":"application/json",authorization:"Token ".concat(localStorage.getItem("auth_token"))}}).then(Oe)).then((function(e){if(e&&e.id){a(e);var t="";e.achievements.forEach((function(e){t?t+=", ".concat(e.achievement_name):t=e.achievement_name})),s(t)}}))}),[p.id,a]);var h=function(){a({}),d.push("/")},m=function(){var e;(e=r.id,fetch("".concat(Ee,"/api/cats/").concat(e,"/"),{method:"DELETE",headers:{"Content-Type":"application/json",authorization:"Token ".concat(localStorage.getItem("auth_token"))}}).then((function(e){return 204===e.status?{status:!0}:{status:!1}}))).then((function(e){e.status&&d.replace({pathname:"/"})})).catch((function(e){console.log(e.message)}))},v="black"===r.color||"saddlebrown"===r.color||"gray"===r.color||"darkgray"===r.color?"white":"primary";return(0,Ue.jsxs)("article",{className:"".concat(cn," ").concat(i),children:[(0,Ue.jsxs)("div",{className:sn,children:[(0,Ue.jsxs)("div",{className:mn,children:[(0,Ue.jsx)(rt,{extraClass:wn,icon:on,onClick:h}),r.owner&&r.owner===f.id&&(0,Ue.jsxs)(Ue.Fragment,{children:[(0,Ue.jsx)(Ze,{extraClass:"".concat(wn),icon:ln,to:"/cats/edit"}),(0,Ue.jsx)(rt,{extraClass:wn,icon:un,onClick:m})]})]}),(0,Ue.jsx)("div",{className:vn,children:(0,Ue.jsx)("img",{className:gn,src:null!==(n=r.image_url)&&void 0!==n?n:It,alt:"\\u0424\\u043e\\u0442\\u043e \\u043a\\u043e\\u0442\\u0438\\u043a\\u0430."})}),(0,Ue.jsx)(rt,{extraClass:"".concat(fn," ").concat(dn),icon:on,onClick:h}),r.owner&&r.owner===f.id&&(0,Ue.jsxs)(Ue.Fragment,{children:[(0,Ue.jsx)(Ze,{extraClass:"".concat(fn," ").concat(pn),icon:ln,to:"/cats/edit"}),(0,Ue.jsx)(rt,{extraClass:"".concat(fn," ").concat(hn),icon:un,onClick:m})]})]}),(0,Ue.jsx)("p",{className:"text text_type_h2-5 text_color_primary mt-35 mb-10 ".concat(kn),children:r.name}),(0,Ue.jsx)("p",{className:"text text_type_h3 text_color_secondary ".concat(_n),children:r.birth_year}),(0,Ue.jsx)("div",{className:yn,style:{backgroundColor:r.color},children:(0,Ue.jsx)("p",{className:"text text_type_medium-20 text_color_".concat(v," ").concat(bn),children:r.color})}),(0,Ue.jsx)("p",{className:"text text_type_h3 ".concat(xn),children:c})]})};var Cn=n.p+"static/media/image.1f8fb69e23a2923346dc85614ee781ed.svg";function En(e){return function(e){if(Array.isArray(e))return r(e)}(e)||function(e){if("undefined"!==typeof Symbol&&null!=e[Symbol.iterator]||null!=e["@@iterator"])return Array.from(e)}(e)||a(e)||function(){throw new TypeError("Invalid attempt to spread non-iterable instance.\\nIn order to be iterable, non-array objects must have a [Symbol.iterator]() method.")}()}var Nn=n.p+"static/media/arrow-down.97c71208e13653cf3de6706849402549.svg";var Pn=n.p+"static/media/arrow-up.6e99cc6c25ac1acbc8151883d979de6b.svg";var jn=n.p+"static/media/add.2268b30ae31e86e7e894d9f9c5882de4.svg",On="checkbox_content__bSpqE",Tn="checkbox_input__Qgwuf",Ln="checkbox_label__n26zZ",Fn=function(e){var t=e.name,n=e.id,r=e.checked,a=void 0!==r&&r,o=e.label,l=e.onChange,i=e.extraClass,u=void 0===i?"":i,c="text text_type_medium-16 text_color_option ".concat(Ln);return(0,Ue.jsxs)("div",{className:"".concat(On," ").concat(u),children:[(0,Ue.jsx)("input",{className:Tn,checked:a,onChange:l,type:"checkbox",name:t,id:n}),(0,Ue.jsx)("label",{className:c,htmlFor:n,children:o})]})};var zn=n.p+"static/media/cross.14f09e31cbcb140a369cc9725a225c59.svg",Rn="modal_content__LKJPu",Mn="modal_overlay__+jqTW",In=document.getElementById("react-modals"),An=function(e){var n=e.children,r=e.onClose,a=e.extraClass,o=void 0===a?"":a;return t.createPortal((0,Ue.jsxs)(Ue.Fragment,{children:[(0,Ue.jsx)("div",{className:"".concat(Rn," ").concat(o),children:n}),(0,Ue.jsx)("div",{className:Mn,onClick:r})]}),In)},Dn="popup_popup__8kICL",Un="popup_title__iBMkt",$n="popup_btn__fZdrU",Bn="popup_close_btn__QqZL3",Vn=function(e){var t=e.onClose,n=e.onChange,r=e.onSubmit,a=e.extraClass,o=void 0===a?"":a;return(0,Ue.jsx)(An,{onClose:t,children:(0,Ue.jsxs)("div",{className:"".concat(Dn," ").concat(o),children:[(0,Ue.jsx)("h3",{className:"text text_type_h3 text_color_primary mb-10 ".concat(Un),children:"\\u041d\\u043e\\u0432\\u043e\\u0435 \\u0434\\u043e\\u0441\\u0442\\u0438\\u0436\\u0435\\u043d\\u0438\\u0435"}),(0,Ue.jsx)(mt,{type:"text",onChange:n}),(0,Ue.jsx)(yt,{text:"\\u0414\\u043e\\u0431\\u0430\\u0432\\u0438\\u0442\\u044c",extraClass:$n,onClick:r}),(0,Ue.jsx)("button",{className:Bn,type:"button",onClick:t,children:(0,Ue.jsx)("img",{src:zn,alt:"\\u041a\\u043d\\u043e\\u043f\\u043a\\u0430 \\u0437\\u0430\\u043a\\u0440\\u044b\\u0442\\u0438\\u044f."})})]})})},Wn={content:"select_content__5esgk",btn:"select_btn__FGpZO",achievements_box:"select_achievements_box__ZWAOv",achievements_list:"select_achievements_list__IUARU",search_box:"select_search_box__NqOa2",search_input_box:"select_search_input_box__4OAz7",search_input:"select_search_input__mEvI8",add_btn:"select_add_btn__hsURC",text:"select_text__MkEZ8"},Hn=function(t){var n=t.card,r=t.setCard,a=t.userAchievements,l=t.extraClass,i=void 0===l?"":l,u=o(e.useState(!1),2),c=u[0],s=u[1],f=o(e.useState({}),2),d=f[0],p=f[1],h=o(e.useState(a||"\\u0414\\u043e\\u0441\\u0442\\u0438\\u0436\\u0435\\u043d\\u0438\\u044f"),2),m=h[0],v=h[1],g=o(e.useState([]),2),y=g[0],b=g[1],_=o(e.useState([]),2),x=_[0],w=_[1],k=o(e.useState(!1),2),S=k[0],C=k[1],E=o(e.useState(""),2),N=E[0],P=E[1],j=c?Pn:Nn,O=function(e){if(c){var t=[];for(var a in e)e[a]&&t.push({achievement_name:a});r(Ae(Ae({},n),{},{achievements:t}))}},T=function(e){p(Ae(Ae({},d),{},Me({},e.target.name,e.target.checked))),L(Ae(Ae({},d),{},Me({},e.target.name,e.target.checked))),O(Ae(Ae({},d),{},Me({},e.target.name,e.target.checked)))},L=function(e){var t=[];for(var n in e)e[n]&&t.push(n);t.length?v(t.join(", ")):v("\\u0414\\u043e\\u0441\\u0442\\u0438\\u0436\\u0435\\u043d\\u0438\\u044f")},F=function(){fetch("".concat(Ee,"/api/achievements/"),{method:"GET",headers:{"Content-Type":"application/json",authorization:"Token ".concat(localStorage.getItem("auth_token"))}}).then(Oe).then((function(e){var t=[];e.forEach((function(e){t.push(e.achievement_name)})),b(t),w(t)}))},z=function(){C(!1)};return e.useEffect((function(){if(F(),a){var e=a.split(", "),t={};e.forEach((function(e){t[e]=!0})),p(t),v(a)}}),[a]),(0,Ue.jsxs)("div",{className:"".concat(Wn.content," ").concat(i),children:[(0,Ue.jsxs)("button",{onClick:function(){O(d),s(!c)},type:"button",className:Wn.btn,children:[(0,Ue.jsx)("p",{className:"text text_type_medium-16 text_color_".concat("\\u0414\\u043e\\u0441\\u0442\\u0438\\u0436\\u0435\\u043d\\u0438\\u044f"===m?"secondary":"primary"," ").concat(Wn.text),children:m}),(0,Ue.jsx)("img",{className:Wn.img,src:j,alt:"\\u041e\\u0442\\u043a\\u0440\\u044b\\u0442\\u044c \\u0441\\u043f\\u0438\\u0441\\u043e\\u043a."})]}),c&&(0,Ue.jsxs)("div",{className:Wn.achievements_box,children:[(0,Ue.jsxs)("div",{className:Wn.search_box,children:[(0,Ue.jsx)(mt,{placeholder:"\\u041f\\u043e\\u0438\\u0441\\u043a",type:"text",extraClass:Wn.search_input_box,extraInputClass:Wn.search_input,onChange:function(e){b(x.filter((function(t){return-1!==t.toLowerCase().indexOf(e.target.value.toLowerCase())})))}}),(0,Ue.jsx)("button",{className:Wn.add_btn,onClick:function(){C(!0)},children:(0,Ue.jsx)("img",{src:jn,alt:"\\u041a\\u043d\\u043e\\u043f\\u043a\\u0430 \\u0434\\u043e\\u0431\\u0430\\u0432\\u043b\\u0435\\u043d\\u0438\\u044f \\u0434\\u043e\\u0441\\u0442\\u0438\\u0436\\u0435\\u043d\\u0438\\u044f."})})]}),(0,Ue.jsx)("div",{className:Wn.achievements_list,children:y.map((function(e,t){return(0,Ue.jsx)(Fn,{name:e,id:t,checked:d[e],label:e,onChange:T},t)}))})]}),S&&(0,Ue.jsx)(Vn,{onClose:z,onChange:function(e){P(e.target.value)},onSubmit:function(){b([].concat(En(y),[N])),w([].concat(En(x),[N])),z()}})]})},Qn="colors-box_colors_box__03yxD",qn="colors-box_colors_grid__ex9hE",Kn="colors-box_color_item__xc664",Yn="colors-box_cat_color__+lf25",Xn=function(e){var t=e.colorsList,n=e.currentColor,r=e.setCard,a=e.setCurrentColor,o=e.card,l=e.extraClass,i=void 0===l?"":l;return(0,Ue.jsxs)("div",{className:"".concat(Qn," ").concat(i),children:[(0,Ue.jsx)("div",{className:qn,children:t.map((function(e,t){var l={backgroundColor:e,border:e===n?"1px solid #FF5A26":"none"};return(0,Ue.jsx)("div",{style:l,className:Kn,onClick:function(){a(e),r(Ae(Ae({},o),{},{color:e}))}},t)}))}),(0,Ue.jsxs)("p",{className:"text text_type_medium-16 text_color_input ".concat(Yn),children:["\\u0426\\u0432\\u0435\\u0442 \\u043a\\u043e\\u0442\\u0430: ",(0,Ue.jsx)("span",{className:"text_color_primary",children:n})]})]})},Gn="add-card-page_content__m+Iro",Jn="add-card-page_container__MoYoa",Zn="add-card-page_return_btn__NsYn3",er="add-card-page_img_box__p4XHq",tr="add-card-page_img__isrMT",nr="add-card-page_submit_btn__np9UM",rr="add-card-page_return_btn_mobile__VksY1",ar="add-card-page_file_input__1bHTc",or=function(t){var n=t.extraClass,r=void 0===n?"":n,a=o(e.useState("#FFFFFF"),2),l=a[0],i=a[1],u=o(e.useState(""),2),c=u[0],s=u[1],f=o(e.useState({color:l,achievements:[]}),2),d=f[0],p=f[1],h=o(e.useState(""),2),m=h[0],v=h[1],g=o(e.useState(""),2),y=g[0],b=g[1],_=pe(),x=function(){_.goBack()},w=function(e){p(Ae(Ae({},d),{},Me({},e.target.name,e.target.value))),"image"===e.target.name&&s(e.target.value)},k=function(e){"object"===typeof e.name?v("\\u041f\\u043e\\u043b\\u0435 \\u0441 \\u0438\\u043c\\u0435\\u043d\\u0435\\u043c \\u044f\\u0432\\u043b\\u044f\\u0435\\u0442\\u0441\\u044f \\u043e\\u0431\\u044f\\u0437\\u0430\\u0442\\u0435\\u043b\\u044c\\u043d\\u044b\\u043c"):"object"===typeof e.birth_year&&b("\\u041f\\u043e\\u043b\\u0435 \\u0441 \\u0433\\u043e\\u0434\\u043e\\u043c \\u0440\\u043e\\u0436\\u0434\\u0435\\u043d\\u0438\\u044f \\u044f\\u0432\\u043b\\u044f\\u0435\\u0442\\u0441\\u044f \\u043e\\u0431\\u044f\\u0437\\u0430\\u0442\\u0435\\u043b\\u044c\\u043d\\u044b\\u043c")};return(0,Ue.jsxs)("div",{className:"".concat(Gn," ").concat(r),children:[(0,Ue.jsx)("h2",{className:"text text_type_h2 text_color_primary mt-25 mb-9",children:"\\u041d\\u043e\\u0432\\u044b\\u0439 \\u043a\\u043e\\u0442"}),(0,Ue.jsx)(rt,{extraClass:rr,icon:on,onClick:x}),(0,Ue.jsxs)("div",{className:Jn,children:[(0,Ue.jsxs)("label",{htmlFor:"image",className:er,children:[(0,Ue.jsx)("img",{className:tr,src:Cn,alt:"\\u0414\\u043e\\u0431\\u0430\\u0432\\u0438\\u0442\\u044c \\u0444\\u043e\\u0442\\u043e \\u043a\\u043e\\u0442\\u0438\\u043a\\u0430."}),(0,Ue.jsx)("p",{className:"text text_type_medium-16 text_color_primary",children:c||"\\u0417\\u0430\\u0433\\u0440\\u0443\\u0437\\u0438\\u0442\\u0435 \\u0444\\u043e\\u0442\\u043e \\u0432 \\u0444\\u043e\\u0440\\u043c\\u0430\\u0442\\u0435 JPG"})]}),(0,Ue.jsx)("input",{type:"file",className:ar,name:"image",id:"image",onChange:w}),(0,Ue.jsx)(mt,{onChange:w,name:"name",type:"text",placeholder:"\\u0418\\u043c\\u044f \\u043a\\u043e\\u0442\\u0430",error:m}),(0,Ue.jsx)(mt,{onChange:w,name:"birth_year",type:"text",placeholder:"\\u0413\\u043e\\u0434 \\u0440\\u043e\\u0436\\u0434\\u0435\\u043d\\u0438\\u044f",error:y}),(0,Ue.jsx)(Xn,{colorsList:Ne,currentColor:l,setCurrentColor:i,card:d,setCard:p}),(0,Ue.jsx)(Hn,{card:d,setCard:p}),(0,Ue.jsx)(yt,{extraClass:nr,text:"\\u0421\\u043e\\u0445\\u0440\\u0430\\u043d\\u0438\\u0442\\u044c",onClick:function(){y&&b(""),m&&v("");var e=document.querySelector(\'input[type="file"]\').files[0];e?je(e).then((function(e){d.image=e,ze(d).then((function(e){e&&e.id&&_.push("/cats/".concat(e.id))})).catch(k)})):ze(d).then((function(e){e&&e.id&&_.push("/cats/".concat(e.id))})).catch(k)}}),(0,Ue.jsx)(rt,{extraClass:Zn,icon:on,onClick:x})]})]})},lr="edit-card-page_content__La6IE",ir="edit-card-page_container__GcWvq",ur="edit-card-page_return_btn__KY1P2",cr="edit-card-page_img_box__7tS6H",sr="edit-card-page_img__k7OYu",fr="edit-card-page_current_img__sXwr2",dr="edit-card-page_remove_btn__OhWS1",pr="edit-card-page_submit_btn__zkld2",hr="edit-card-page_return_btn_mobile__ym8sf",mr="edit-card-page_file_input__06ah4",vr=function(t){var n=t.data,r=t.setData,a=t.extraClass,l=void 0===a?"":a,i=o(e.useState("#FFFFFF"),2),u=i[0],c=i[1],s=o(e.useState({}),2),f=s[0],d=s[1],p=o(e.useState(""),2),h=p[0],m=p[1],v=o(e.useState(""),2),g=v[0],y=v[1],b=o(e.useState(""),2),_=b[0],x=b[1],w=o(e.useState(""),2),k=w[0],S=w[1],C=pe();e.useEffect((function(){if(n.id){d(n),c(Pe[n.color]);var e="";n.achievements.forEach((function(t){e?e+=", ".concat(t.achievement_name):e=t.achievement_name})),m(e)}}),[n,r]);var E=function(e){d(Ae(Ae({},f),{},Me({},e.target.name,e.target.value))),"image"===e.target.name&&y(e.target.value)},N=function(){C.goBack()},P=function(e){"object"===typeof e.name?x("\\u041f\\u043e\\u043b\\u0435 \\u0441 \\u0438\\u043c\\u0435\\u043d\\u0435\\u043c \\u044f\\u0432\\u043b\\u044f\\u0435\\u0442\\u0441\\u044f \\u043e\\u0431\\u044f\\u0437\\u0430\\u0442\\u0435\\u043b\\u044c\\u043d\\u044b\\u043c"):"object"===typeof e.birth_year&&S("\\u041f\\u043e\\u043b\\u0435 \\u0441 \\u0433\\u043e\\u0434\\u043e\\u043c \\u0440\\u043e\\u0436\\u0434\\u0435\\u043d\\u0438\\u044f \\u044f\\u0432\\u043b\\u044f\\u0435\\u0442\\u0441\\u044f \\u043e\\u0431\\u044f\\u0437\\u0430\\u0442\\u0435\\u043b\\u044c\\u043d\\u044b\\u043c")};return(0,Ue.jsxs)("div",{className:"".concat(lr," ").concat(l),children:[(0,Ue.jsx)("h2",{className:"text text_type_h2 text_color_primary mt-25 mb-9",children:"\\u0420\\u0435\\u0434\\u0430\\u043a\\u0442\\u0438\\u0440\\u043e\\u0432\\u0430\\u0442\\u044c \\u043a\\u043e\\u0442\\u0430"}),(0,Ue.jsx)(rt,{extraClass:hr,icon:on,onClick:N}),(0,Ue.jsxs)("div",{className:ir,children:[!g&&f.image?(0,Ue.jsxs)("div",{className:cr,children:[(0,Ue.jsx)("img",{className:fr,src:f.image_url,alt:"\\u0424\\u043e\\u0442\\u043e \\u043a\\u043e\\u0442\\u0438\\u043a\\u0430."}),(0,Ue.jsx)(rt,{extraClass:dr,icon:un,onClick:function(){d(Ae(Ae({},f),{},{image:null}))}})]}):(0,Ue.jsxs)("label",{htmlFor:"image",className:cr,children:[(0,Ue.jsx)("img",{className:sr,src:Cn,alt:"\\u0414\\u043e\\u0431\\u0430\\u0432\\u0438\\u0442\\u044c \\u0444\\u043e\\u0442\\u043e \\u043a\\u043e\\u0442\\u0438\\u043a\\u0430."}),(0,Ue.jsx)("p",{className:"text text_type_medium-16 text_color_primary",children:g||"\\u0417\\u0430\\u0433\\u0440\\u0443\\u0437\\u0438\\u0442\\u0435 \\u0444\\u043e\\u0442\\u043e \\u0432 \\u0444\\u043e\\u0440\\u043c\\u0430\\u0442\\u0435 JPG"})]}),(0,Ue.jsx)("input",{type:"file",className:mr,name:"image",id:"image",onChange:E}),(0,Ue.jsx)(mt,{type:"text",placeholder:"\\u0418\\u043c\\u044f \\u043a\\u043e\\u0442\\u0430",name:"name",defaultValue:f.name,onChange:E,error:_}),(0,Ue.jsx)(mt,{type:"text",placeholder:"\\u0413\\u043e\\u0434 \\u0440\\u043e\\u0436\\u0434\\u0435\\u043d\\u0438\\u044f",name:"birth_year",defaultValue:f.birth_year,onChange:E,error:k}),(0,Ue.jsx)(Xn,{colorsList:Ne,currentColor:u,setCurrentColor:c,card:f,setCard:d}),(0,Ue.jsx)(Hn,{card:f,setCard:d,userAchievements:h}),(0,Ue.jsx)(yt,{extraClass:pr,text:"\\u0421\\u043e\\u0445\\u0440\\u0430\\u043d\\u0438\\u0442\\u044c",onClick:function(){k&&S(""),_&&x("");var e={},t=document.querySelector(\'input[type="file"]\').files[0];n.name!==f.name&&(e.name=f.name),n.color!==f.color&&(e.color=f.color),n.birth_year!==f.birth_year&&(e.birth_year=f.birth_year),n.image!==f.image&&null===f.image&&(e.image=f.image),JSON.stringify(n.achievements)!==JSON.stringify(f.achievements)&&(e.achievements=f.achievements),t?je(t).then((function(t){e.image=t,Re(e,f.id).then((function(e){e&&e.id&&C.replace({pathname:"/cats/".concat(e.id)})})).catch(P)})):Re(e,f.id).then((function(e){e&&e.id&&C.replace({pathname:"/cats/".concat(e.id)})})).catch(P)}}),(0,Ue.jsx)(rt,{extraClass:ur,icon:on,onClick:N})]})]})},gr="app_app__ZSdIq",yr="app_content__T+cwl";var br=function(){var t=o(e.useState({}),2),n=t[0],r=t[1],a=o(e.useState({}),2),l=a[0],i=a[1],u=o(e.useState(1),2),c=u[0],s=u[1];return e.useEffect((function(){localStorage.getItem("auth_token")&&Le().then((function(e){e&&e.id&&r({id:e.id})}))}),[]),(0,Ue.jsx)("div",{className:gr,children:(0,Ue.jsx)(Ce.Provider,{value:[n,r],children:(0,Ue.jsxs)(me,{children:[(0,Ue.jsx)(ot,{setQueryPage:s}),(0,Ue.jsx)("main",{className:yr,children:(0,Ue.jsxs)(fe,{children:[(0,Ue.jsx)(Be,{exact:!0,path:"/",children:(0,Ue.jsx)(an,{queryPage:c,setQueryPage:s})}),(0,Ue.jsx)(oe,{path:"/signin",children:(0,Ue.jsx)(Mt,{})}),(0,Ue.jsx)(oe,{path:"/signup",children:(0,Ue.jsx)(Nt,{})}),(0,Ue.jsx)(Be,{path:"/cats/add",children:(0,Ue.jsx)(or,{})}),(0,Ue.jsx)(Be,{path:"/cats/edit",children:(0,Ue.jsx)(vr,{data:l,setData:i})}),(0,Ue.jsx)(Be,{path:"/cats/:id",children:(0,Ue.jsx)(Sn,{data:l,setData:i})})]})}),(0,Ue.jsx)(ut,{})]})})})},_r=function(e){e&&e instanceof Function&&n.e(787).then(n.bind(n,787)).then((function(t){var n=t.getCLS,r=t.getFID,a=t.getFCP,o=t.getLCP,l=t.getTTFB;n(e),r(e),a(e),o(e),l(e)}))};t.render((0,Ue.jsx)(e.StrictMode,{children:(0,Ue.jsx)(br,{})}),document.getElementById("root")),_r()}()}();\n//# sourceMappingURL=main.8fbb4784.js.map' = <Response [200]>.text

tests/test_connection.py:159: AssertionError
----------------------------- Captured stderr call -----------------------------
Starting new HTTPS connection (1): hworkpract.zapto.org:443
https://hworkpract.zapto.org:443 "GET /taski HTTP/1.1" 200 None
Starting new HTTPS connection (1): hworkpract.zapto.org:443
https://hworkpract.zapto.org:443 "GET /taski/static/js/main.8fbb4784.js HTTP/1.1" 200 198244
Encoding detection: ascii is most likely the one.
------------------------------ Captured log call -------------------------------
DEBUG    urllib3.connectionpool:connectionpool.py:1049 Starting new HTTPS connection (1): hworkpract.zapto.org:443
DEBUG    urllib3.connectionpool:connectionpool.py:544 https://hworkpract.zapto.org:443 "GET /taski HTTP/1.1" 200 None
DEBUG    urllib3.connectionpool:connectionpool.py:1049 Starting new HTTPS connection (1): hworkpract.zapto.org:443
DEBUG    urllib3.connectionpool:connectionpool.py:544 https://hworkpract.zapto.org:443 "GET /taski/static/js/main.8fbb4784.js HTTP/1.1" 200 198244
DEBUG    charset_normalizer:api.py:721 Encoding detection: ascii is most likely the one.
=========================== short test summary info ============================
FAILED tests/test_connection.py::test_link_connection[name_taski] - AssertionError: Убедитесь, что по ссылке `https://hworkpract.zapto.org/taski` доступен проект `Taski`.
assert 'Taski' in '/*! For license information please see main.8fbb4784.js.LICENSE.txt */\n!function(){var e={110:function(e,t,n){"use strict";var r=n(309),a={childContextTypes:!0,contextType:!0,contextTypes:!0,defaultProps:!0,displayName:!0,getDefaultProps:!0,getDerivedStateFromError:!0,getDerivedStateFromProps:!0,mixins:!0,propTypes:!0,type:!0},o={name:!0,length:!0,prototype:!0,caller:!0,callee:!0,arguments:!0,arity:!0},l={$$typeof:!0,compare:!0,defaultProps:!0,displayName:!0,propTypes:!0,type:!0},i={};function u(e){return r.isMemo(e)?l:i[e.$$typeof]||a}i[r.ForwardRef]={$$typeof:!0,render:!0,defaultProps:!0,displayName:!0,propTypes:!0},i[r.Memo]=l;var c=Object.defineProperty,s=Object.getOwnPropertyNames,f=Object.getOwnPropertySymbols,d=Object.getOwnPropertyDescriptor,p=Object.getPrototypeOf,h=Object.prototype;e.exports=function e(t,n,r){if("string"!==typeof n){if(h){var a=p(n);a&&a!==h&&e(t,a,r)}var l=s(n);f&&(l=l.concat(f(n)));for(var i=u(t),m=u(n),v=0;v<l.length;++v){var g=l[v];if(!o[g]&&(!r||!r[g])&&(!m||!m[g])&&(!i||!i[g])){var y=d(n,g);try{c(t,g,y)}catch(b){}}}}return t}},746:function(e,t){"use strict";var n="function"===typeof Symbol&&Symbol.for,r=n?Symbol.for("react.element"):60103,a=n?Symbol.for("react.portal"):60106,o=n?Symbol.for("react.fragment"):60107,l=n?Symbol.for("react.strict_mode"):60108,i=n?Symbol.for("react.profiler"):60114,u=n?Symbol.for("react.provider"):60109,c=n?Symbol.for("react.context"):60110,s=n?Symbol.for("react.async_mode"):60111,f=n?Symbol.for("react.concurrent_mode"):60111,d=n?Symbol.for("react.forward_ref"):60112,p=n?Symbol.for("react.suspense"):60113,h=n?Symbol.for("react.suspense_list"):60120,m=n?Symbol.for("react.memo"):60115,v=n?Symbol.for("react.lazy"):60116,g=n?Symbol.for("react.block"):60121,y=n?Symbol.for("react.fundamental"):60117,b=n?Symbol.for("react.responder"):60118,_=n?Symbol.for("react.scope"):60119;function x(e){if("object"===typeof e&&null!==e){var t=e.$$typeof;switch(t){case r:switch(e=e.type){case s:case f:case o:case i:case l:case p:return e;default:switch(e=e&&e.$$typeof){case c:case d:case v:case m:case u:return e;default:return t}}case a:return t}}}function w(e){return x(e)===f}t.AsyncMode=s,t.ConcurrentMode=f,t.ContextConsumer=c,t.ContextProvider=u,t.Element=r,t.ForwardRef=d,t.Fragment=o,t.Lazy=v,t.Memo=m,t.Portal=a,t.Profiler=i,t.StrictMode=l,t.Suspense=p,t.isAsyncMode=function(e){return w(e)||x(e)===s},t.isConcurrentMode=w,t.isContextConsumer=function(e){return x(e)===c},t.isContextProvider=function(e){return x(e)===u},t.isElement=function(e){return"object"===typeof e&&null!==e&&e.$$typeof===r},t.isForwardRef=function(e){return x(e)===d},t.isFragment=function(e){return x(e)===o},t.isLazy=function(e){return x(e)===v},t.isMemo=function(e){return x(e)===m},t.isPortal=function(e){return x(e)===a},t.isProfiler=function(e){return x(e)===i},t.isStrictMode=function(e){return x(e)===l},t.isSuspense=function(e){return x(e)===p},t.isValidElementType=function(e){return"string"===typeof e||"function"===typeof e||e===o||e===f||e===i||e===l||e===p||e===h||"object"===typeof e&&null!==e&&(e.$$typeof===v||e.$$typeof===m||e.$$typeof===u||e.$$typeof===c||e.$$typeof===d||e.$$typeof===y||e.$$typeof===b||e.$$typeof===_||e.$$typeof===g)},t.typeOf=x},309:function(e,t,n){"use strict";e.exports=n(746)},725:function(e){"use strict";var t=Object.getOwnPropertySymbols,n=Object.prototype.hasOwnProperty,r=Object.prototype.propertyIsEnumerable;function a(e){if(null===e||void 0===e)throw new TypeError("Object.assign cannot be called with null or undefined");return Object(e)}e.exports=function(){try{if(!Object.assign)return!1;var e=new String("abc");if(e[5]="de","5"===Object.getOwnPropertyNames(e)[0])return!1;for(var t={},n=0;n<10;n++)t["_"+String.fromCharCode(n)]=n;if("0123456789"!==Object.getOwnPropertyNames(t).map((function(e){return t[e]})).join(""))return!1;var r={};return"abcdefghijklmnopqrst".split("").forEach((function(e){r[e]=e})),"abcdefghijklmnopqrst"===Object.keys(Object.assign({},r)).join("")}catch(a){return!1}}()?Object.assign:function(e,o){for(var l,i,u=a(e),c=1;c<arguments.length;c++){for(var s in l=Object(arguments[c]))n.call(l,s)&&(u[s]=l[s]);if(t){i=t(l);for(var f=0;f<i.length;f++)r.call(l,i[f])&&(u[i[f]]=l[i[f]])}}return u}},888:function(e,t,n){"use strict";var r=n(47);function a(){}function o(){}o.resetWarningCache=a,e.exports=function(){function e(e,t,n,a,o,l){if(l!==r){var i=new Error("Calling PropTypes validators directly is not supported by the `prop-types` package. Use PropTypes.checkPropTypes() to call them. Read more at http://fb.me/use-check-prop-types");throw i.name="Invariant Violation",i}}function t(){return e}e.isRequired=e;var n={array:e,bigint:e,bool:e,func:e,number:e,object:e,string:e,symbol:e,any:e,arrayOf:t,element:e,elementType:e,instanceOf:t,node:e,objectOf:t,oneOf:t,oneOfType:t,shape:t,exact:t,checkPropTypes:o,resetWarningCache:a};return n.PropTypes=n,n}},7:function(e,t,n){e.exports=n(888)()},47:function(e){"use strict";e.exports="SECRET_DO_NOT_PASS_THIS_OR_YOU_WILL_BE_FIRED"},463:function(e,t,n){"use strict";var r=n(791),a=n(725),o=n(296);function l(e){for(var t="https://reactjs.org/docs/error-decoder.html?invariant="+e,n=1;n<arguments.length;n++)t+="&args[]="+encodeURIComponent(arguments[n]);return"Minified React error #"+e+"; visit "+t+" for the full message or use the non-minified dev environment for full errors and additional helpful warnings."}if(!r)throw Error(l(227));var i=new Set,u={};function c(e,t){s(e,t),s(e+"Capture",t)}function s(e,t){for(u[e]=t,e=0;e<t.length;e++)i.add(t[e])}var f=!("undefined"===typeof window||"undefined"===typeof window.document||"undefined"===typeof window.document.createElement),d=/^[:A-Z_a-z\\u00C0-\\u00D6\\u00D8-\\u00F6\\u00F8-\\u02FF\\u0370-\\u037D\\u037F-\\u1FFF\\u200C-\\u200D\\u2070-\\u218F\\u2C00-\\u2FEF\\u3001-\\uD7FF\\uF900-\\uFDCF\\uFDF0-\\uFFFD][:A-Z_a-z\\u00C0-\\u00D6\\u00D8-\\u00F6\\u00F8-\\u02FF\\u0370-\\u037D\\u037F-\\u1FFF\\u200C-\\u200D\\u2070-\\u218F\\u2C00-\\u2FEF\\u3001-\\uD7FF\\uF900-\\uFDCF\\uFDF0-\\uFFFD\\-.0-9\\u00B7\\u0300-\\u036F\\u203F-\\u2040]*$/,p=Object.prototype.hasOwnProperty,h={},m={};function v(e,t,n,r,a,o,l){this.acceptsBooleans=2===t||3===t||4===t,this.attributeName=r,this.attributeNamespace=a,this.mustUseProperty=n,this.propertyName=e,this.type=t,this.sanitizeURL=o,this.removeEmptyString=l}var g={};"children dangerouslySetInnerHTML defaultValue defaultChecked innerHTML suppressContentEditableWarning suppressHydrationWarning style".split(" ").forEach((function(e){g[e]=new v(e,0,!1,e,null,!1,!1)})),[["acceptCharset","accept-charset"],["className","class"],["htmlFor","for"],["httpEquiv","http-equiv"]].forEach((function(e){var t=e[0];g[t]=new v(t,1,!1,e[1],null,!1,!1)})),["contentEditable","draggable","spellCheck","value"].forEach((function(e){g[e]=new v(e,2,!1,e.toLowerCase(),null,!1,!1)})),["autoReverse","externalResourcesRequired","focusable","preserveAlpha"].forEach((function(e){g[e]=new v(e,2,!1,e,null,!1,!1)})),"allowFullScreen async autoFocus autoPlay controls default defer disabled disablePictureInPicture disableRemotePlayback formNoValidate hidden loop noModule noValidate open playsInline readOnly required reversed scoped seamless itemScope".split(" ").forEach((function(e){g[e]=new v(e,3,!1,e.toLowerCase(),null,!1,!1)})),["checked","multiple","muted","selected"].forEach((function(e){g[e]=new v(e,3,!0,e,null,!1,!1)})),["capture","download"].forEach((function(e){g[e]=new v(e,4,!1,e,null,!1,!1)})),["cols","rows","size","span"].forEach((function(e){g[e]=new v(e,6,!1,e,null,!1,!1)})),["rowSpan","start"].forEach((function(e){g[e]=new v(e,5,!1,e.toLowerCase(),null,!1,!1)}));var y=/[\\-:]([a-z])/g;function b(e){return e[1].toUpperCase()}function _(e,t,n,r){var a=g.hasOwnProperty(t)?g[t]:null;(null!==a?0===a.type:!r&&(2<t.length&&("o"===t[0]||"O"===t[0])&&("n"===t[1]||"N"===t[1])))||(function(e,t,n,r){if(null===t||"undefined"===typeof t||function(e,t,n,r){if(null!==n&&0===n.type)return!1;switch(typeof t){case"function":case"symbol":return!0;case"boolean":return!r&&(null!==n?!n.acceptsBooleans:"data-"!==(e=e.toLowerCase().slice(0,5))&&"aria-"!==e);default:return!1}}(e,t,n,r))return!0;if(r)return!1;if(null!==n)switch(n.type){case 3:return!t;case 4:return!1===t;case 5:return isNaN(t);case 6:return isNaN(t)||1>t}return!1}(t,n,a,r)&&(n=null),r||null===a?function(e){return!!p.call(m,e)||!p.call(h,e)&&(d.test(e)?m[e]=!0:(h[e]=!0,!1))}(t)&&(null===n?e.removeAttribute(t):e.setAttribute(t,""+n)):a.mustUseProperty?e[a.propertyName]=null===n?3!==a.type&&"":n:(t=a.attributeName,r=a.attributeNamespace,null===n?e.removeAttribute(t):(n=3===(a=a.type)||4===a&&!0===n?"":""+n,r?e.setAttributeNS(r,t,n):e.setAttribute(t,n))))}"accent-height alignment-baseline arabic-form baseline-shift cap-height clip-path clip-rule color-interpolation color-interpolation-filters color-profile color-rendering dominant-baseline enable-background fill-opacity fill-rule flood-color flood-opacity font-family font-size font-size-adjust font-stretch font-style font-variant font-weight glyph-name glyph-orientation-horizontal glyph-orientation-vertical horiz-adv-x horiz-origin-x image-rendering letter-spacing lighting-color marker-end marker-mid marker-start overline-position overline-thickness paint-order panose-1 pointer-events rendering-intent shape-rendering stop-color stop-opacity strikethrough-position strikethrough-thickness stroke-dasharray stroke-dashoffset stroke-linecap stroke-linejoin stroke-miterlimit stroke-opacity stroke-width text-anchor text-decoration text-rendering underline-position underline-thickness unicode-bidi unicode-range units-per-em v-alphabetic v-hanging v-ideographic v-mathematical vector-effect vert-adv-y vert-origin-x vert-origin-y word-spacing writing-mode xmlns:xlink x-height".split(" ").forEach((function(e){var t=e.replace(y,b);g[t]=new v(t,1,!1,e,null,!1,!1)})),"xlink:actuate xlink:arcrole xlink:role xlink:show xlink:title xlink:type".split(" ").forEach((function(e){var t=e.replace(y,b);g[t]=new v(t,1,!1,e,"http://www.w3.org/1999/xlink",!1,!1)})),["xml:base","xml:lang","xml:space"].forEach((function(e){var t=e.replace(y,b);g[t]=new v(t,1,!1,e,"http://www.w3.org/XML/1998/namespace",!1,!1)})),["tabIndex","crossOrigin"].forEach((function(e){g[e]=new v(e,1,!1,e.toLowerCase(),null,!1,!1)})),g.xlinkHref=new v("xlinkHref",1,!1,"xlink:href","http://www.w3.org/1999/xlink",!0,!1),["src","href","action","formAction"].forEach((function(e){g[e]=new v(e,1,!1,e.toLowerCase(),null,!0,!0)}));var x=r.__SECRET_INTERNALS_DO_NOT_USE_OR_YOU_WILL_BE_FIRED,w=60103,k=60106,S=60107,C=60108,E=60114,N=60109,P=60110,j=60112,O=60113,T=60120,L=60115,F=60116,z=60121,R=60128,M=60129,I=60130,A=60131;if("function"===typeof Symbol&&Symbol.for){var D=Symbol.for;w=D("react.element"),k=D("react.portal"),S=D("react.fragment"),C=D("react.strict_mode"),E=D("react.profiler"),N=D("react.provider"),P=D("react.context"),j=D("react.forward_ref"),O=D("react.suspense"),T=D("react.suspense_list"),L=D("react.memo"),F=D("react.lazy"),z=D("react.block"),D("react.scope"),R=D("react.opaque.id"),M=D("react.debug_trace_mode"),I=D("react.offscreen"),A=D("react.legacy_hidden")}var U,$="function"===typeof Symbol&&Symbol.iterator;function B(e){return null===e||"object"!==typeof e?null:"function"===typeof(e=$&&e[$]||e["@@iterator"])?e:null}function V(e){if(void 0===U)try{throw Error()}catch(n){var t=n.stack.trim().match(/\\n( *(at )?)/);U=t&&t[1]||""}return"\\n"+U+e}var W=!1;function H(e,t){if(!e||W)return"";W=!0;var n=Error.prepareStackTrace;Error.prepareStackTrace=void 0;try{if(t)if(t=function(){throw Error()},Object.defineProperty(t.prototype,"props",{set:function(){throw Error()}}),"object"===typeof Reflect&&Reflect.construct){try{Reflect.construct(t,[])}catch(u){var r=u}Reflect.construct(e,[],t)}else{try{t.call()}catch(u){r=u}e.call(t.prototype)}else{try{throw Error()}catch(u){r=u}e()}}catch(u){if(u&&r&&"string"===typeof u.stack){for(var a=u.stack.split("\\n"),o=r.stack.split("\\n"),l=a.length-1,i=o.length-1;1<=l&&0<=i&&a[l]!==o[i];)i--;for(;1<=l&&0<=i;l--,i--)if(a[l]!==o[i]){if(1!==l||1!==i)do{if(l--,0>--i||a[l]!==o[i])return"\\n"+a[l].replace(" at new "," at ")}while(1<=l&&0<=i);break}}}finally{W=!1,Error.prepareStackTrace=n}return(e=e?e.displayName||e.name:"")?V(e):""}function Q(e){switch(e.tag){case 5:return V(e.type);case 16:return V("Lazy");case 13:return V("Suspense");case 19:return V("SuspenseList");case 0:case 2:case 15:return e=H(e.type,!1);case 11:return e=H(e.type.render,!1);case 22:return e=H(e.type._render,!1);case 1:return e=H(e.type,!0);default:return""}}function q(e){if(null==e)return null;if("function"===typeof e)return e.displayName||e.name||null;if("string"===typeof e)return e;switch(e){case S:return"Fragment";case k:return"Portal";case E:return"Profiler";case C:return"StrictMode";case O:return"Suspense";case T:return"SuspenseList"}if("object"===typeof e)switch(e.$$typeof){case P:return(e.displayName||"Context")+".Consumer";case N:return(e._context.displayName||"Context")+".Provider";case j:var t=e.render;return t=t.displayName||t.name||"",e.displayName||(""!==t?"ForwardRef("+t+")":"ForwardRef");case L:return q(e.type);case z:return q(e._render);case F:t=e._payload,e=e._init;try{return q(e(t))}catch(n){}}return null}function K(e){switch(typeof e){case"boolean":case"number":case"object":case"string":case"undefined":return e;default:return""}}function Y(e){var t=e.type;return(e=e.nodeName)&&"input"===e.toLowerCase()&&("checkbox"===t||"radio"===t)}function X(e){e._valueTracker||(e._valueTracker=function(e){var t=Y(e)?"checked":"value",n=Object.getOwnPropertyDescriptor(e.constructor.prototype,t),r=""+e[t];if(!e.hasOwnProperty(t)&&"undefined"!==typeof n&&"function"===typeof n.get&&"function"===typeof n.set){var a=n.get,o=n.set;return Object.defineProperty(e,t,{configurable:!0,get:function(){return a.call(this)},set:function(e){r=""+e,o.call(this,e)}}),Object.defineProperty(e,t,{enumerable:n.enumerable}),{getValue:function(){return r},setValue:function(e){r=""+e},stopTracking:function(){e._valueTracker=null,delete e[t]}}}}(e))}function G(e){if(!e)return!1;var t=e._valueTracker;if(!t)return!0;var n=t.getValue(),r="";return e&&(r=Y(e)?e.checked?"true":"false":e.value),(e=r)!==n&&(t.setValue(e),!0)}function J(e){if("undefined"===typeof(e=e||("undefined"!==typeof document?document:void 0)))return null;try{return e.activeElement||e.body}catch(t){return e.body}}function Z(e,t){var n=t.checked;return a({},t,{defaultChecked:void 0,defaultValue:void 0,value:void 0,checked:null!=n?n:e._wrapperState.initialChecked})}function ee(e,t){var n=null==t.defaultValue?"":t.defaultValue,r=null!=t.checked?t.checked:t.defaultChecked;n=K(null!=t.value?t.value:n),e._wrapperState={initialChecked:r,initialValue:n,controlled:"checkbox"===t.type||"radio"===t.type?null!=t.checked:null!=t.value}}function te(e,t){null!=(t=t.checked)&&_(e,"checked",t,!1)}function ne(e,t){te(e,t);var n=K(t.value),r=t.type;if(null!=n)"number"===r?(0===n&&""===e.value||e.value!=n)&&(e.value=""+n):e.value!==""+n&&(e.value=""+n);else if("submit"===r||"reset"===r)return void e.removeAttribute("value");t.hasOwnProperty("value")?ae(e,t.type,n):t.hasOwnProperty("defaultValue")&&ae(e,t.type,K(t.defaultValue)),null==t.checked&&null!=t.defaultChecked&&(e.defaultChecked=!!t.defaultChecked)}function re(e,t,n){if(t.hasOwnProperty("value")||t.hasOwnProperty("defaultValue")){var r=t.type;if(!("submit"!==r&&"reset"!==r||void 0!==t.value&&null!==t.value))return;t=""+e._wrapperState.initialValue,n||t===e.value||(e.value=t),e.defaultValue=t}""!==(n=e.name)&&(e.name=""),e.defaultChecked=!!e._wrapperState.initialChecked,""!==n&&(e.name=n)}function ae(e,t,n){"number"===t&&J(e.ownerDocument)===e||(null==n?e.defaultValue=""+e._wrapperState.initialValue:e.defaultValue!==""+n&&(e.defaultValue=""+n))}function oe(e,t){return e=a({children:void 0},t),(t=function(e){var t="";return r.Children.forEach(e,(function(e){null!=e&&(t+=e)})),t}(t.children))&&(e.children=t),e}function le(e,t,n,r){if(e=e.options,t){t={};for(var a=0;a<n.length;a++)t["$"+n[a]]=!0;for(n=0;n<e.length;n++)a=t.hasOwnProperty("$"+e[n].value),e[n].selected!==a&&(e[n].selected=a),a&&r&&(e[n].defaultSelected=!0)}else{for(n=""+K(n),t=null,a=0;a<e.length;a++){if(e[a].value===n)return e[a].selected=!0,void(r&&(e[a].defaultSelected=!0));null!==t||e[a].disabled||(t=e[a])}null!==t&&(t.selected=!0)}}function ie(e,t){if(null!=t.dangerouslySetInnerHTML)throw Error(l(91));return a({},t,{value:void 0,defaultValue:void 0,children:""+e._wrapperState.initialValue})}function ue(e,t){var n=t.value;if(null==n){if(n=t.children,t=t.defaultValue,null!=n){if(null!=t)throw Error(l(92));if(Array.isArray(n)){if(!(1>=n.length))throw Error(l(93));n=n[0]}t=n}null==t&&(t=""),n=t}e._wrapperState={initialValue:K(n)}}function ce(e,t){var n=K(t.value),r=K(t.defaultValue);null!=n&&((n=""+n)!==e.value&&(e.value=n),null==t.defaultValue&&e.defaultValue!==n&&(e.defaultValue=n)),null!=r&&(e.defaultValue=""+r)}function se(e){var t=e.textContent;t===e._wrapperState.initialValue&&""!==t&&null!==t&&(e.value=t)}var fe="http://www.w3.org/1999/xhtml",de="http://www.w3.org/2000/svg";function pe(e){switch(e){case"svg":return"http://www.w3.org/2000/svg";case"math":return"http://www.w3.org/1998/Math/MathML";default:return"http://www.w3.org/1999/xhtml"}}function he(e,t){return null==e||"http://www.w3.org/1999/xhtml"===e?pe(t):"http://www.w3.org/2000/svg"===e&&"foreignObject"===t?"http://www.w3.org/1999/xhtml":e}var me,ve,ge=(ve=function(e,t){if(e.namespaceURI!==de||"innerHTML"in e)e.innerHTML=t;else{for((me=me||document.createElement("div")).innerHTML="<svg>"+t.valueOf().toString()+"</svg>",t=me.firstChild;e.firstChild;)e.removeChild(e.firstChild);for(;t.firstChild;)e.appendChild(t.firstChild)}},"undefined"!==typeof MSApp&&MSApp.execUnsafeLocalFunction?function(e,t,n,r){MSApp.execUnsafeLocalFunction((function(){return ve(e,t)}))}:ve);function ye(e,t){if(t){var n=e.firstChild;if(n&&n===e.lastChild&&3===n.nodeType)return void(n.nodeValue=t)}e.textContent=t}var be={animationIterationCount:!0,borderImageOutset:!0,borderImageSlice:!0,borderImageWidth:!0,boxFlex:!0,boxFlexGroup:!0,boxOrdinalGroup:!0,columnCount:!0,columns:!0,flex:!0,flexGrow:!0,flexPositive:!0,flexShrink:!0,flexNegative:!0,flexOrder:!0,gridArea:!0,gridRow:!0,gridRowEnd:!0,gridRowSpan:!0,gridRowStart:!0,gridColumn:!0,gridColumnEnd:!0,gridColumnSpan:!0,gridColumnStart:!0,fontWeight:!0,lineClamp:!0,lineHeight:!0,opacity:!0,order:!0,orphans:!0,tabSize:!0,widows:!0,zIndex:!0,zoom:!0,fillOpacity:!0,floodOpacity:!0,stopOpacity:!0,strokeDasharray:!0,strokeDashoffset:!0,strokeMiterlimit:!0,strokeOpacity:!0,strokeWidth:!0},_e=["Webkit","ms","Moz","O"];function xe(e,t,n){return null==t||"boolean"===typeof t||""===t?"":n||"number"!==typeof t||0===t||be.hasOwnProperty(e)&&be[e]?(""+t).trim():t+"px"}function we(e,t){for(var n in e=e.style,t)if(t.hasOwnProperty(n)){var r=0===n.indexOf("--"),a=xe(n,t[n],r);"float"===n&&(n="cssFloat"),r?e.setProperty(n,a):e[n]=a}}Object.keys(be).forEach((function(e){_e.forEach((function(t){t=t+e.charAt(0).toUpperCase()+e.substring(1),be[t]=be[e]}))}));var ke=a({menuitem:!0},{area:!0,base:!0,br:!0,col:!0,embed:!0,hr:!0,img:!0,input:!0,keygen:!0,link:!0,meta:!0,param:!0,source:!0,track:!0,wbr:!0});function Se(e,t){if(t){if(ke[e]&&(null!=t.children||null!=t.dangerouslySetInnerHTML))throw Error(l(137,e));if(null!=t.dangerouslySetInnerHTML){if(null!=t.children)throw Error(l(60));if("object"!==typeof t.dangerouslySetInnerHTML||!("__html"in t.dangerouslySetInnerHTML))throw Error(l(61))}if(null!=t.style&&"object"!==typeof t.style)throw Error(l(62))}}function Ce(e,t){if(-1===e.indexOf("-"))return"string"===typeof t.is;switch(e){case"annotation-xml":case"color-profile":case"font-face":case"font-face-src":case"font-face-uri":case"font-face-format":case"font-face-name":case"missing-glyph":return!1;default:return!0}}function Ee(e){return(e=e.target||e.srcElement||window).correspondingUseElement&&(e=e.correspondingUseElement),3===e.nodeType?e.parentNode:e}var Ne=null,Pe=null,je=null;function Oe(e){if(e=ra(e)){if("function"!==typeof Ne)throw Error(l(280));var t=e.stateNode;t&&(t=oa(t),Ne(e.stateNode,e.type,t))}}function Te(e){Pe?je?je.push(e):je=[e]:Pe=e}function Le(){if(Pe){var e=Pe,t=je;if(je=Pe=null,Oe(e),t)for(e=0;e<t.length;e++)Oe(t[e])}}function Fe(e,t){return e(t)}function ze(e,t,n,r,a){return e(t,n,r,a)}function Re(){}var Me=Fe,Ie=!1,Ae=!1;function De(){null===Pe&&null===je||(Re(),Le())}function Ue(e,t){var n=e.stateNode;if(null===n)return null;var r=oa(n);if(null===r)return null;n=r[t];e:switch(t){case"onClick":case"onClickCapture":case"onDoubleClick":case"onDoubleClickCapture":case"onMouseDown":case"onMouseDownCapture":case"onMouseMove":case"onMouseMoveCapture":case"onMouseUp":case"onMouseUpCapture":case"onMouseEnter":(r=!r.disabled)||(r=!("button"===(e=e.type)||"input"===e||"select"===e||"textarea"===e)),e=!r;break e;default:e=!1}if(e)return null;if(n&&"function"!==typeof n)throw Error(l(231,t,typeof n));return n}var $e=!1;if(f)try{var Be={};Object.defineProperty(Be,"passive",{get:function(){$e=!0}}),window.addEventListener("test",Be,Be),window.removeEventListener("test",Be,Be)}catch(ve){$e=!1}function Ve(e,t,n,r,a,o,l,i,u){var c=Array.prototype.slice.call(arguments,3);try{t.apply(n,c)}catch(s){this.onError(s)}}var We=!1,He=null,Qe=!1,qe=null,Ke={onError:function(e){We=!0,He=e}};function Ye(e,t,n,r,a,o,l,i,u){We=!1,He=null,Ve.apply(Ke,arguments)}function Xe(e){var t=e,n=e;if(e.alternate)for(;t.return;)t=t.return;else{e=t;do{0!==(1026&(t=e).flags)&&(n=t.return),e=t.return}while(e)}return 3===t.tag?n:null}function Ge(e){if(13===e.tag){var t=e.memoizedState;if(null===t&&(null!==(e=e.alternate)&&(t=e.memoizedState)),null!==t)return t.dehydrated}return null}function Je(e){if(Xe(e)!==e)throw Error(l(188))}function Ze(e){if(e=function(e){var t=e.alternate;if(!t){if(null===(t=Xe(e)))throw Error(l(188));return t!==e?null:e}for(var n=e,r=t;;){var a=n.return;if(null===a)break;var o=a.alternate;if(null===o){if(null!==(r=a.return)){n=r;continue}break}if(a.child===o.child){for(o=a.child;o;){if(o===n)return Je(a),e;if(o===r)return Je(a),t;o=o.sibling}throw Error(l(188))}if(n.return!==r.return)n=a,r=o;else{for(var i=!1,u=a.child;u;){if(u===n){i=!0,n=a,r=o;break}if(u===r){i=!0,r=a,n=o;break}u=u.sibling}if(!i){for(u=o.child;u;){if(u===n){i=!0,n=o,r=a;break}if(u===r){i=!0,r=o,n=a;break}u=u.sibling}if(!i)throw Error(l(189))}}if(n.alternate!==r)throw Error(l(190))}if(3!==n.tag)throw Error(l(188));return n.stateNode.current===n?e:t}(e),!e)return null;for(var t=e;;){if(5===t.tag||6===t.tag)return t;if(t.child)t.child.return=t,t=t.child;else{if(t===e)break;for(;!t.sibling;){if(!t.return||t.return===e)return null;t=t.return}t.sibling.return=t.return,t=t.sibling}}return null}function et(e,t){for(var n=e.alternate;null!==t;){if(t===e||t===n)return!0;t=t.return}return!1}var tt,nt,rt,at,ot=!1,lt=[],it=null,ut=null,ct=null,st=new Map,ft=new Map,dt=[],pt="mousedown mouseup touchcancel touchend touchstart auxclick dblclick pointercancel pointerdown pointerup dragend dragstart drop compositionend compositionstart keydown keypress keyup input textInput copy cut paste click change contextmenu reset submit".split(" ");function ht(e,t,n,r,a){return{blockedOn:e,domEventName:t,eventSystemFlags:16|n,nativeEvent:a,targetContainers:[r]}}function mt(e,t){switch(e){case"focusin":case"focusout":it=null;break;case"dragenter":case"dragleave":ut=null;break;case"mouseover":case"mouseout":ct=null;break;case"pointerover":case"pointerout":st.delete(t.pointerId);break;case"gotpointercapture":case"lostpointercapture":ft.delete(t.pointerId)}}function vt(e,t,n,r,a,o){return null===e||e.nativeEvent!==o?(e=ht(t,n,r,a,o),null!==t&&(null!==(t=ra(t))&&nt(t)),e):(e.eventSystemFlags|=r,t=e.targetContainers,null!==a&&-1===t.indexOf(a)&&t.push(a),e)}function gt(e){var t=na(e.target);if(null!==t){var n=Xe(t);if(null!==n)if(13===(t=n.tag)){if(null!==(t=Ge(n)))return e.blockedOn=t,void at(e.lanePriority,(function(){o.unstable_runWithPriority(e.priority,(function(){rt(n)}))}))}else if(3===t&&n.stateNode.hydrate)return void(e.blockedOn=3===n.tag?n.stateNode.containerInfo:null)}e.blockedOn=null}function yt(e){if(null!==e.blockedOn)return!1;for(var t=e.targetContainers;0<t.length;){var n=Zt(e.domEventName,e.eventSystemFlags,t[0],e.nativeEvent);if(null!==n)return null!==(t=ra(n))&&nt(t),e.blockedOn=n,!1;t.shift()}return!0}function bt(e,t,n){yt(e)&&n.delete(t)}function _t(){for(ot=!1;0<lt.length;){var e=lt[0];if(null!==e.blockedOn){null!==(e=ra(e.blockedOn))&&tt(e);break}for(var t=e.targetContainers;0<t.length;){var n=Zt(e.domEventName,e.eventSystemFlags,t[0],e.nativeEvent);if(null!==n){e.blockedOn=n;break}t.shift()}null===e.blockedOn&&lt.shift()}null!==it&&yt(it)&&(it=null),null!==ut&&yt(ut)&&(ut=null),null!==ct&&yt(ct)&&(ct=null),st.forEach(bt),ft.forEach(bt)}function xt(e,t){e.blockedOn===t&&(e.blockedOn=null,ot||(ot=!0,o.unstable_scheduleCallback(o.unstable_NormalPriority,_t)))}function wt(e){function t(t){return xt(t,e)}if(0<lt.length){xt(lt[0],e);for(var n=1;n<lt.length;n++){var r=lt[n];r.blockedOn===e&&(r.blockedOn=null)}}for(null!==it&&xt(it,e),null!==ut&&xt(ut,e),null!==ct&&xt(ct,e),st.forEach(t),ft.forEach(t),n=0;n<dt.length;n++)(r=dt[n]).blockedOn===e&&(r.blockedOn=null);for(;0<dt.length&&null===(n=dt[0]).blockedOn;)gt(n),null===n.blockedOn&&dt.shift()}function kt(e,t){var n={};return n[e.toLowerCase()]=t.toLowerCase(),n["Webkit"+e]="webkit"+t,n["Moz"+e]="moz"+t,n}var St={animationend:kt("Animation","AnimationEnd"),animationiteration:kt("Animation","AnimationIteration"),animationstart:kt("Animation","AnimationStart"),transitionend:kt("Transition","TransitionEnd")},Ct={},Et={};function Nt(e){if(Ct[e])return Ct[e];if(!St[e])return e;var t,n=St[e];for(t in n)if(n.hasOwnProperty(t)&&t in Et)return Ct[e]=n[t];return e}f&&(Et=document.createElement("div").style,"AnimationEvent"in window||(delete St.animationend.animation,delete St.animationiteration.animation,delete St.animationstart.animation),"TransitionEvent"in window||delete St.transitionend.transition);var Pt=Nt("animationend"),jt=Nt("animationiteration"),Ot=Nt("animationstart"),Tt=Nt("transitionend"),Lt=new Map,Ft=new Map,zt=["abort","abort",Pt,"animationEnd",jt,"animationIteration",Ot,"animationStart","canplay","canPlay","canplaythrough","canPlayThrough","durationchange","durationChange","emptied","emptied","encrypted","encrypted","ended","ended","error","error","gotpointercapture","gotPointerCapture","load","load","loadeddata","loadedData","loadedmetadata","loadedMetadata","loadstart","loadStart","lostpointercapture","lostPointerCapture","playing","playing","progress","progress","seeking","seeking","stalled","stalled","suspend","suspend","timeupdate","timeUpdate",Tt,"transitionEnd","waiting","waiting"];function Rt(e,t){for(var n=0;n<e.length;n+=2){var r=e[n],a=e[n+1];a="on"+(a[0].toUpperCase()+a.slice(1)),Ft.set(r,t),Lt.set(r,a),c(a,[r])}}(0,o.unstable_now)();var Mt=8;function It(e){if(0!==(1&e))return Mt=15,1;if(0!==(2&e))return Mt=14,2;if(0!==(4&e))return Mt=13,4;var t=24&e;return 0!==t?(Mt=12,t):0!==(32&e)?(Mt=11,32):0!==(t=192&e)?(Mt=10,t):0!==(256&e)?(Mt=9,256):0!==(t=3584&e)?(Mt=8,t):0!==(4096&e)?(Mt=7,4096):0!==(t=4186112&e)?(Mt=6,t):0!==(t=62914560&e)?(Mt=5,t):67108864&e?(Mt=4,67108864):0!==(134217728&e)?(Mt=3,134217728):0!==(t=805306368&e)?(Mt=2,t):0!==(1073741824&e)?(Mt=1,1073741824):(Mt=8,e)}function At(e,t){var n=e.pendingLanes;if(0===n)return Mt=0;var r=0,a=0,o=e.expiredLanes,l=e.suspendedLanes,i=e.pingedLanes;if(0!==o)r=o,a=Mt=15;else if(0!==(o=134217727&n)){var u=o&~l;0!==u?(r=It(u),a=Mt):0!==(i&=o)&&(r=It(i),a=Mt)}else 0!==(o=n&~l)?(r=It(o),a=Mt):0!==i&&(r=It(i),a=Mt);if(0===r)return 0;if(r=n&((0>(r=31-Wt(r))?0:1<<r)<<1)-1,0!==t&&t!==r&&0===(t&l)){if(It(t),a<=Mt)return t;Mt=a}if(0!==(t=e.entangledLanes))for(e=e.entanglements,t&=r;0<t;)a=1<<(n=31-Wt(t)),r|=e[n],t&=~a;return r}function Dt(e){return 0!==(e=-1073741825&e.pendingLanes)?e:1073741824&e?1073741824:0}function Ut(e,t){switch(e){case 15:return 1;case 14:return 2;case 12:return 0===(e=$t(24&~t))?Ut(10,t):e;case 10:return 0===(e=$t(192&~t))?Ut(8,t):e;case 8:return 0===(e=$t(3584&~t))&&(0===(e=$t(4186112&~t))&&(e=512)),e;case 2:return 0===(t=$t(805306368&~t))&&(t=268435456),t}throw Error(l(358,e))}function $t(e){return e&-e}function Bt(e){for(var t=[],n=0;31>n;n++)t.push(e);return t}function Vt(e,t,n){e.pendingLanes|=t;var r=t-1;e.suspendedLanes&=r,e.pingedLanes&=r,(e=e.eventTimes)[t=31-Wt(t)]=n}var Wt=Math.clz32?Math.clz32:function(e){return 0===e?32:31-(Ht(e)/Qt|0)|0},Ht=Math.log,Qt=Math.LN2;var qt=o.unstable_UserBlockingPriority,Kt=o.unstable_runWithPriority,Yt=!0;function Xt(e,t,n,r){Ie||Re();var a=Jt,o=Ie;Ie=!0;try{ze(a,e,t,n,r)}finally{(Ie=o)||De()}}function Gt(e,t,n,r){Kt(qt,Jt.bind(null,e,t,n,r))}function Jt(e,t,n,r){var a;if(Yt)if((a=0===(4&t))&&0<lt.length&&-1<pt.indexOf(e))e=ht(null,e,t,n,r),lt.push(e);else{var o=Zt(e,t,n,r);if(null===o)a&&mt(e,r);else{if(a){if(-1<pt.indexOf(e))return e=ht(o,e,t,n,r),void lt.push(e);if(function(e,t,n,r,a){switch(t){case"focusin":return it=vt(it,e,t,n,r,a),!0;case"dragenter":return ut=vt(ut,e,t,n,r,a),!0;case"mouseover":return ct=vt(ct,e,t,n,r,a),!0;case"pointerover":var o=a.pointerId;return st.set(o,vt(st.get(o)||null,e,t,n,r,a)),!0;case"gotpointercapture":return o=a.pointerId,ft.set(o,vt(ft.get(o)||null,e,t,n,r,a)),!0}return!1}(o,e,t,n,r))return;mt(e,r)}Rr(e,t,r,null,n)}}}function Zt(e,t,n,r){var a=Ee(r);if(null!==(a=na(a))){var o=Xe(a);if(null===o)a=null;else{var l=o.tag;if(13===l){if(null!==(a=Ge(o)))return a;a=null}else if(3===l){if(o.stateNode.hydrate)return 3===o.tag?o.stateNode.containerInfo:null;a=null}else o!==a&&(a=null)}}return Rr(e,t,r,a,n),null}var en=null,tn=null,nn=null;function rn(){if(nn)return nn;var e,t,n=tn,r=n.length,a="value"in en?en.value:en.textContent,o=a.length;for(e=0;e<r&&n[e]===a[e];e++);var l=r-e;for(t=1;t<=l&&n[r-t]===a[o-t];t++);return nn=a.slice(e,1<t?1-t:void 0)}function an(e){var t=e.keyCode;return"charCode"in e?0===(e=e.charCode)&&13===t&&(e=13):e=t,10===e&&(e=13),32<=e||13===e?e:0}function on(){return!0}function ln(){return!1}function un(e){function t(t,n,r,a,o){for(var l in this._reactName=t,this._targetInst=r,this.type=n,this.nativeEvent=a,this.target=o,this.currentTarget=null,e)e.hasOwnProperty(l)&&(t=e[l],this[l]=t?t(a):a[l]);return this.isDefaultPrevented=(null!=a.defaultPrevented?a.defaultPrevented:!1===a.returnValue)?on:ln,this.isPropagationStopped=ln,this}return a(t.prototype,{preventDefault:function(){this.defaultPrevented=!0;var e=this.nativeEvent;e&&(e.preventDefault?e.preventDefault():"unknown"!==typeof e.returnValue&&(e.returnValue=!1),this.isDefaultPrevented=on)},stopPropagation:function(){var e=this.nativeEvent;e&&(e.stopPropagation?e.stopPropagation():"unknown"!==typeof e.cancelBubble&&(e.cancelBubble=!0),this.isPropagationStopped=on)},persist:function(){},isPersistent:on}),t}var cn,sn,fn,dn={eventPhase:0,bubbles:0,cancelable:0,timeStamp:function(e){return e.timeStamp||Date.now()},defaultPrevented:0,isTrusted:0},pn=un(dn),hn=a({},dn,{view:0,detail:0}),mn=un(hn),vn=a({},hn,{screenX:0,screenY:0,clientX:0,clientY:0,pageX:0,pageY:0,ctrlKey:0,shiftKey:0,altKey:0,metaKey:0,getModifierState:Pn,button:0,buttons:0,relatedTarget:function(e){return void 0===e.relatedTarget?e.fromElement===e.srcElement?e.toElement:e.fromElement:e.relatedTarget},movementX:function(e){return"movementX"in e?e.movementX:(e!==fn&&(fn&&"mousemove"===e.type?(cn=e.screenX-fn.screenX,sn=e.screenY-fn.screenY):sn=cn=0,fn=e),cn)},movementY:function(e){return"movementY"in e?e.movementY:sn}}),gn=un(vn),yn=un(a({},vn,{dataTransfer:0})),bn=un(a({},hn,{relatedTarget:0})),_n=un(a({},dn,{animationName:0,elapsedTime:0,pseudoElement:0})),xn=a({},dn,{clipboardData:function(e){return"clipboardData"in e?e.clipboardData:window.clipboardData}}),wn=un(xn),kn=un(a({},dn,{data:0})),Sn={Esc:"Escape",Spacebar:" ",Left:"ArrowLeft",Up:"ArrowUp",Right:"ArrowRight",Down:"ArrowDown",Del:"Delete",Win:"OS",Menu:"ContextMenu",Apps:"ContextMenu",Scroll:"ScrollLock",MozPrintableKey:"Unidentified"},Cn={8:"Backspace",9:"Tab",12:"Clear",13:"Enter",16:"Shift",17:"Control",18:"Alt",19:"Pause",20:"CapsLock",27:"Escape",32:" ",33:"PageUp",34:"PageDown",35:"End",36:"Home",37:"ArrowLeft",38:"ArrowUp",39:"ArrowRight",40:"ArrowDown",45:"Insert",46:"Delete",112:"F1",113:"F2",114:"F3",115:"F4",116:"F5",117:"F6",118:"F7",119:"F8",120:"F9",121:"F10",122:"F11",123:"F12",144:"NumLock",145:"ScrollLock",224:"Meta"},En={Alt:"altKey",Control:"ctrlKey",Meta:"metaKey",Shift:"shiftKey"};function Nn(e){var t=this.nativeEvent;return t.getModifierState?t.getModifierState(e):!!(e=En[e])&&!!t[e]}function Pn(){return Nn}var jn=a({},hn,{key:function(e){if(e.key){var t=Sn[e.key]||e.key;if("Unidentified"!==t)return t}return"keypress"===e.type?13===(e=an(e))?"Enter":String.fromCharCode(e):"keydown"===e.type||"keyup"===e.type?Cn[e.keyCode]||"Unidentified":""},code:0,location:0,ctrlKey:0,shiftKey:0,altKey:0,metaKey:0,repeat:0,locale:0,getModifierState:Pn,charCode:function(e){return"keypress"===e.type?an(e):0},keyCode:function(e){return"keydown"===e.type||"keyup"===e.type?e.keyCode:0},which:function(e){return"keypress"===e.type?an(e):"keydown"===e.type||"keyup"===e.type?e.keyCode:0}}),On=un(jn),Tn=un(a({},vn,{pointerId:0,width:0,height:0,pressure:0,tangentialPressure:0,tiltX:0,tiltY:0,twist:0,pointerType:0,isPrimary:0})),Ln=un(a({},hn,{touches:0,targetTouches:0,changedTouches:0,altKey:0,metaKey:0,ctrlKey:0,shiftKey:0,getModifierState:Pn})),Fn=un(a({},dn,{propertyName:0,elapsedTime:0,pseudoElement:0})),zn=a({},vn,{deltaX:function(e){return"deltaX"in e?e.deltaX:"wheelDeltaX"in e?-e.wheelDeltaX:0},deltaY:function(e){return"deltaY"in e?e.deltaY:"wheelDeltaY"in e?-e.wheelDeltaY:"wheelDelta"in e?-e.wheelDelta:0},deltaZ:0,deltaMode:0}),Rn=un(zn),Mn=[9,13,27,32],In=f&&"CompositionEvent"in window,An=null;f&&"documentMode"in document&&(An=document.documentMode);var Dn=f&&"TextEvent"in window&&!An,Un=f&&(!In||An&&8<An&&11>=An),$n=String.fromCharCode(32),Bn=!1;function Vn(e,t){switch(e){case"keyup":return-1!==Mn.indexOf(t.keyCode);case"keydown":return 229!==t.keyCode;case"keypress":case"mousedown":case"focusout":return!0;default:return!1}}function Wn(e){return"object"===typeof(e=e.detail)&&"data"in e?e.data:null}var Hn=!1;var Qn={color:!0,date:!0,datetime:!0,"datetime-local":!0,email:!0,month:!0,number:!0,password:!0,range:!0,search:!0,tel:!0,text:!0,time:!0,url:!0,week:!0};function qn(e){var t=e&&e.nodeName&&e.nodeName.toLowerCase();return"input"===t?!!Qn[e.type]:"textarea"===t}function Kn(e,t,n,r){Te(r),0<(t=Ir(t,"onChange")).length&&(n=new pn("onChange","change",null,n,r),e.push({event:n,listeners:t}))}var Yn=null,Xn=null;function Gn(e){jr(e,0)}function Jn(e){if(G(aa(e)))return e}function Zn(e,t){if("change"===e)return t}var er=!1;if(f){var tr;if(f){var nr="oninput"in document;if(!nr){var rr=document.createElement("div");rr.setAttribute("oninput","return;"),nr="function"===typeof rr.oninput}tr=nr}else tr=!1;er=tr&&(!document.documentMode||9<document.documentMode)}function ar(){Yn&&(Yn.detachEvent("onpropertychange",or),Xn=Yn=null)}function or(e){if("value"===e.propertyName&&Jn(Xn)){var t=[];if(Kn(t,Xn,e,Ee(e)),e=Gn,Ie)e(t);else{Ie=!0;try{Fe(e,t)}finally{Ie=!1,De()}}}}function lr(e,t,n){"focusin"===e?(ar(),Xn=n,(Yn=t).attachEvent("onpropertychange",or)):"focusout"===e&&ar()}function ir(e){if("selectionchange"===e||"keyup"===e||"keydown"===e)return Jn(Xn)}function ur(e,t){if("click"===e)return Jn(t)}function cr(e,t){if("input"===e||"change"===e)return Jn(t)}var sr="function"===typeof Object.is?Object.is:function(e,t){return e===t&&(0!==e||1/e===1/t)||e!==e&&t!==t},fr=Object.prototype.hasOwnProperty;function dr(e,t){if(sr(e,t))return!0;if("object"!==typeof e||null===e||"object"!==typeof t||null===t)return!1;var n=Object.keys(e),r=Object.keys(t);if(n.length!==r.length)return!1;for(r=0;r<n.length;r++)if(!fr.call(t,n[r])||!sr(e[n[r]],t[n[r]]))return!1;return!0}function pr(e){for(;e&&e.firstChild;)e=e.firstChild;return e}function hr(e,t){var n,r=pr(e);for(e=0;r;){if(3===r.nodeType){if(n=e+r.textContent.length,e<=t&&n>=t)return{node:r,offset:t-e};e=n}e:{for(;r;){if(r.nextSibling){r=r.nextSibling;break e}r=r.parentNode}r=void 0}r=pr(r)}}function mr(e,t){return!(!e||!t)&&(e===t||(!e||3!==e.nodeType)&&(t&&3===t.nodeType?mr(e,t.parentNode):"contains"in e?e.contains(t):!!e.compareDocumentPosition&&!!(16&e.compareDocumentPosition(t))))}function vr(){for(var e=window,t=J();t instanceof e.HTMLIFrameElement;){try{var n="string"===typeof t.contentWindow.location.href}catch(r){n=!1}if(!n)break;t=J((e=t.contentWindow).document)}return t}function gr(e){var t=e&&e.nodeName&&e.nodeName.toLowerCase();return t&&("input"===t&&("text"===e.type||"search"===e.type||"tel"===e.type||"url"===e.type||"password"===e.type)||"textarea"===t||"true"===e.contentEditable)}var yr=f&&"documentMode"in document&&11>=document.documentMode,br=null,_r=null,xr=null,wr=!1;function kr(e,t,n){var r=n.window===n?n.document:9===n.nodeType?n:n.ownerDocument;wr||null==br||br!==J(r)||("selectionStart"in(r=br)&&gr(r)?r={start:r.selectionStart,end:r.selectionEnd}:r={anchorNode:(r=(r.ownerDocument&&r.ownerDocument.defaultView||window).getSelection()).anchorNode,anchorOffset:r.anchorOffset,focusNode:r.focusNode,focusOffset:r.focusOffset},xr&&dr(xr,r)||(xr=r,0<(r=Ir(_r,"onSelect")).length&&(t=new pn("onSelect","select",null,t,n),e.push({event:t,listeners:r}),t.target=br)))}Rt("cancel cancel click click close close contextmenu contextMenu copy copy cut cut auxclick auxClick dblclick doubleClick dragend dragEnd dragstart dragStart drop drop focusin focus focusout blur input input invalid invalid keydown keyDown keypress keyPress keyup keyUp mousedown mouseDown mouseup mouseUp paste paste pause pause play play pointercancel pointerCancel pointerdown pointerDown pointerup pointerUp ratechange rateChange reset reset seeked seeked submit submit touchcancel touchCancel touchend touchEnd touchstart touchStart volumechange volumeChange".split(" "),0),Rt("drag drag dragenter dragEnter dragexit dragExit dragleave dragLeave dragover dragOver mousemove mouseMove mouseout mouseOut mouseover mouseOver pointermove pointerMove pointerout pointerOut pointerover pointerOver scroll scroll toggle toggle touchmove touchMove wheel wheel".split(" "),1),Rt(zt,2);for(var Sr="change selectionchange textInput compositionstart compositionend compositionupdate".split(" "),Cr=0;Cr<Sr.length;Cr++)Ft.set(Sr[Cr],0);s("onMouseEnter",["mouseout","mouseover"]),s("onMouseLeave",["mouseout","mouseover"]),s("onPointerEnter",["pointerout","pointerover"]),s("onPointerLeave",["pointerout","pointerover"]),c("onChange","change click focusin focusout input keydown keyup selectionchange".split(" ")),c("onSelect","focusout contextmenu dragend focusin keydown keyup mousedown mouseup selectionchange".split(" ")),c("onBeforeInput",["compositionend","keypress","textInput","paste"]),c("onCompositionEnd","compositionend focusout keydown keypress keyup mousedown".split(" ")),c("onCompositionStart","compositionstart focusout keydown keypress keyup mousedown".split(" ")),c("onCompositionUpdate","compositionupdate focusout keydown keypress keyup mousedown".split(" "));var Er="abort canplay canplaythrough durationchange emptied encrypted ended error loadeddata loadedmetadata loadstart pause play playing progress ratechange seeked seeking stalled suspend timeupdate volumechange waiting".split(" "),Nr=new Set("cancel close invalid load scroll toggle".split(" ").concat(Er));function Pr(e,t,n){var r=e.type||"unknown-event";e.currentTarget=n,function(e,t,n,r,a,o,i,u,c){if(Ye.apply(this,arguments),We){if(!We)throw Error(l(198));var s=He;We=!1,He=null,Qe||(Qe=!0,qe=s)}}(r,t,void 0,e),e.currentTarget=null}function jr(e,t){t=0!==(4&t);for(var n=0;n<e.length;n++){var r=e[n],a=r.event;r=r.listeners;e:{var o=void 0;if(t)for(var l=r.length-1;0<=l;l--){var i=r[l],u=i.instance,c=i.currentTarget;if(i=i.listener,u!==o&&a.isPropagationStopped())break e;Pr(a,i,c),o=u}else for(l=0;l<r.length;l++){if(u=(i=r[l]).instance,c=i.currentTarget,i=i.listener,u!==o&&a.isPropagationStopped())break e;Pr(a,i,c),o=u}}}if(Qe)throw e=qe,Qe=!1,qe=null,e}function Or(e,t){var n=la(t),r=e+"__bubble";n.has(r)||(zr(t,e,2,!1),n.add(r))}var Tr="_reactListening"+Math.random().toString(36).slice(2);function Lr(e){e[Tr]||(e[Tr]=!0,i.forEach((function(t){Nr.has(t)||Fr(t,!1,e,null),Fr(t,!0,e,null)})))}function Fr(e,t,n,r){var a=4<arguments.length&&void 0!==arguments[4]?arguments[4]:0,o=n;if("selectionchange"===e&&9!==n.nodeType&&(o=n.ownerDocument),null!==r&&!t&&Nr.has(e)){if("scroll"!==e)return;a|=2,o=r}var l=la(o),i=e+"__"+(t?"capture":"bubble");l.has(i)||(t&&(a|=4),zr(o,e,a,t),l.add(i))}function zr(e,t,n,r){var a=Ft.get(t);switch(void 0===a?2:a){case 0:a=Xt;break;case 1:a=Gt;break;default:a=Jt}n=a.bind(null,t,n,e),a=void 0,!$e||"touchstart"!==t&&"touchmove"!==t&&"wheel"!==t||(a=!0),r?void 0!==a?e.addEventListener(t,n,{capture:!0,passive:a}):e.addEventListener(t,n,!0):void 0!==a?e.addEventListener(t,n,{passive:a}):e.addEventListener(t,n,!1)}function Rr(e,t,n,r,a){var o=r;if(0===(1&t)&&0===(2&t)&&null!==r)e:for(;;){if(null===r)return;var l=r.tag;if(3===l||4===l){var i=r.stateNode.containerInfo;if(i===a||8===i.nodeType&&i.parentNode===a)break;if(4===l)for(l=r.return;null!==l;){var u=l.tag;if((3===u||4===u)&&((u=l.stateNode.containerInfo)===a||8===u.nodeType&&u.parentNode===a))return;l=l.return}for(;null!==i;){if(null===(l=na(i)))return;if(5===(u=l.tag)||6===u){r=o=l;continue e}i=i.parentNode}}r=r.return}!function(e,t,n){if(Ae)return e(t,n);Ae=!0;try{Me(e,t,n)}finally{Ae=!1,De()}}((function(){var r=o,a=Ee(n),l=[];e:{var i=Lt.get(e);if(void 0!==i){var u=pn,c=e;switch(e){case"keypress":if(0===an(n))break e;case"keydown":case"keyup":u=On;break;case"focusin":c="focus",u=bn;break;case"focusout":c="blur",u=bn;break;case"beforeblur":case"afterblur":u=bn;break;case"click":if(2===n.button)break e;case"auxclick":case"dblclick":case"mousedown":case"mousemove":case"mouseup":case"mouseout":case"mouseover":case"contextmenu":u=gn;break;case"drag":case"dragend":case"dragenter":case"dragexit":case"dragleave":case"dragover":case"dragstart":case"drop":u=yn;break;case"touchcancel":case"touchend":case"touchmove":case"touchstart":u=Ln;break;case Pt:case jt:case Ot:u=_n;break;case Tt:u=Fn;break;case"scroll":u=mn;break;case"wheel":u=Rn;break;case"copy":case"cut":case"paste":u=wn;break;case"gotpointercapture":case"lostpointercapture":case"pointercancel":case"pointerdown":case"pointermove":case"pointerout":case"pointerover":case"pointerup":u=Tn}var s=0!==(4&t),f=!s&&"scroll"===e,d=s?null!==i?i+"Capture":null:i;s=[];for(var p,h=r;null!==h;){var m=(p=h).stateNode;if(5===p.tag&&null!==m&&(p=m,null!==d&&(null!=(m=Ue(h,d))&&s.push(Mr(h,m,p)))),f)break;h=h.return}0<s.length&&(i=new u(i,c,null,n,a),l.push({event:i,listeners:s}))}}if(0===(7&t)){if(u="mouseout"===e||"pointerout"===e,(!(i="mouseover"===e||"pointerover"===e)||0!==(16&t)||!(c=n.relatedTarget||n.fromElement)||!na(c)&&!c[ea])&&(u||i)&&(i=a.window===a?a:(i=a.ownerDocument)?i.defaultView||i.parentWindow:window,u?(u=r,null!==(c=(c=n.relatedTarget||n.toElement)?na(c):null)&&(c!==(f=Xe(c))||5!==c.tag&&6!==c.tag)&&(c=null)):(u=null,c=r),u!==c)){if(s=gn,m="onMouseLeave",d="onMouseEnter",h="mouse","pointerout"!==e&&"pointerover"!==e||(s=Tn,m="onPointerLeave",d="onPointerEnter",h="pointer"),f=null==u?i:aa(u),p=null==c?i:aa(c),(i=new s(m,h+"leave",u,n,a)).target=f,i.relatedTarget=p,m=null,na(a)===r&&((s=new s(d,h+"enter",c,n,a)).target=p,s.relatedTarget=f,m=s),f=m,u&&c)e:{for(d=c,h=0,p=s=u;p;p=Ar(p))h++;for(p=0,m=d;m;m=Ar(m))p++;for(;0<h-p;)s=Ar(s),h--;for(;0<p-h;)d=Ar(d),p--;for(;h--;){if(s===d||null!==d&&s===d.alternate)break e;s=Ar(s),d=Ar(d)}s=null}else s=null;null!==u&&Dr(l,i,u,s,!1),null!==c&&null!==f&&Dr(l,f,c,s,!0)}if("select"===(u=(i=r?aa(r):window).nodeName&&i.nodeName.toLowerCase())||"input"===u&&"file"===i.type)var v=Zn;else if(qn(i))if(er)v=cr;else{v=ir;var g=lr}else(u=i.nodeName)&&"input"===u.toLowerCase()&&("checkbox"===i.type||"radio"===i.type)&&(v=ur);switch(v&&(v=v(e,r))?Kn(l,v,n,a):(g&&g(e,i,r),"focusout"===e&&(g=i._wrapperState)&&g.controlled&&"number"===i.type&&ae(i,"number",i.value)),g=r?aa(r):window,e){case"focusin":(qn(g)||"true"===g.contentEditable)&&(br=g,_r=r,xr=null);break;case"focusout":xr=_r=br=null;break;case"mousedown":wr=!0;break;case"contextmenu":case"mouseup":case"dragend":wr=!1,kr(l,n,a);break;case"selectionchange":if(yr)break;case"keydown":case"keyup":kr(l,n,a)}var y;if(In)e:{switch(e){case"compositionstart":var b="onCompositionStart";break e;case"compositionend":b="onCompositionEnd";break e;case"compositionupdate":b="onCompositionUpdate";break e}b=void 0}else Hn?Vn(e,n)&&(b="onCompositionEnd"):"keydown"===e&&229===n.keyCode&&(b="onCompositionStart");b&&(Un&&"ko"!==n.locale&&(Hn||"onCompositionStart"!==b?"onCompositionEnd"===b&&Hn&&(y=rn()):(tn="value"in(en=a)?en.value:en.textContent,Hn=!0)),0<(g=Ir(r,b)).length&&(b=new kn(b,e,null,n,a),l.push({event:b,listeners:g}),y?b.data=y:null!==(y=Wn(n))&&(b.data=y))),(y=Dn?function(e,t){switch(e){case"compositionend":return Wn(t);case"keypress":return 32!==t.which?null:(Bn=!0,$n);case"textInput":return(e=t.data)===$n&&Bn?null:e;default:return null}}(e,n):function(e,t){if(Hn)return"compositionend"===e||!In&&Vn(e,t)?(e=rn(),nn=tn=en=null,Hn=!1,e):null;switch(e){case"paste":default:return null;case"keypress":if(!(t.ctrlKey||t.altKey||t.metaKey)||t.ctrlKey&&t.altKey){if(t.char&&1<t.char.length)return t.char;if(t.which)return String.fromCharCode(t.which)}return null;case"compositionend":return Un&&"ko"!==t.locale?null:t.data}}(e,n))&&(0<(r=Ir(r,"onBeforeInput")).length&&(a=new kn("onBeforeInput","beforeinput",null,n,a),l.push({event:a,listeners:r}),a.data=y))}jr(l,t)}))}function Mr(e,t,n){return{instance:e,listener:t,currentTarget:n}}function Ir(e,t){for(var n=t+"Capture",r=[];null!==e;){var a=e,o=a.stateNode;5===a.tag&&null!==o&&(a=o,null!=(o=Ue(e,n))&&r.unshift(Mr(e,o,a)),null!=(o=Ue(e,t))&&r.push(Mr(e,o,a))),e=e.return}return r}function Ar(e){if(null===e)return null;do{e=e.return}while(e&&5!==e.tag);return e||null}function Dr(e,t,n,r,a){for(var o=t._reactName,l=[];null!==n&&n!==r;){var i=n,u=i.alternate,c=i.stateNode;if(null!==u&&u===r)break;5===i.tag&&null!==c&&(i=c,a?null!=(u=Ue(n,o))&&l.unshift(Mr(n,u,i)):a||null!=(u=Ue(n,o))&&l.push(Mr(n,u,i))),n=n.return}0!==l.length&&e.push({event:t,listeners:l})}function Ur(){}var $r=null,Br=null;function Vr(e,t){switch(e){case"button":case"input":case"select":case"textarea":return!!t.autoFocus}return!1}function Wr(e,t){return"textarea"===e||"option"===e||"noscript"===e||"string"===typeof t.children||"number"===typeof t.children||"object"===typeof t.dangerouslySetInnerHTML&&null!==t.dangerouslySetInnerHTML&&null!=t.dangerouslySetInnerHTML.__html}var Hr="function"===typeof setTimeout?setTimeout:void 0,Qr="function"===typeof clearTimeout?clearTimeout:void 0;function qr(e){1===e.nodeType?e.textContent="":9===e.nodeType&&(null!=(e=e.body)&&(e.textContent=""))}function Kr(e){for(;null!=e;e=e.nextSibling){var t=e.nodeType;if(1===t||3===t)break}return e}function Yr(e){e=e.previousSibling;for(var t=0;e;){if(8===e.nodeType){var n=e.data;if("$"===n||"$!"===n||"$?"===n){if(0===t)return e;t--}else"/$"===n&&t++}e=e.previousSibling}return null}var Xr=0;var Gr=Math.random().toString(36).slice(2),Jr="__reactFiber$"+Gr,Zr="__reactProps$"+Gr,ea="__reactContainer$"+Gr,ta="__reactEvents$"+Gr;function na(e){var t=e[Jr];if(t)return t;for(var n=e.parentNode;n;){if(t=n[ea]||n[Jr]){if(n=t.alternate,null!==t.child||null!==n&&null!==n.child)for(e=Yr(e);null!==e;){if(n=e[Jr])return n;e=Yr(e)}return t}n=(e=n).parentNode}return null}function ra(e){return!(e=e[Jr]||e[ea])||5!==e.tag&&6!==e.tag&&13!==e.tag&&3!==e.tag?null:e}function aa(e){if(5===e.tag||6===e.tag)return e.stateNode;throw Error(l(33))}function oa(e){return e[Zr]||null}function la(e){var t=e[ta];return void 0===t&&(t=e[ta]=new Set),t}var ia=[],ua=-1;function ca(e){return{current:e}}function sa(e){0>ua||(e.current=ia[ua],ia[ua]=null,ua--)}function fa(e,t){ua++,ia[ua]=e.current,e.current=t}var da={},pa=ca(da),ha=ca(!1),ma=da;function va(e,t){var n=e.type.contextTypes;if(!n)return da;var r=e.stateNode;if(r&&r.__reactInternalMemoizedUnmaskedChildContext===t)return r.__reactInternalMemoizedMaskedChildContext;var a,o={};for(a in n)o[a]=t[a];return r&&((e=e.stateNode).__reactInternalMemoizedUnmaskedChildContext=t,e.__reactInternalMemoizedMaskedChildContext=o),o}function ga(e){return null!==(e=e.childContextTypes)&&void 0!==e}function ya(){sa(ha),sa(pa)}function ba(e,t,n){if(pa.current!==da)throw Error(l(168));fa(pa,t),fa(ha,n)}function _a(e,t,n){var r=e.stateNode;if(e=t.childContextTypes,"function"!==typeof r.getChildContext)return n;for(var o in r=r.getChildContext())if(!(o in e))throw Error(l(108,q(t)||"Unknown",o));return a({},n,r)}function xa(e){return e=(e=e.stateNode)&&e.__reactInternalMemoizedMergedChildContext||da,ma=pa.current,fa(pa,e),fa(ha,ha.current),!0}function wa(e,t,n){var r=e.stateNode;if(!r)throw Error(l(169));n?(e=_a(e,t,ma),r.__reactInternalMemoizedMergedChildContext=e,sa(ha),sa(pa),fa(pa,e)):sa(ha),fa(ha,n)}var ka=null,Sa=null,Ca=o.unstable_runWithPriority,Ea=o.unstable_scheduleCallback,Na=o.unstable_cancelCallback,Pa=o.unstable_shouldYield,ja=o.unstable_requestPaint,Oa=o.unstable_now,Ta=o.unstable_getCurrentPriorityLevel,La=o.unstable_ImmediatePriority,Fa=o.unstable_UserBlockingPriority,za=o.unstable_NormalPriority,Ra=o.unstable_LowPriority,Ma=o.unstable_IdlePriority,Ia={},Aa=void 0!==ja?ja:function(){},Da=null,Ua=null,$a=!1,Ba=Oa(),Va=1e4>Ba?Oa:function(){return Oa()-Ba};function Wa(){switch(Ta()){case La:return 99;case Fa:return 98;case za:return 97;case Ra:return 96;case Ma:return 95;default:throw Error(l(332))}}function Ha(e){switch(e){case 99:return La;case 98:return Fa;case 97:return za;case 96:return Ra;case 95:return Ma;default:throw Error(l(332))}}function Qa(e,t){return e=Ha(e),Ca(e,t)}function qa(e,t,n){return e=Ha(e),Ea(e,t,n)}function Ka(){if(null!==Ua){var e=Ua;Ua=null,Na(e)}Ya()}function Ya(){if(!$a&&null!==Da){$a=!0;var e=0;try{var t=Da;Qa(99,(function(){for(;e<t.length;e++){var n=t[e];do{n=n(!0)}while(null!==n)}})),Da=null}catch(n){throw null!==Da&&(Da=Da.slice(e+1)),Ea(La,Ka),n}finally{$a=!1}}}var Xa=x.ReactCurrentBatchConfig;function Ga(e,t){if(e&&e.defaultProps){for(var n in t=a({},t),e=e.defaultProps)void 0===t[n]&&(t[n]=e[n]);return t}return t}var Ja=ca(null),Za=null,eo=null,to=null;function no(){to=eo=Za=null}function ro(e){var t=Ja.current;sa(Ja),e.type._context._currentValue=t}function ao(e,t){for(;null!==e;){var n=e.alternate;if((e.childLanes&t)===t){if(null===n||(n.childLanes&t)===t)break;n.childLanes|=t}else e.childLanes|=t,null!==n&&(n.childLanes|=t);e=e.return}}function oo(e,t){Za=e,to=eo=null,null!==(e=e.dependencies)&&null!==e.firstContext&&(0!==(e.lanes&t)&&(Il=!0),e.firstContext=null)}function lo(e,t){if(to!==e&&!1!==t&&0!==t)if("number"===typeof t&&1073741823!==t||(to=e,t=1073741823),t={context:e,observedBits:t,next:null},null===eo){if(null===Za)throw Error(l(308));eo=t,Za.dependencies={lanes:0,firstContext:t,responders:null}}else eo=eo.next=t;return e._currentValue}var io=!1;function uo(e){e.updateQueue={baseState:e.memoizedState,firstBaseUpdate:null,lastBaseUpdate:null,shared:{pending:null},effects:null}}function co(e,t){e=e.updateQueue,t.updateQueue===e&&(t.updateQueue={baseState:e.baseState,firstBaseUpdate:e.firstBaseUpdate,lastBaseUpdate:e.lastBaseUpdate,shared:e.shared,effects:e.effects})}function so(e,t){return{eventTime:e,lane:t,tag:0,payload:null,callback:null,next:null}}function fo(e,t){if(null!==(e=e.updateQueue)){var n=(e=e.shared).pending;null===n?t.next=t:(t.next=n.next,n.next=t),e.pending=t}}function po(e,t){var n=e.updateQueue,r=e.alternate;if(null!==r&&n===(r=r.updateQueue)){var a=null,o=null;if(null!==(n=n.firstBaseUpdate)){do{var l={eventTime:n.eventTime,lane:n.lane,tag:n.tag,payload:n.payload,callback:n.callback,next:null};null===o?a=o=l:o=o.next=l,n=n.next}while(null!==n);null===o?a=o=t:o=o.next=t}else a=o=t;return n={baseState:r.baseState,firstBaseUpdate:a,lastBaseUpdate:o,shared:r.shared,effects:r.effects},void(e.updateQueue=n)}null===(e=n.lastBaseUpdate)?n.firstBaseUpdate=t:e.next=t,n.lastBaseUpdate=t}function ho(e,t,n,r){var o=e.updateQueue;io=!1;var l=o.firstBaseUpdate,i=o.lastBaseUpdate,u=o.shared.pending;if(null!==u){o.shared.pending=null;var c=u,s=c.next;c.next=null,null===i?l=s:i.next=s,i=c;var f=e.alternate;if(null!==f){var d=(f=f.updateQueue).lastBaseUpdate;d!==i&&(null===d?f.firstBaseUpdate=s:d.next=s,f.lastBaseUpdate=c)}}if(null!==l){for(d=o.baseState,i=0,f=s=c=null;;){u=l.lane;var p=l.eventTime;if((r&u)===u){null!==f&&(f=f.next={eventTime:p,lane:0,tag:l.tag,payload:l.payload,callback:l.callback,next:null});e:{var h=e,m=l;switch(u=t,p=n,m.tag){case 1:if("function"===typeof(h=m.payload)){d=h.call(p,d,u);break e}d=h;break e;case 3:h.flags=-4097&h.flags|64;case 0:if(null===(u="function"===typeof(h=m.payload)?h.call(p,d,u):h)||void 0===u)break e;d=a({},d,u);break e;case 2:io=!0}}null!==l.callback&&(e.flags|=32,null===(u=o.effects)?o.effects=[l]:u.push(l))}else p={eventTime:p,lane:u,tag:l.tag,payload:l.payload,callback:l.callback,next:null},null===f?(s=f=p,c=d):f=f.next=p,i|=u;if(null===(l=l.next)){if(null===(u=o.shared.pending))break;l=u.next,u.next=null,o.lastBaseUpdate=u,o.shared.pending=null}}null===f&&(c=d),o.baseState=c,o.firstBaseUpdate=s,o.lastBaseUpdate=f,$i|=i,e.lanes=i,e.memoizedState=d}}function mo(e,t,n){if(e=t.effects,t.effects=null,null!==e)for(t=0;t<e.length;t++){var r=e[t],a=r.callback;if(null!==a){if(r.callback=null,r=n,"function"!==typeof a)throw Error(l(191,a));a.call(r)}}}var vo=(new r.Component).refs;function go(e,t,n,r){n=null===(n=n(r,t=e.memoizedState))||void 0===n?t:a({},t,n),e.memoizedState=n,0===e.lanes&&(e.updateQueue.baseState=n)}var yo={isMounted:function(e){return!!(e=e._reactInternals)&&Xe(e)===e},enqueueSetState:function(e,t,n){e=e._reactInternals;var r=du(),a=pu(e),o=so(r,a);o.payload=t,void 0!==n&&null!==n&&(o.callback=n),fo(e,o),hu(e,a,r)},enqueueReplaceState:function(e,t,n){e=e._reactInternals;var r=du(),a=pu(e),o=so(r,a);o.tag=1,o.payload=t,void 0!==n&&null!==n&&(o.callback=n),fo(e,o),hu(e,a,r)},enqueueForceUpdate:function(e,t){e=e._reactInternals;var n=du(),r=pu(e),a=so(n,r);a.tag=2,void 0!==t&&null!==t&&(a.callback=t),fo(e,a),hu(e,r,n)}};function bo(e,t,n,r,a,o,l){return"function"===typeof(e=e.stateNode).shouldComponentUpdate?e.shouldComponentUpdate(r,o,l):!t.prototype||!t.prototype.isPureReactComponent||(!dr(n,r)||!dr(a,o))}function _o(e,t,n){var r=!1,a=da,o=t.contextType;return"object"===typeof o&&null!==o?o=lo(o):(a=ga(t)?ma:pa.current,o=(r=null!==(r=t.contextTypes)&&void 0!==r)?va(e,a):da),t=new t(n,o),e.memoizedState=null!==t.state&&void 0!==t.state?t.state:null,t.updater=yo,e.stateNode=t,t._reactInternals=e,r&&((e=e.stateNode).__reactInternalMemoizedUnmaskedChildContext=a,e.__reactInternalMemoizedMaskedChildContext=o),t}function xo(e,t,n,r){e=t.state,"function"===typeof t.componentWillReceiveProps&&t.componentWillReceiveProps(n,r),"function"===typeof t.UNSAFE_componentWillReceiveProps&&t.UNSAFE_componentWillReceiveProps(n,r),t.state!==e&&yo.enqueueReplaceState(t,t.state,null)}function wo(e,t,n,r){var a=e.stateNode;a.props=n,a.state=e.memoizedState,a.refs=vo,uo(e);var o=t.contextType;"object"===typeof o&&null!==o?a.context=lo(o):(o=ga(t)?ma:pa.current,a.context=va(e,o)),ho(e,n,a,r),a.state=e.memoizedState,"function"===typeof(o=t.getDerivedStateFromProps)&&(go(e,t,o,n),a.state=e.memoizedState),"function"===typeof t.getDerivedStateFromProps||"function"===typeof a.getSnapshotBeforeUpdate||"function"!==typeof a.UNSAFE_componentWillMount&&"function"!==typeof a.componentWillMount||(t=a.state,"function"===typeof a.componentWillMount&&a.componentWillMount(),"function"===typeof a.UNSAFE_componentWillMount&&a.UNSAFE_componentWillMount(),t!==a.state&&yo.enqueueReplaceState(a,a.state,null),ho(e,n,a,r),a.state=e.memoizedState),"function"===typeof a.componentDidMount&&(e.flags|=4)}var ko=Array.isArray;function So(e,t,n){if(null!==(e=n.ref)&&"function"!==typeof e&&"object"!==typeof e){if(n._owner){if(n=n._owner){if(1!==n.tag)throw Error(l(309));var r=n.stateNode}if(!r)throw Error(l(147,e));var a=""+e;return null!==t&&null!==t.ref&&"function"===typeof t.ref&&t.ref._stringRef===a?t.ref:(t=function(e){var t=r.refs;t===vo&&(t=r.refs={}),null===e?delete t[a]:t[a]=e},t._stringRef=a,t)}if("string"!==typeof e)throw Error(l(284));if(!n._owner)throw Error(l(290,e))}return e}function Co(e,t){if("textarea"!==e.type)throw Error(l(31,"[object Object]"===Object.prototype.toString.call(t)?"object with keys {"+Object.keys(t).join(", ")+"}":t))}function Eo(e){function t(t,n){if(e){var r=t.lastEffect;null!==r?(r.nextEffect=n,t.lastEffect=n):t.firstEffect=t.lastEffect=n,n.nextEffect=null,n.flags=8}}function n(n,r){if(!e)return null;for(;null!==r;)t(n,r),r=r.sibling;return null}function r(e,t){for(e=new Map;null!==t;)null!==t.key?e.set(t.key,t):e.set(t.index,t),t=t.sibling;return e}function a(e,t){return(e=Qu(e,t)).index=0,e.sibling=null,e}function o(t,n,r){return t.index=r,e?null!==(r=t.alternate)?(r=r.index)<n?(t.flags=2,n):r:(t.flags=2,n):n}function i(t){return e&&null===t.alternate&&(t.flags=2),t}function u(e,t,n,r){return null===t||6!==t.tag?((t=Xu(n,e.mode,r)).return=e,t):((t=a(t,n)).return=e,t)}function c(e,t,n,r){return null!==t&&t.elementType===n.type?((r=a(t,n.props)).ref=So(e,t,n),r.return=e,r):((r=qu(n.type,n.key,n.props,null,e.mode,r)).ref=So(e,t,n),r.return=e,r)}function s(e,t,n,r){return null===t||4!==t.tag||t.stateNode.containerInfo!==n.containerInfo||t.stateNode.implementation!==n.implementation?((t=Gu(n,e.mode,r)).return=e,t):((t=a(t,n.children||[])).return=e,t)}function f(e,t,n,r,o){return null===t||7!==t.tag?((t=Ku(n,e.mode,r,o)).return=e,t):((t=a(t,n)).return=e,t)}function d(e,t,n){if("string"===typeof t||"number"===typeof t)return(t=Xu(""+t,e.mode,n)).return=e,t;if("object"===typeof t&&null!==t){switch(t.$$typeof){case w:return(n=qu(t.type,t.key,t.props,null,e.mode,n)).ref=So(e,null,t),n.return=e,n;case k:return(t=Gu(t,e.mode,n)).return=e,t}if(ko(t)||B(t))return(t=Ku(t,e.mode,n,null)).return=e,t;Co(e,t)}return null}function p(e,t,n,r){var a=null!==t?t.key:null;if("string"===typeof n||"number"===typeof n)return null!==a?null:u(e,t,""+n,r);if("object"===typeof n&&null!==n){switch(n.$$typeof){case w:return n.key===a?n.type===S?f(e,t,n.props.children,r,a):c(e,t,n,r):null;case k:return n.key===a?s(e,t,n,r):null}if(ko(n)||B(n))return null!==a?null:f(e,t,n,r,null);Co(e,n)}return null}function h(e,t,n,r,a){if("string"===typeof r||"number"===typeof r)return u(t,e=e.get(n)||null,""+r,a);if("object"===typeof r&&null!==r){switch(r.$$typeof){case w:return e=e.get(null===r.key?n:r.key)||null,r.type===S?f(t,e,r.props.children,a,r.key):c(t,e,r,a);case k:return s(t,e=e.get(null===r.key?n:r.key)||null,r,a)}if(ko(r)||B(r))return f(t,e=e.get(n)||null,r,a,null);Co(t,r)}return null}function m(a,l,i,u){for(var c=null,s=null,f=l,m=l=0,v=null;null!==f&&m<i.length;m++){f.index>m?(v=f,f=null):v=f.sibling;var g=p(a,f,i[m],u);if(null===g){null===f&&(f=v);break}e&&f&&null===g.alternate&&t(a,f),l=o(g,l,m),null===s?c=g:s.sibling=g,s=g,f=v}if(m===i.length)return n(a,f),c;if(null===f){for(;m<i.length;m++)null!==(f=d(a,i[m],u))&&(l=o(f,l,m),null===s?c=f:s.sibling=f,s=f);return c}for(f=r(a,f);m<i.length;m++)null!==(v=h(f,a,m,i[m],u))&&(e&&null!==v.alternate&&f.delete(null===v.key?m:v.key),l=o(v,l,m),null===s?c=v:s.sibling=v,s=v);return e&&f.forEach((function(e){return t(a,e)})),c}function v(a,i,u,c){var s=B(u);if("function"!==typeof s)throw Error(l(150));if(null==(u=s.call(u)))throw Error(l(151));for(var f=s=null,m=i,v=i=0,g=null,y=u.next();null!==m&&!y.done;v++,y=u.next()){m.index>v?(g=m,m=null):g=m.sibling;var b=p(a,m,y.value,c);if(null===b){null===m&&(m=g);break}e&&m&&null===b.alternate&&t(a,m),i=o(b,i,v),null===f?s=b:f.sibling=b,f=b,m=g}if(y.done)return n(a,m),s;if(null===m){for(;!y.done;v++,y=u.next())null!==(y=d(a,y.value,c))&&(i=o(y,i,v),null===f?s=y:f.sibling=y,f=y);return s}for(m=r(a,m);!y.done;v++,y=u.next())null!==(y=h(m,a,v,y.value,c))&&(e&&null!==y.alternate&&m.delete(null===y.key?v:y.key),i=o(y,i,v),null===f?s=y:f.sibling=y,f=y);return e&&m.forEach((function(e){return t(a,e)})),s}return function(e,r,o,u){var c="object"===typeof o&&null!==o&&o.type===S&&null===o.key;c&&(o=o.props.children);var s="object"===typeof o&&null!==o;if(s)switch(o.$$typeof){case w:e:{for(s=o.key,c=r;null!==c;){if(c.key===s){if(7===c.tag){if(o.type===S){n(e,c.sibling),(r=a(c,o.props.children)).return=e,e=r;break e}}else if(c.elementType===o.type){n(e,c.sibling),(r=a(c,o.props)).ref=So(e,c,o),r.return=e,e=r;break e}n(e,c);break}t(e,c),c=c.sibling}o.type===S?((r=Ku(o.props.children,e.mode,u,o.key)).return=e,e=r):((u=qu(o.type,o.key,o.props,null,e.mode,u)).ref=So(e,r,o),u.return=e,e=u)}return i(e);case k:e:{for(c=o.key;null!==r;){if(r.key===c){if(4===r.tag&&r.stateNode.containerInfo===o.containerInfo&&r.stateNode.implementation===o.implementation){n(e,r.sibling),(r=a(r,o.children||[])).return=e,e=r;break e}n(e,r);break}t(e,r),r=r.sibling}(r=Gu(o,e.mode,u)).return=e,e=r}return i(e)}if("string"===typeof o||"number"===typeof o)return o=""+o,null!==r&&6===r.tag?(n(e,r.sibling),(r=a(r,o)).return=e,e=r):(n(e,r),(r=Xu(o,e.mode,u)).return=e,e=r),i(e);if(ko(o))return m(e,r,o,u);if(B(o))return v(e,r,o,u);if(s&&Co(e,o),"undefined"===typeof o&&!c)switch(e.tag){case 1:case 22:case 0:case 11:case 15:throw Error(l(152,q(e.type)||"Component"))}return n(e,r)}}var No=Eo(!0),Po=Eo(!1),jo={},Oo=ca(jo),To=ca(jo),Lo=ca(jo);function Fo(e){if(e===jo)throw Error(l(174));return e}function zo(e,t){switch(fa(Lo,t),fa(To,e),fa(Oo,jo),e=t.nodeType){case 9:case 11:t=(t=t.documentElement)?t.namespaceURI:he(null,"");break;default:t=he(t=(e=8===e?t.parentNode:t).namespaceURI||null,e=e.tagName)}sa(Oo),fa(Oo,t)}function Ro(){sa(Oo),sa(To),sa(Lo)}function Mo(e){Fo(Lo.current);var t=Fo(Oo.current),n=he(t,e.type);t!==n&&(fa(To,e),fa(Oo,n))}function Io(e){To.current===e&&(sa(Oo),sa(To))}var Ao=ca(0);function Do(e){for(var t=e;null!==t;){if(13===t.tag){var n=t.memoizedState;if(null!==n&&(null===(n=n.dehydrated)||"$?"===n.data||"$!"===n.data))return t}else if(19===t.tag&&void 0!==t.memoizedProps.revealOrder){if(0!==(64&t.flags))return t}else if(null!==t.child){t.child.return=t,t=t.child;continue}if(t===e)break;for(;null===t.sibling;){if(null===t.return||t.return===e)return null;t=t.return}t.sibling.return=t.return,t=t.sibling}return null}var Uo=null,$o=null,Bo=!1;function Vo(e,t){var n=Wu(5,null,null,0);n.elementType="DELETED",n.type="DELETED",n.stateNode=t,n.return=e,n.flags=8,null!==e.lastEffect?(e.lastEffect.nextEffect=n,e.lastEffect=n):e.firstEffect=e.lastEffect=n}function Wo(e,t){switch(e.tag){case 5:var n=e.type;return null!==(t=1!==t.nodeType||n.toLowerCase()!==t.nodeName.toLowerCase()?null:t)&&(e.stateNode=t,!0);case 6:return null!==(t=""===e.pendingProps||3!==t.nodeType?null:t)&&(e.stateNode=t,!0);default:return!1}}function Ho(e){if(Bo){var t=$o;if(t){var n=t;if(!Wo(e,t)){if(!(t=Kr(n.nextSibling))||!Wo(e,t))return e.flags=-1025&e.flags|2,Bo=!1,void(Uo=e);Vo(Uo,n)}Uo=e,$o=Kr(t.firstChild)}else e.flags=-1025&e.flags|2,Bo=!1,Uo=e}}function Qo(e){for(e=e.return;null!==e&&5!==e.tag&&3!==e.tag&&13!==e.tag;)e=e.return;Uo=e}function qo(e){if(e!==Uo)return!1;if(!Bo)return Qo(e),Bo=!0,!1;var t=e.type;if(5!==e.tag||"head"!==t&&"body"!==t&&!Wr(t,e.memoizedProps))for(t=$o;t;)Vo(e,t),t=Kr(t.nextSibling);if(Qo(e),13===e.tag){if(!(e=null!==(e=e.memoizedState)?e.dehydrated:null))throw Error(l(317));e:{for(e=e.nextSibling,t=0;e;){if(8===e.nodeType){var n=e.data;if("/$"===n){if(0===t){$o=Kr(e.nextSibling);break e}t--}else"$"!==n&&"$!"!==n&&"$?"!==n||t++}e=e.nextSibling}$o=null}}else $o=Uo?Kr(e.stateNode.nextSibling):null;return!0}function Ko(){$o=Uo=null,Bo=!1}var Yo=[];function Xo(){for(var e=0;e<Yo.length;e++)Yo[e]._workInProgressVersionPrimary=null;Yo.length=0}var Go=x.ReactCurrentDispatcher,Jo=x.ReactCurrentBatchConfig,Zo=0,el=null,tl=null,nl=null,rl=!1,al=!1;function ol(){throw Error(l(321))}function ll(e,t){if(null===t)return!1;for(var n=0;n<t.length&&n<e.length;n++)if(!sr(e[n],t[n]))return!1;return!0}function il(e,t,n,r,a,o){if(Zo=o,el=t,t.memoizedState=null,t.updateQueue=null,t.lanes=0,Go.current=null===e||null===e.memoizedState?Fl:zl,e=n(r,a),al){o=0;do{if(al=!1,!(25>o))throw Error(l(301));o+=1,nl=tl=null,t.updateQueue=null,Go.current=Rl,e=n(r,a)}while(al)}if(Go.current=Ll,t=null!==tl&&null!==tl.next,Zo=0,nl=tl=el=null,rl=!1,t)throw Error(l(300));return e}function ul(){var e={memoizedState:null,baseState:null,baseQueue:null,queue:null,next:null};return null===nl?el.memoizedState=nl=e:nl=nl.next=e,nl}function cl(){if(null===tl){var e=el.alternate;e=null!==e?e.memoizedState:null}else e=tl.next;var t=null===nl?el.memoizedState:nl.next;if(null!==t)nl=t,tl=e;else{if(null===e)throw Error(l(310));e={memoizedState:(tl=e).memoizedState,baseState:tl.baseState,baseQueue:tl.baseQueue,queue:tl.queue,next:null},null===nl?el.memoizedState=nl=e:nl=nl.next=e}return nl}function sl(e,t){return"function"===typeof t?t(e):t}function fl(e){var t=cl(),n=t.queue;if(null===n)throw Error(l(311));n.lastRenderedReducer=e;var r=tl,a=r.baseQueue,o=n.pending;if(null!==o){if(null!==a){var i=a.next;a.next=o.next,o.next=i}r.baseQueue=a=o,n.pending=null}if(null!==a){a=a.next,r=r.baseState;var u=i=o=null,c=a;do{var s=c.lane;if((Zo&s)===s)null!==u&&(u=u.next={lane:0,action:c.action,eagerReducer:c.eagerReducer,eagerState:c.eagerState,next:null}),r=c.eagerReducer===e?c.eagerState:e(r,c.action);else{var f={lane:s,action:c.action,eagerReducer:c.eagerReducer,eagerState:c.eagerState,next:null};null===u?(i=u=f,o=r):u=u.next=f,el.lanes|=s,$i|=s}c=c.next}while(null!==c&&c!==a);null===u?o=r:u.next=i,sr(r,t.memoizedState)||(Il=!0),t.memoizedState=r,t.baseState=o,t.baseQueue=u,n.lastRenderedState=r}return[t.memoizedState,n.dispatch]}function dl(e){var t=cl(),n=t.queue;if(null===n)throw Error(l(311));n.lastRenderedReducer=e;var r=n.dispatch,a=n.pending,o=t.memoizedState;if(null!==a){n.pending=null;var i=a=a.next;do{o=e(o,i.action),i=i.next}while(i!==a);sr(o,t.memoizedState)||(Il=!0),t.memoizedState=o,null===t.baseQueue&&(t.baseState=o),n.lastRenderedState=o}return[o,r]}function pl(e,t,n){var r=t._getVersion;r=r(t._source);var a=t._workInProgressVersionPrimary;if(null!==a?e=a===r:(e=e.mutableReadLanes,(e=(Zo&e)===e)&&(t._workInProgressVersionPrimary=r,Yo.push(t))),e)return n(t._source);throw Yo.push(t),Error(l(350))}function hl(e,t,n,r){var a=Fi;if(null===a)throw Error(l(349));var o=t._getVersion,i=o(t._source),u=Go.current,c=u.useState((function(){return pl(a,t,n)})),s=c[1],f=c[0];c=nl;var d=e.memoizedState,p=d.refs,h=p.getSnapshot,m=d.source;d=d.subscribe;var v=el;return e.memoizedState={refs:p,source:t,subscribe:r},u.useEffect((function(){p.getSnapshot=n,p.setSnapshot=s;var e=o(t._source);if(!sr(i,e)){e=n(t._source),sr(f,e)||(s(e),e=pu(v),a.mutableReadLanes|=e&a.pendingLanes),e=a.mutableReadLanes,a.entangledLanes|=e;for(var r=a.entanglements,l=e;0<l;){var u=31-Wt(l),c=1<<u;r[u]|=e,l&=~c}}}),[n,t,r]),u.useEffect((function(){return r(t._source,(function(){var e=p.getSnapshot,n=p.setSnapshot;try{n(e(t._source));var r=pu(v);a.mutableReadLanes|=r&a.pendingLanes}catch(o){n((function(){throw o}))}}))}),[t,r]),sr(h,n)&&sr(m,t)&&sr(d,r)||((e={pending:null,dispatch:null,lastRenderedReducer:sl,lastRenderedState:f}).dispatch=s=Tl.bind(null,el,e),c.queue=e,c.baseQueue=null,f=pl(a,t,n),c.memoizedState=c.baseState=f),f}function ml(e,t,n){return hl(cl(),e,t,n)}function vl(e){var t=ul();return"function"===typeof e&&(e=e()),t.memoizedState=t.baseState=e,e=(e=t.queue={pending:null,dispatch:null,lastRenderedReducer:sl,lastRenderedState:e}).dispatch=Tl.bind(null,el,e),[t.memoizedState,e]}function gl(e,t,n,r){return e={tag:e,create:t,destroy:n,deps:r,next:null},null===(t=el.updateQueue)?(t={lastEffect:null},el.updateQueue=t,t.lastEffect=e.next=e):null===(n=t.lastEffect)?t.lastEffect=e.next=e:(r=n.next,n.next=e,e.next=r,t.lastEffect=e),e}function yl(e){return e={current:e},ul().memoizedState=e}function bl(){return cl().memoizedState}function _l(e,t,n,r){var a=ul();el.flags|=e,a.memoizedState=gl(1|t,n,void 0,void 0===r?null:r)}function xl(e,t,n,r){var a=cl();r=void 0===r?null:r;var o=void 0;if(null!==tl){var l=tl.memoizedState;if(o=l.destroy,null!==r&&ll(r,l.deps))return void gl(t,n,o,r)}el.flags|=e,a.memoizedState=gl(1|t,n,o,r)}function wl(e,t){return _l(516,4,e,t)}function kl(e,t){return xl(516,4,e,t)}function Sl(e,t){return xl(4,2,e,t)}function Cl(e,t){return"function"===typeof t?(e=e(),t(e),function(){t(null)}):null!==t&&void 0!==t?(e=e(),t.current=e,function(){t.current=null}):void 0}function El(e,t,n){return n=null!==n&&void 0!==n?n.concat([e]):null,xl(4,2,Cl.bind(null,t,e),n)}function Nl(){}function Pl(e,t){var n=cl();t=void 0===t?null:t;var r=n.memoizedState;return null!==r&&null!==t&&ll(t,r[1])?r[0]:(n.memoizedState=[e,t],e)}function jl(e,t){var n=cl();t=void 0===t?null:t;var r=n.memoizedState;return null!==r&&null!==t&&ll(t,r[1])?r[0]:(e=e(),n.memoizedState=[e,t],e)}function Ol(e,t){var n=Wa();Qa(98>n?98:n,(function(){e(!0)})),Qa(97<n?97:n,(function(){var n=Jo.transition;Jo.transition=1;try{e(!1),t()}finally{Jo.transition=n}}))}function Tl(e,t,n){var r=du(),a=pu(e),o={lane:a,action:n,eagerReducer:null,eagerState:null,next:null},l=t.pending;if(null===l?o.next=o:(o.next=l.next,l.next=o),t.pending=o,l=e.alternate,e===el||null!==l&&l===el)al=rl=!0;else{if(0===e.lanes&&(null===l||0===l.lanes)&&null!==(l=t.lastRenderedReducer))try{var i=t.lastRenderedState,u=l(i,n);if(o.eagerReducer=l,o.eagerState=u,sr(u,i))return}catch(c){}hu(e,a,r)}}var Ll={readContext:lo,useCallback:ol,useContext:ol,useEffect:ol,useImperativeHandle:ol,useLayoutEffect:ol,useMemo:ol,useReducer:ol,useRef:ol,useState:ol,useDebugValue:ol,useDeferredValue:ol,useTransition:ol,useMutableSource:ol,useOpaqueIdentifier:ol,unstable_isNewReconciler:!1},Fl={readContext:lo,useCallback:function(e,t){return ul().memoizedState=[e,void 0===t?null:t],e},useContext:lo,useEffect:wl,useImperativeHandle:function(e,t,n){return n=null!==n&&void 0!==n?n.concat([e]):null,_l(4,2,Cl.bind(null,t,e),n)},useLayoutEffect:function(e,t){return _l(4,2,e,t)},useMemo:function(e,t){var n=ul();return t=void 0===t?null:t,e=e(),n.memoizedState=[e,t],e},useReducer:function(e,t,n){var r=ul();return t=void 0!==n?n(t):t,r.memoizedState=r.baseState=t,e=(e=r.queue={pending:null,dispatch:null,lastRenderedReducer:e,lastRenderedState:t}).dispatch=Tl.bind(null,el,e),[r.memoizedState,e]},useRef:yl,useState:vl,useDebugValue:Nl,useDeferredValue:function(e){var t=vl(e),n=t[0],r=t[1];return wl((function(){var t=Jo.transition;Jo.transition=1;try{r(e)}finally{Jo.transition=t}}),[e]),n},useTransition:function(){var e=vl(!1),t=e[0];return yl(e=Ol.bind(null,e[1])),[e,t]},useMutableSource:function(e,t,n){var r=ul();return r.memoizedState={refs:{getSnapshot:t,setSnapshot:null},source:e,subscribe:n},hl(r,e,t,n)},useOpaqueIdentifier:function(){if(Bo){var e=!1,t=function(e){return{$$typeof:R,toString:e,valueOf:e}}((function(){throw e||(e=!0,n("r:"+(Xr++).toString(36))),Error(l(355))})),n=vl(t)[1];return 0===(2&el.mode)&&(el.flags|=516,gl(5,(function(){n("r:"+(Xr++).toString(36))}),void 0,null)),t}return vl(t="r:"+(Xr++).toString(36)),t},unstable_isNewReconciler:!1},zl={readContext:lo,useCallback:Pl,useContext:lo,useEffect:kl,useImperativeHandle:El,useLayoutEffect:Sl,useMemo:jl,useReducer:fl,useRef:bl,useState:function(){return fl(sl)},useDebugValue:Nl,useDeferredValue:function(e){var t=fl(sl),n=t[0],r=t[1];return kl((function(){var t=Jo.transition;Jo.transition=1;try{r(e)}finally{Jo.transition=t}}),[e]),n},useTransition:function(){var e=fl(sl)[0];return[bl().current,e]},useMutableSource:ml,useOpaqueIdentifier:function(){return fl(sl)[0]},unstable_isNewReconciler:!1},Rl={readContext:lo,useCallback:Pl,useContext:lo,useEffect:kl,useImperativeHandle:El,useLayoutEffect:Sl,useMemo:jl,useReducer:dl,useRef:bl,useState:function(){return dl(sl)},useDebugValue:Nl,useDeferredValue:function(e){var t=dl(sl),n=t[0],r=t[1];return kl((function(){var t=Jo.transition;Jo.transition=1;try{r(e)}finally{Jo.transition=t}}),[e]),n},useTransition:function(){var e=dl(sl)[0];return[bl().current,e]},useMutableSource:ml,useOpaqueIdentifier:function(){return dl(sl)[0]},unstable_isNewReconciler:!1},Ml=x.ReactCurrentOwner,Il=!1;function Al(e,t,n,r){t.child=null===e?Po(t,null,n,r):No(t,e.child,n,r)}function Dl(e,t,n,r,a){n=n.render;var o=t.ref;return oo(t,a),r=il(e,t,n,r,o,a),null===e||Il?(t.flags|=1,Al(e,t,r,a),t.child):(t.updateQueue=e.updateQueue,t.flags&=-517,e.lanes&=~a,oi(e,t,a))}function Ul(e,t,n,r,a,o){if(null===e){var l=n.type;return"function"!==typeof l||Hu(l)||void 0!==l.defaultProps||null!==n.compare||void 0!==n.defaultProps?((e=qu(n.type,null,r,t,t.mode,o)).ref=t.ref,e.return=t,t.child=e):(t.tag=15,t.type=l,$l(e,t,l,r,a,o))}return l=e.child,0===(a&o)&&(a=l.memoizedProps,(n=null!==(n=n.compare)?n:dr)(a,r)&&e.ref===t.ref)?oi(e,t,o):(t.flags|=1,(e=Qu(l,r)).ref=t.ref,e.return=t,t.child=e)}function $l(e,t,n,r,a,o){if(null!==e&&dr(e.memoizedProps,r)&&e.ref===t.ref){if(Il=!1,0===(o&a))return t.lanes=e.lanes,oi(e,t,o);0!==(16384&e.flags)&&(Il=!0)}return Wl(e,t,n,r,o)}function Bl(e,t,n){var r=t.pendingProps,a=r.children,o=null!==e?e.memoizedState:null;if("hidden"===r.mode||"unstable-defer-without-hiding"===r.mode)if(0===(4&t.mode))t.memoizedState={baseLanes:0},wu(t,n);else{if(0===(1073741824&n))return e=null!==o?o.baseLanes|n:n,t.lanes=t.childLanes=1073741824,t.memoizedState={baseLanes:e},wu(t,e),null;t.memoizedState={baseLanes:0},wu(t,null!==o?o.baseLanes:n)}else null!==o?(r=o.baseLanes|n,t.memoizedState=null):r=n,wu(t,r);return Al(e,t,a,n),t.child}function Vl(e,t){var n=t.ref;(null===e&&null!==n||null!==e&&e.ref!==n)&&(t.flags|=128)}function Wl(e,t,n,r,a){var o=ga(n)?ma:pa.current;return o=va(t,o),oo(t,a),n=il(e,t,n,r,o,a),null===e||Il?(t.flags|=1,Al(e,t,n,a),t.child):(t.updateQueue=e.updateQueue,t.flags&=-517,e.lanes&=~a,oi(e,t,a))}function Hl(e,t,n,r,a){if(ga(n)){var o=!0;xa(t)}else o=!1;if(oo(t,a),null===t.stateNode)null!==e&&(e.alternate=null,t.alternate=null,t.flags|=2),_o(t,n,r),wo(t,n,r,a),r=!0;else if(null===e){var l=t.stateNode,i=t.memoizedProps;l.props=i;var u=l.context,c=n.contextType;"object"===typeof c&&null!==c?c=lo(c):c=va(t,c=ga(n)?ma:pa.current);var s=n.getDerivedStateFromProps,f="function"===typeof s||"function"===typeof l.getSnapshotBeforeUpdate;f||"function"!==typeof l.UNSAFE_componentWillReceiveProps&&"function"!==typeof l.componentWillReceiveProps||(i!==r||u!==c)&&xo(t,l,r,c),io=!1;var d=t.memoizedState;l.state=d,ho(t,r,l,a),u=t.memoizedState,i!==r||d!==u||ha.current||io?("function"===typeof s&&(go(t,n,s,r),u=t.memoizedState),(i=io||bo(t,n,i,r,d,u,c))?(f||"function"!==typeof l.UNSAFE_componentWillMount&&"function"!==typeof l.componentWillMount||("function"===typeof l.componentWillMount&&l.componentWillMount(),"function"===typeof l.UNSAFE_componentWillMount&&l.UNSAFE_componentWillMount()),"function"===typeof l.componentDidMount&&(t.flags|=4)):("function"===typeof l.componentDidMount&&(t.flags|=4),t.memoizedProps=r,t.memoizedState=u),l.props=r,l.state=u,l.context=c,r=i):("function"===typeof l.componentDidMount&&(t.flags|=4),r=!1)}else{l=t.stateNode,co(e,t),i=t.memoizedProps,c=t.type===t.elementType?i:Ga(t.type,i),l.props=c,f=t.pendingProps,d=l.context,"object"===typeof(u=n.contextType)&&null!==u?u=lo(u):u=va(t,u=ga(n)?ma:pa.current);var p=n.getDerivedStateFromProps;(s="function"===typeof p||"function"===typeof l.getSnapshotBeforeUpdate)||"function"!==typeof l.UNSAFE_componentWillReceiveProps&&"function"!==typeof l.componentWillReceiveProps||(i!==f||d!==u)&&xo(t,l,r,u),io=!1,d=t.memoizedState,l.state=d,ho(t,r,l,a);var h=t.memoizedState;i!==f||d!==h||ha.current||io?("function"===typeof p&&(go(t,n,p,r),h=t.memoizedState),(c=io||bo(t,n,c,r,d,h,u))?(s||"function"!==typeof l.UNSAFE_componentWillUpdate&&"function"!==typeof l.componentWillUpdate||("function"===typeof l.componentWillUpdate&&l.componentWillUpdate(r,h,u),"function"===typeof l.UNSAFE_componentWillUpdate&&l.UNSAFE_componentWillUpdate(r,h,u)),"function"===typeof l.componentDidUpdate&&(t.flags|=4),"function"===typeof l.getSnapshotBeforeUpdate&&(t.flags|=256)):("function"!==typeof l.componentDidUpdate||i===e.memoizedProps&&d===e.memoizedState||(t.flags|=4),"function"!==typeof l.getSnapshotBeforeUpdate||i===e.memoizedProps&&d===e.memoizedState||(t.flags|=256),t.memoizedProps=r,t.memoizedState=h),l.props=r,l.state=h,l.context=u,r=c):("function"!==typeof l.componentDidUpdate||i===e.memoizedProps&&d===e.memoizedState||(t.flags|=4),"function"!==typeof l.getSnapshotBeforeUpdate||i===e.memoizedProps&&d===e.memoizedState||(t.flags|=256),r=!1)}return Ql(e,t,n,r,o,a)}function Ql(e,t,n,r,a,o){Vl(e,t);var l=0!==(64&t.flags);if(!r&&!l)return a&&wa(t,n,!1),oi(e,t,o);r=t.stateNode,Ml.current=t;var i=l&&"function"!==typeof n.getDerivedStateFromError?null:r.render();return t.flags|=1,null!==e&&l?(t.child=No(t,e.child,null,o),t.child=No(t,null,i,o)):Al(e,t,i,o),t.memoizedState=r.state,a&&wa(t,n,!0),t.child}function ql(e){var t=e.stateNode;t.pendingContext?ba(0,t.pendingContext,t.pendingContext!==t.context):t.context&&ba(0,t.context,!1),zo(e,t.containerInfo)}var Kl,Yl,Xl,Gl={dehydrated:null,retryLane:0};function Jl(e,t,n){var r,a=t.pendingProps,o=Ao.current,l=!1;return(r=0!==(64&t.flags))||(r=(null===e||null!==e.memoizedState)&&0!==(2&o)),r?(l=!0,t.flags&=-65):null!==e&&null===e.memoizedState||void 0===a.fallback||!0===a.unstable_avoidThisFallback||(o|=1),fa(Ao,1&o),null===e?(void 0!==a.fallback&&Ho(t),e=a.children,o=a.fallback,l?(e=Zl(t,e,o,n),t.child.memoizedState={baseLanes:n},t.memoizedState=Gl,e):"number"===typeof a.unstable_expectedLoadTime?(e=Zl(t,e,o,n),t.child.memoizedState={baseLanes:n},t.memoizedState=Gl,t.lanes=33554432,e):((n=Yu({mode:"visible",children:e},t.mode,n,null)).return=t,t.child=n)):(e.memoizedState,l?(a=ti(e,t,a.children,a.fallback,n),l=t.child,o=e.child.memoizedState,l.memoizedState=null===o?{baseLanes:n}:{baseLanes:o.baseLanes|n},l.childLanes=e.childLanes&~n,t.memoizedState=Gl,a):(n=ei(e,t,a.children,n),t.memoizedState=null,n))}function Zl(e,t,n,r){var a=e.mode,o=e.child;return t={mode:"hidden",children:t},0===(2&a)&&null!==o?(o.childLanes=0,o.pendingProps=t):o=Yu(t,a,0,null),n=Ku(n,a,r,null),o.return=e,n.return=e,o.sibling=n,e.child=o,n}function ei(e,t,n,r){var a=e.child;return e=a.sibling,n=Qu(a,{mode:"visible",children:n}),0===(2&t.mode)&&(n.lanes=r),n.return=t,n.sibling=null,null!==e&&(e.nextEffect=null,e.flags=8,t.firstEffect=t.lastEffect=e),t.child=n}function ti(e,t,n,r,a){var o=t.mode,l=e.child;e=l.sibling;var i={mode:"hidden",children:n};return 0===(2&o)&&t.child!==l?((n=t.child).childLanes=0,n.pendingProps=i,null!==(l=n.lastEffect)?(t.firstEffect=n.firstEffect,t.lastEffect=l,l.nextEffect=null):t.firstEffect=t.lastEffect=null):n=Qu(l,i),null!==e?r=Qu(e,r):(r=Ku(r,o,a,null)).flags|=2,r.return=t,n.return=t,n.sibling=r,t.child=n,r}function ni(e,t){e.lanes|=t;var n=e.alternate;null!==n&&(n.lanes|=t),ao(e.return,t)}function ri(e,t,n,r,a,o){var l=e.memoizedState;null===l?e.memoizedState={isBackwards:t,rendering:null,renderingStartTime:0,last:r,tail:n,tailMode:a,lastEffect:o}:(l.isBackwards=t,l.rendering=null,l.renderingStartTime=0,l.last=r,l.tail=n,l.tailMode=a,l.lastEffect=o)}function ai(e,t,n){var r=t.pendingProps,a=r.revealOrder,o=r.tail;if(Al(e,t,r.children,n),0!==(2&(r=Ao.current)))r=1&r|2,t.flags|=64;else{if(null!==e&&0!==(64&e.flags))e:for(e=t.child;null!==e;){if(13===e.tag)null!==e.memoizedState&&ni(e,n);else if(19===e.tag)ni(e,n);else if(null!==e.child){e.child.return=e,e=e.child;continue}if(e===t)break e;for(;null===e.sibling;){if(null===e.return||e.return===t)break e;e=e.return}e.sibling.return=e.return,e=e.sibling}r&=1}if(fa(Ao,r),0===(2&t.mode))t.memoizedState=null;else switch(a){case"forwards":for(n=t.child,a=null;null!==n;)null!==(e=n.alternate)&&null===Do(e)&&(a=n),n=n.sibling;null===(n=a)?(a=t.child,t.child=null):(a=n.sibling,n.sibling=null),ri(t,!1,a,n,o,t.lastEffect);break;case"backwards":for(n=null,a=t.child,t.child=null;null!==a;){if(null!==(e=a.alternate)&&null===Do(e)){t.child=a;break}e=a.sibling,a.sibling=n,n=a,a=e}ri(t,!0,n,null,o,t.lastEffect);break;case"together":ri(t,!1,null,null,void 0,t.lastEffect);break;default:t.memoizedState=null}return t.child}function oi(e,t,n){if(null!==e&&(t.dependencies=e.dependencies),$i|=t.lanes,0!==(n&t.childLanes)){if(null!==e&&t.child!==e.child)throw Error(l(153));if(null!==t.child){for(n=Qu(e=t.child,e.pendingProps),t.child=n,n.return=t;null!==e.sibling;)e=e.sibling,(n=n.sibling=Qu(e,e.pendingProps)).return=t;n.sibling=null}return t.child}return null}function li(e,t){if(!Bo)switch(e.tailMode){case"hidden":t=e.tail;for(var n=null;null!==t;)null!==t.alternate&&(n=t),t=t.sibling;null===n?e.tail=null:n.sibling=null;break;case"collapsed":n=e.tail;for(var r=null;null!==n;)null!==n.alternate&&(r=n),n=n.sibling;null===r?t||null===e.tail?e.tail=null:e.tail.sibling=null:r.sibling=null}}function ii(e,t,n){var r=t.pendingProps;switch(t.tag){case 2:case 16:case 15:case 0:case 11:case 7:case 8:case 12:case 9:case 14:return null;case 1:case 17:return ga(t.type)&&ya(),null;case 3:return Ro(),sa(ha),sa(pa),Xo(),(r=t.stateNode).pendingContext&&(r.context=r.pendingContext,r.pendingContext=null),null!==e&&null!==e.child||(qo(t)?t.flags|=4:r.hydrate||(t.flags|=256)),null;case 5:Io(t);var o=Fo(Lo.current);if(n=t.type,null!==e&&null!=t.stateNode)Yl(e,t,n,r),e.ref!==t.ref&&(t.flags|=128);else{if(!r){if(null===t.stateNode)throw Error(l(166));return null}if(e=Fo(Oo.current),qo(t)){r=t.stateNode,n=t.type;var i=t.memoizedProps;switch(r[Jr]=t,r[Zr]=i,n){case"dialog":Or("cancel",r),Or("close",r);break;case"iframe":case"object":case"embed":Or("load",r);break;case"video":case"audio":for(e=0;e<Er.length;e++)Or(Er[e],r);break;case"source":Or("error",r);break;case"img":case"image":case"link":Or("error",r),Or("load",r);break;case"details":Or("toggle",r);break;case"input":ee(r,i),Or("invalid",r);break;case"select":r._wrapperState={wasMultiple:!!i.multiple},Or("invalid",r);break;case"textarea":ue(r,i),Or("invalid",r)}for(var c in Se(n,i),e=null,i)i.hasOwnProperty(c)&&(o=i[c],"children"===c?"string"===typeof o?r.textContent!==o&&(e=["children",o]):"number"===typeof o&&r.textContent!==""+o&&(e=["children",""+o]):u.hasOwnProperty(c)&&null!=o&&"onScroll"===c&&Or("scroll",r));switch(n){case"input":X(r),re(r,i,!0);break;case"textarea":X(r),se(r);break;case"select":case"option":break;default:"function"===typeof i.onClick&&(r.onclick=Ur)}r=e,t.updateQueue=r,null!==r&&(t.flags|=4)}else{switch(c=9===o.nodeType?o:o.ownerDocument,e===fe&&(e=pe(n)),e===fe?"script"===n?((e=c.createElement("div")).innerHTML="<script><\\/script>",e=e.removeChild(e.firstChild)):"string"===typeof r.is?e=c.createElement(n,{is:r.is}):(e=c.createElement(n),"select"===n&&(c=e,r.multiple?c.multiple=!0:r.size&&(c.size=r.size))):e=c.createElementNS(e,n),e[Jr]=t,e[Zr]=r,Kl(e,t),t.stateNode=e,c=Ce(n,r),n){case"dialog":Or("cancel",e),Or("close",e),o=r;break;case"iframe":case"object":case"embed":Or("load",e),o=r;break;case"video":case"audio":for(o=0;o<Er.length;o++)Or(Er[o],e);o=r;break;case"source":Or("error",e),o=r;break;case"img":case"image":case"link":Or("error",e),Or("load",e),o=r;break;case"details":Or("toggle",e),o=r;break;case"input":ee(e,r),o=Z(e,r),Or("invalid",e);break;case"option":o=oe(e,r);break;case"select":e._wrapperState={wasMultiple:!!r.multiple},o=a({},r,{value:void 0}),Or("invalid",e);break;case"textarea":ue(e,r),o=ie(e,r),Or("invalid",e);break;default:o=r}Se(n,o);var s=o;for(i in s)if(s.hasOwnProperty(i)){var f=s[i];"style"===i?we(e,f):"dangerouslySetInnerHTML"===i?null!=(f=f?f.__html:void 0)&&ge(e,f):"children"===i?"string"===typeof f?("textarea"!==n||""!==f)&&ye(e,f):"number"===typeof f&&ye(e,""+f):"suppressContentEditableWarning"!==i&&"suppressHydrationWarning"!==i&&"autoFocus"!==i&&(u.hasOwnProperty(i)?null!=f&&"onScroll"===i&&Or("scroll",e):null!=f&&_(e,i,f,c))}switch(n){case"input":X(e),re(e,r,!1);break;case"textarea":X(e),se(e);break;case"option":null!=r.value&&e.setAttribute("value",""+K(r.value));break;case"select":e.multiple=!!r.multiple,null!=(i=r.value)?le(e,!!r.multiple,i,!1):null!=r.defaultValue&&le(e,!!r.multiple,r.defaultValue,!0);break;default:"function"===typeof o.onClick&&(e.onclick=Ur)}Vr(n,r)&&(t.flags|=4)}null!==t.ref&&(t.flags|=128)}return null;case 6:if(e&&null!=t.stateNode)Xl(0,t,e.memoizedProps,r);else{if("string"!==typeof r&&null===t.stateNode)throw Error(l(166));n=Fo(Lo.current),Fo(Oo.current),qo(t)?(r=t.stateNode,n=t.memoizedProps,r[Jr]=t,r.nodeValue!==n&&(t.flags|=4)):((r=(9===n.nodeType?n:n.ownerDocument).createTextNode(r))[Jr]=t,t.stateNode=r)}return null;case 13:return sa(Ao),r=t.memoizedState,0!==(64&t.flags)?(t.lanes=n,t):(r=null!==r,n=!1,null===e?void 0!==t.memoizedProps.fallback&&qo(t):n=null!==e.memoizedState,r&&!n&&0!==(2&t.mode)&&(null===e&&!0!==t.memoizedProps.unstable_avoidThisFallback||0!==(1&Ao.current)?0===Ai&&(Ai=3):(0!==Ai&&3!==Ai||(Ai=4),null===Fi||0===(134217727&$i)&&0===(134217727&Bi)||yu(Fi,Ri))),(r||n)&&(t.flags|=4),null);case 4:return Ro(),null===e&&Lr(t.stateNode.containerInfo),null;case 10:return ro(t),null;case 19:if(sa(Ao),null===(r=t.memoizedState))return null;if(i=0!==(64&t.flags),null===(c=r.rendering))if(i)li(r,!1);else{if(0!==Ai||null!==e&&0!==(64&e.flags))for(e=t.child;null!==e;){if(null!==(c=Do(e))){for(t.flags|=64,li(r,!1),null!==(i=c.updateQueue)&&(t.updateQueue=i,t.flags|=4),null===r.lastEffect&&(t.firstEffect=null),t.lastEffect=r.lastEffect,r=n,n=t.child;null!==n;)e=r,(i=n).flags&=2,i.nextEffect=null,i.firstEffect=null,i.lastEffect=null,null===(c=i.alternate)?(i.childLanes=0,i.lanes=e,i.child=null,i.memoizedProps=null,i.memoizedState=null,i.updateQueue=null,i.dependencies=null,i.stateNode=null):(i.childLanes=c.childLanes,i.lanes=c.lanes,i.child=c.child,i.memoizedProps=c.memoizedProps,i.memoizedState=c.memoizedState,i.updateQueue=c.updateQueue,i.type=c.type,e=c.dependencies,i.dependencies=null===e?null:{lanes:e.lanes,firstContext:e.firstContext}),n=n.sibling;return fa(Ao,1&Ao.current|2),t.child}e=e.sibling}null!==r.tail&&Va()>Qi&&(t.flags|=64,i=!0,li(r,!1),t.lanes=33554432)}else{if(!i)if(null!==(e=Do(c))){if(t.flags|=64,i=!0,null!==(n=e.updateQueue)&&(t.updateQueue=n,t.flags|=4),li(r,!0),null===r.tail&&"hidden"===r.tailMode&&!c.alternate&&!Bo)return null!==(t=t.lastEffect=r.lastEffect)&&(t.nextEffect=null),null}else 2*Va()-r.renderingStartTime>Qi&&1073741824!==n&&(t.flags|=64,i=!0,li(r,!1),t.lanes=33554432);r.isBackwards?(c.sibling=t.child,t.child=c):(null!==(n=r.last)?n.sibling=c:t.child=c,r.last=c)}return null!==r.tail?(n=r.tail,r.rendering=n,r.tail=n.sibling,r.lastEffect=t.lastEffect,r.renderingStartTime=Va(),n.sibling=null,t=Ao.current,fa(Ao,i?1&t|2:1&t),n):null;case 23:case 24:return ku(),null!==e&&null!==e.memoizedState!==(null!==t.memoizedState)&&"unstable-defer-without-hiding"!==r.mode&&(t.flags|=4),null}throw Error(l(156,t.tag))}function ui(e){switch(e.tag){case 1:ga(e.type)&&ya();var t=e.flags;return 4096&t?(e.flags=-4097&t|64,e):null;case 3:if(Ro(),sa(ha),sa(pa),Xo(),0!==(64&(t=e.flags)))throw Error(l(285));return e.flags=-4097&t|64,e;case 5:return Io(e),null;case 13:return sa(Ao),4096&(t=e.flags)?(e.flags=-4097&t|64,e):null;case 19:return sa(Ao),null;case 4:return Ro(),null;case 10:return ro(e),null;case 23:case 24:return ku(),null;default:return null}}function ci(e,t){try{var n="",r=t;do{n+=Q(r),r=r.return}while(r);var a=n}catch(o){a="\\nError generating stack: "+o.message+"\\n"+o.stack}return{value:e,source:t,stack:a}}function si(e,t){try{console.error(t.value)}catch(n){setTimeout((function(){throw n}))}}Kl=function(e,t){for(var n=t.child;null!==n;){if(5===n.tag||6===n.tag)e.appendChild(n.stateNode);else if(4!==n.tag&&null!==n.child){n.child.return=n,n=n.child;continue}if(n===t)break;for(;null===n.sibling;){if(null===n.return||n.return===t)return;n=n.return}n.sibling.return=n.return,n=n.sibling}},Yl=function(e,t,n,r){var o=e.memoizedProps;if(o!==r){e=t.stateNode,Fo(Oo.current);var l,i=null;switch(n){case"input":o=Z(e,o),r=Z(e,r),i=[];break;case"option":o=oe(e,o),r=oe(e,r),i=[];break;case"select":o=a({},o,{value:void 0}),r=a({},r,{value:void 0}),i=[];break;case"textarea":o=ie(e,o),r=ie(e,r),i=[];break;default:"function"!==typeof o.onClick&&"function"===typeof r.onClick&&(e.onclick=Ur)}for(f in Se(n,r),n=null,o)if(!r.hasOwnProperty(f)&&o.hasOwnProperty(f)&&null!=o[f])if("style"===f){var c=o[f];for(l in c)c.hasOwnProperty(l)&&(n||(n={}),n[l]="")}else"dangerouslySetInnerHTML"!==f&&"children"!==f&&"suppressContentEditableWarning"!==f&&"suppressHydrationWarning"!==f&&"autoFocus"!==f&&(u.hasOwnProperty(f)?i||(i=[]):(i=i||[]).push(f,null));for(f in r){var s=r[f];if(c=null!=o?o[f]:void 0,r.hasOwnProperty(f)&&s!==c&&(null!=s||null!=c))if("style"===f)if(c){for(l in c)!c.hasOwnProperty(l)||s&&s.hasOwnProperty(l)||(n||(n={}),n[l]="");for(l in s)s.hasOwnProperty(l)&&c[l]!==s[l]&&(n||(n={}),n[l]=s[l])}else n||(i||(i=[]),i.push(f,n)),n=s;else"dangerouslySetInnerHTML"===f?(s=s?s.__html:void 0,c=c?c.__html:void 0,null!=s&&c!==s&&(i=i||[]).push(f,s)):"children"===f?"string"!==typeof s&&"number"!==typeof s||(i=i||[]).push(f,""+s):"suppressContentEditableWarning"!==f&&"suppressHydrationWarning"!==f&&(u.hasOwnProperty(f)?(null!=s&&"onScroll"===f&&Or("scroll",e),i||c===s||(i=[])):"object"===typeof s&&null!==s&&s.$$typeof===R?s.toString():(i=i||[]).push(f,s))}n&&(i=i||[]).push("style",n);var f=i;(t.updateQueue=f)&&(t.flags|=4)}},Xl=function(e,t,n,r){n!==r&&(t.flags|=4)};var fi="function"===typeof WeakMap?WeakMap:Map;function di(e,t,n){(n=so(-1,n)).tag=3,n.payload={element:null};var r=t.value;return n.callback=function(){Xi||(Xi=!0,Gi=r),si(0,t)},n}function pi(e,t,n){(n=so(-1,n)).tag=3;var r=e.type.getDerivedStateFromError;if("function"===typeof r){var a=t.value;n.payload=function(){return si(0,t),r(a)}}var o=e.stateNode;return null!==o&&"function"===typeof o.componentDidCatch&&(n.callback=function(){"function"!==typeof r&&(null===Ji?Ji=new Set([this]):Ji.add(this),si(0,t));var e=t.stack;this.componentDidCatch(t.value,{componentStack:null!==e?e:""})}),n}var hi="function"===typeof WeakSet?WeakSet:Set;function mi(e){var t=e.ref;if(null!==t)if("function"===typeof t)try{t(null)}catch(n){Uu(e,n)}else t.current=null}function vi(e,t){switch(t.tag){case 0:case 11:case 15:case 22:case 5:case 6:case 4:case 17:return;case 1:if(256&t.flags&&null!==e){var n=e.memoizedProps,r=e.memoizedState;t=(e=t.stateNode).getSnapshotBeforeUpdate(t.elementType===t.type?n:Ga(t.type,n),r),e.__reactInternalSnapshotBeforeUpdate=t}return;case 3:return void(256&t.flags&&qr(t.stateNode.containerInfo))}throw Error(l(163))}function gi(e,t,n){switch(n.tag){case 0:case 11:case 15:case 22:if(null!==(t=null!==(t=n.updateQueue)?t.lastEffect:null)){e=t=t.next;do{if(3===(3&e.tag)){var r=e.create;e.destroy=r()}e=e.next}while(e!==t)}if(null!==(t=null!==(t=n.updateQueue)?t.lastEffect:null)){e=t=t.next;do{var a=e;r=a.next,0!==(4&(a=a.tag))&&0!==(1&a)&&(Iu(n,e),Mu(n,e)),e=r}while(e!==t)}return;case 1:return e=n.stateNode,4&n.flags&&(null===t?e.componentDidMount():(r=n.elementType===n.type?t.memoizedProps:Ga(n.type,t.memoizedProps),e.componentDidUpdate(r,t.memoizedState,e.__reactInternalSnapshotBeforeUpdate))),void(null!==(t=n.updateQueue)&&mo(n,t,e));case 3:if(null!==(t=n.updateQueue)){if(e=null,null!==n.child)switch(n.child.tag){case 5:case 1:e=n.child.stateNode}mo(n,t,e)}return;case 5:return e=n.stateNode,void(null===t&&4&n.flags&&Vr(n.type,n.memoizedProps)&&e.focus());case 6:case 4:case 12:case 19:case 17:case 20:case 21:case 23:case 24:return;case 13:return void(null===n.memoizedState&&(n=n.alternate,null!==n&&(n=n.memoizedState,null!==n&&(n=n.dehydrated,null!==n&&wt(n)))))}throw Error(l(163))}function yi(e,t){for(var n=e;;){if(5===n.tag){var r=n.stateNode;if(t)"function"===typeof(r=r.style).setProperty?r.setProperty("display","none","important"):r.display="none";else{r=n.stateNode;var a=n.memoizedProps.style;a=void 0!==a&&null!==a&&a.hasOwnProperty("display")?a.display:null,r.style.display=xe("display",a)}}else if(6===n.tag)n.stateNode.nodeValue=t?"":n.memoizedProps;else if((23!==n.tag&&24!==n.tag||null===n.memoizedState||n===e)&&null!==n.child){n.child.return=n,n=n.child;continue}if(n===e)break;for(;null===n.sibling;){if(null===n.return||n.return===e)return;n=n.return}n.sibling.return=n.return,n=n.sibling}}function bi(e,t){if(Sa&&"function"===typeof Sa.onCommitFiberUnmount)try{Sa.onCommitFiberUnmount(ka,t)}catch(o){}switch(t.tag){case 0:case 11:case 14:case 15:case 22:if(null!==(e=t.updateQueue)&&null!==(e=e.lastEffect)){var n=e=e.next;do{var r=n,a=r.destroy;if(r=r.tag,void 0!==a)if(0!==(4&r))Iu(t,n);else{r=t;try{a()}catch(o){Uu(r,o)}}n=n.next}while(n!==e)}break;case 1:if(mi(t),"function"===typeof(e=t.stateNode).componentWillUnmount)try{e.props=t.memoizedProps,e.state=t.memoizedState,e.componentWillUnmount()}catch(o){Uu(t,o)}break;case 5:mi(t);break;case 4:Ci(e,t)}}function _i(e){e.alternate=null,e.child=null,e.dependencies=null,e.firstEffect=null,e.lastEffect=null,e.memoizedProps=null,e.memoizedState=null,e.pendingProps=null,e.return=null,e.updateQueue=null}function xi(e){return 5===e.tag||3===e.tag||4===e.tag}function wi(e){e:{for(var t=e.return;null!==t;){if(xi(t))break e;t=t.return}throw Error(l(160))}var n=t;switch(t=n.stateNode,n.tag){case 5:var r=!1;break;case 3:case 4:t=t.containerInfo,r=!0;break;default:throw Error(l(161))}16&n.flags&&(ye(t,""),n.flags&=-17);e:t:for(n=e;;){for(;null===n.sibling;){if(null===n.return||xi(n.return)){n=null;break e}n=n.return}for(n.sibling.return=n.return,n=n.sibling;5!==n.tag&&6!==n.tag&&18!==n.tag;){if(2&n.flags)continue t;if(null===n.child||4===n.tag)continue t;n.child.return=n,n=n.child}if(!(2&n.flags)){n=n.stateNode;break e}}r?ki(e,n,t):Si(e,n,t)}function ki(e,t,n){var r=e.tag,a=5===r||6===r;if(a)e=a?e.stateNode:e.stateNode.instance,t?8===n.nodeType?n.parentNode.insertBefore(e,t):n.insertBefore(e,t):(8===n.nodeType?(t=n.parentNode).insertBefore(e,n):(t=n).appendChild(e),null!==(n=n._reactRootContainer)&&void 0!==n||null!==t.onclick||(t.onclick=Ur));else if(4!==r&&null!==(e=e.child))for(ki(e,t,n),e=e.sibling;null!==e;)ki(e,t,n),e=e.sibling}function Si(e,t,n){var r=e.tag,a=5===r||6===r;if(a)e=a?e.stateNode:e.stateNode.instance,t?n.insertBefore(e,t):n.appendChild(e);else if(4!==r&&null!==(e=e.child))for(Si(e,t,n),e=e.sibling;null!==e;)Si(e,t,n),e=e.sibling}function Ci(e,t){for(var n,r,a=t,o=!1;;){if(!o){o=a.return;e:for(;;){if(null===o)throw Error(l(160));switch(n=o.stateNode,o.tag){case 5:r=!1;break e;case 3:case 4:n=n.containerInfo,r=!0;break e}o=o.return}o=!0}if(5===a.tag||6===a.tag){e:for(var i=e,u=a,c=u;;)if(bi(i,c),null!==c.child&&4!==c.tag)c.child.return=c,c=c.child;else{if(c===u)break e;for(;null===c.sibling;){if(null===c.return||c.return===u)break e;c=c.return}c.sibling.return=c.return,c=c.sibling}r?(i=n,u=a.stateNode,8===i.nodeType?i.parentNode.removeChild(u):i.removeChild(u)):n.removeChild(a.stateNode)}else if(4===a.tag){if(null!==a.child){n=a.stateNode.containerInfo,r=!0,a.child.return=a,a=a.child;continue}}else if(bi(e,a),null!==a.child){a.child.return=a,a=a.child;continue}if(a===t)break;for(;null===a.sibling;){if(null===a.return||a.return===t)return;4===(a=a.return).tag&&(o=!1)}a.sibling.return=a.return,a=a.sibling}}function Ei(e,t){switch(t.tag){case 0:case 11:case 14:case 15:case 22:var n=t.updateQueue;if(null!==(n=null!==n?n.lastEffect:null)){var r=n=n.next;do{3===(3&r.tag)&&(e=r.destroy,r.destroy=void 0,void 0!==e&&e()),r=r.next}while(r!==n)}return;case 1:case 12:case 17:return;case 5:if(null!=(n=t.stateNode)){r=t.memoizedProps;var a=null!==e?e.memoizedProps:r;e=t.type;var o=t.updateQueue;if(t.updateQueue=null,null!==o){for(n[Zr]=r,"input"===e&&"radio"===r.type&&null!=r.name&&te(n,r),Ce(e,a),t=Ce(e,r),a=0;a<o.length;a+=2){var i=o[a],u=o[a+1];"style"===i?we(n,u):"dangerouslySetInnerHTML"===i?ge(n,u):"children"===i?ye(n,u):_(n,i,u,t)}switch(e){case"input":ne(n,r);break;case"textarea":ce(n,r);break;case"select":e=n._wrapperState.wasMultiple,n._wrapperState.wasMultiple=!!r.multiple,null!=(o=r.value)?le(n,!!r.multiple,o,!1):e!==!!r.multiple&&(null!=r.defaultValue?le(n,!!r.multiple,r.defaultValue,!0):le(n,!!r.multiple,r.multiple?[]:"",!1))}}}return;case 6:if(null===t.stateNode)throw Error(l(162));return void(t.stateNode.nodeValue=t.memoizedProps);case 3:return void((n=t.stateNode).hydrate&&(n.hydrate=!1,wt(n.containerInfo)));case 13:return null!==t.memoizedState&&(Hi=Va(),yi(t.child,!0)),void Ni(t);case 19:return void Ni(t);case 23:case 24:return void yi(t,null!==t.memoizedState)}throw Error(l(163))}function Ni(e){var t=e.updateQueue;if(null!==t){e.updateQueue=null;var n=e.stateNode;null===n&&(n=e.stateNode=new hi),t.forEach((function(t){var r=Bu.bind(null,e,t);n.has(t)||(n.add(t),t.then(r,r))}))}}function Pi(e,t){return null!==e&&(null===(e=e.memoizedState)||null!==e.dehydrated)&&(null!==(t=t.memoizedState)&&null===t.dehydrated)}var ji=Math.ceil,Oi=x.ReactCurrentDispatcher,Ti=x.ReactCurrentOwner,Li=0,Fi=null,zi=null,Ri=0,Mi=0,Ii=ca(0),Ai=0,Di=null,Ui=0,$i=0,Bi=0,Vi=0,Wi=null,Hi=0,Qi=1/0;function qi(){Qi=Va()+500}var Ki,Yi=null,Xi=!1,Gi=null,Ji=null,Zi=!1,eu=null,tu=90,nu=[],ru=[],au=null,ou=0,lu=null,iu=-1,uu=0,cu=0,su=null,fu=!1;function du(){return 0!==(48&Li)?Va():-1!==iu?iu:iu=Va()}function pu(e){if(0===(2&(e=e.mode)))return 1;if(0===(4&e))return 99===Wa()?1:2;if(0===uu&&(uu=Ui),0!==Xa.transition){0!==cu&&(cu=null!==Wi?Wi.pendingLanes:0),e=uu;var t=4186112&~cu;return 0===(t&=-t)&&(0===(t=(e=4186112&~e)&-e)&&(t=8192)),t}return e=Wa(),0!==(4&Li)&&98===e?e=Ut(12,uu):e=Ut(e=function(e){switch(e){case 99:return 15;case 98:return 10;case 97:case 96:return 8;case 95:return 2;default:return 0}}(e),uu),e}function hu(e,t,n){if(50<ou)throw ou=0,lu=null,Error(l(185));if(null===(e=mu(e,t)))return null;Vt(e,t,n),e===Fi&&(Bi|=t,4===Ai&&yu(e,Ri));var r=Wa();1===t?0!==(8&Li)&&0===(48&Li)?bu(e):(vu(e,n),0===Li&&(qi(),Ka())):(0===(4&Li)||98!==r&&99!==r||(null===au?au=new Set([e]):au.add(e)),vu(e,n)),Wi=e}function mu(e,t){e.lanes|=t;var n=e.alternate;for(null!==n&&(n.lanes|=t),n=e,e=e.return;null!==e;)e.childLanes|=t,null!==(n=e.alternate)&&(n.childLanes|=t),n=e,e=e.return;return 3===n.tag?n.stateNode:null}function vu(e,t){for(var n=e.callbackNode,r=e.suspendedLanes,a=e.pingedLanes,o=e.expirationTimes,i=e.pendingLanes;0<i;){var u=31-Wt(i),c=1<<u,s=o[u];if(-1===s){if(0===(c&r)||0!==(c&a)){s=t,It(c);var f=Mt;o[u]=10<=f?s+250:6<=f?s+5e3:-1}}else s<=t&&(e.expiredLanes|=c);i&=~c}if(r=At(e,e===Fi?Ri:0),t=Mt,0===r)null!==n&&(n!==Ia&&Na(n),e.callbackNode=null,e.callbackPriority=0);else{if(null!==n){if(e.callbackPriority===t)return;n!==Ia&&Na(n)}15===t?(n=bu.bind(null,e),null===Da?(Da=[n],Ua=Ea(La,Ya)):Da.push(n),n=Ia):14===t?n=qa(99,bu.bind(null,e)):(n=function(e){switch(e){case 15:case 14:return 99;case 13:case 12:case 11:case 10:return 98;case 9:case 8:case 7:case 6:case 4:case 5:return 97;case 3:case 2:case 1:return 95;case 0:return 90;default:throw Error(l(358,e))}}(t),n=qa(n,gu.bind(null,e))),e.callbackPriority=t,e.callbackNode=n}}function gu(e){if(iu=-1,cu=uu=0,0!==(48&Li))throw Error(l(327));var t=e.callbackNode;if(Ru()&&e.callbackNode!==t)return null;var n=At(e,e===Fi?Ri:0);if(0===n)return null;var r=n,a=Li;Li|=16;var o=Eu();for(Fi===e&&Ri===r||(qi(),Su(e,r));;)try{ju();break}catch(u){Cu(e,u)}if(no(),Oi.current=o,Li=a,null!==zi?r=0:(Fi=null,Ri=0,r=Ai),0!==(Ui&Bi))Su(e,0);else if(0!==r){if(2===r&&(Li|=64,e.hydrate&&(e.hydrate=!1,qr(e.containerInfo)),0!==(n=Dt(e))&&(r=Nu(e,n))),1===r)throw t=Di,Su(e,0),yu(e,n),vu(e,Va()),t;switch(e.finishedWork=e.current.alternate,e.finishedLanes=n,r){case 0:case 1:throw Error(l(345));case 2:case 5:Lu(e);break;case 3:if(yu(e,n),(62914560&n)===n&&10<(r=Hi+500-Va())){if(0!==At(e,0))break;if(((a=e.suspendedLanes)&n)!==n){du(),e.pingedLanes|=e.suspendedLanes&a;break}e.timeoutHandle=Hr(Lu.bind(null,e),r);break}Lu(e);break;case 4:if(yu(e,n),(4186112&n)===n)break;for(r=e.eventTimes,a=-1;0<n;){var i=31-Wt(n);o=1<<i,(i=r[i])>a&&(a=i),n&=~o}if(n=a,10<(n=(120>(n=Va()-n)?120:480>n?480:1080>n?1080:1920>n?1920:3e3>n?3e3:4320>n?4320:1960*ji(n/1960))-n)){e.timeoutHandle=Hr(Lu.bind(null,e),n);break}Lu(e);break;default:throw Error(l(329))}}return vu(e,Va()),e.callbackNode===t?gu.bind(null,e):null}function yu(e,t){for(t&=~Vi,t&=~Bi,e.suspendedLanes|=t,e.pingedLanes&=~t,e=e.expirationTimes;0<t;){var n=31-Wt(t),r=1<<n;e[n]=-1,t&=~r}}function bu(e){if(0!==(48&Li))throw Error(l(327));if(Ru(),e===Fi&&0!==(e.expiredLanes&Ri)){var t=Ri,n=Nu(e,t);0!==(Ui&Bi)&&(n=Nu(e,t=At(e,t)))}else n=Nu(e,t=At(e,0));if(0!==e.tag&&2===n&&(Li|=64,e.hydrate&&(e.hydrate=!1,qr(e.containerInfo)),0!==(t=Dt(e))&&(n=Nu(e,t))),1===n)throw n=Di,Su(e,0),yu(e,t),vu(e,Va()),n;return e.finishedWork=e.current.alternate,e.finishedLanes=t,Lu(e),vu(e,Va()),null}function _u(e,t){var n=Li;Li|=1;try{return e(t)}finally{0===(Li=n)&&(qi(),Ka())}}function xu(e,t){var n=Li;Li&=-2,Li|=8;try{return e(t)}finally{0===(Li=n)&&(qi(),Ka())}}function wu(e,t){fa(Ii,Mi),Mi|=t,Ui|=t}function ku(){Mi=Ii.current,sa(Ii)}function Su(e,t){e.finishedWork=null,e.finishedLanes=0;var n=e.timeoutHandle;if(-1!==n&&(e.timeoutHandle=-1,Qr(n)),null!==zi)for(n=zi.return;null!==n;){var r=n;switch(r.tag){case 1:null!==(r=r.type.childContextTypes)&&void 0!==r&&ya();break;case 3:Ro(),sa(ha),sa(pa),Xo();break;case 5:Io(r);break;case 4:Ro();break;case 13:case 19:sa(Ao);break;case 10:ro(r);break;case 23:case 24:ku()}n=n.return}Fi=e,zi=Qu(e.current,null),Ri=Mi=Ui=t,Ai=0,Di=null,Vi=Bi=$i=0}function Cu(e,t){for(;;){var n=zi;try{if(no(),Go.current=Ll,rl){for(var r=el.memoizedState;null!==r;){var a=r.queue;null!==a&&(a.pending=null),r=r.next}rl=!1}if(Zo=0,nl=tl=el=null,al=!1,Ti.current=null,null===n||null===n.return){Ai=1,Di=t,zi=null;break}e:{var o=e,l=n.return,i=n,u=t;if(t=Ri,i.flags|=2048,i.firstEffect=i.lastEffect=null,null!==u&&"object"===typeof u&&"function"===typeof u.then){var c=u;if(0===(2&i.mode)){var s=i.alternate;s?(i.updateQueue=s.updateQueue,i.memoizedState=s.memoizedState,i.lanes=s.lanes):(i.updateQueue=null,i.memoizedState=null)}var f=0!==(1&Ao.current),d=l;do{var p;if(p=13===d.tag){var h=d.memoizedState;if(null!==h)p=null!==h.dehydrated;else{var m=d.memoizedProps;p=void 0!==m.fallback&&(!0!==m.unstable_avoidThisFallback||!f)}}if(p){var v=d.updateQueue;if(null===v){var g=new Set;g.add(c),d.updateQueue=g}else v.add(c);if(0===(2&d.mode)){if(d.flags|=64,i.flags|=16384,i.flags&=-2981,1===i.tag)if(null===i.alternate)i.tag=17;else{var y=so(-1,1);y.tag=2,fo(i,y)}i.lanes|=1;break e}u=void 0,i=t;var b=o.pingCache;if(null===b?(b=o.pingCache=new fi,u=new Set,b.set(c,u)):void 0===(u=b.get(c))&&(u=new Set,b.set(c,u)),!u.has(i)){u.add(i);var _=$u.bind(null,o,c,i);c.then(_,_)}d.flags|=4096,d.lanes=t;break e}d=d.return}while(null!==d);u=Error((q(i.type)||"A React component")+" suspended while rendering, but no fallback UI was specified.\\n\\nAdd a <Suspense fallback=...> component higher in the tree to provide a loading indicator or placeholder to display.")}5!==Ai&&(Ai=2),u=ci(u,i),d=l;do{switch(d.tag){case 3:o=u,d.flags|=4096,t&=-t,d.lanes|=t,po(d,di(0,o,t));break e;case 1:o=u;var x=d.type,w=d.stateNode;if(0===(64&d.flags)&&("function"===typeof x.getDerivedStateFromError||null!==w&&"function"===typeof w.componentDidCatch&&(null===Ji||!Ji.has(w)))){d.flags|=4096,t&=-t,d.lanes|=t,po(d,pi(d,o,t));break e}}d=d.return}while(null!==d)}Tu(n)}catch(k){t=k,zi===n&&null!==n&&(zi=n=n.return);continue}break}}function Eu(){var e=Oi.current;return Oi.current=Ll,null===e?Ll:e}function Nu(e,t){var n=Li;Li|=16;var r=Eu();for(Fi===e&&Ri===t||Su(e,t);;)try{Pu();break}catch(a){Cu(e,a)}if(no(),Li=n,Oi.current=r,null!==zi)throw Error(l(261));return Fi=null,Ri=0,Ai}function Pu(){for(;null!==zi;)Ou(zi)}function ju(){for(;null!==zi&&!Pa();)Ou(zi)}function Ou(e){var t=Ki(e.alternate,e,Mi);e.memoizedProps=e.pendingProps,null===t?Tu(e):zi=t,Ti.current=null}function Tu(e){var t=e;do{var n=t.alternate;if(e=t.return,0===(2048&t.flags)){if(null!==(n=ii(n,t,Mi)))return void(zi=n);if(24!==(n=t).tag&&23!==n.tag||null===n.memoizedState||0!==(1073741824&Mi)||0===(4&n.mode)){for(var r=0,a=n.child;null!==a;)r|=a.lanes|a.childLanes,a=a.sibling;n.childLanes=r}null!==e&&0===(2048&e.flags)&&(null===e.firstEffect&&(e.firstEffect=t.firstEffect),null!==t.lastEffect&&(null!==e.lastEffect&&(e.lastEffect.nextEffect=t.firstEffect),e.lastEffect=t.lastEffect),1<t.flags&&(null!==e.lastEffect?e.lastEffect.nextEffect=t:e.firstEffect=t,e.lastEffect=t))}else{if(null!==(n=ui(t)))return n.flags&=2047,void(zi=n);null!==e&&(e.firstEffect=e.lastEffect=null,e.flags|=2048)}if(null!==(t=t.sibling))return void(zi=t);zi=t=e}while(null!==t);0===Ai&&(Ai=5)}function Lu(e){var t=Wa();return Qa(99,Fu.bind(null,e,t)),null}function Fu(e,t){do{Ru()}while(null!==eu);if(0!==(48&Li))throw Error(l(327));var n=e.finishedWork;if(null===n)return null;if(e.finishedWork=null,e.finishedLanes=0,n===e.current)throw Error(l(177));e.callbackNode=null;var r=n.lanes|n.childLanes,a=r,o=e.pendingLanes&~a;e.pendingLanes=a,e.suspendedLanes=0,e.pingedLanes=0,e.expiredLanes&=a,e.mutableReadLanes&=a,e.entangledLanes&=a,a=e.entanglements;for(var i=e.eventTimes,u=e.expirationTimes;0<o;){var c=31-Wt(o),s=1<<c;a[c]=0,i[c]=-1,u[c]=-1,o&=~s}if(null!==au&&0===(24&r)&&au.has(e)&&au.delete(e),e===Fi&&(zi=Fi=null,Ri=0),1<n.flags?null!==n.lastEffect?(n.lastEffect.nextEffect=n,r=n.firstEffect):r=n:r=n.firstEffect,null!==r){if(a=Li,Li|=32,Ti.current=null,$r=Yt,gr(i=vr())){if("selectionStart"in i)u={start:i.selectionStart,end:i.selectionEnd};else e:if(u=(u=i.ownerDocument)&&u.defaultView||window,(s=u.getSelection&&u.getSelection())&&0!==s.rangeCount){u=s.anchorNode,o=s.anchorOffset,c=s.focusNode,s=s.focusOffset;try{u.nodeType,c.nodeType}catch(E){u=null;break e}var f=0,d=-1,p=-1,h=0,m=0,v=i,g=null;t:for(;;){for(var y;v!==u||0!==o&&3!==v.nodeType||(d=f+o),v!==c||0!==s&&3!==v.nodeType||(p=f+s),3===v.nodeType&&(f+=v.nodeValue.length),null!==(y=v.firstChild);)g=v,v=y;for(;;){if(v===i)break t;if(g===u&&++h===o&&(d=f),g===c&&++m===s&&(p=f),null!==(y=v.nextSibling))break;g=(v=g).parentNode}v=y}u=-1===d||-1===p?null:{start:d,end:p}}else u=null;u=u||{start:0,end:0}}else u=null;Br={focusedElem:i,selectionRange:u},Yt=!1,su=null,fu=!1,Yi=r;do{try{zu()}catch(E){if(null===Yi)throw Error(l(330));Uu(Yi,E),Yi=Yi.nextEffect}}while(null!==Yi);su=null,Yi=r;do{try{for(i=e;null!==Yi;){var b=Yi.flags;if(16&b&&ye(Yi.stateNode,""),128&b){var _=Yi.alternate;if(null!==_){var x=_.ref;null!==x&&("function"===typeof x?x(null):x.current=null)}}switch(1038&b){case 2:wi(Yi),Yi.flags&=-3;break;case 6:wi(Yi),Yi.flags&=-3,Ei(Yi.alternate,Yi);break;case 1024:Yi.flags&=-1025;break;case 1028:Yi.flags&=-1025,Ei(Yi.alternate,Yi);break;case 4:Ei(Yi.alternate,Yi);break;case 8:Ci(i,u=Yi);var w=u.alternate;_i(u),null!==w&&_i(w)}Yi=Yi.nextEffect}}catch(E){if(null===Yi)throw Error(l(330));Uu(Yi,E),Yi=Yi.nextEffect}}while(null!==Yi);if(x=Br,_=vr(),b=x.focusedElem,i=x.selectionRange,_!==b&&b&&b.ownerDocument&&mr(b.ownerDocument.documentElement,b)){null!==i&&gr(b)&&(_=i.start,void 0===(x=i.end)&&(x=_),"selectionStart"in b?(b.selectionStart=_,b.selectionEnd=Math.min(x,b.value.length)):(x=(_=b.ownerDocument||document)&&_.defaultView||window).getSelection&&(x=x.getSelection(),u=b.textContent.length,w=Math.min(i.start,u),i=void 0===i.end?w:Math.min(i.end,u),!x.extend&&w>i&&(u=i,i=w,w=u),u=hr(b,w),o=hr(b,i),u&&o&&(1!==x.rangeCount||x.anchorNode!==u.node||x.anchorOffset!==u.offset||x.focusNode!==o.node||x.focusOffset!==o.offset)&&((_=_.createRange()).setStart(u.node,u.offset),x.removeAllRanges(),w>i?(x.addRange(_),x.extend(o.node,o.offset)):(_.setEnd(o.node,o.offset),x.addRange(_))))),_=[];for(x=b;x=x.parentNode;)1===x.nodeType&&_.push({element:x,left:x.scrollLeft,top:x.scrollTop});for("function"===typeof b.focus&&b.focus(),b=0;b<_.length;b++)(x=_[b]).element.scrollLeft=x.left,x.element.scrollTop=x.top}Yt=!!$r,Br=$r=null,e.current=n,Yi=r;do{try{for(b=e;null!==Yi;){var k=Yi.flags;if(36&k&&gi(b,Yi.alternate,Yi),128&k){_=void 0;var S=Yi.ref;if(null!==S){var C=Yi.stateNode;Yi.tag,_=C,"function"===typeof S?S(_):S.current=_}}Yi=Yi.nextEffect}}catch(E){if(null===Yi)throw Error(l(330));Uu(Yi,E),Yi=Yi.nextEffect}}while(null!==Yi);Yi=null,Aa(),Li=a}else e.current=n;if(Zi)Zi=!1,eu=e,tu=t;else for(Yi=r;null!==Yi;)t=Yi.nextEffect,Yi.nextEffect=null,8&Yi.flags&&((k=Yi).sibling=null,k.stateNode=null),Yi=t;if(0===(r=e.pendingLanes)&&(Ji=null),1===r?e===lu?ou++:(ou=0,lu=e):ou=0,n=n.stateNode,Sa&&"function"===typeof Sa.onCommitFiberRoot)try{Sa.onCommitFiberRoot(ka,n,void 0,64===(64&n.current.flags))}catch(E){}if(vu(e,Va()),Xi)throw Xi=!1,e=Gi,Gi=null,e;return 0!==(8&Li)||Ka(),null}function zu(){for(;null!==Yi;){var e=Yi.alternate;fu||null===su||(0!==(8&Yi.flags)?et(Yi,su)&&(fu=!0):13===Yi.tag&&Pi(e,Yi)&&et(Yi,su)&&(fu=!0));var t=Yi.flags;0!==(256&t)&&vi(e,Yi),0===(512&t)||Zi||(Zi=!0,qa(97,(function(){return Ru(),null}))),Yi=Yi.nextEffect}}function Ru(){if(90!==tu){var e=97<tu?97:tu;return tu=90,Qa(e,Au)}return!1}function Mu(e,t){nu.push(t,e),Zi||(Zi=!0,qa(97,(function(){return Ru(),null})))}function Iu(e,t){ru.push(t,e),Zi||(Zi=!0,qa(97,(function(){return Ru(),null})))}function Au(){if(null===eu)return!1;var e=eu;if(eu=null,0!==(48&Li))throw Error(l(331));var t=Li;Li|=32;var n=ru;ru=[];for(var r=0;r<n.length;r+=2){var a=n[r],o=n[r+1],i=a.destroy;if(a.destroy=void 0,"function"===typeof i)try{i()}catch(c){if(null===o)throw Error(l(330));Uu(o,c)}}for(n=nu,nu=[],r=0;r<n.length;r+=2){a=n[r],o=n[r+1];try{var u=a.create;a.destroy=u()}catch(c){if(null===o)throw Error(l(330));Uu(o,c)}}for(u=e.current.firstEffect;null!==u;)e=u.nextEffect,u.nextEffect=null,8&u.flags&&(u.sibling=null,u.stateNode=null),u=e;return Li=t,Ka(),!0}function Du(e,t,n){fo(e,t=di(0,t=ci(n,t),1)),t=du(),null!==(e=mu(e,1))&&(Vt(e,1,t),vu(e,t))}function Uu(e,t){if(3===e.tag)Du(e,e,t);else for(var n=e.return;null!==n;){if(3===n.tag){Du(n,e,t);break}if(1===n.tag){var r=n.stateNode;if("function"===typeof n.type.getDerivedStateFromError||"function"===typeof r.componentDidCatch&&(null===Ji||!Ji.has(r))){var a=pi(n,e=ci(t,e),1);if(fo(n,a),a=du(),null!==(n=mu(n,1)))Vt(n,1,a),vu(n,a);else if("function"===typeof r.componentDidCatch&&(null===Ji||!Ji.has(r)))try{r.componentDidCatch(t,e)}catch(o){}break}}n=n.return}}function $u(e,t,n){var r=e.pingCache;null!==r&&r.delete(t),t=du(),e.pingedLanes|=e.suspendedLanes&n,Fi===e&&(Ri&n)===n&&(4===Ai||3===Ai&&(62914560&Ri)===Ri&&500>Va()-Hi?Su(e,0):Vi|=n),vu(e,t)}function Bu(e,t){var n=e.stateNode;null!==n&&n.delete(t),0===(t=0)&&(0===(2&(t=e.mode))?t=1:0===(4&t)?t=99===Wa()?1:2:(0===uu&&(uu=Ui),0===(t=$t(62914560&~uu))&&(t=4194304))),n=du(),null!==(e=mu(e,t))&&(Vt(e,t,n),vu(e,n))}function Vu(e,t,n,r){this.tag=e,this.key=n,this.sibling=this.child=this.return=this.stateNode=this.type=this.elementType=null,this.index=0,this.ref=null,this.pendingProps=t,this.dependencies=this.memoizedState=this.updateQueue=this.memoizedProps=null,this.mode=r,this.flags=0,this.lastEffect=this.firstEffect=this.nextEffect=null,this.childLanes=this.lanes=0,this.alternate=null}function Wu(e,t,n,r){return new Vu(e,t,n,r)}function Hu(e){return!(!(e=e.prototype)||!e.isReactComponent)}function Qu(e,t){var n=e.alternate;return null===n?((n=Wu(e.tag,t,e.key,e.mode)).elementType=e.elementType,n.type=e.type,n.stateNode=e.stateNode,n.alternate=e,e.alternate=n):(n.pendingProps=t,n.type=e.type,n.flags=0,n.nextEffect=null,n.firstEffect=null,n.lastEffect=null),n.childLanes=e.childLanes,n.lanes=e.lanes,n.child=e.child,n.memoizedProps=e.memoizedProps,n.memoizedState=e.memoizedState,n.updateQueue=e.updateQueue,t=e.dependencies,n.dependencies=null===t?null:{lanes:t.lanes,firstContext:t.firstContext},n.sibling=e.sibling,n.index=e.index,n.ref=e.ref,n}function qu(e,t,n,r,a,o){var i=2;if(r=e,"function"===typeof e)Hu(e)&&(i=1);else if("string"===typeof e)i=5;else e:switch(e){case S:return Ku(n.children,a,o,t);case M:i=8,a|=16;break;case C:i=8,a|=1;break;case E:return(e=Wu(12,n,t,8|a)).elementType=E,e.type=E,e.lanes=o,e;case O:return(e=Wu(13,n,t,a)).type=O,e.elementType=O,e.lanes=o,e;case T:return(e=Wu(19,n,t,a)).elementType=T,e.lanes=o,e;case I:return Yu(n,a,o,t);case A:return(e=Wu(24,n,t,a)).elementType=A,e.lanes=o,e;default:if("object"===typeof e&&null!==e)switch(e.$$typeof){case N:i=10;break e;case P:i=9;break e;case j:i=11;break e;case L:i=14;break e;case F:i=16,r=null;break e;case z:i=22;break e}throw Error(l(130,null==e?e:typeof e,""))}return(t=Wu(i,n,t,a)).elementType=e,t.type=r,t.lanes=o,t}function Ku(e,t,n,r){return(e=Wu(7,e,r,t)).lanes=n,e}function Yu(e,t,n,r){return(e=Wu(23,e,r,t)).elementType=I,e.lanes=n,e}function Xu(e,t,n){return(e=Wu(6,e,null,t)).lanes=n,e}function Gu(e,t,n){return(t=Wu(4,null!==e.children?e.children:[],e.key,t)).lanes=n,t.stateNode={containerInfo:e.containerInfo,pendingChildren:null,implementation:e.implementation},t}function Ju(e,t,n){this.tag=t,this.containerInfo=e,this.finishedWork=this.pingCache=this.current=this.pendingChildren=null,this.timeoutHandle=-1,this.pendingContext=this.context=null,this.hydrate=n,this.callbackNode=null,this.callbackPriority=0,this.eventTimes=Bt(0),this.expirationTimes=Bt(-1),this.entangledLanes=this.finishedLanes=this.mutableReadLanes=this.expiredLanes=this.pingedLanes=this.suspendedLanes=this.pendingLanes=0,this.entanglements=Bt(0),this.mutableSourceEagerHydrationData=null}function Zu(e,t,n){var r=3<arguments.length&&void 0!==arguments[3]?arguments[3]:null;return{$$typeof:k,key:null==r?null:""+r,children:e,containerInfo:t,implementation:n}}function ec(e,t,n,r){var a=t.current,o=du(),i=pu(a);e:if(n){t:{if(Xe(n=n._reactInternals)!==n||1!==n.tag)throw Error(l(170));var u=n;do{switch(u.tag){case 3:u=u.stateNode.context;break t;case 1:if(ga(u.type)){u=u.stateNode.__reactInternalMemoizedMergedChildContext;break t}}u=u.return}while(null!==u);throw Error(l(171))}if(1===n.tag){var c=n.type;if(ga(c)){n=_a(n,c,u);break e}}n=u}else n=da;return null===t.context?t.context=n:t.pendingContext=n,(t=so(o,i)).payload={element:e},null!==(r=void 0===r?null:r)&&(t.callback=r),fo(a,t),hu(a,i,o),i}function tc(e){return(e=e.current).child?(e.child.tag,e.child.stateNode):null}function nc(e,t){if(null!==(e=e.memoizedState)&&null!==e.dehydrated){var n=e.retryLane;e.retryLane=0!==n&&n<t?n:t}}function rc(e,t){nc(e,t),(e=e.alternate)&&nc(e,t)}function ac(e,t,n){var r=null!=n&&null!=n.hydrationOptions&&n.hydrationOptions.mutableSources||null;if(n=new Ju(e,t,null!=n&&!0===n.hydrate),t=Wu(3,null,null,2===t?7:1===t?3:0),n.current=t,t.stateNode=n,uo(t),e[ea]=n.current,Lr(8===e.nodeType?e.parentNode:e),r)for(e=0;e<r.length;e++){var a=(t=r[e])._getVersion;a=a(t._source),null==n.mutableSourceEagerHydrationData?n.mutableSourceEagerHydrationData=[t,a]:n.mutableSourceEagerHydrationData.push(t,a)}this._internalRoot=n}function oc(e){return!(!e||1!==e.nodeType&&9!==e.nodeType&&11!==e.nodeType&&(8!==e.nodeType||" react-mount-point-unstable "!==e.nodeValue))}function lc(e,t,n,r,a){var o=n._reactRootContainer;if(o){var l=o._internalRoot;if("function"===typeof a){var i=a;a=function(){var e=tc(l);i.call(e)}}ec(t,l,e,a)}else{if(o=n._reactRootContainer=function(e,t){if(t||(t=!(!(t=e?9===e.nodeType?e.documentElement:e.firstChild:null)||1!==t.nodeType||!t.hasAttribute("data-reactroot"))),!t)for(var n;n=e.lastChild;)e.removeChild(n);return new ac(e,0,t?{hydrate:!0}:void 0)}(n,r),l=o._internalRoot,"function"===typeof a){var u=a;a=function(){var e=tc(l);u.call(e)}}xu((function(){ec(t,l,e,a)}))}return tc(l)}function ic(e,t){var n=2<arguments.length&&void 0!==arguments[2]?arguments[2]:null;if(!oc(t))throw Error(l(200));return Zu(e,t,null,n)}Ki=function(e,t,n){var r=t.lanes;if(null!==e)if(e.memoizedProps!==t.pendingProps||ha.current)Il=!0;else{if(0===(n&r)){switch(Il=!1,t.tag){case 3:ql(t),Ko();break;case 5:Mo(t);break;case 1:ga(t.type)&&xa(t);break;case 4:zo(t,t.stateNode.containerInfo);break;case 10:r=t.memoizedProps.value;var a=t.type._context;fa(Ja,a._currentValue),a._currentValue=r;break;case 13:if(null!==t.memoizedState)return 0!==(n&t.child.childLanes)?Jl(e,t,n):(fa(Ao,1&Ao.current),null!==(t=oi(e,t,n))?t.sibling:null);fa(Ao,1&Ao.current);break;case 19:if(r=0!==(n&t.childLanes),0!==(64&e.flags)){if(r)return ai(e,t,n);t.flags|=64}if(null!==(a=t.memoizedState)&&(a.rendering=null,a.tail=null,a.lastEffect=null),fa(Ao,Ao.current),r)break;return null;case 23:case 24:return t.lanes=0,Bl(e,t,n)}return oi(e,t,n)}Il=0!==(16384&e.flags)}else Il=!1;switch(t.lanes=0,t.tag){case 2:if(r=t.type,null!==e&&(e.alternate=null,t.alternate=null,t.flags|=2),e=t.pendingProps,a=va(t,pa.current),oo(t,n),a=il(null,t,r,e,a,n),t.flags|=1,"object"===typeof a&&null!==a&&"function"===typeof a.render&&void 0===a.$$typeof){if(t.tag=1,t.memoizedState=null,t.updateQueue=null,ga(r)){var o=!0;xa(t)}else o=!1;t.memoizedState=null!==a.state&&void 0!==a.state?a.state:null,uo(t);var i=r.getDerivedStateFromProps;"function"===typeof i&&go(t,r,i,e),a.updater=yo,t.stateNode=a,a._reactInternals=t,wo(t,r,e,n),t=Ql(null,t,r,!0,o,n)}else t.tag=0,Al(null,t,a,n),t=t.child;return t;case 16:a=t.elementType;e:{switch(null!==e&&(e.alternate=null,t.alternate=null,t.flags|=2),e=t.pendingProps,a=(o=a._init)(a._payload),t.type=a,o=t.tag=function(e){if("function"===typeof e)return Hu(e)?1:0;if(void 0!==e&&null!==e){if((e=e.$$typeof)===j)return 11;if(e===L)return 14}return 2}(a),e=Ga(a,e),o){case 0:t=Wl(null,t,a,e,n);break e;case 1:t=Hl(null,t,a,e,n);break e;case 11:t=Dl(null,t,a,e,n);break e;case 14:t=Ul(null,t,a,Ga(a.type,e),r,n);break e}throw Error(l(306,a,""))}return t;case 0:return r=t.type,a=t.pendingProps,Wl(e,t,r,a=t.elementType===r?a:Ga(r,a),n);case 1:return r=t.type,a=t.pendingProps,Hl(e,t,r,a=t.elementType===r?a:Ga(r,a),n);case 3:if(ql(t),r=t.updateQueue,null===e||null===r)throw Error(l(282));if(r=t.pendingProps,a=null!==(a=t.memoizedState)?a.element:null,co(e,t),ho(t,r,null,n),(r=t.memoizedState.element)===a)Ko(),t=oi(e,t,n);else{if((o=(a=t.stateNode).hydrate)&&($o=Kr(t.stateNode.containerInfo.firstChild),Uo=t,o=Bo=!0),o){if(null!=(e=a.mutableSourceEagerHydrationData))for(a=0;a<e.length;a+=2)(o=e[a])._workInProgressVersionPrimary=e[a+1],Yo.push(o);for(n=Po(t,null,r,n),t.child=n;n;)n.flags=-3&n.flags|1024,n=n.sibling}else Al(e,t,r,n),Ko();t=t.child}return t;case 5:return Mo(t),null===e&&Ho(t),r=t.type,a=t.pendingProps,o=null!==e?e.memoizedProps:null,i=a.children,Wr(r,a)?i=null:null!==o&&Wr(r,o)&&(t.flags|=16),Vl(e,t),Al(e,t,i,n),t.child;case 6:return null===e&&Ho(t),null;case 13:return Jl(e,t,n);case 4:return zo(t,t.stateNode.containerInfo),r=t.pendingProps,null===e?t.child=No(t,null,r,n):Al(e,t,r,n),t.child;case 11:return r=t.type,a=t.pendingProps,Dl(e,t,r,a=t.elementType===r?a:Ga(r,a),n);case 7:return Al(e,t,t.pendingProps,n),t.child;case 8:case 12:return Al(e,t,t.pendingProps.children,n),t.child;case 10:e:{r=t.type._context,a=t.pendingProps,i=t.memoizedProps,o=a.value;var u=t.type._context;if(fa(Ja,u._currentValue),u._currentValue=o,null!==i)if(u=i.value,0===(o=sr(u,o)?0:0|("function"===typeof r._calculateChangedBits?r._calculateChangedBits(u,o):1073741823))){if(i.children===a.children&&!ha.current){t=oi(e,t,n);break e}}else for(null!==(u=t.child)&&(u.return=t);null!==u;){var c=u.dependencies;if(null!==c){i=u.child;for(var s=c.firstContext;null!==s;){if(s.context===r&&0!==(s.observedBits&o)){1===u.tag&&((s=so(-1,n&-n)).tag=2,fo(u,s)),u.lanes|=n,null!==(s=u.alternate)&&(s.lanes|=n),ao(u.return,n),c.lanes|=n;break}s=s.next}}else i=10===u.tag&&u.type===t.type?null:u.child;if(null!==i)i.return=u;else for(i=u;null!==i;){if(i===t){i=null;break}if(null!==(u=i.sibling)){u.return=i.return,i=u;break}i=i.return}u=i}Al(e,t,a.children,n),t=t.child}return t;case 9:return a=t.type,r=(o=t.pendingProps).children,oo(t,n),r=r(a=lo(a,o.unstable_observedBits)),t.flags|=1,Al(e,t,r,n),t.child;case 14:return o=Ga(a=t.type,t.pendingProps),Ul(e,t,a,o=Ga(a.type,o),r,n);case 15:return $l(e,t,t.type,t.pendingProps,r,n);case 17:return r=t.type,a=t.pendingProps,a=t.elementType===r?a:Ga(r,a),null!==e&&(e.alternate=null,t.alternate=null,t.flags|=2),t.tag=1,ga(r)?(e=!0,xa(t)):e=!1,oo(t,n),_o(t,r,a),wo(t,r,a,n),Ql(null,t,r,!0,e,n);case 19:return ai(e,t,n);case 23:case 24:return Bl(e,t,n)}throw Error(l(156,t.tag))},ac.prototype.render=function(e){ec(e,this._internalRoot,null,null)},ac.prototype.unmount=function(){var e=this._internalRoot,t=e.containerInfo;ec(null,e,null,(function(){t[ea]=null}))},tt=function(e){13===e.tag&&(hu(e,4,du()),rc(e,4))},nt=function(e){13===e.tag&&(hu(e,67108864,du()),rc(e,67108864))},rt=function(e){if(13===e.tag){var t=du(),n=pu(e);hu(e,n,t),rc(e,n)}},at=function(e,t){return t()},Ne=function(e,t,n){switch(t){case"input":if(ne(e,n),t=n.name,"radio"===n.type&&null!=t){for(n=e;n.parentNode;)n=n.parentNode;for(n=n.querySelectorAll("input[name="+JSON.stringify(""+t)+\'][type="radio"]\'),t=0;t<n.length;t++){var r=n[t];if(r!==e&&r.form===e.form){var a=oa(r);if(!a)throw Error(l(90));G(r),ne(r,a)}}}break;case"textarea":ce(e,n);break;case"select":null!=(t=n.value)&&le(e,!!n.multiple,t,!1)}},Fe=_u,ze=function(e,t,n,r,a){var o=Li;Li|=4;try{return Qa(98,e.bind(null,t,n,r,a))}finally{0===(Li=o)&&(qi(),Ka())}},Re=function(){0===(49&Li)&&(function(){if(null!==au){var e=au;au=null,e.forEach((function(e){e.expiredLanes|=24&e.pendingLanes,vu(e,Va())}))}Ka()}(),Ru())},Me=function(e,t){var n=Li;Li|=2;try{return e(t)}finally{0===(Li=n)&&(qi(),Ka())}};var uc={Events:[ra,aa,oa,Te,Le,Ru,{current:!1}]},cc={findFiberByHostInstance:na,bundleType:0,version:"17.0.2",rendererPackageName:"react-dom"},sc={bundleType:cc.bundleType,version:cc.version,rendererPackageName:cc.rendererPackageName,rendererConfig:cc.rendererConfig,overrideHookState:null,overrideHookStateDeletePath:null,overrideHookStateRenamePath:null,overrideProps:null,overridePropsDeletePath:null,overridePropsRenamePath:null,setSuspenseHandler:null,scheduleUpdate:null,currentDispatcherRef:x.ReactCurrentDispatcher,findHostInstanceByFiber:function(e){return null===(e=Ze(e))?null:e.stateNode},findFiberByHostInstance:cc.findFiberByHostInstance||function(){return null},findHostInstancesForRefresh:null,scheduleRefresh:null,scheduleRoot:null,setRefreshHandler:null,getCurrentFiber:null};if("undefined"!==typeof __REACT_DEVTOOLS_GLOBAL_HOOK__){var fc=__REACT_DEVTOOLS_GLOBAL_HOOK__;if(!fc.isDisabled&&fc.supportsFiber)try{ka=fc.inject(sc),Sa=fc}catch(ve){}}t.__SECRET_INTERNALS_DO_NOT_USE_OR_YOU_WILL_BE_FIRED=uc,t.createPortal=ic,t.findDOMNode=function(e){if(null==e)return null;if(1===e.nodeType)return e;var t=e._reactInternals;if(void 0===t){if("function"===typeof e.render)throw Error(l(188));throw Error(l(268,Object.keys(e)))}return e=null===(e=Ze(t))?null:e.stateNode},t.flushSync=function(e,t){var n=Li;if(0!==(48&n))return e(t);Li|=1;try{if(e)return Qa(99,e.bind(null,t))}finally{Li=n,Ka()}},t.hydrate=function(e,t,n){if(!oc(t))throw Error(l(200));return lc(null,e,t,!0,n)},t.render=function(e,t,n){if(!oc(t))throw Error(l(200));return lc(null,e,t,!1,n)},t.unmountComponentAtNode=function(e){if(!oc(e))throw Error(l(40));return!!e._reactRootContainer&&(xu((function(){lc(null,null,e,!1,(function(){e._reactRootContainer=null,e[ea]=null}))})),!0)},t.unstable_batchedUpdates=_u,t.unstable_createPortal=function(e,t){return ic(e,t,2<arguments.length&&void 0!==arguments[2]?arguments[2]:null)},t.unstable_renderSubtreeIntoContainer=function(e,t,n,r){if(!oc(n))throw Error(l(200));if(null==e||void 0===e._reactInternals)throw Error(l(38));return lc(e,t,n,!1,r)},t.version="17.0.2"},164:function(e,t,n){"use strict";!function e(){if("undefined"!==typeof __REACT_DEVTOOLS_GLOBAL_HOOK__&&"function"===typeof __REACT_DEVTOOLS_GLOBAL_HOOK__.checkDCE)try{__REACT_DEVTOOLS_GLOBAL_HOOK__.checkDCE(e)}catch(t){console.error(t)}}(),e.exports=n(463)},381:function(e){e.exports=Array.isArray||function(e){return"[object Array]"==Object.prototype.toString.call(e)}},239:function(e,t,n){var r=n(381);e.exports=p,e.exports.parse=o,e.exports.compile=function(e,t){return i(o(e,t),t)},e.exports.tokensToFunction=i,e.exports.tokensToRegExp=d;var a=new RegExp(["(\\\\\\\\.)","([\\\\/.])?(?:(?:\\\\:(\\\\w+)(?:\\\\(((?:\\\\\\\\.|[^\\\\\\\\()])+)\\\\))?|\\\\(((?:\\\\\\\\.|[^\\\\\\\\()])+)\\\\))([+*?])?|(\\\\*))"].join("|"),"g");function o(e,t){for(var n,r=[],o=0,l=0,i="",s=t&&t.delimiter||"/";null!=(n=a.exec(e));){var f=n[0],d=n[1],p=n.index;if(i+=e.slice(l,p),l=p+f.length,d)i+=d[1];else{var h=e[l],m=n[2],v=n[3],g=n[4],y=n[5],b=n[6],_=n[7];i&&(r.push(i),i="");var x=null!=m&&null!=h&&h!==m,w="+"===b||"*"===b,k="?"===b||"*"===b,S=n[2]||s,C=g||y;r.push({name:v||o++,prefix:m||"",delimiter:S,optional:k,repeat:w,partial:x,asterisk:!!_,pattern:C?c(C):_?".*":"[^"+u(S)+"]+?"})}}return l<e.length&&(i+=e.substr(l)),i&&r.push(i),r}function l(e){return encodeURI(e).replace(/[\\/?#]/g,(function(e){return"%"+e.charCodeAt(0).toString(16).toUpperCase()}))}function i(e,t){for(var n=new Array(e.length),a=0;a<e.length;a++)"object"===typeof e[a]&&(n[a]=new RegExp("^(?:"+e[a].pattern+")$",f(t)));return function(t,a){for(var o="",i=t||{},u=(a||{}).pretty?l:encodeURIComponent,c=0;c<e.length;c++){var s=e[c];if("string"!==typeof s){var f,d=i[s.name];if(null==d){if(s.optional){s.partial&&(o+=s.prefix);continue}throw new TypeError(\'Expected "\'+s.name+\'" to be defined\')}if(r(d)){if(!s.repeat)throw new TypeError(\'Expected "\'+s.name+\'" to not repeat, but received `\'+JSON.stringify(d)+"`");if(0===d.length){if(s.optional)continue;throw new TypeError(\'Expected "\'+s.name+\'" to not be empty\')}for(var p=0;p<d.length;p++){if(f=u(d[p]),!n[c].test(f))throw new TypeError(\'Expected all "\'+s.name+\'" to match "\'+s.pattern+\'", but received `\'+JSON.stringify(f)+"`");o+=(0===p?s.prefix:s.delimiter)+f}}else{if(f=s.asterisk?encodeURI(d).replace(/[?#]/g,(function(e){return"%"+e.charCodeAt(0).toString(16).toUpperCase()})):u(d),!n[c].test(f))throw new TypeError(\'Expected "\'+s.name+\'" to match "\'+s.pattern+\'", but received "\'+f+\'"\');o+=s.prefix+f}}else o+=s}return o}}function u(e){return e.replace(/([.+*?=^!:${}()[\\]|\\/\\\\])/g,"\\\\$1")}function c(e){return e.replace(/([=!:$\\/()])/g,"\\\\$1")}function s(e,t){return e.keys=t,e}function f(e){return e&&e.sensitive?"":"i"}function d(e,t,n){r(t)||(n=t||n,t=[]);for(var a=(n=n||{}).strict,o=!1!==n.end,l="",i=0;i<e.length;i++){var c=e[i];if("string"===typeof c)l+=u(c);else{var d=u(c.prefix),p="(?:"+c.pattern+")";t.push(c),c.repeat&&(p+="(?:"+d+p+")*"),l+=p=c.optional?c.partial?d+"("+p+")?":"(?:"+d+"("+p+"))?":d+"("+p+")"}}var h=u(n.delimiter||"/"),m=l.slice(-h.length)===h;return a||(l=(m?l.slice(0,-h.length):l)+"(?:"+h+"(?=$))?"),l+=o?"$":a&&m?"":"(?="+h+"|$)",s(new RegExp("^"+l,f(n)),t)}function p(e,t,n){return r(t)||(n=t||n,t=[]),n=n||{},e instanceof RegExp?function(e,t){var n=e.source.match(/\\((?!\\?)/g);if(n)for(var r=0;r<n.length;r++)t.push({name:r,prefix:null,delimiter:null,optional:!1,repeat:!1,partial:!1,asterisk:!1,pattern:null});return s(e,t)}(e,t):r(e)?function(e,t,n){for(var r=[],a=0;a<e.length;a++)r.push(p(e[a],t,n).source);return s(new RegExp("(?:"+r.join("|")+")",f(n)),t)}(e,t,n):function(e,t,n){return d(o(e,n),t,n)}(e,t,n)}},195:function(e,t){"use strict";var n="function"===typeof Symbol&&Symbol.for,r=n?Symbol.for("react.element"):60103,a=n?Symbol.for("react.portal"):60106,o=n?Symbol.for("react.fragment"):60107,l=n?Symbol.for("react.strict_mode"):60108,i=n?Symbol.for("react.profiler"):60114,u=n?Symbol.for("react.provider"):60109,c=n?Symbol.for("react.context"):60110,s=n?Symbol.for("react.async_mode"):60111,f=n?Symbol.for("react.concurrent_mode"):60111,d=n?Symbol.for("react.forward_ref"):60112,p=n?Symbol.for("react.suspense"):60113,h=n?Symbol.for("react.suspense_list"):60120,m=n?Symbol.for("react.memo"):60115,v=n?Symbol.for("react.lazy"):60116,g=n?Symbol.for("react.block"):60121,y=n?Symbol.for("react.fundamental"):60117,b=n?Symbol.for("react.responder"):60118,_=n?Symbol.for("react.scope"):60119;function x(e){if("object"===typeof e&&null!==e){var t=e.$$typeof;switch(t){case r:switch(e=e.type){case s:case f:case o:case i:case l:case p:return e;default:switch(e=e&&e.$$typeof){case c:case d:case v:case m:case u:return e;default:return t}}case a:return t}}}function w(e){return x(e)===f}},228:function(e,t,n){"use strict";n(195)},374:function(e,t,n){"use strict";n(725);var r=n(791),a=60103;if(t.Fragment=60107,"function"===typeof Symbol&&Symbol.for){var o=Symbol.for;a=o("react.element"),t.Fragment=o("react.fragment")}var l=r.__SECRET_INTERNALS_DO_NOT_USE_OR_YOU_WILL_BE_FIRED.ReactCurrentOwner,i=Object.prototype.hasOwnProperty,u={key:!0,ref:!0,__self:!0,__source:!0};function c(e,t,n){var r,o={},c=null,s=null;for(r in void 0!==n&&(c=""+n),void 0!==t.key&&(c=""+t.key),void 0!==t.ref&&(s=t.ref),t)i.call(t,r)&&!u.hasOwnProperty(r)&&(o[r]=t[r]);if(e&&e.defaultProps)for(r in t=e.defaultProps)void 0===o[r]&&(o[r]=t[r]);return{$$typeof:a,type:e,key:c,ref:s,props:o,_owner:l.current}}t.jsx=c,t.jsxs=c},117:function(e,t,n){"use strict";var r=n(725),a=60103,o=60106;t.Fragment=60107,t.StrictMode=60108,t.Profiler=60114;var l=60109,i=60110,u=60112;t.Suspense=60113;var c=60115,s=60116;if("function"===typeof Symbol&&Symbol.for){var f=Symbol.for;a=f("react.element"),o=f("react.portal"),t.Fragment=f("react.fragment"),t.StrictMode=f("react.strict_mode"),t.Profiler=f("react.profiler"),l=f("react.provider"),i=f("react.context"),u=f("react.forward_ref"),t.Suspense=f("react.suspense"),c=f("react.memo"),s=f("react.lazy")}var d="function"===typeof Symbol&&Symbol.iterator;function p(e){for(var t="https://reactjs.org/docs/error-decoder.html?invariant="+e,n=1;n<arguments.length;n++)t+="&args[]="+encodeURIComponent(arguments[n]);return"Minified React error #"+e+"; visit "+t+" for the full message or use the non-minified dev environment for full errors and additional helpful warnings."}var h={isMounted:function(){return!1},enqueueForceUpdate:function(){},enqueueReplaceState:function(){},enqueueSetState:function(){}},m={};function v(e,t,n){this.props=e,this.context=t,this.refs=m,this.updater=n||h}function g(){}function y(e,t,n){this.props=e,this.context=t,this.refs=m,this.updater=n||h}v.prototype.isReactComponent={},v.prototype.setState=function(e,t){if("object"!==typeof e&&"function"!==typeof e&&null!=e)throw Error(p(85));this.updater.enqueueSetState(this,e,t,"setState")},v.prototype.forceUpdate=function(e){this.updater.enqueueForceUpdate(this,e,"forceUpdate")},g.prototype=v.prototype;var b=y.prototype=new g;b.constructor=y,r(b,v.prototype),b.isPureReactComponent=!0;var _={current:null},x=Object.prototype.hasOwnProperty,w={key:!0,ref:!0,__self:!0,__source:!0};function k(e,t,n){var r,o={},l=null,i=null;if(null!=t)for(r in void 0!==t.ref&&(i=t.ref),void 0!==t.key&&(l=""+t.key),t)x.call(t,r)&&!w.hasOwnProperty(r)&&(o[r]=t[r]);var u=arguments.length-2;if(1===u)o.children=n;else if(1<u){for(var c=Array(u),s=0;s<u;s++)c[s]=arguments[s+2];o.children=c}if(e&&e.defaultProps)for(r in u=e.defaultProps)void 0===o[r]&&(o[r]=u[r]);return{$$typeof:a,type:e,key:l,ref:i,props:o,_owner:_.current}}function S(e){return"object"===typeof e&&null!==e&&e.$$typeof===a}var C=/\\/+/g;function E(e,t){return"object"===typeof e&&null!==e&&null!=e.key?function(e){var t={"=":"=0",":":"=2"};return"$"+e.replace(/[=:]/g,(function(e){return t[e]}))}(""+e.key):t.toString(36)}function N(e,t,n,r,l){var i=typeof e;"undefined"!==i&&"boolean"!==i||(e=null);var u=!1;if(null===e)u=!0;else switch(i){case"string":case"number":u=!0;break;case"object":switch(e.$$typeof){case a:case o:u=!0}}if(u)return l=l(u=e),e=""===r?"."+E(u,0):r,Array.isArray(l)?(n="",null!=e&&(n=e.replace(C,"$&/")+"/"),N(l,t,n,"",(function(e){return e}))):null!=l&&(S(l)&&(l=function(e,t){return{$$typeof:a,type:e.type,key:t,ref:e.ref,props:e.props,_owner:e._owner}}(l,n+(!l.key||u&&u.key===l.key?"":(""+l.key).replace(C,"$&/")+"/")+e)),t.push(l)),1;if(u=0,r=""===r?".":r+":",Array.isArray(e))for(var c=0;c<e.length;c++){var s=r+E(i=e[c],c);u+=N(i,t,n,s,l)}else if(s=function(e){return null===e||"object"!==typeof e?null:"function"===typeof(e=d&&e[d]||e["@@iterator"])?e:null}(e),"function"===typeof s)for(e=s.call(e),c=0;!(i=e.next()).done;)u+=N(i=i.value,t,n,s=r+E(i,c++),l);else if("object"===i)throw t=""+e,Error(p(31,"[object Object]"===t?"object with keys {"+Object.keys(e).join(", ")+"}":t));return u}function P(e,t,n){if(null==e)return e;var r=[],a=0;return N(e,r,"","",(function(e){return t.call(n,e,a++)})),r}function j(e){if(-1===e._status){var t=e._result;t=t(),e._status=0,e._result=t,t.then((function(t){0===e._status&&(t=t.default,e._status=1,e._result=t)}),(function(t){0===e._status&&(e._status=2,e._result=t)}))}if(1===e._status)return e._result;throw e._result}var O={current:null};function T(){var e=O.current;if(null===e)throw Error(p(321));return e}var L={ReactCurrentDispatcher:O,ReactCurrentBatchConfig:{transition:0},ReactCurrentOwner:_,IsSomeRendererActing:{current:!1},assign:r};t.Children={map:P,forEach:function(e,t,n){P(e,(function(){t.apply(this,arguments)}),n)},count:function(e){var t=0;return P(e,(function(){t++})),t},toArray:function(e){return P(e,(function(e){return e}))||[]},only:function(e){if(!S(e))throw Error(p(143));return e}},t.Component=v,t.PureComponent=y,t.__SECRET_INTERNALS_DO_NOT_USE_OR_YOU_WILL_BE_FIRED=L,t.cloneElement=function(e,t,n){if(null===e||void 0===e)throw Error(p(267,e));var o=r({},e.props),l=e.key,i=e.ref,u=e._owner;if(null!=t){if(void 0!==t.ref&&(i=t.ref,u=_.current),void 0!==t.key&&(l=""+t.key),e.type&&e.type.defaultProps)var c=e.type.defaultProps;for(s in t)x.call(t,s)&&!w.hasOwnProperty(s)&&(o[s]=void 0===t[s]&&void 0!==c?c[s]:t[s])}var s=arguments.length-2;if(1===s)o.children=n;else if(1<s){c=Array(s);for(var f=0;f<s;f++)c[f]=arguments[f+2];o.children=c}return{$$typeof:a,type:e.type,key:l,ref:i,props:o,_owner:u}},t.createContext=function(e,t){return void 0===t&&(t=null),(e={$$typeof:i,_calculateChangedBits:t,_currentValue:e,_currentValue2:e,_threadCount:0,Provider:null,Consumer:null}).Provider={$$typeof:l,_context:e},e.Consumer=e},t.createElement=k,t.createFactory=function(e){var t=k.bind(null,e);return t.type=e,t},t.createRef=function(){return{current:null}},t.forwardRef=function(e){return{$$typeof:u,render:e}},t.isValidElement=S,t.lazy=function(e){return{$$typeof:s,_payload:{_status:-1,_result:e},_init:j}},t.memo=function(e,t){return{$$typeof:c,type:e,compare:void 0===t?null:t}},t.useCallback=function(e,t){return T().useCallback(e,t)},t.useContext=function(e,t){return T().useContext(e,t)},t.useDebugValue=function(){},t.useEffect=function(e,t){return T().useEffect(e,t)},t.useImperativeHandle=function(e,t,n){return T().useImperativeHandle(e,t,n)},t.useLayoutEffect=function(e,t){return T().useLayoutEffect(e,t)},t.useMemo=function(e,t){return T().useMemo(e,t)},t.useReducer=function(e,t,n){return T().useReducer(e,t,n)},t.useRef=function(e){return T().useRef(e)},t.useState=function(e){return T().useState(e)},t.version="17.0.2"},791:function(e,t,n){"use strict";e.exports=n(117)},184:function(e,t,n){"use strict";e.exports=n(374)},813:function(e,t){"use strict";var n,r,a,o;if("object"===typeof performance&&"function"===typeof performance.now){var l=performance;t.unstable_now=function(){return l.now()}}else{var i=Date,u=i.now();t.unstable_now=function(){return i.now()-u}}if("undefined"===typeof window||"function"!==typeof MessageChannel){var c=null,s=null,f=function e(){if(null!==c)try{var n=t.unstable_now();c(!0,n),c=null}catch(r){throw setTimeout(e,0),r}};n=function(e){null!==c?setTimeout(n,0,e):(c=e,setTimeout(f,0))},r=function(e,t){s=setTimeout(e,t)},a=function(){clearTimeout(s)},t.unstable_shouldYield=function(){return!1},o=t.unstable_forceFrameRate=function(){}}else{var d=window.setTimeout,p=window.clearTimeout;if("undefined"!==typeof console){var h=window.cancelAnimationFrame;"function"!==typeof window.requestAnimationFrame&&console.error("This browser doesn\'t support requestAnimationFrame. Make sure that you load a polyfill in older browsers. https://reactjs.org/link/react-polyfills"),"function"!==typeof h&&console.error("This browser doesn\'t support cancelAnimationFrame. Make sure that you load a polyfill in older browsers. https://reactjs.org/link/react-polyfills")}var m=!1,v=null,g=-1,y=5,b=0;t.unstable_shouldYield=function(){return t.unstable_now()>=b},o=function(){},t.unstable_forceFrameRate=function(e){0>e||125<e?console.error("forceFrameRate takes a positive int between 0 and 125, forcing frame rates higher than 125 fps is not supported"):y=0<e?Math.floor(1e3/e):5};var _=new MessageChannel,x=_.port2;_.port1.onmessage=function(){if(null!==v){var e=t.unstable_now();b=e+y;try{v(!0,e)?x.postMessage(null):(m=!1,v=null)}catch(n){throw x.postMessage(null),n}}else m=!1},n=function(e){v=e,m||(m=!0,x.postMessage(null))},r=function(e,n){g=d((function(){e(t.unstable_now())}),n)},a=function(){p(g),g=-1}}function w(e,t){var n=e.length;e.push(t);e:for(;;){var r=n-1>>>1,a=e[r];if(!(void 0!==a&&0<C(a,t)))break e;e[r]=t,e[n]=a,n=r}}function k(e){return void 0===(e=e[0])?null:e}function S(e){var t=e[0];if(void 0!==t){var n=e.pop();if(n!==t){e[0]=n;e:for(var r=0,a=e.length;r<a;){var o=2*(r+1)-1,l=e[o],i=o+1,u=e[i];if(void 0!==l&&0>C(l,n))void 0!==u&&0>C(u,l)?(e[r]=u,e[i]=n,r=i):(e[r]=l,e[o]=n,r=o);else{if(!(void 0!==u&&0>C(u,n)))break e;e[r]=u,e[i]=n,r=i}}}return t}return null}function C(e,t){var n=e.sortIndex-t.sortIndex;return 0!==n?n:e.id-t.id}var E=[],N=[],P=1,j=null,O=3,T=!1,L=!1,F=!1;function z(e){for(var t=k(N);null!==t;){if(null===t.callback)S(N);else{if(!(t.startTime<=e))break;S(N),t.sortIndex=t.expirationTime,w(E,t)}t=k(N)}}function R(e){if(F=!1,z(e),!L)if(null!==k(E))L=!0,n(M);else{var t=k(N);null!==t&&r(R,t.startTime-e)}}function M(e,n){L=!1,F&&(F=!1,a()),T=!0;var o=O;try{for(z(n),j=k(E);null!==j&&(!(j.expirationTime>n)||e&&!t.unstable_shouldYield());){var l=j.callback;if("function"===typeof l){j.callback=null,O=j.priorityLevel;var i=l(j.expirationTime<=n);n=t.unstable_now(),"function"===typeof i?j.callback=i:j===k(E)&&S(E),z(n)}else S(E);j=k(E)}if(null!==j)var u=!0;else{var c=k(N);null!==c&&r(R,c.startTime-n),u=!1}return u}finally{j=null,O=o,T=!1}}var I=o;t.unstable_IdlePriority=5,t.unstable_ImmediatePriority=1,t.unstable_LowPriority=4,t.unstable_NormalPriority=3,t.unstable_Profiling=null,t.unstable_UserBlockingPriority=2,t.unstable_cancelCallback=function(e){e.callback=null},t.unstable_continueExecution=function(){L||T||(L=!0,n(M))},t.unstable_getCurrentPriorityLevel=function(){return O},t.unstable_getFirstCallbackNode=function(){return k(E)},t.unstable_next=function(e){switch(O){case 1:case 2:case 3:var t=3;break;default:t=O}var n=O;O=t;try{return e()}finally{O=n}},t.unstable_pauseExecution=function(){},t.unstable_requestPaint=I,t.unstable_runWithPriority=function(e,t){switch(e){case 1:case 2:case 3:case 4:case 5:break;default:e=3}var n=O;O=e;try{return t()}finally{O=n}},t.unstable_scheduleCallback=function(e,o,l){var i=t.unstable_now();switch("object"===typeof l&&null!==l?l="number"===typeof(l=l.delay)&&0<l?i+l:i:l=i,e){case 1:var u=-1;break;case 2:u=250;break;case 5:u=1073741823;break;case 4:u=1e4;break;default:u=5e3}return e={id:P++,callback:o,priorityLevel:e,startTime:l,expirationTime:u=l+u,sortIndex:-1},l>i?(e.sortIndex=l,w(N,e),null===k(E)&&e===k(N)&&(F?a():F=!0,r(R,l-i))):(e.sortIndex=u,w(E,e),L||T||(L=!0,n(M))),e},t.unstable_wrapCallback=function(e){var t=O;return function(){var n=O;O=t;try{return e.apply(this,arguments)}finally{O=n}}}},296:function(e,t,n){"use strict";e.exports=n(813)},216:function(e,t,n){"use strict";e.exports=n.p+"static/media/default-kitty.8de3ec2fefe82e844764.jpg"}},t={};function n(r){var a=t[r];if(void 0!==a)return a.exports;var o=t[r]={exports:{}};return e[r](o,o.exports,n),o.exports}n.m=e,n.n=function(e){var t=e&&e.__esModule?function(){return e.default}:function(){return e};return n.d(t,{a:t}),t},n.d=function(e,t){for(var r in t)n.o(t,r)&&!n.o(e,r)&&Object.defineProperty(e,r,{enumerable:!0,get:t[r]})},n.f={},n.e=function(e){return Promise.all(Object.keys(n.f).reduce((function(t,r){return n.f[r](e,t),t}),[]))},n.u=function(e){return"static/js/"+e+".7f0c0923.chunk.js"},n.miniCssF=function(e){},n.g=function(){if("object"===typeof globalThis)return globalThis;try{return this||new Function("return this")()}catch(e){if("object"===typeof window)return window}}(),n.o=function(e,t){return Object.prototype.hasOwnProperty.call(e,t)},function(){var e={},t="kittygram:";n.l=function(r,a,o,l){if(e[r])e[r].push(a);else{var i,u;if(void 0!==o)for(var c=document.getElementsByTagName("script"),s=0;s<c.length;s++){var f=c[s];if(f.getAttribute("src")==r||f.getAttribute("data-webpack")==t+o){i=f;break}}i||(u=!0,(i=document.createElement("script")).charset="utf-8",i.timeout=120,n.nc&&i.setAttribute("nonce",n.nc),i.setAttribute("data-webpack",t+o),i.src=r),e[r]=[a];var d=function(t,n){i.onerror=i.onload=null,clearTimeout(p);var a=e[r];if(delete e[r],i.parentNode&&i.parentNode.removeChild(i),a&&a.forEach((function(e){return e(n)})),t)return t(n)},p=setTimeout(d.bind(null,void 0,{type:"timeout",target:i}),12e4);i.onerror=d.bind(null,i.onerror),i.onload=d.bind(null,i.onload),u&&document.head.appendChild(i)}}}(),n.r=function(e){"undefined"!==typeof Symbol&&Symbol.toStringTag&&Object.defineProperty(e,Symbol.toStringTag,{value:"Module"}),Object.defineProperty(e,"__esModule",{value:!0})},n.p="/",function(){var e={179:0};n.f.j=function(t,r){var a=n.o(e,t)?e[t]:void 0;if(0!==a)if(a)r.push(a[2]);else{var o=new Promise((function(n,r){a=e[t]=[n,r]}));r.push(a[2]=o);var l=n.p+n.u(t),i=new Error;n.l(l,(function(r){if(n.o(e,t)&&(0!==(a=e[t])&&(e[t]=void 0),a)){var o=r&&("load"===r.type?"missing":r.type),l=r&&r.target&&r.target.src;i.message="Loading chunk "+t+" failed.\\n("+o+": "+l+")",i.name="ChunkLoadError",i.type=o,i.request=l,a[1](i)}}),"chunk-"+t,t)}};var t=function(t,r){var a,o,l=r[0],i=r[1],u=r[2],c=0;if(l.some((function(t){return 0!==e[t]}))){for(a in i)n.o(i,a)&&(n.m[a]=i[a]);if(u)u(n)}for(t&&t(r);c<l.length;c++)o=l[c],n.o(e,o)&&e[o]&&e[o][0](),e[l[c]]=0},r=self.webpackChunkkittygram=self.webpackChunkkittygram||[];r.forEach(t.bind(null,0)),r.push=t.bind(null,r.push.bind(r))}(),function(){"use strict";var e=n(791),t=n(164);function r(e,t){(null==t||t>e.length)&&(t=e.length);for(var n=0,r=new Array(t);n<t;n++)r[n]=e[n];return r}function a(e,t){if(e){if("string"===typeof e)return r(e,t);var n=Object.prototype.toString.call(e).slice(8,-1);return"Object"===n&&e.constructor&&(n=e.constructor.name),"Map"===n||"Set"===n?Array.from(e):"Arguments"===n||/^(?:Ui|I)nt(?:8|16|32)(?:Clamped)?Array$/.test(n)?r(e,t):void 0}}function o(e,t){return function(e){if(Array.isArray(e))return e}(e)||function(e,t){var n=null==e?null:"undefined"!==typeof Symbol&&e[Symbol.iterator]||e["@@iterator"];if(null!=n){var r,a,o=[],l=!0,i=!1;try{for(n=n.call(e);!(l=(r=n.next()).done)&&(o.push(r.value),!t||o.length!==t);l=!0);}catch(u){i=!0,a=u}finally{try{l||null==n.return||n.return()}finally{if(i)throw a}}return o}}(e,t)||a(e,t)||function(){throw new TypeError("Invalid attempt to destructure non-iterable instance.\\nIn order to be iterable, non-array objects must have a [Symbol.iterator]() method.")}()}function l(e,t){return l=Object.setPrototypeOf||function(e,t){return e.__proto__=t,e},l(e,t)}function i(e,t){e.prototype=Object.create(t.prototype),e.prototype.constructor=e,l(e,t)}function u(){return u=Object.assign||function(e){for(var t=1;t<arguments.length;t++){var n=arguments[t];for(var r in n)Object.prototype.hasOwnProperty.call(n,r)&&(e[r]=n[r])}return e},u.apply(this,arguments)}function c(e){return"/"===e.charAt(0)}function s(e,t){for(var n=t,r=n+1,a=e.length;r<a;n+=1,r+=1)e[n]=e[r];e.pop()}var f=function(e,t){void 0===t&&(t="");var n,r=e&&e.split("/")||[],a=t&&t.split("/")||[],o=e&&c(e),l=t&&c(t),i=o||l;if(e&&c(e)?a=r:r.length&&(a.pop(),a=a.concat(r)),!a.length)return"/";if(a.length){var u=a[a.length-1];n="."===u||".."===u||""===u}else n=!1;for(var f=0,d=a.length;d>=0;d--){var p=a[d];"."===p?s(a,d):".."===p?(s(a,d),f++):f&&(s(a,d),f--)}if(!i)for(;f--;f)a.unshift("..");!i||""===a[0]||a[0]&&c(a[0])||a.unshift("");var h=a.join("/");return n&&"/"!==h.substr(-1)&&(h+="/"),h};function d(e){return e.valueOf?e.valueOf():Object.prototype.valueOf.call(e)}var p=function e(t,n){if(t===n)return!0;if(null==t||null==n)return!1;if(Array.isArray(t))return Array.isArray(n)&&t.length===n.length&&t.every((function(t,r){return e(t,n[r])}));if("object"===typeof t||"object"===typeof n){var r=d(t),a=d(n);return r!==t||a!==n?e(r,a):Object.keys(Object.assign({},t,n)).every((function(r){return e(t[r],n[r])}))}return!1},h="Invariant failed";function m(e,t){if(!e)throw new Error(h)}function v(e){return"/"===e.charAt(0)?e:"/"+e}function g(e){return"/"===e.charAt(0)?e.substr(1):e}function y(e,t){return function(e,t){return 0===e.toLowerCase().indexOf(t.toLowerCase())&&-1!=="/?#".indexOf(e.charAt(t.length))}(e,t)?e.substr(t.length):e}function b(e){return"/"===e.charAt(e.length-1)?e.slice(0,-1):e}function _(e){var t=e.pathname,n=e.search,r=e.hash,a=t||"/";return n&&"?"!==n&&(a+="?"===n.charAt(0)?n:"?"+n),r&&"#"!==r&&(a+="#"===r.charAt(0)?r:"#"+r),a}function x(e,t,n,r){var a;"string"===typeof e?(a=function(e){var t=e||"/",n="",r="",a=t.indexOf("#");-1!==a&&(r=t.substr(a),t=t.substr(0,a));var o=t.indexOf("?");return-1!==o&&(n=t.substr(o),t=t.substr(0,o)),{pathname:t,search:"?"===n?"":n,hash:"#"===r?"":r}}(e),a.state=t):(void 0===(a=u({},e)).pathname&&(a.pathname=""),a.search?"?"!==a.search.charAt(0)&&(a.search="?"+a.search):a.search="",a.hash?"#"!==a.hash.charAt(0)&&(a.hash="#"+a.hash):a.hash="",void 0!==t&&void 0===a.state&&(a.state=t));try{a.pathname=decodeURI(a.pathname)}catch(o){throw o instanceof URIError?new URIError(\'Pathname "\'+a.pathname+\'" could not be decoded. This is likely caused by an invalid percent-encoding.\'):o}return n&&(a.key=n),r?a.pathname?"/"!==a.pathname.charAt(0)&&(a.pathname=f(a.pathname,r.pathname)):a.pathname=r.pathname:a.pathname||(a.pathname="/"),a}function w(){var e=null;var t=[];return{setPrompt:function(t){return e=t,function(){e===t&&(e=null)}},confirmTransitionTo:function(t,n,r,a){if(null!=e){var o="function"===typeof e?e(t,n):e;"string"===typeof o?"function"===typeof r?r(o,a):a(!0):a(!1!==o)}else a(!0)},appendListener:function(e){var n=!0;function r(){n&&e.apply(void 0,arguments)}return t.push(r),function(){n=!1,t=t.filter((function(e){return e!==r}))}},notifyListeners:function(){for(var e=arguments.length,n=new Array(e),r=0;r<e;r++)n[r]=arguments[r];t.forEach((function(e){return e.apply(void 0,n)}))}}}var k=!("undefined"===typeof window||!window.document||!window.document.createElement);function S(e,t){t(window.confirm(e))}var C="popstate",E="hashchange";function N(){try{return window.history.state||{}}catch(e){return{}}}function P(e){void 0===e&&(e={}),k||m(!1);var t=window.history,n=function(){var e=window.navigator.userAgent;return(-1===e.indexOf("Android 2.")&&-1===e.indexOf("Android 4.0")||-1===e.indexOf("Mobile Safari")||-1!==e.indexOf("Chrome")||-1!==e.indexOf("Windows Phone"))&&window.history&&"pushState"in window.history}(),r=!(-1===window.navigator.userAgent.indexOf("Trident")),a=e,o=a.forceRefresh,l=void 0!==o&&o,i=a.getUserConfirmation,c=void 0===i?S:i,s=a.keyLength,f=void 0===s?6:s,d=e.basename?b(v(e.basename)):"";function p(e){var t=e||{},n=t.key,r=t.state,a=window.location,o=a.pathname+a.search+a.hash;return d&&(o=y(o,d)),x(o,r,n)}function h(){return Math.random().toString(36).substr(2,f)}var g=w();function P(e){u(U,e),U.length=t.length,g.notifyListeners(U.location,U.action)}function j(e){(function(e){return void 0===e.state&&-1===navigator.userAgent.indexOf("CriOS")})(e)||L(p(e.state))}function O(){L(p(N()))}var T=!1;function L(e){if(T)T=!1,P();else{g.confirmTransitionTo(e,"POP",c,(function(t){t?P({action:"POP",location:e}):function(e){var t=U.location,n=z.indexOf(t.key);-1===n&&(n=0);var r=z.indexOf(e.key);-1===r&&(r=0);var a=n-r;a&&(T=!0,M(a))}(e)}))}}var F=p(N()),z=[F.key];function R(e){return d+_(e)}function M(e){t.go(e)}var I=0;function A(e){1===(I+=e)&&1===e?(window.addEventListener(C,j),r&&window.addEventListener(E,O)):0===I&&(window.removeEventListener(C,j),r&&window.removeEventListener(E,O))}var D=!1;var U={length:t.length,action:"POP",location:F,createHref:R,push:function(e,r){var a="PUSH",o=x(e,r,h(),U.location);g.confirmTransitionTo(o,a,c,(function(e){if(e){var r=R(o),i=o.key,u=o.state;if(n)if(t.pushState({key:i,state:u},null,r),l)window.location.href=r;else{var c=z.indexOf(U.location.key),s=z.slice(0,c+1);s.push(o.key),z=s,P({action:a,location:o})}else window.location.href=r}}))},replace:function(e,r){var a="REPLACE",o=x(e,r,h(),U.location);g.confirmTransitionTo(o,a,c,(function(e){if(e){var r=R(o),i=o.key,u=o.state;if(n)if(t.replaceState({key:i,state:u},null,r),l)window.location.replace(r);else{var c=z.indexOf(U.location.key);-1!==c&&(z[c]=o.key),P({action:a,location:o})}else window.location.replace(r)}}))},go:M,goBack:function(){M(-1)},goForward:function(){M(1)},block:function(e){void 0===e&&(e=!1);var t=g.setPrompt(e);return D||(A(1),D=!0),function(){return D&&(D=!1,A(-1)),t()}},listen:function(e){var t=g.appendListener(e);return A(1),function(){A(-1),t()}}};return U}var j="hashchange",O={hashbang:{encodePath:function(e){return"!"===e.charAt(0)?e:"!/"+g(e)},decodePath:function(e){return"!"===e.charAt(0)?e.substr(1):e}},noslash:{encodePath:g,decodePath:v},slash:{encodePath:v,decodePath:v}};function T(e){var t=e.indexOf("#");return-1===t?e:e.slice(0,t)}function L(){var e=window.location.href,t=e.indexOf("#");return-1===t?"":e.substring(t+1)}function F(e){window.location.replace(T(window.location.href)+"#"+e)}function z(e){void 0===e&&{},k||m(!1);var t=window.history,n=(window.navigator.userAgent.indexOf("Firefox"),e),r=n.getUserConfirmation,a=void 0===r?S:r,o=n.hashType,l=void 0===o?"slash":o,i=e.basename?b(v(e.basename)):"",c=O[l],s=c.encodePath,f=c.decodePath;function d(){var e=f(L());return i&&y(e,i),x(e)}var p=w();function h(e){u(U,e),U.length=t.length,p.notifyListeners(U.location,U.action)}var g=!1,C=null;function E(){var e,t,n=L(),r=s(n);if(n!==r)F(r);else{var o=d(),l=U.location;if(!g&&(o,l.pathname===t.pathname&&e.search===t.search&&e.hash===t.hash))return;if(C===_(o))return;null,function(e){if(g)!1,h();else{var t="POP";p.confirmTransitionTo(e,t,a,(function(n){n?h({action:t,location:e}):function(e){var t=U.location,n=R.lastIndexOf(_(t));-1===n&&0;var r=R.lastIndexOf(_(e));-1===r&&0;var a=n-r;a&&(!0,M(a))}(e)}))}}(o)}}var N=L(),P=s(N);N!==P&&F(P);var z=d(),R=[_(z)];function M(e){t.go(e)}var I=0;function A(e){1===(I+=e)&&1===e?window.addEventListener(j,E):0===I&&window.removeEventListener(j,E)}var D=!1;var U={length:t.length,action:"POP",location:z,createHref:function(e){var t=document.querySelector("base"),n="";return t&&t.getAttribute("href")&&T(window.location.href),n+"#"+s(i+_(e))},push:function(e,t){var n="PUSH",r=x(e,void 0,void 0,U.location);p.confirmTransitionTo(r,n,a,(function(e){if(e){var t=_(r),a=s(i+t);if(L()!==a){t,function(e){window.location.hash=e}(a);var o=R.lastIndexOf(_(U.location)),l=R.slice(0,o+1);l.push(t),l,h({action:n,location:r})}else h()}}))},replace:function(e,t){var n="REPLACE",r=x(e,void 0,void 0,U.location);p.confirmTransitionTo(r,n,a,(function(e){if(e){var t=_(r),a=s(i+t);L()!==a&&(t,F(a));var o=R.indexOf(_(U.location));-1!==o&&(R[o]=t),h({action:n,location:r})}}))},go:M,goBack:function(){M(-1)},goForward:function(){M(1)},block:function(e){void 0===e&&!1;var t=p.setPrompt(e);return D||(A(1),!0),function(){return D&&(!1,A(-1)),t()}},listen:function(e){var t=p.appendListener(e);return A(1),function(){A(-1),t()}}};return U}function R(e,t,n){return Math.min(Math.max(e,t),n)}function M(e){void 0===e&&{};var t=e,n=t.getUserConfirmation,r=t.initialEntries,a=void 0===r?["/"]:r,o=t.initialIndex,l=void 0===o?0:o,i=t.keyLength,c=void 0===i?6:i,s=w();function f(e){u(g,e),g.length=g.entries.length,s.notifyListeners(g.location,g.action)}function d(){return Math.random().toString(36).substr(2,c)}var p=R(l,0,a.length-1),h=a.map((function(e){return x(e,void 0,"string"===typeof e?d():e.key||d())})),m=_;function v(e){var t=R(g.index+e,0,g.entries.length-1),r=g.entries[t];s.confirmTransitionTo(r,"POP",n,(function(e){e?f({action:"POP",location:r,index:t}):f()}))}var g={length:h.length,action:"POP",location:h[p],index:p,entries:h,createHref:m,push:function(e,t){var r="PUSH",a=x(e,t,d(),g.location);s.confirmTransitionTo(a,r,n,(function(e){if(e){var t=g.index+1,n=g.entries.slice(0);n.length>t?n.splice(t,n.length-t,a):n.push(a),f({action:r,location:a,index:t,entries:n})}}))},replace:function(e,t){var r="REPLACE",a=x(e,t,d(),g.location);s.confirmTransitionTo(a,r,n,(function(e){e&&(g.entries[g.index]=a,f({action:r,location:a}))}))},go:v,goBack:function(){v(-1)},goForward:function(){v(1)},canGo:function(e){var t=g.index+e;return t>=0&&t<g.entries.length},block:function(e){return void 0===e&&!1,s.setPrompt(e)},listen:function(e){return s.appendListener(e)}};return g}var I=n(7),A=n.n(I),D=1073741823,U="undefined"!==typeof globalThis?globalThis:"undefined"!==typeof window?window:"undefined"!==typeof n.g?n.g:{};function $(e){var t=[];return{on:function(e){t.push(e)},off:function(e){t=t.filter((function(t){return t!==e}))},get:function(){return e},set:function(n,r){e=n,t.forEach((function(t){return t(e,r)}))}}}var B=e.createContext||function(t,n){var r,a,o="__create-react-context-"+function(){var e="__global_unique_id__";return U[e]=(U[e]||0)+1}()+"__",l=function(e){function t(){var t;return(t=e.apply(this,arguments)||this).emitter=$(t.props.value),t}i(t,e);var r=t.prototype;return r.getChildContext=function(){var e;return(e={})[o]=this.emitter,e},r.componentWillReceiveProps=function(e){if(this.props.value!==e.value){var t,r=this.props.value,a=e.value;((o=r)===(l=a)?0!==o||1/o===1/l:o!==o&&l!==l)?t=0:(t="function"===typeof n?n(r,a):D,0!==(t|=0)&&this.emitter.set(e.value,t))}var o,l},r.render=function(){return this.props.children},t}(e.Component);l.childContextTypes=((r={})[o]=A().object.isRequired,r);var u=function(e){function n(){var t;return(t=e.apply(this,arguments)||this).state={value:t.getValue()},t.onUpdate=function(e,n){0!==((0|t.observedBits)&n)&&t.setState({value:t.getValue()})},t}i(n,e);var r=n.prototype;return r.componentWillReceiveProps=function(e){var t=e.observedBits;this.observedBits=void 0===t||null===t?D:t},r.componentDidMount=function(){this.context[o]&&this.context[o].on(this.onUpdate);var e=this.props.observedBits;this.observedBits=void 0===e||null===e?D:e},r.componentWillUnmount=function(){this.context[o]&&this.context[o].off(this.onUpdate)},r.getValue=function(){return this.context[o]?this.context[o].get():t},r.render=function(){return(e=this.props.children,Array.isArray(e)?e[0]:e)(this.state.value);var e},n}(e.Component);return u.contextTypes=((a={})[o]=A().object,a),{Provider:l,Consumer:u}},V=B,W=n(239),H=n.n(W);n(228);function Q(e,t){if(null==e)return{};var n,r,a={},o=Object.keys(e);for(r=0;r<o.length;r++)n=o[r],t.indexOf(n)>=0||(a[n]=e[n]);return a}n(110);var q=function(e){var t=V();return t.displayName=e,t},K=q("Router-History"),Y=q("Router"),X=function(t){function n(e){var n;return(n=t.call(this,e)||this).state={location:e.history.location},n._isMounted=!1,n._pendingLocation=null,e.staticContext||(n.unlisten=e.history.listen((function(e){n._isMounted?n.setState({location:e}):n._pendingLocation=e}))),n}i(n,t),n.computeRootMatch=function(e){return{path:"/",url:"/",params:{},isExact:"/"===e}};var r=n.prototype;return r.componentDidMount=function(){this._isMounted=!0,this._pendingLocation&&this.setState({location:this._pendingLocation})},r.componentWillUnmount=function(){this.unlisten&&(this.unlisten(),this._isMounted=!1,this._pendingLocation=null)},r.render=function(){return e.createElement(Y.Provider,{value:{history:this.props.history,location:this.state.location,match:n.computeRootMatch(this.state.location.pathname),staticContext:this.props.staticContext}},e.createElement(K.Provider,{children:this.props.children||null,value:this.props.history}))},n}(e.Component);e.Component;var G=function(e){function t(){return e.apply(this,arguments)||this}i(t,e);var n=t.prototype;return n.componentDidMount=function(){this.props.onMount&&this.props.onMount.call(this,this)},n.componentDidUpdate=function(e){this.props.onUpdate&&this.props.onUpdate.call(this,this,e)},n.componentWillUnmount=function(){this.props.onUnmount&&this.props.onUnmount.call(this,this)},n.render=function(){return null},t}(e.Component);var J={},Z=0;function ee(e,t){return void 0===e&&(e="/"),void 0===t&&(t={}),"/"===e?e:function(e){if(J[e])return J[e];var t=H().compile(e);return Z<1e4&&(J[e]=t,Z++),t}(e)(t,{pretty:!0})}function te(t){var n=t.computedMatch,r=t.to,a=t.push,o=void 0!==a&&a;return e.createElement(Y.Consumer,null,(function(t){t||m(!1);var a=t.history,l=t.staticContext,i=o?a.push:a.replace,c=x(n?"string"===typeof r?ee(r,n.params):u({},r,{pathname:ee(r.pathname,n.params)}):r);return l?(i(c),null):e.createElement(G,{onMount:function(){i(c)},onUpdate:function(e,t){var n,r,a=x(t.to);n=a,r=u({},c,{key:a.key}),n.pathname===r.pathname&&n.search===r.search&&n.hash===r.hash&&n.key===r.key&&p(n.state,r.state)||i(c)},to:r})}))}var ne={},re=0;function ae(e,t){void 0===t&&(t={}),("string"===typeof t||Array.isArray(t))&&(t={path:t});var n=t,r=n.path,a=n.exact,o=void 0!==a&&a,l=n.strict,i=void 0!==l&&l,u=n.sensitive,c=void 0!==u&&u;return[].concat(r).reduce((function(t,n){if(!n&&""!==n)return null;if(t)return t;var r=function(e,t){var n=""+t.end+t.strict+t.sensitive,r=ne[n]||(ne[n]={});if(r[e])return r[e];var a=[],o={regexp:H()(e,a,t),keys:a};return re<1e4&&(r[e]=o,re++),o}(n,{end:o,strict:i,sensitive:c}),a=r.regexp,l=r.keys,u=a.exec(e);if(!u)return null;var s=u[0],f=u.slice(1),d=e===s;return o&&!d?null:{path:n,url:"/"===n&&""===s?"/":s,isExact:d,params:l.reduce((function(e,t,n){return e[t.name]=f[n],e}),{})}}),null)}var oe=function(t){function n(){return t.apply(this,arguments)||this}return i(n,t),n.prototype.render=function(){var t=this;return e.createElement(Y.Consumer,null,(function(n){n||m(!1);var r=t.props.location||n.location,a=u({},n,{location:r,match:t.props.computedMatch?t.props.computedMatch:t.props.path?ae(r.pathname,t.props):n.match}),o=t.props,l=o.children,i=o.component,c=o.render;return Array.isArray(l)&&function(t){return 0===e.Children.count(t)}(l)&&(l=null),e.createElement(Y.Provider,{value:a},a.match?l?"function"===typeof l?l(a):l:i?e.createElement(i,a):c?c(a):null:"function"===typeof l?l(a):null)}))},n}(e.Component);function le(e){return"/"===e.charAt(0)?e:"/"+e}function ie(e,t){if(!e)return t;var n=le(e);return 0!==t.pathname.indexOf(n)?t:u({},t,{pathname:t.pathname.substr(n.length)})}function ue(e){return"string"===typeof e?e:_(e)}function ce(e){return function(){m(!1)}}function se(){}e.Component;var fe=function(t){function n(){return t.apply(this,arguments)||this}return i(n,t),n.prototype.render=function(){var t=this;return e.createElement(Y.Consumer,null,(function(n){n||m(!1);var r,a,o=t.props.location||n.location;return e.Children.forEach(t.props.children,(function(t){if(null==a&&e.isValidElement(t)){r=t;var l=t.props.path||t.props.from;a=l?ae(o.pathname,u({},t.props,{path:l})):n.match}})),a?e.cloneElement(r,{location:o,computedMatch:a}):null}))},n}(e.Component);var de=e.useContext;function pe(){return de(K)}function he(){return de(Y).location}var me=function(t){function n(){for(var e,n=arguments.length,r=new Array(n),a=0;a<n;a++)r[a]=arguments[a];return(e=t.call.apply(t,[this].concat(r))||this).history=P(e.props),e}return i(n,t),n.prototype.render=function(){return e.createElement(X,{history:this.history,children:this.props.children})},n}(e.Component);e.Component;var ve=function(e,t){return"function"===typeof e?e(t):e},ge=function(e,t){return"string"===typeof e?x(e,null,null,t):e},ye=function(e){return e},be=e.forwardRef;"undefined"===typeof be&&(be=ye);var _e=be((function(t,n){var r=t.innerRef,a=t.navigate,o=t.onClick,l=Q(t,["innerRef","navigate","onClick"]),i=l.target,c=u({},l,{onClick:function(e){try{o&&o(e)}catch(t){throw e.preventDefault(),t}e.defaultPrevented||0!==e.button||i&&"_self"!==i||function(e){return!!(e.metaKey||e.altKey||e.ctrlKey||e.shiftKey)}(e)||(e.preventDefault(),a())}});return c.ref=ye!==be&&n||r,e.createElement("a",c)}));var xe=be((function(t,n){var r=t.component,a=void 0===r?_e:r,o=t.replace,l=t.to,i=t.innerRef,c=Q(t,["component","replace","to","innerRef"]);return e.createElement(Y.Consumer,null,(function(t){t||m(!1);var r=t.history,s=ge(ve(l,t.location),t.location),f=s?r.createHref(s):"",d=u({},c,{href:f,navigate:function(){var e=ve(l,t.location),n=_(t.location)===_(ge(e));(o||n?r.replace:r.push)(e)}});return ye!==be?d.ref=n||i:d.innerRef=i,e.createElement(a,d)}))})),we=function(e){return e},ke=e.forwardRef;"undefined"===typeof ke&&(ke=we);var Se=ke((function(t,n){var r=t["aria-current"],a=void 0===r?"page":r,o=t.activeClassName,l=void 0===o?"active":o,i=t.activeStyle,c=t.className,s=t.exact,f=t.isActive,d=t.location,p=t.sensitive,h=t.strict,v=t.style,g=t.to,y=t.innerRef,b=Q(t,["aria-current","activeClassName","activeStyle","className","exact","isActive","location","sensitive","strict","style","to","innerRef"]);return e.createElement(Y.Consumer,null,(function(t){t||m(!1);var r=d||t.location,o=ge(ve(g,r),r),_=o.pathname,x=_&&_.replace(/([.+*?=^!:${}()[\\]|/\\\\])/g,"\\\\$1"),w=x?ae(r.pathname,{path:x,exact:s,sensitive:p,strict:h}):null,k=!!(f?f(w,r):w),S="function"===typeof c?c(k):c,C="function"===typeof v?v(k):v;k&&(S=function(){for(var e=arguments.length,t=new Array(e),n=0;n<e;n++)t[n]=arguments[n];return t.filter((function(e){return e})).join(" ")}(S,l),C=u({},C,i));var E=u({"aria-current":k&&a||null,className:S,style:C,to:o},b);return we!==ke?E.ref=n||y:E.innerRef=y,e.createElement(xe,E)}))})),Ce=e.createContext(),Ee="",Ne=["#FFE4C4","#DEB887","#FFA500","#FF8C00","#D2691E","#8B4513","#FFFFFF","#F5F5F5","#DCDCDC","#A9A9A9","#808080","#000000"],Pe={bisque:"#FFE4C4",burlywood:"#DEB887",orange:"#FFA500",darkorange:"#FF8C00",chocolate:"#D2691E",saddlebrown:"#8B4513",white:"#FFFFFF",whitesmoke:"#F5F5F5",gainsboro:"#DCDCDC",darkgrey:"#A9A9A9",gray:"#808080",black:"#000000"},je=function(e){return new Promise((function(t,n){var r=new FileReader;r.readAsDataURL(e),r.onload=function(){return t(r.result)},r.onerror=function(e){return n(e)}}))},Oe=function(e){return e.ok?e.json():e.json().then((function(e){return Promise.reject(e)}))},Te={"Content-Type":"application/json"},Le=function(){return fetch("".concat(Ee,"/api/users/me/"),{method:"GET",headers:{"Content-Type":"application/json",authorization:"Token ".concat(localStorage.getItem("auth_token"))}}).then(Oe)},Fe=function(){var e=arguments.length>0&&void 0!==arguments[0]?arguments[0]:1;return fetch("".concat(Ee,"/api/cats/?page=").concat(e),{method:"GET",headers:{"Content-Type":"application/json",authorization:"Token ".concat(localStorage.getItem("auth_token"))}}).then(Oe)},ze=function(e){return fetch("".concat(Ee,"/api/cats/"),{method:"POST",headers:{"Content-Type":"application/json",authorization:"Token ".concat(localStorage.getItem("auth_token"))},body:JSON.stringify(e)}).then(Oe)},Re=function(e,t){return fetch("".concat(Ee,"/api/cats/").concat(t,"/"),{method:"PATCH",headers:{"Content-Type":"application/json",authorization:"Token ".concat(localStorage.getItem("auth_token"))},body:JSON.stringify(e)}).then(Oe)};function Me(e,t,n){return t in e?Object.defineProperty(e,t,{value:n,enumerable:!0,configurable:!0,writable:!0}):e[t]=n,e}function Ie(e,t){var n=Object.keys(e);if(Object.getOwnPropertySymbols){var r=Object.getOwnPropertySymbols(e);t&&(r=r.filter((function(t){return Object.getOwnPropertyDescriptor(e,t).enumerable}))),n.push.apply(n,r)}return n}function Ae(e){for(var t=1;t<arguments.length;t++){var n=null!=arguments[t]?arguments[t]:{};t%2?Ie(Object(n),!0).forEach((function(t){Me(e,t,n[t])})):Object.getOwnPropertyDescriptors?Object.defineProperties(e,Object.getOwnPropertyDescriptors(n)):Ie(Object(n)).forEach((function(t){Object.defineProperty(e,t,Object.getOwnPropertyDescriptor(n,t))}))}return e}function De(e,t){if(null==e)return{};var n,r,a=Q(e,t);if(Object.getOwnPropertySymbols){var o=Object.getOwnPropertySymbols(e);for(r=0;r<o.length;r++)n=o[r],t.indexOf(n)>=0||Object.prototype.propertyIsEnumerable.call(e,n)&&(a[n]=e[n])}return a}var Ue=n(184),$e=["children"],Be=function(e){var t=e.children,n=De(e,$e);return(0,Ue.jsx)(oe,Ae(Ae({},n),{},{render:function(){return localStorage.getItem("auth_token")?t:(0,Ue.jsx)(te,{to:"/signin"})}}))};var Ve=n.p+"static/media/login.fd91e54728b2a6dfcef8b694ff5fa200.svg";var We=n.p+"static/media/plus.59855b1b9164527df1ebd896c9f827f2.svg";var He=n.p+"static/media/logout.d61d17a46a28107d321d846ff4fd88c4.svg";var Qe=n.p+"static/media/logo.018b6643f3dd14ed8a10432df1ab2a2b.svg",qe="button-header_button__gE5G7",Ke="button-header_hidden__Ay3Pt",Ye="button-header_none__+Bd3A",Xe="button-header_text__1pP0C",Ge="button-header_icon__QsQzj",Je=["isLogin","text","icon","to","extraClass"],Ze=function(e){var t=e.isLogin,n=void 0!==t&&t,r=e.text,a=void 0===r?"":r,o=e.icon,l=e.to,i=void 0===l?"/signin":l,u=e.extraClass,c=void 0===u?"":u,s=De(e,Je);return(0,Ue.jsxs)(Se,Ae(Ae({to:i,className:"".concat(qe," ").concat(c)},s),{},{children:[(0,Ue.jsx)("img",{className:Ge,src:o,alt:"\\u0418\\u043a\\u043e\\u043d\\u043a\\u0430."}),(0,Ue.jsx)("p",{className:"text text_type_large text_color_white pl-8 ".concat(Xe," ").concat(!a&&Ye," ").concat(n&&Ke),children:a})]}))},et="button-secondary_button__rvAvn",tt="button-secondary_icon__3AaNU",nt=["type","icon","extraClass"],rt=function(e){var t=e.type,n=void 0===t?"button":t,r=e.icon,a=e.extraClass,o=void 0===a?"":a,l=De(e,nt);return(0,Ue.jsx)("button",Ae(Ae({className:"".concat(et," ").concat(o),type:n},l),{},{children:(0,Ue.jsx)("img",{className:tt,src:r,alt:"\\u041a\\u043d\\u043e\\u043f\\u043a\\u0430 \\u0432\\u044b\\u0445\\u043e\\u0434\\u0430 \\u0438\\u0437 \\u0430\\u043a\\u043a\\u0430\\u0443\\u043d\\u0442\\u0430."})}))},at={header:"header_header__z8ezc",logo:"header_logo__wLirW",btns_box:"header_btns_box__-8dFL",hidden:"header_hidden__gbYee"},ot=function(t){var n=t.setQueryPage,r=t.extraClass,a=void 0===r?"":r,l=o(e.useContext(Ce),2),i=l[0],u=l[1],c=he(),s="".concat(at.header," ").concat(("/signin"===c.pathname||"/signup"===c.pathname)&&at.hidden," ").concat(a);return(0,Ue.jsxs)("header",{className:s,children:[(0,Ue.jsx)(Se,{className:at.nav,to:"/",onClick:function(){n(1)},children:(0,Ue.jsx)("img",{className:at.logo,src:Qe,alt:"\\u041b\\u043e\\u0433\\u043e\\u0442\\u0438\\u043f."})}),i.id?(0,Ue.jsxs)("div",{className:at.btns_box,children:[(0,Ue.jsx)(Ze,{to:"/cats/add",text:"\\u0414\\u043e\\u0431\\u0430\\u0432\\u0438\\u0442\\u044c \\u043a\\u043e\\u0442\\u0430",icon:We,isLogin:!0}),(0,Ue.jsx)(rt,{icon:He,onClick:function(){fetch("".concat(Ee,"/api/token/logout/"),{method:"POST",headers:{"Content-Type":"application/json",authorization:"Token ".concat(localStorage.getItem("auth_token"))}}).then((function(e){return 204===e.status?(localStorage.removeItem("auth_token"),e):null})).then((function(){u({id:""}),n(1)}))}})]}):(0,Ue.jsx)(Ze,{to:"/signin",text:"\\u0412\\u043e\\u0439\\u0442\\u0438",icon:Ve})]})},lt="footer_footer__XXj-R",it="footer_text__9aNvQ",ut=function(e){var t=e.extraClass,n=void 0===t?"":t;return(0,Ue.jsx)("footer",{className:"".concat(lt," ").concat(n),children:(0,Ue.jsx)("p",{className:"text text_type_medium-20 text_color_input ".concat(it),children:"Kittygram ".concat((new Date).getFullYear())})})},ct="form-container_content__QF6jd",st=function(e){var t=e.children,n=e.extraClass,r=void 0===n?"":n;return(0,Ue.jsx)("div",{className:"".concat(ct," ").concat(r),children:t})};var ft=n.p+"static/media/eye.14d865b3b3ae85ab958b2bb4a49f75e0.svg";var dt=n.p+"static/media/eye-off.fc7a1ff2d14069eb4fd33ce01673c351.svg",pt={content:"input_content__34WpC",input:"input_input__bAnmr",eye_btn:"input_eye_btn__HxGE6",error:"input_error__UV1tM"},ht=["extraClass","extraInputClass","type","id","error"],mt=function(t){var n=t.extraClass,r=void 0===n?"":n,a=t.extraInputClass,l=void 0===a?"":a,i=t.type,u=t.id,c=t.error,s=De(t,ht),f=o(e.useState(!1),2),d=f[0],p=f[1],h="password"===i?d?"text":"password":i,m="password"===h?dt:ft;return(0,Ue.jsxs)("div",{className:"".concat(pt.content," ").concat(r),children:[(0,Ue.jsx)("input",Ae({id:u,type:h,className:"".concat(pt.input," text text_type_medium-16 text_color_primary ").concat(l)},s)),"password"===i&&(0,Ue.jsx)("button",{type:"button",className:pt.eye_btn,onClick:function(){p(!d)},children:(0,Ue.jsx)("img",{className:pt.eye_img,src:m,alt:"\\u041f\\u043e\\u0441\\u043c\\u043e\\u0442\\u0440\\u0435\\u0442\\u044c \\u043f\\u0430\\u0440\\u043e\\u043b\\u044c."})}),c&&(0,Ue.jsx)("span",{className:"text text_type_medium-16 text_color_red mb-4 ".concat(pt.error),children:c})]})},vt={button:"button-form_button__4mpE0"},gt=["text","extraClass","type"],yt=function(e){var t=e.text,n=void 0===t?"":t,r=e.extraClass,a=void 0===r?"":r,o=e.type,l=void 0===o?"button":o,i=De(e,gt);return(0,Ue.jsx)("button",Ae(Ae({className:"".concat(vt.button," ").concat(a),type:l},i),{},{children:(0,Ue.jsx)("p",{className:"text text_type_large text_color_white pl-8 ".concat(vt.text),children:n})}))},bt="sign-up_content__gBA-o",_t="sign-up_logo__uFH+m",xt="sign-up_title__cuAPb",wt="sign-up_subtitle__mhtwA",kt="sign-up_form__fBruE",St="sign-up_agreement__-44AE",Ct="sign-up_footer__5UI9T",Et="sign-up_nav__7NKpQ",Nt=function(t){var n=t.extraClass,r=void 0===n?"":n,a=o(e.useState({}),2),l=a[0],i=a[1],u=o(e.useState(""),2),c=u[0],s=u[1],f=o(e.useState(""),2),d=f[0],p=f[1],h=o(e.useState(""),2),m=h[0],v=h[1],g=pe(),y=function(e){i(Ae(Ae({},l),{},Me({},e.target.name,e.target.value)))};return(0,Ue.jsxs)("section",{className:"".concat(bt," ").concat(r),children:[(0,Ue.jsx)("img",{className:"".concat(_t," mb-16"),src:Qe,alt:"\\u041b\\u043e\\u0433\\u043e\\u0442\\u0438\\u043f"}),(0,Ue.jsx)("h1",{className:"text text_type_h1 text_color_primary mb-20 ".concat(xt),children:"\\u0420\\u0435\\u0433\\u0438\\u0441\\u0442\\u0440\\u0430\\u0446\\u0438\\u044f"}),(0,Ue.jsx)("p",{className:"text text_type_medium-20 text_color_input mb-10 ".concat(wt),children:"\\u0417\\u0430\\u0440\\u0435\\u0433\\u0438\\u0441\\u0442\\u0440\\u0438\\u0440\\u0443\\u0439\\u0442\\u0435\\u0441\\u044c \\u0434\\u043b\\u044f \\u0434\\u043e\\u0441\\u0442\\u0443\\u043f\\u0430 \\u043a Kittygram!"}),(0,Ue.jsxs)(st,{children:[(0,Ue.jsxs)("form",{className:kt,children:[(0,Ue.jsx)(mt,{onChange:y,name:"username",type:"text",id:1,placeholder:"\\u0418\\u043c\\u044f",error:m}),(0,Ue.jsx)(mt,{onChange:y,name:"password",type:"password",id:2,placeholder:"\\u041f\\u0430\\u0440\\u043e\\u043b\\u044c",error:d}),(0,Ue.jsx)(mt,{onChange:y,name:"password2",type:"password",id:3,placeholder:"\\u041f\\u043e\\u0432\\u0442\\u043e\\u0440\\u0438\\u0442\\u0435 \\u043f\\u0430\\u0440\\u043e\\u043b\\u044c",error:c}),(0,Ue.jsx)("p",{className:"text text_type_small text_color_input ".concat(St),children:"\\u0420\\u0435\\u0433\\u0438\\u0441\\u0442\\u0440\\u0438\\u0440\\u0443\\u044f\\u0441\\u044c \\u043d\\u0430 \\u043d\\u0430\\u0448\\u0435\\u043c \\u0441\\u0430\\u0439\\u0442\\u0435, \\u0432\\u044b \\u043e\\u0431\\u0435\\u0449\\u0430\\u0435\\u0442\\u0435 \\u043f\\u043e\\u0441\\u0442\\u0438\\u0442\\u044c \\u0432 \\u0441\\u0435\\u0440\\u0432\\u0438\\u0441 \\u0442\\u043e\\u043b\\u044c\\u043a\\u043e \\u043a\\u043e\\u0442\\u043e\\u0432, \\u043d\\u0438\\u043a\\u0430\\u043a\\u0438\\u0445 \\u0441\\u043e\\u0431\\u0430\\u043a."}),(0,Ue.jsx)(yt,{text:"\\u0417\\u0430\\u0440\\u0435\\u0433\\u0438\\u0441\\u0442\\u0440\\u0438\\u0440\\u043e\\u0432\\u0430\\u0442\\u044c\\u0441\\u044f",onClick:function(){var e,t;c&&s(""),m&&v(""),d&&p(""),(l.username?l.password?l.password2?l.password===l.password2||(s("\\u041f\\u0430\\u0440\\u043e\\u043b\\u0438 \\u043d\\u0435 \\u0441\\u043e\\u0432\\u043f\\u0430\\u0434\\u0430\\u044e\\u0442!"),0):(s("\\u041f\\u043e\\u043b\\u0435 \\u0441 \\u043f\\u0430\\u0440\\u043e\\u043b\\u0435\\u043c \\u044f\\u0432\\u043b\\u044f\\u0435\\u0442\\u0441\\u044f \\u043e\\u0431\\u044f\\u0437\\u0430\\u0442\\u0435\\u043b\\u044c\\u043d\\u044b\\u043c"),0):(p("\\u041f\\u043e\\u043b\\u0435 \\u0441 \\u043f\\u0430\\u0440\\u043e\\u043b\\u0435\\u043c \\u044f\\u0432\\u043b\\u044f\\u0435\\u0442\\u0441\\u044f \\u043e\\u0431\\u044f\\u0437\\u0430\\u0442\\u0435\\u043b\\u044c\\u043d\\u044b\\u043c"),0):(v("\\u041f\\u043e\\u043b\\u0435 \\u0441 \\u0438\\u043c\\u0435\\u043d\\u0435\\u043c \\u044f\\u0432\\u043b\\u044f\\u0435\\u0442\\u0441\\u044f \\u043e\\u0431\\u044f\\u0437\\u0430\\u0442\\u0435\\u043b\\u044c\\u043d\\u044b\\u043c"),0))&&(e=l.username,t=l.password,fetch("".concat(Ee,"/api/users/"),{method:"POST",headers:Te,body:JSON.stringify({username:e,password:t})}).then(Oe)).then((function(e){e&&e.username&&g.replace({pathname:"/signin"})})).catch((function(e){"object"===typeof e.username?v("\\u041f\\u043e\\u043b\\u044c\\u0437\\u043e\\u0432\\u0430\\u0442\\u0435\\u043b\\u044c \\u0441 \\u0442\\u0430\\u043a\\u0438\\u043c \\u0438\\u043c\\u0435\\u043d\\u0435\\u043c \\u0443\\u0436\\u0435 \\u0437\\u0430\\u0440\\u0435\\u0433\\u0438\\u0441\\u0442\\u0440\\u0438\\u0440\\u043e\\u0432\\u0430\\u043d"):"object"===typeof e.password?p("\\u041f\\u0430\\u0440\\u043e\\u043b\\u044c \\u0434\\u043e\\u043b\\u0436\\u0435\\u043d \\u0441\\u043e\\u0434\\u0435\\u0440\\u0436\\u0430\\u0442\\u044c \\u043c\\u0438\\u043d\\u0438\\u043c\\u0443\\u043c 8 \\u0441\\u0438\\u043c\\u0432\\u043e\\u043b\\u043e\\u0432 \\u0438 \\u043d\\u0435 \\u0441\\u043e\\u0441\\u0442\\u043e\\u044f\\u0442\\u044c \\u043f\\u043e\\u043b\\u043d\\u043e\\u0441\\u0442\\u044c\\u044e \\u0438\\u0437 \\u0446\\u0438\\u0444\\u0440"):s("\\u041e\\u0448\\u0438\\u0431\\u043a\\u0430 \\u0441\\u0435\\u0440\\u0432\\u0435\\u0440\\u0430")}))}}),(0,Ue.jsx)("p",{className:"text text_type_small text_color_input mt-5 mb-5",children:"\\u0438\\u043b\\u0438"})]}),(0,Ue.jsx)("div",{className:Ct,children:(0,Ue.jsx)(Se,{to:"/signin",className:"text text_type_medium-16 text_color_link ".concat(Et),children:"\\u0423\\u0436\\u0435 \\u0437\\u0430\\u0440\\u0435\\u0433\\u0438\\u0441\\u0442\\u0440\\u0438\\u0440\\u043e\\u0432\\u0430\\u043d\\u044b? \\u0412\\u043e\\u0439\\u0442\\u0438"})})]})]})},Pt="sign-in_content__NFW4-",jt="sign-in_logo__TLPO8",Ot="sign-in_title__-Rq9N",Tt="sign-in_subtitle__FS2pv",Lt="sign-in_form__lp3-r",Ft="sign-in_btn__oC-J6",zt="sign-in_footer__Lhi8x",Rt="sign-in_nav__yZAbu",Mt=function(t){var n=t.extraClass,r=void 0===n?"":n,a=o(e.useState({}),2),l=a[0],i=a[1],u=o(e.useContext(Ce),2),c=(u[0],u[1]),s=o(e.useState(""),2),f=s[0],d=s[1],p=o(e.useState(""),2),h=p[0],m=p[1],v=pe(),g=function(e){i(Ae(Ae({},l),{},Me({},e.target.name,e.target.value)))};return(0,Ue.jsxs)("section",{className:"".concat(Pt," ").concat(r),children:[(0,Ue.jsx)("img",{className:"".concat(jt," mb-16"),src:Qe,alt:"\\u041b\\u043e\\u0433\\u043e\\u0442\\u0438\\u043f"}),(0,Ue.jsx)("h1",{className:"text text_type_h1 text_color_primary mb-10 ".concat(Ot),children:"\\u0412\\u0445\\u043e\\u0434"}),(0,Ue.jsx)("p",{className:"text text_type_medium-20 text_color_input mb-20 ".concat(Tt),children:"\\u0412\\u043e\\u0439\\u0434\\u0438\\u0442\\u0435 \\u0434\\u043b\\u044f \\u0434\\u043e\\u0441\\u0442\\u0443\\u043f\\u0430 \\u043a Kittygram!"}),(0,Ue.jsxs)(st,{children:[(0,Ue.jsxs)("form",{className:Lt,children:[(0,Ue.jsx)(mt,{name:"username",type:"text",id:1,placeholder:"\\u0418\\u043c\\u044f",onChange:g,error:h}),(0,Ue.jsx)(mt,{name:"password",type:"password",id:2,placeholder:"\\u041f\\u0430\\u0440\\u043e\\u043b\\u044c",onChange:g,error:f}),(0,Ue.jsx)(yt,{extraClass:Ft,text:"\\u0412\\u043e\\u0439\\u0442\\u0438",onClick:function(){var e,t;h&&m(""),f&&d(""),(l.username?l.password||(d("\\u041f\\u043e\\u043b\\u0435 \\u0441 \\u043f\\u0430\\u0440\\u043e\\u043b\\u0435\\u043c \\u044f\\u0432\\u043b\\u044f\\u0435\\u0442\\u0441\\u044f \\u043e\\u0431\\u044f\\u0437\\u0430\\u0442\\u0435\\u043b\\u044c\\u043d\\u044b\\u043c"),0):(m("\\u041f\\u043e\\u043b\\u0435 \\u0441 \\u0438\\u043c\\u0435\\u043d\\u0435\\u043c \\u044f\\u0432\\u043b\\u044f\\u0435\\u0442\\u0441\\u044f \\u043e\\u0431\\u044f\\u0437\\u0430\\u0442\\u0435\\u043b\\u044c\\u043d\\u044b\\u043c"),0))&&(e=l.username,t=l.password,fetch("".concat(Ee,"/api/token/login/"),{method:"POST",headers:Te,body:JSON.stringify({username:e,password:t})}).then(Oe).then((function(e){return e.auth_token?(localStorage.setItem("auth_token",e.auth_token),e):null}))).then((function(e){e&&e.auth_token&&Le().then((function(e){e&&e.id&&(c({id:e.id}),v.replace({pathname:"/"}))}))})).catch((function(e){e.non_field_errors?d("\\u041d\\u0435\\u043f\\u0440\\u0430\\u0432\\u0438\\u043b\\u044c\\u043d\\u044b\\u0439 \\u043b\\u043e\\u0433\\u0438\\u043d \\u0438\\u043b\\u0438 \\u043f\\u0430\\u0440\\u043e\\u043b\\u044c"):d("\\u041e\\u0448\\u0438\\u0431\\u043a\\u0430 \\u0441\\u0435\\u0440\\u0432\\u0435\\u0440\\u0430")}))}}),(0,Ue.jsx)("p",{className:"text text_type_small text_color_input mt-5 mb-5",children:"\\u0438\\u043b\\u0438"})]}),(0,Ue.jsx)("div",{className:zt,children:(0,Ue.jsx)(Se,{to:"/signup",className:"text text_type_medium-16 text_color_link ".concat(Rt),children:"\\u0415\\u0449\\u0451 \\u043d\\u0435 \\u0437\\u0430\\u0440\\u0435\\u0433\\u0438\\u0441\\u0442\\u0440\\u0438\\u0440\\u043e\\u0432\\u0430\\u043d\\u044b? \\u0417\\u0430\\u0440\\u0435\\u0433\\u0438\\u0441\\u0442\\u0440\\u0438\\u0440\\u0443\\u0439\\u0442\\u0435\\u0441\\u044c"})})]})]})},It=n(216),At="main-card_content__jspn3",Dt="main-card_img__FF6td",Ut="main-card_cat_color_box__CSxEU",$t="main-card_cat_color__E7AhF",Bt="main-card_name_n_date_box__7NIhR",Vt="main-card_link__w9JZe",Wt="main-card_data_box__icWmC",Ht="main-card_name__YLdqh",Qt="main-card_date__-7YrD",qt=function(e){var t=e.cardId,n=e.name,r=void 0===n?"":n,a=e.date,o=void 0===a?"":a,l=e.color,i=void 0===l?"\\u0411\\u0435\\u0436\\u0435\\u0432\\u044b\\u0439":l,u=e.img,c=e.extraClass,s=void 0===c?"":c,f="black"===i||"saddlebrown"===i||"gray"===i||"darkgray"===i?"white":"primary";return(0,Ue.jsxs)("article",{className:"".concat(At," ").concat(s),children:[(0,Ue.jsx)(xe,{className:Vt,to:"/cats/".concat(t),children:(0,Ue.jsx)("img",{className:Dt,src:null!==u&&void 0!==u?u:It,alt:"\\u0424\\u043e\\u0442\\u043e \\u043a\\u043e\\u0442\\u0438\\u043a\\u0430."})}),(0,Ue.jsxs)("div",{className:Wt,children:[(0,Ue.jsxs)("div",{className:Bt,children:[(0,Ue.jsx)("p",{className:"text text_type_h3 text_color_primary mt-8 mb-3 ".concat(Ht),children:r}),(0,Ue.jsx)("p",{className:"text text_type_medium-20 text_color_secondary mb-8 ".concat(Qt),children:o})]}),(0,Ue.jsx)("div",{className:Ut,style:{backgroundColor:i},children:(0,Ue.jsx)("p",{className:"text text_type_medium-20 text_color_".concat(f," ").concat($t),children:i})})]})]})};var Kt=n.p+"static/media/arrow-left.6ff1d49a90339020f94d1421135f7fa6.svg";var Yt=n.p+"static/media/arrow-right.2452b64f6b61cdab22f430e1a3c2b883.svg",Xt="pagination-box_content__1CsCN",Gt="pagination-box_btn_box__EgxZv",Jt="pagination-box_btn__T9ku2",Zt="pagination-box_num_btn__xqcVb",en=function(t){var n=t.data,r=t.queryPage,a=t.setQueryPage,l=t.extraClass,i=void 0===l?"":l,u=o(e.useState([]),2),c=u[0],s=u[1],f=function(e){var t=e.target.closest("button");t&&t.name!==r&&a(+t.name)};return e.useEffect((function(){var e=[];if(n.pages<6)for(var t=1;t<=n.pages;t++)e.push(t);else 1===r?(e.push(1),e.push(2),e.push("..."),e.push(n.pages)):2===r||3===r?(e.push(1),e.push(2),e.push(3),e.push("..."),e.push(n.pages)):r===n.pages-2||r===n.pages-1?(e.push(1),e.push("..."),e.push(n.pages-2),e.push(n.pages-1),e.push(n.pages)):r===n.pages?(e.push(1),e.push("..."),e.push(n.pages-1),e.push(n.pages)):(e.push(1),e.push("..."),e.push(r),e.push("..."),e.push(n.pages));s(e)}),[n,r]),(0,Ue.jsxs)("div",{className:"".concat(Xt," ").concat(i),children:[(0,Ue.jsx)("button",{className:Jt,type:"button",onClick:function(){r>1&&a(r-1)},disabled:1===r,children:(0,Ue.jsx)("img",{src:Kt,alt:"\\u041f\\u0440\\u0435\\u0434\\u044b\\u0434\\u0443\\u0449\\u0430\\u044f \\u0441\\u0442\\u0440\\u0430\\u043d\\u0438\\u0446\\u0430."})}),(0,Ue.jsx)("div",{className:Gt,children:c.map((function(e,t){var n=r===e,a=n?600:500,o=n?"primary":"additional",l="..."!==e?e:"";return(0,Ue.jsx)("button",{name:l,className:Zt,type:"button",onClick:f,disabled:n||"..."===e,children:(0,Ue.jsx)("p",{className:"text text_type_medium text_color_".concat(o),style:{fontWeight:a,letterSpacing:"0.2px"},children:e})},t)}))}),(0,Ue.jsx)("button",{className:Jt,type:"button",onClick:function(){r<n.pages&&a(r+1)},disabled:r===n.pages,children:(0,Ue.jsx)("img",{src:Yt,alt:"\\u0421\\u043b\\u0435\\u0434\\u0443\\u044e\\u0449\\u0430\\u044f \\u0441\\u0442\\u0440\\u0430\\u043d\\u0438\\u0446\\u0430."})})]})},tn="main-page_content__jSflQ",nn="main-page_box__gof+4",rn="main-page_title__0Limq",an=function(t){var n=t.queryPage,r=t.setQueryPage,a=t.extraClass,l=void 0===a?"":a,i=o(e.useState([]),2),u=i[0],c=i[1],s=o(e.useState({}),2),f=s[0],d=s[1];return e.useEffect((function(){Fe(n).then((function(e){d({count:e.count,pages:Math.ceil(e.count/10)}),c(e.results)})).catch((function(e){"Invalid page."===e.detail?Fe(n-1).then((function(e){r(n-1),d({count:e.count,pages:Math.ceil(e.count/10)}),c(e.results)})).catch((function(e){console.error(e)})):console.error(e)}))}),[n,r]),(0,Ue.jsxs)("section",{className:"".concat(tn," ").concat(l),children:[(0,Ue.jsx)("h2",{className:"text text_type_h2 text_color_primary mt-25 mb-20 ".concat(rn),children:"\\u0417\\u0430\\u043c\\u0435\\u0447\\u0430\\u0442\\u0435\\u043b\\u044c\\u043d\\u044b\\u0435 \\u043a\\u043e\\u0442\\u044b"}),(0,Ue.jsx)("div",{className:nn,children:u.map((function(e,t){return(0,Ue.jsx)(qt,{cardId:e.id,img:e.image_url,name:e.name,date:e.birth_year,color:e.color},t)}))}),f.count>10&&(0,Ue.jsx)(en,{data:f,queryPage:n,setQueryPage:r})]})};var on=n.p+"static/media/left.ba3f3318a460c4b00226ae3ce7fd4e7b.svg";var ln=n.p+"static/media/edit.611e483e59ff026c004ea5a187429270.svg";var un=n.p+"static/media/trash.350e8fbd4c1c8ce9100b349c5bfe4405.svg",cn="card-page_content__-QS-g",sn="card-page_container__AWIda",fn="card-page_desktop_btn__L8ADJ",dn="card-page_desk_return__SM2fy",pn="card-page_desk_edit__+i1bX",hn="card-page_desk_remove__p7dW8",mn="card-page_btns_box_mobile__3wsK5",vn="card-page_img_box__hm8nt",gn="card-page_img__Fvt-D",yn="card-page_cat_color_box__Pnna0",bn="card-page_cat_color__SmQIB",_n="card-page_date__jGVcr",xn="card-page_achievements__uXTAy",wn="card-page_mobile_btn__zPSOM",kn="card-page_name__MhHql",Sn=function(t){var n,r=t.data,a=t.setData,l=t.extraClass,i=void 0===l?"":l,u=o(e.useState(""),2),c=u[0],s=u[1],f=o(e.useContext(Ce),1)[0],d=pe(),p=function(){var e=de(Y).match;return e?e.params:{}}();e.useEffect((function(){var e;(e=p.id,fetch("".concat(Ee,"/api/cats/").concat(e,"/"),{method:"GET",headers:{"Content-Type":"application/json",authorization:"Token ".concat(localStorage.getItem("auth_token"))}}).then(Oe)).then((function(e){if(e&&e.id){a(e);var t="";e.achievements.forEach((function(e){t?t+=", ".concat(e.achievement_name):t=e.achievement_name})),s(t)}}))}),[p.id,a]);var h=function(){a({}),d.push("/")},m=function(){var e;(e=r.id,fetch("".concat(Ee,"/api/cats/").concat(e,"/"),{method:"DELETE",headers:{"Content-Type":"application/json",authorization:"Token ".concat(localStorage.getItem("auth_token"))}}).then((function(e){return 204===e.status?{status:!0}:{status:!1}}))).then((function(e){e.status&&d.replace({pathname:"/"})})).catch((function(e){console.log(e.message)}))},v="black"===r.color||"saddlebrown"===r.color||"gray"===r.color||"darkgray"===r.color?"white":"primary";return(0,Ue.jsxs)("article",{className:"".concat(cn," ").concat(i),children:[(0,Ue.jsxs)("div",{className:sn,children:[(0,Ue.jsxs)("div",{className:mn,children:[(0,Ue.jsx)(rt,{extraClass:wn,icon:on,onClick:h}),r.owner&&r.owner===f.id&&(0,Ue.jsxs)(Ue.Fragment,{children:[(0,Ue.jsx)(Ze,{extraClass:"".concat(wn),icon:ln,to:"/cats/edit"}),(0,Ue.jsx)(rt,{extraClass:wn,icon:un,onClick:m})]})]}),(0,Ue.jsx)("div",{className:vn,children:(0,Ue.jsx)("img",{className:gn,src:null!==(n=r.image_url)&&void 0!==n?n:It,alt:"\\u0424\\u043e\\u0442\\u043e \\u043a\\u043e\\u0442\\u0438\\u043a\\u0430."})}),(0,Ue.jsx)(rt,{extraClass:"".concat(fn," ").concat(dn),icon:on,onClick:h}),r.owner&&r.owner===f.id&&(0,Ue.jsxs)(Ue.Fragment,{children:[(0,Ue.jsx)(Ze,{extraClass:"".concat(fn," ").concat(pn),icon:ln,to:"/cats/edit"}),(0,Ue.jsx)(rt,{extraClass:"".concat(fn," ").concat(hn),icon:un,onClick:m})]})]}),(0,Ue.jsx)("p",{className:"text text_type_h2-5 text_color_primary mt-35 mb-10 ".concat(kn),children:r.name}),(0,Ue.jsx)("p",{className:"text text_type_h3 text_color_secondary ".concat(_n),children:r.birth_year}),(0,Ue.jsx)("div",{className:yn,style:{backgroundColor:r.color},children:(0,Ue.jsx)("p",{className:"text text_type_medium-20 text_color_".concat(v," ").concat(bn),children:r.color})}),(0,Ue.jsx)("p",{className:"text text_type_h3 ".concat(xn),children:c})]})};var Cn=n.p+"static/media/image.1f8fb69e23a2923346dc85614ee781ed.svg";function En(e){return function(e){if(Array.isArray(e))return r(e)}(e)||function(e){if("undefined"!==typeof Symbol&&null!=e[Symbol.iterator]||null!=e["@@iterator"])return Array.from(e)}(e)||a(e)||function(){throw new TypeError("Invalid attempt to spread non-iterable instance.\\nIn order to be iterable, non-array objects must have a [Symbol.iterator]() method.")}()}var Nn=n.p+"static/media/arrow-down.97c71208e13653cf3de6706849402549.svg";var Pn=n.p+"static/media/arrow-up.6e99cc6c25ac1acbc8151883d979de6b.svg";var jn=n.p+"static/media/add.2268b30ae31e86e7e894d9f9c5882de4.svg",On="checkbox_content__bSpqE",Tn="checkbox_input__Qgwuf",Ln="checkbox_label__n26zZ",Fn=function(e){var t=e.name,n=e.id,r=e.checked,a=void 0!==r&&r,o=e.label,l=e.onChange,i=e.extraClass,u=void 0===i?"":i,c="text text_type_medium-16 text_color_option ".concat(Ln);return(0,Ue.jsxs)("div",{className:"".concat(On," ").concat(u),children:[(0,Ue.jsx)("input",{className:Tn,checked:a,onChange:l,type:"checkbox",name:t,id:n}),(0,Ue.jsx)("label",{className:c,htmlFor:n,children:o})]})};var zn=n.p+"static/media/cross.14f09e31cbcb140a369cc9725a225c59.svg",Rn="modal_content__LKJPu",Mn="modal_overlay__+jqTW",In=document.getElementById("react-modals"),An=function(e){var n=e.children,r=e.onClose,a=e.extraClass,o=void 0===a?"":a;return t.createPortal((0,Ue.jsxs)(Ue.Fragment,{children:[(0,Ue.jsx)("div",{className:"".concat(Rn," ").concat(o),children:n}),(0,Ue.jsx)("div",{className:Mn,onClick:r})]}),In)},Dn="popup_popup__8kICL",Un="popup_title__iBMkt",$n="popup_btn__fZdrU",Bn="popup_close_btn__QqZL3",Vn=function(e){var t=e.onClose,n=e.onChange,r=e.onSubmit,a=e.extraClass,o=void 0===a?"":a;return(0,Ue.jsx)(An,{onClose:t,children:(0,Ue.jsxs)("div",{className:"".concat(Dn," ").concat(o),children:[(0,Ue.jsx)("h3",{className:"text text_type_h3 text_color_primary mb-10 ".concat(Un),children:"\\u041d\\u043e\\u0432\\u043e\\u0435 \\u0434\\u043e\\u0441\\u0442\\u0438\\u0436\\u0435\\u043d\\u0438\\u0435"}),(0,Ue.jsx)(mt,{type:"text",onChange:n}),(0,Ue.jsx)(yt,{text:"\\u0414\\u043e\\u0431\\u0430\\u0432\\u0438\\u0442\\u044c",extraClass:$n,onClick:r}),(0,Ue.jsx)("button",{className:Bn,type:"button",onClick:t,children:(0,Ue.jsx)("img",{src:zn,alt:"\\u041a\\u043d\\u043e\\u043f\\u043a\\u0430 \\u0437\\u0430\\u043a\\u0440\\u044b\\u0442\\u0438\\u044f."})})]})})},Wn={content:"select_content__5esgk",btn:"select_btn__FGpZO",achievements_box:"select_achievements_box__ZWAOv",achievements_list:"select_achievements_list__IUARU",search_box:"select_search_box__NqOa2",search_input_box:"select_search_input_box__4OAz7",search_input:"select_search_input__mEvI8",add_btn:"select_add_btn__hsURC",text:"select_text__MkEZ8"},Hn=function(t){var n=t.card,r=t.setCard,a=t.userAchievements,l=t.extraClass,i=void 0===l?"":l,u=o(e.useState(!1),2),c=u[0],s=u[1],f=o(e.useState({}),2),d=f[0],p=f[1],h=o(e.useState(a||"\\u0414\\u043e\\u0441\\u0442\\u0438\\u0436\\u0435\\u043d\\u0438\\u044f"),2),m=h[0],v=h[1],g=o(e.useState([]),2),y=g[0],b=g[1],_=o(e.useState([]),2),x=_[0],w=_[1],k=o(e.useState(!1),2),S=k[0],C=k[1],E=o(e.useState(""),2),N=E[0],P=E[1],j=c?Pn:Nn,O=function(e){if(c){var t=[];for(var a in e)e[a]&&t.push({achievement_name:a});r(Ae(Ae({},n),{},{achievements:t}))}},T=function(e){p(Ae(Ae({},d),{},Me({},e.target.name,e.target.checked))),L(Ae(Ae({},d),{},Me({},e.target.name,e.target.checked))),O(Ae(Ae({},d),{},Me({},e.target.name,e.target.checked)))},L=function(e){var t=[];for(var n in e)e[n]&&t.push(n);t.length?v(t.join(", ")):v("\\u0414\\u043e\\u0441\\u0442\\u0438\\u0436\\u0435\\u043d\\u0438\\u044f")},F=function(){fetch("".concat(Ee,"/api/achievements/"),{method:"GET",headers:{"Content-Type":"application/json",authorization:"Token ".concat(localStorage.getItem("auth_token"))}}).then(Oe).then((function(e){var t=[];e.forEach((function(e){t.push(e.achievement_name)})),b(t),w(t)}))},z=function(){C(!1)};return e.useEffect((function(){if(F(),a){var e=a.split(", "),t={};e.forEach((function(e){t[e]=!0})),p(t),v(a)}}),[a]),(0,Ue.jsxs)("div",{className:"".concat(Wn.content," ").concat(i),children:[(0,Ue.jsxs)("button",{onClick:function(){O(d),s(!c)},type:"button",className:Wn.btn,children:[(0,Ue.jsx)("p",{className:"text text_type_medium-16 text_color_".concat("\\u0414\\u043e\\u0441\\u0442\\u0438\\u0436\\u0435\\u043d\\u0438\\u044f"===m?"secondary":"primary"," ").concat(Wn.text),children:m}),(0,Ue.jsx)("img",{className:Wn.img,src:j,alt:"\\u041e\\u0442\\u043a\\u0440\\u044b\\u0442\\u044c \\u0441\\u043f\\u0438\\u0441\\u043e\\u043a."})]}),c&&(0,Ue.jsxs)("div",{className:Wn.achievements_box,children:[(0,Ue.jsxs)("div",{className:Wn.search_box,children:[(0,Ue.jsx)(mt,{placeholder:"\\u041f\\u043e\\u0438\\u0441\\u043a",type:"text",extraClass:Wn.search_input_box,extraInputClass:Wn.search_input,onChange:function(e){b(x.filter((function(t){return-1!==t.toLowerCase().indexOf(e.target.value.toLowerCase())})))}}),(0,Ue.jsx)("button",{className:Wn.add_btn,onClick:function(){C(!0)},children:(0,Ue.jsx)("img",{src:jn,alt:"\\u041a\\u043d\\u043e\\u043f\\u043a\\u0430 \\u0434\\u043e\\u0431\\u0430\\u0432\\u043b\\u0435\\u043d\\u0438\\u044f \\u0434\\u043e\\u0441\\u0442\\u0438\\u0436\\u0435\\u043d\\u0438\\u044f."})})]}),(0,Ue.jsx)("div",{className:Wn.achievements_list,children:y.map((function(e,t){return(0,Ue.jsx)(Fn,{name:e,id:t,checked:d[e],label:e,onChange:T},t)}))})]}),S&&(0,Ue.jsx)(Vn,{onClose:z,onChange:function(e){P(e.target.value)},onSubmit:function(){b([].concat(En(y),[N])),w([].concat(En(x),[N])),z()}})]})},Qn="colors-box_colors_box__03yxD",qn="colors-box_colors_grid__ex9hE",Kn="colors-box_color_item__xc664",Yn="colors-box_cat_color__+lf25",Xn=function(e){var t=e.colorsList,n=e.currentColor,r=e.setCard,a=e.setCurrentColor,o=e.card,l=e.extraClass,i=void 0===l?"":l;return(0,Ue.jsxs)("div",{className:"".concat(Qn," ").concat(i),children:[(0,Ue.jsx)("div",{className:qn,children:t.map((function(e,t){var l={backgroundColor:e,border:e===n?"1px solid #FF5A26":"none"};return(0,Ue.jsx)("div",{style:l,className:Kn,onClick:function(){a(e),r(Ae(Ae({},o),{},{color:e}))}},t)}))}),(0,Ue.jsxs)("p",{className:"text text_type_medium-16 text_color_input ".concat(Yn),children:["\\u0426\\u0432\\u0435\\u0442 \\u043a\\u043e\\u0442\\u0430: ",(0,Ue.jsx)("span",{className:"text_color_primary",children:n})]})]})},Gn="add-card-page_content__m+Iro",Jn="add-card-page_container__MoYoa",Zn="add-card-page_return_btn__NsYn3",er="add-card-page_img_box__p4XHq",tr="add-card-page_img__isrMT",nr="add-card-page_submit_btn__np9UM",rr="add-card-page_return_btn_mobile__VksY1",ar="add-card-page_file_input__1bHTc",or=function(t){var n=t.extraClass,r=void 0===n?"":n,a=o(e.useState("#FFFFFF"),2),l=a[0],i=a[1],u=o(e.useState(""),2),c=u[0],s=u[1],f=o(e.useState({color:l,achievements:[]}),2),d=f[0],p=f[1],h=o(e.useState(""),2),m=h[0],v=h[1],g=o(e.useState(""),2),y=g[0],b=g[1],_=pe(),x=function(){_.goBack()},w=function(e){p(Ae(Ae({},d),{},Me({},e.target.name,e.target.value))),"image"===e.target.name&&s(e.target.value)},k=function(e){"object"===typeof e.name?v("\\u041f\\u043e\\u043b\\u0435 \\u0441 \\u0438\\u043c\\u0435\\u043d\\u0435\\u043c \\u044f\\u0432\\u043b\\u044f\\u0435\\u0442\\u0441\\u044f \\u043e\\u0431\\u044f\\u0437\\u0430\\u0442\\u0435\\u043b\\u044c\\u043d\\u044b\\u043c"):"object"===typeof e.birth_year&&b("\\u041f\\u043e\\u043b\\u0435 \\u0441 \\u0433\\u043e\\u0434\\u043e\\u043c \\u0440\\u043e\\u0436\\u0434\\u0435\\u043d\\u0438\\u044f \\u044f\\u0432\\u043b\\u044f\\u0435\\u0442\\u0441\\u044f \\u043e\\u0431\\u044f\\u0437\\u0430\\u0442\\u0435\\u043b\\u044c\\u043d\\u044b\\u043c")};return(0,Ue.jsxs)("div",{className:"".concat(Gn," ").concat(r),children:[(0,Ue.jsx)("h2",{className:"text text_type_h2 text_color_primary mt-25 mb-9",children:"\\u041d\\u043e\\u0432\\u044b\\u0439 \\u043a\\u043e\\u0442"}),(0,Ue.jsx)(rt,{extraClass:rr,icon:on,onClick:x}),(0,Ue.jsxs)("div",{className:Jn,children:[(0,Ue.jsxs)("label",{htmlFor:"image",className:er,children:[(0,Ue.jsx)("img",{className:tr,src:Cn,alt:"\\u0414\\u043e\\u0431\\u0430\\u0432\\u0438\\u0442\\u044c \\u0444\\u043e\\u0442\\u043e \\u043a\\u043e\\u0442\\u0438\\u043a\\u0430."}),(0,Ue.jsx)("p",{className:"text text_type_medium-16 text_color_primary",children:c||"\\u0417\\u0430\\u0433\\u0440\\u0443\\u0437\\u0438\\u0442\\u0435 \\u0444\\u043e\\u0442\\u043e \\u0432 \\u0444\\u043e\\u0440\\u043c\\u0430\\u0442\\u0435 JPG"})]}),(0,Ue.jsx)("input",{type:"file",className:ar,name:"image",id:"image",onChange:w}),(0,Ue.jsx)(mt,{onChange:w,name:"name",type:"text",placeholder:"\\u0418\\u043c\\u044f \\u043a\\u043e\\u0442\\u0430",error:m}),(0,Ue.jsx)(mt,{onChange:w,name:"birth_year",type:"text",placeholder:"\\u0413\\u043e\\u0434 \\u0440\\u043e\\u0436\\u0434\\u0435\\u043d\\u0438\\u044f",error:y}),(0,Ue.jsx)(Xn,{colorsList:Ne,currentColor:l,setCurrentColor:i,card:d,setCard:p}),(0,Ue.jsx)(Hn,{card:d,setCard:p}),(0,Ue.jsx)(yt,{extraClass:nr,text:"\\u0421\\u043e\\u0445\\u0440\\u0430\\u043d\\u0438\\u0442\\u044c",onClick:function(){y&&b(""),m&&v("");var e=document.querySelector(\'input[type="file"]\').files[0];e?je(e).then((function(e){d.image=e,ze(d).then((function(e){e&&e.id&&_.push("/cats/".concat(e.id))})).catch(k)})):ze(d).then((function(e){e&&e.id&&_.push("/cats/".concat(e.id))})).catch(k)}}),(0,Ue.jsx)(rt,{extraClass:Zn,icon:on,onClick:x})]})]})},lr="edit-card-page_content__La6IE",ir="edit-card-page_container__GcWvq",ur="edit-card-page_return_btn__KY1P2",cr="edit-card-page_img_box__7tS6H",sr="edit-card-page_img__k7OYu",fr="edit-card-page_current_img__sXwr2",dr="edit-card-page_remove_btn__OhWS1",pr="edit-card-page_submit_btn__zkld2",hr="edit-card-page_return_btn_mobile__ym8sf",mr="edit-card-page_file_input__06ah4",vr=function(t){var n=t.data,r=t.setData,a=t.extraClass,l=void 0===a?"":a,i=o(e.useState("#FFFFFF"),2),u=i[0],c=i[1],s=o(e.useState({}),2),f=s[0],d=s[1],p=o(e.useState(""),2),h=p[0],m=p[1],v=o(e.useState(""),2),g=v[0],y=v[1],b=o(e.useState(""),2),_=b[0],x=b[1],w=o(e.useState(""),2),k=w[0],S=w[1],C=pe();e.useEffect((function(){if(n.id){d(n),c(Pe[n.color]);var e="";n.achievements.forEach((function(t){e?e+=", ".concat(t.achievement_name):e=t.achievement_name})),m(e)}}),[n,r]);var E=function(e){d(Ae(Ae({},f),{},Me({},e.target.name,e.target.value))),"image"===e.target.name&&y(e.target.value)},N=function(){C.goBack()},P=function(e){"object"===typeof e.name?x("\\u041f\\u043e\\u043b\\u0435 \\u0441 \\u0438\\u043c\\u0435\\u043d\\u0435\\u043c \\u044f\\u0432\\u043b\\u044f\\u0435\\u0442\\u0441\\u044f \\u043e\\u0431\\u044f\\u0437\\u0430\\u0442\\u0435\\u043b\\u044c\\u043d\\u044b\\u043c"):"object"===typeof e.birth_year&&S("\\u041f\\u043e\\u043b\\u0435 \\u0441 \\u0433\\u043e\\u0434\\u043e\\u043c \\u0440\\u043e\\u0436\\u0434\\u0435\\u043d\\u0438\\u044f \\u044f\\u0432\\u043b\\u044f\\u0435\\u0442\\u0441\\u044f \\u043e\\u0431\\u044f\\u0437\\u0430\\u0442\\u0435\\u043b\\u044c\\u043d\\u044b\\u043c")};return(0,Ue.jsxs)("div",{className:"".concat(lr," ").concat(l),children:[(0,Ue.jsx)("h2",{className:"text text_type_h2 text_color_primary mt-25 mb-9",children:"\\u0420\\u0435\\u0434\\u0430\\u043a\\u0442\\u0438\\u0440\\u043e\\u0432\\u0430\\u0442\\u044c \\u043a\\u043e\\u0442\\u0430"}),(0,Ue.jsx)(rt,{extraClass:hr,icon:on,onClick:N}),(0,Ue.jsxs)("div",{className:ir,children:[!g&&f.image?(0,Ue.jsxs)("div",{className:cr,children:[(0,Ue.jsx)("img",{className:fr,src:f.image_url,alt:"\\u0424\\u043e\\u0442\\u043e \\u043a\\u043e\\u0442\\u0438\\u043a\\u0430."}),(0,Ue.jsx)(rt,{extraClass:dr,icon:un,onClick:function(){d(Ae(Ae({},f),{},{image:null}))}})]}):(0,Ue.jsxs)("label",{htmlFor:"image",className:cr,children:[(0,Ue.jsx)("img",{className:sr,src:Cn,alt:"\\u0414\\u043e\\u0431\\u0430\\u0432\\u0438\\u0442\\u044c \\u0444\\u043e\\u0442\\u043e \\u043a\\u043e\\u0442\\u0438\\u043a\\u0430."}),(0,Ue.jsx)("p",{className:"text text_type_medium-16 text_color_primary",children:g||"\\u0417\\u0430\\u0433\\u0440\\u0443\\u0437\\u0438\\u0442\\u0435 \\u0444\\u043e\\u0442\\u043e \\u0432 \\u0444\\u043e\\u0440\\u043c\\u0430\\u0442\\u0435 JPG"})]}),(0,Ue.jsx)("input",{type:"file",className:mr,name:"image",id:"image",onChange:E}),(0,Ue.jsx)(mt,{type:"text",placeholder:"\\u0418\\u043c\\u044f \\u043a\\u043e\\u0442\\u0430",name:"name",defaultValue:f.name,onChange:E,error:_}),(0,Ue.jsx)(mt,{type:"text",placeholder:"\\u0413\\u043e\\u0434 \\u0440\\u043e\\u0436\\u0434\\u0435\\u043d\\u0438\\u044f",name:"birth_year",defaultValue:f.birth_year,onChange:E,error:k}),(0,Ue.jsx)(Xn,{colorsList:Ne,currentColor:u,setCurrentColor:c,card:f,setCard:d}),(0,Ue.jsx)(Hn,{card:f,setCard:d,userAchievements:h}),(0,Ue.jsx)(yt,{extraClass:pr,text:"\\u0421\\u043e\\u0445\\u0440\\u0430\\u043d\\u0438\\u0442\\u044c",onClick:function(){k&&S(""),_&&x("");var e={},t=document.querySelector(\'input[type="file"]\').files[0];n.name!==f.name&&(e.name=f.name),n.color!==f.color&&(e.color=f.color),n.birth_year!==f.birth_year&&(e.birth_year=f.birth_year),n.image!==f.image&&null===f.image&&(e.image=f.image),JSON.stringify(n.achievements)!==JSON.stringify(f.achievements)&&(e.achievements=f.achievements),t?je(t).then((function(t){e.image=t,Re(e,f.id).then((function(e){e&&e.id&&C.replace({pathname:"/cats/".concat(e.id)})})).catch(P)})):Re(e,f.id).then((function(e){e&&e.id&&C.replace({pathname:"/cats/".concat(e.id)})})).catch(P)}}),(0,Ue.jsx)(rt,{extraClass:ur,icon:on,onClick:N})]})]})},gr="app_app__ZSdIq",yr="app_content__T+cwl";var br=function(){var t=o(e.useState({}),2),n=t[0],r=t[1],a=o(e.useState({}),2),l=a[0],i=a[1],u=o(e.useState(1),2),c=u[0],s=u[1];return e.useEffect((function(){localStorage.getItem("auth_token")&&Le().then((function(e){e&&e.id&&r({id:e.id})}))}),[]),(0,Ue.jsx)("div",{className:gr,children:(0,Ue.jsx)(Ce.Provider,{value:[n,r],children:(0,Ue.jsxs)(me,{children:[(0,Ue.jsx)(ot,{setQueryPage:s}),(0,Ue.jsx)("main",{className:yr,children:(0,Ue.jsxs)(fe,{children:[(0,Ue.jsx)(Be,{exact:!0,path:"/",children:(0,Ue.jsx)(an,{queryPage:c,setQueryPage:s})}),(0,Ue.jsx)(oe,{path:"/signin",children:(0,Ue.jsx)(Mt,{})}),(0,Ue.jsx)(oe,{path:"/signup",children:(0,Ue.jsx)(Nt,{})}),(0,Ue.jsx)(Be,{path:"/cats/add",children:(0,Ue.jsx)(or,{})}),(0,Ue.jsx)(Be,{path:"/cats/edit",children:(0,Ue.jsx)(vr,{data:l,setData:i})}),(0,Ue.jsx)(Be,{path:"/cats/:id",children:(0,Ue.jsx)(Sn,{data:l,setData:i})})]})}),(0,Ue.jsx)(ut,{})]})})})},_r=function(e){e&&e instanceof Function&&n.e(787).then(n.bind(n,787)).then((function(t){var n=t.getCLS,r=t.getFID,a=t.getFCP,o=t.getLCP,l=t.getTTFB;n(e),r(e),a(e),o(e),l(e)}))};t.render((0,Ue.jsx)(e.StrictMode,{children:(0,Ue.jsx)(br,{})}),document.getElementById("root")),_r()}()}();\n//# sourceMappingURL=main.8fbb4784.js.map'
 +  where '/*! For license information please see main.8fbb4784.js.LICENSE.txt */\n!function(){var e={110:function(e,t,n){"use strict";var r=n(309),a={childContextTypes:!0,contextType:!0,contextTypes:!0,defaultProps:!0,displayName:!0,getDefaultProps:!0,getDerivedStateFromError:!0,getDerivedStateFromProps:!0,mixins:!0,propTypes:!0,type:!0},o={name:!0,length:!0,prototype:!0,caller:!0,callee:!0,arguments:!0,arity:!0},l={$$typeof:!0,compare:!0,defaultProps:!0,displayName:!0,propTypes:!0,type:!0},i={};function u(e){return r.isMemo(e)?l:i[e.$$typeof]||a}i[r.ForwardRef]={$$typeof:!0,render:!0,defaultProps:!0,displayName:!0,propTypes:!0},i[r.Memo]=l;var c=Object.defineProperty,s=Object.getOwnPropertyNames,f=Object.getOwnPropertySymbols,d=Object.getOwnPropertyDescriptor,p=Object.getPrototypeOf,h=Object.prototype;e.exports=function e(t,n,r){if("string"!==typeof n){if(h){var a=p(n);a&&a!==h&&e(t,a,r)}var l=s(n);f&&(l=l.concat(f(n)));for(var i=u(t),m=u(n),v=0;v<l.length;++v){var g=l[v];if(!o[g]&&(!r||!r[g])&&(!m||!m[g])&&(!i||!i[g])){var y=d(n,g);try{c(t,g,y)}catch(b){}}}}return t}},746:function(e,t){"use strict";var n="function"===typeof Symbol&&Symbol.for,r=n?Symbol.for("react.element"):60103,a=n?Symbol.for("react.portal"):60106,o=n?Symbol.for("react.fragment"):60107,l=n?Symbol.for("react.strict_mode"):60108,i=n?Symbol.for("react.profiler"):60114,u=n?Symbol.for("react.provider"):60109,c=n?Symbol.for("react.context"):60110,s=n?Symbol.for("react.async_mode"):60111,f=n?Symbol.for("react.concurrent_mode"):60111,d=n?Symbol.for("react.forward_ref"):60112,p=n?Symbol.for("react.suspense"):60113,h=n?Symbol.for("react.suspense_list"):60120,m=n?Symbol.for("react.memo"):60115,v=n?Symbol.for("react.lazy"):60116,g=n?Symbol.for("react.block"):60121,y=n?Symbol.for("react.fundamental"):60117,b=n?Symbol.for("react.responder"):60118,_=n?Symbol.for("react.scope"):60119;function x(e){if("object"===typeof e&&null!==e){var t=e.$$typeof;switch(t){case r:switch(e=e.type){case s:case f:case o:case i:case l:case p:return e;default:switch(e=e&&e.$$typeof){case c:case d:case v:case m:case u:return e;default:return t}}case a:return t}}}function w(e){return x(e)===f}t.AsyncMode=s,t.ConcurrentMode=f,t.ContextConsumer=c,t.ContextProvider=u,t.Element=r,t.ForwardRef=d,t.Fragment=o,t.Lazy=v,t.Memo=m,t.Portal=a,t.Profiler=i,t.StrictMode=l,t.Suspense=p,t.isAsyncMode=function(e){return w(e)||x(e)===s},t.isConcurrentMode=w,t.isContextConsumer=function(e){return x(e)===c},t.isContextProvider=function(e){return x(e)===u},t.isElement=function(e){return"object"===typeof e&&null!==e&&e.$$typeof===r},t.isForwardRef=function(e){return x(e)===d},t.isFragment=function(e){return x(e)===o},t.isLazy=function(e){return x(e)===v},t.isMemo=function(e){return x(e)===m},t.isPortal=function(e){return x(e)===a},t.isProfiler=function(e){return x(e)===i},t.isStrictMode=function(e){return x(e)===l},t.isSuspense=function(e){return x(e)===p},t.isValidElementType=function(e){return"string"===typeof e||"function"===typeof e||e===o||e===f||e===i||e===l||e===p||e===h||"object"===typeof e&&null!==e&&(e.$$typeof===v||e.$$typeof===m||e.$$typeof===u||e.$$typeof===c||e.$$typeof===d||e.$$typeof===y||e.$$typeof===b||e.$$typeof===_||e.$$typeof===g)},t.typeOf=x},309:function(e,t,n){"use strict";e.exports=n(746)},725:function(e){"use strict";var t=Object.getOwnPropertySymbols,n=Object.prototype.hasOwnProperty,r=Object.prototype.propertyIsEnumerable;function a(e){if(null===e||void 0===e)throw new TypeError("Object.assign cannot be called with null or undefined");return Object(e)}e.exports=function(){try{if(!Object.assign)return!1;var e=new String("abc");if(e[5]="de","5"===Object.getOwnPropertyNames(e)[0])return!1;for(var t={},n=0;n<10;n++)t["_"+String.fromCharCode(n)]=n;if("0123456789"!==Object.getOwnPropertyNames(t).map((function(e){return t[e]})).join(""))return!1;var r={};return"abcdefghijklmnopqrst".split("").forEach((function(e){r[e]=e})),"abcdefghijklmnopqrst"===Object.keys(Object.assign({},r)).join("")}catch(a){return!1}}()?Object.assign:function(e,o){for(var l,i,u=a(e),c=1;c<arguments.length;c++){for(var s in l=Object(arguments[c]))n.call(l,s)&&(u[s]=l[s]);if(t){i=t(l);for(var f=0;f<i.length;f++)r.call(l,i[f])&&(u[i[f]]=l[i[f]])}}return u}},888:function(e,t,n){"use strict";var r=n(47);function a(){}function o(){}o.resetWarningCache=a,e.exports=function(){function e(e,t,n,a,o,l){if(l!==r){var i=new Error("Calling PropTypes validators directly is not supported by the `prop-types` package. Use PropTypes.checkPropTypes() to call them. Read more at http://fb.me/use-check-prop-types");throw i.name="Invariant Violation",i}}function t(){return e}e.isRequired=e;var n={array:e,bigint:e,bool:e,func:e,number:e,object:e,string:e,symbol:e,any:e,arrayOf:t,element:e,elementType:e,instanceOf:t,node:e,objectOf:t,oneOf:t,oneOfType:t,shape:t,exact:t,checkPropTypes:o,resetWarningCache:a};return n.PropTypes=n,n}},7:function(e,t,n){e.exports=n(888)()},47:function(e){"use strict";e.exports="SECRET_DO_NOT_PASS_THIS_OR_YOU_WILL_BE_FIRED"},463:function(e,t,n){"use strict";var r=n(791),a=n(725),o=n(296);function l(e){for(var t="https://reactjs.org/docs/error-decoder.html?invariant="+e,n=1;n<arguments.length;n++)t+="&args[]="+encodeURIComponent(arguments[n]);return"Minified React error #"+e+"; visit "+t+" for the full message or use the non-minified dev environment for full errors and additional helpful warnings."}if(!r)throw Error(l(227));var i=new Set,u={};function c(e,t){s(e,t),s(e+"Capture",t)}function s(e,t){for(u[e]=t,e=0;e<t.length;e++)i.add(t[e])}var f=!("undefined"===typeof window||"undefined"===typeof window.document||"undefined"===typeof window.document.createElement),d=/^[:A-Z_a-z\\u00C0-\\u00D6\\u00D8-\\u00F6\\u00F8-\\u02FF\\u0370-\\u037D\\u037F-\\u1FFF\\u200C-\\u200D\\u2070-\\u218F\\u2C00-\\u2FEF\\u3001-\\uD7FF\\uF900-\\uFDCF\\uFDF0-\\uFFFD][:A-Z_a-z\\u00C0-\\u00D6\\u00D8-\\u00F6\\u00F8-\\u02FF\\u0370-\\u037D\\u037F-\\u1FFF\\u200C-\\u200D\\u2070-\\u218F\\u2C00-\\u2FEF\\u3001-\\uD7FF\\uF900-\\uFDCF\\uFDF0-\\uFFFD\\-.0-9\\u00B7\\u0300-\\u036F\\u203F-\\u2040]*$/,p=Object.prototype.hasOwnProperty,h={},m={};function v(e,t,n,r,a,o,l){this.acceptsBooleans=2===t||3===t||4===t,this.attributeName=r,this.attributeNamespace=a,this.mustUseProperty=n,this.propertyName=e,this.type=t,this.sanitizeURL=o,this.removeEmptyString=l}var g={};"children dangerouslySetInnerHTML defaultValue defaultChecked innerHTML suppressContentEditableWarning suppressHydrationWarning style".split(" ").forEach((function(e){g[e]=new v(e,0,!1,e,null,!1,!1)})),[["acceptCharset","accept-charset"],["className","class"],["htmlFor","for"],["httpEquiv","http-equiv"]].forEach((function(e){var t=e[0];g[t]=new v(t,1,!1,e[1],null,!1,!1)})),["contentEditable","draggable","spellCheck","value"].forEach((function(e){g[e]=new v(e,2,!1,e.toLowerCase(),null,!1,!1)})),["autoReverse","externalResourcesRequired","focusable","preserveAlpha"].forEach((function(e){g[e]=new v(e,2,!1,e,null,!1,!1)})),"allowFullScreen async autoFocus autoPlay controls default defer disabled disablePictureInPicture disableRemotePlayback formNoValidate hidden loop noModule noValidate open playsInline readOnly required reversed scoped seamless itemScope".split(" ").forEach((function(e){g[e]=new v(e,3,!1,e.toLowerCase(),null,!1,!1)})),["checked","multiple","muted","selected"].forEach((function(e){g[e]=new v(e,3,!0,e,null,!1,!1)})),["capture","download"].forEach((function(e){g[e]=new v(e,4,!1,e,null,!1,!1)})),["cols","rows","size","span"].forEach((function(e){g[e]=new v(e,6,!1,e,null,!1,!1)})),["rowSpan","start"].forEach((function(e){g[e]=new v(e,5,!1,e.toLowerCase(),null,!1,!1)}));var y=/[\\-:]([a-z])/g;function b(e){return e[1].toUpperCase()}function _(e,t,n,r){var a=g.hasOwnProperty(t)?g[t]:null;(null!==a?0===a.type:!r&&(2<t.length&&("o"===t[0]||"O"===t[0])&&("n"===t[1]||"N"===t[1])))||(function(e,t,n,r){if(null===t||"undefined"===typeof t||function(e,t,n,r){if(null!==n&&0===n.type)return!1;switch(typeof t){case"function":case"symbol":return!0;case"boolean":return!r&&(null!==n?!n.acceptsBooleans:"data-"!==(e=e.toLowerCase().slice(0,5))&&"aria-"!==e);default:return!1}}(e,t,n,r))return!0;if(r)return!1;if(null!==n)switch(n.type){case 3:return!t;case 4:return!1===t;case 5:return isNaN(t);case 6:return isNaN(t)||1>t}return!1}(t,n,a,r)&&(n=null),r||null===a?function(e){return!!p.call(m,e)||!p.call(h,e)&&(d.test(e)?m[e]=!0:(h[e]=!0,!1))}(t)&&(null===n?e.removeAttribute(t):e.setAttribute(t,""+n)):a.mustUseProperty?e[a.propertyName]=null===n?3!==a.type&&"":n:(t=a.attributeName,r=a.attributeNamespace,null===n?e.removeAttribute(t):(n=3===(a=a.type)||4===a&&!0===n?"":""+n,r?e.setAttributeNS(r,t,n):e.setAttribute(t,n))))}"accent-height alignment-baseline arabic-form baseline-shift cap-height clip-path clip-rule color-interpolation color-interpolation-filters color-profile color-rendering dominant-baseline enable-background fill-opacity fill-rule flood-color flood-opacity font-family font-size font-size-adjust font-stretch font-style font-variant font-weight glyph-name glyph-orientation-horizontal glyph-orientation-vertical horiz-adv-x horiz-origin-x image-rendering letter-spacing lighting-color marker-end marker-mid marker-start overline-position overline-thickness paint-order panose-1 pointer-events rendering-intent shape-rendering stop-color stop-opacity strikethrough-position strikethrough-thickness stroke-dasharray stroke-dashoffset stroke-linecap stroke-linejoin stroke-miterlimit stroke-opacity stroke-width text-anchor text-decoration text-rendering underline-position underline-thickness unicode-bidi unicode-range units-per-em v-alphabetic v-hanging v-ideographic v-mathematical vector-effect vert-adv-y vert-origin-x vert-origin-y word-spacing writing-mode xmlns:xlink x-height".split(" ").forEach((function(e){var t=e.replace(y,b);g[t]=new v(t,1,!1,e,null,!1,!1)})),"xlink:actuate xlink:arcrole xlink:role xlink:show xlink:title xlink:type".split(" ").forEach((function(e){var t=e.replace(y,b);g[t]=new v(t,1,!1,e,"http://www.w3.org/1999/xlink",!1,!1)})),["xml:base","xml:lang","xml:space"].forEach((function(e){var t=e.replace(y,b);g[t]=new v(t,1,!1,e,"http://www.w3.org/XML/1998/namespace",!1,!1)})),["tabIndex","crossOrigin"].forEach((function(e){g[e]=new v(e,1,!1,e.toLowerCase(),null,!1,!1)})),g.xlinkHref=new v("xlinkHref",1,!1,"xlink:href","http://www.w3.org/1999/xlink",!0,!1),["src","href","action","formAction"].forEach((function(e){g[e]=new v(e,1,!1,e.toLowerCase(),null,!0,!0)}));var x=r.__SECRET_INTERNALS_DO_NOT_USE_OR_YOU_WILL_BE_FIRED,w=60103,k=60106,S=60107,C=60108,E=60114,N=60109,P=60110,j=60112,O=60113,T=60120,L=60115,F=60116,z=60121,R=60128,M=60129,I=60130,A=60131;if("function"===typeof Symbol&&Symbol.for){var D=Symbol.for;w=D("react.element"),k=D("react.portal"),S=D("react.fragment"),C=D("react.strict_mode"),E=D("react.profiler"),N=D("react.provider"),P=D("react.context"),j=D("react.forward_ref"),O=D("react.suspense"),T=D("react.suspense_list"),L=D("react.memo"),F=D("react.lazy"),z=D("react.block"),D("react.scope"),R=D("react.opaque.id"),M=D("react.debug_trace_mode"),I=D("react.offscreen"),A=D("react.legacy_hidden")}var U,$="function"===typeof Symbol&&Symbol.iterator;function B(e){return null===e||"object"!==typeof e?null:"function"===typeof(e=$&&e[$]||e["@@iterator"])?e:null}function V(e){if(void 0===U)try{throw Error()}catch(n){var t=n.stack.trim().match(/\\n( *(at )?)/);U=t&&t[1]||""}return"\\n"+U+e}var W=!1;function H(e,t){if(!e||W)return"";W=!0;var n=Error.prepareStackTrace;Error.prepareStackTrace=void 0;try{if(t)if(t=function(){throw Error()},Object.defineProperty(t.prototype,"props",{set:function(){throw Error()}}),"object"===typeof Reflect&&Reflect.construct){try{Reflect.construct(t,[])}catch(u){var r=u}Reflect.construct(e,[],t)}else{try{t.call()}catch(u){r=u}e.call(t.prototype)}else{try{throw Error()}catch(u){r=u}e()}}catch(u){if(u&&r&&"string"===typeof u.stack){for(var a=u.stack.split("\\n"),o=r.stack.split("\\n"),l=a.length-1,i=o.length-1;1<=l&&0<=i&&a[l]!==o[i];)i--;for(;1<=l&&0<=i;l--,i--)if(a[l]!==o[i]){if(1!==l||1!==i)do{if(l--,0>--i||a[l]!==o[i])return"\\n"+a[l].replace(" at new "," at ")}while(1<=l&&0<=i);break}}}finally{W=!1,Error.prepareStackTrace=n}return(e=e?e.displayName||e.name:"")?V(e):""}function Q(e){switch(e.tag){case 5:return V(e.type);case 16:return V("Lazy");case 13:return V("Suspense");case 19:return V("SuspenseList");case 0:case 2:case 15:return e=H(e.type,!1);case 11:return e=H(e.type.render,!1);case 22:return e=H(e.type._render,!1);case 1:return e=H(e.type,!0);default:return""}}function q(e){if(null==e)return null;if("function"===typeof e)return e.displayName||e.name||null;if("string"===typeof e)return e;switch(e){case S:return"Fragment";case k:return"Portal";case E:return"Profiler";case C:return"StrictMode";case O:return"Suspense";case T:return"SuspenseList"}if("object"===typeof e)switch(e.$$typeof){case P:return(e.displayName||"Context")+".Consumer";case N:return(e._context.displayName||"Context")+".Provider";case j:var t=e.render;return t=t.displayName||t.name||"",e.displayName||(""!==t?"ForwardRef("+t+")":"ForwardRef");case L:return q(e.type);case z:return q(e._render);case F:t=e._payload,e=e._init;try{return q(e(t))}catch(n){}}return null}function K(e){switch(typeof e){case"boolean":case"number":case"object":case"string":case"undefined":return e;default:return""}}function Y(e){var t=e.type;return(e=e.nodeName)&&"input"===e.toLowerCase()&&("checkbox"===t||"radio"===t)}function X(e){e._valueTracker||(e._valueTracker=function(e){var t=Y(e)?"checked":"value",n=Object.getOwnPropertyDescriptor(e.constructor.prototype,t),r=""+e[t];if(!e.hasOwnProperty(t)&&"undefined"!==typeof n&&"function"===typeof n.get&&"function"===typeof n.set){var a=n.get,o=n.set;return Object.defineProperty(e,t,{configurable:!0,get:function(){return a.call(this)},set:function(e){r=""+e,o.call(this,e)}}),Object.defineProperty(e,t,{enumerable:n.enumerable}),{getValue:function(){return r},setValue:function(e){r=""+e},stopTracking:function(){e._valueTracker=null,delete e[t]}}}}(e))}function G(e){if(!e)return!1;var t=e._valueTracker;if(!t)return!0;var n=t.getValue(),r="";return e&&(r=Y(e)?e.checked?"true":"false":e.value),(e=r)!==n&&(t.setValue(e),!0)}function J(e){if("undefined"===typeof(e=e||("undefined"!==typeof document?document:void 0)))return null;try{return e.activeElement||e.body}catch(t){return e.body}}function Z(e,t){var n=t.checked;return a({},t,{defaultChecked:void 0,defaultValue:void 0,value:void 0,checked:null!=n?n:e._wrapperState.initialChecked})}function ee(e,t){var n=null==t.defaultValue?"":t.defaultValue,r=null!=t.checked?t.checked:t.defaultChecked;n=K(null!=t.value?t.value:n),e._wrapperState={initialChecked:r,initialValue:n,controlled:"checkbox"===t.type||"radio"===t.type?null!=t.checked:null!=t.value}}function te(e,t){null!=(t=t.checked)&&_(e,"checked",t,!1)}function ne(e,t){te(e,t);var n=K(t.value),r=t.type;if(null!=n)"number"===r?(0===n&&""===e.value||e.value!=n)&&(e.value=""+n):e.value!==""+n&&(e.value=""+n);else if("submit"===r||"reset"===r)return void e.removeAttribute("value");t.hasOwnProperty("value")?ae(e,t.type,n):t.hasOwnProperty("defaultValue")&&ae(e,t.type,K(t.defaultValue)),null==t.checked&&null!=t.defaultChecked&&(e.defaultChecked=!!t.defaultChecked)}function re(e,t,n){if(t.hasOwnProperty("value")||t.hasOwnProperty("defaultValue")){var r=t.type;if(!("submit"!==r&&"reset"!==r||void 0!==t.value&&null!==t.value))return;t=""+e._wrapperState.initialValue,n||t===e.value||(e.value=t),e.defaultValue=t}""!==(n=e.name)&&(e.name=""),e.defaultChecked=!!e._wrapperState.initialChecked,""!==n&&(e.name=n)}function ae(e,t,n){"number"===t&&J(e.ownerDocument)===e||(null==n?e.defaultValue=""+e._wrapperState.initialValue:e.defaultValue!==""+n&&(e.defaultValue=""+n))}function oe(e,t){return e=a({children:void 0},t),(t=function(e){var t="";return r.Children.forEach(e,(function(e){null!=e&&(t+=e)})),t}(t.children))&&(e.children=t),e}function le(e,t,n,r){if(e=e.options,t){t={};for(var a=0;a<n.length;a++)t["$"+n[a]]=!0;for(n=0;n<e.length;n++)a=t.hasOwnProperty("$"+e[n].value),e[n].selected!==a&&(e[n].selected=a),a&&r&&(e[n].defaultSelected=!0)}else{for(n=""+K(n),t=null,a=0;a<e.length;a++){if(e[a].value===n)return e[a].selected=!0,void(r&&(e[a].defaultSelected=!0));null!==t||e[a].disabled||(t=e[a])}null!==t&&(t.selected=!0)}}function ie(e,t){if(null!=t.dangerouslySetInnerHTML)throw Error(l(91));return a({},t,{value:void 0,defaultValue:void 0,children:""+e._wrapperState.initialValue})}function ue(e,t){var n=t.value;if(null==n){if(n=t.children,t=t.defaultValue,null!=n){if(null!=t)throw Error(l(92));if(Array.isArray(n)){if(!(1>=n.length))throw Error(l(93));n=n[0]}t=n}null==t&&(t=""),n=t}e._wrapperState={initialValue:K(n)}}function ce(e,t){var n=K(t.value),r=K(t.defaultValue);null!=n&&((n=""+n)!==e.value&&(e.value=n),null==t.defaultValue&&e.defaultValue!==n&&(e.defaultValue=n)),null!=r&&(e.defaultValue=""+r)}function se(e){var t=e.textContent;t===e._wrapperState.initialValue&&""!==t&&null!==t&&(e.value=t)}var fe="http://www.w3.org/1999/xhtml",de="http://www.w3.org/2000/svg";function pe(e){switch(e){case"svg":return"http://www.w3.org/2000/svg";case"math":return"http://www.w3.org/1998/Math/MathML";default:return"http://www.w3.org/1999/xhtml"}}function he(e,t){return null==e||"http://www.w3.org/1999/xhtml"===e?pe(t):"http://www.w3.org/2000/svg"===e&&"foreignObject"===t?"http://www.w3.org/1999/xhtml":e}var me,ve,ge=(ve=function(e,t){if(e.namespaceURI!==de||"innerHTML"in e)e.innerHTML=t;else{for((me=me||document.createElement("div")).innerHTML="<svg>"+t.valueOf().toString()+"</svg>",t=me.firstChild;e.firstChild;)e.removeChild(e.firstChild);for(;t.firstChild;)e.appendChild(t.firstChild)}},"undefined"!==typeof MSApp&&MSApp.execUnsafeLocalFunction?function(e,t,n,r){MSApp.execUnsafeLocalFunction((function(){return ve(e,t)}))}:ve);function ye(e,t){if(t){var n=e.firstChild;if(n&&n===e.lastChild&&3===n.nodeType)return void(n.nodeValue=t)}e.textContent=t}var be={animationIterationCount:!0,borderImageOutset:!0,borderImageSlice:!0,borderImageWidth:!0,boxFlex:!0,boxFlexGroup:!0,boxOrdinalGroup:!0,columnCount:!0,columns:!0,flex:!0,flexGrow:!0,flexPositive:!0,flexShrink:!0,flexNegative:!0,flexOrder:!0,gridArea:!0,gridRow:!0,gridRowEnd:!0,gridRowSpan:!0,gridRowStart:!0,gridColumn:!0,gridColumnEnd:!0,gridColumnSpan:!0,gridColumnStart:!0,fontWeight:!0,lineClamp:!0,lineHeight:!0,opacity:!0,order:!0,orphans:!0,tabSize:!0,widows:!0,zIndex:!0,zoom:!0,fillOpacity:!0,floodOpacity:!0,stopOpacity:!0,strokeDasharray:!0,strokeDashoffset:!0,strokeMiterlimit:!0,strokeOpacity:!0,strokeWidth:!0},_e=["Webkit","ms","Moz","O"];function xe(e,t,n){return null==t||"boolean"===typeof t||""===t?"":n||"number"!==typeof t||0===t||be.hasOwnProperty(e)&&be[e]?(""+t).trim():t+"px"}function we(e,t){for(var n in e=e.style,t)if(t.hasOwnProperty(n)){var r=0===n.indexOf("--"),a=xe(n,t[n],r);"float"===n&&(n="cssFloat"),r?e.setProperty(n,a):e[n]=a}}Object.keys(be).forEach((function(e){_e.forEach((function(t){t=t+e.charAt(0).toUpperCase()+e.substring(1),be[t]=be[e]}))}));var ke=a({menuitem:!0},{area:!0,base:!0,br:!0,col:!0,embed:!0,hr:!0,img:!0,input:!0,keygen:!0,link:!0,meta:!0,param:!0,source:!0,track:!0,wbr:!0});function Se(e,t){if(t){if(ke[e]&&(null!=t.children||null!=t.dangerouslySetInnerHTML))throw Error(l(137,e));if(null!=t.dangerouslySetInnerHTML){if(null!=t.children)throw Error(l(60));if("object"!==typeof t.dangerouslySetInnerHTML||!("__html"in t.dangerouslySetInnerHTML))throw Error(l(61))}if(null!=t.style&&"object"!==typeof t.style)throw Error(l(62))}}function Ce(e,t){if(-1===e.indexOf("-"))return"string"===typeof t.is;switch(e){case"annotation-xml":case"color-profile":case"font-face":case"font-face-src":case"font-face-uri":case"font-face-format":case"font-face-name":case"missing-glyph":return!1;default:return!0}}function Ee(e){return(e=e.target||e.srcElement||window).correspondingUseElement&&(e=e.correspondingUseElement),3===e.nodeType?e.parentNode:e}var Ne=null,Pe=null,je=null;function Oe(e){if(e=ra(e)){if("function"!==typeof Ne)throw Error(l(280));var t=e.stateNode;t&&(t=oa(t),Ne(e.stateNode,e.type,t))}}function Te(e){Pe?je?je.push(e):je=[e]:Pe=e}function Le(){if(Pe){var e=Pe,t=je;if(je=Pe=null,Oe(e),t)for(e=0;e<t.length;e++)Oe(t[e])}}function Fe(e,t){return e(t)}function ze(e,t,n,r,a){return e(t,n,r,a)}function Re(){}var Me=Fe,Ie=!1,Ae=!1;function De(){null===Pe&&null===je||(Re(),Le())}function Ue(e,t){var n=e.stateNode;if(null===n)return null;var r=oa(n);if(null===r)return null;n=r[t];e:switch(t){case"onClick":case"onClickCapture":case"onDoubleClick":case"onDoubleClickCapture":case"onMouseDown":case"onMouseDownCapture":case"onMouseMove":case"onMouseMoveCapture":case"onMouseUp":case"onMouseUpCapture":case"onMouseEnter":(r=!r.disabled)||(r=!("button"===(e=e.type)||"input"===e||"select"===e||"textarea"===e)),e=!r;break e;default:e=!1}if(e)return null;if(n&&"function"!==typeof n)throw Error(l(231,t,typeof n));return n}var $e=!1;if(f)try{var Be={};Object.defineProperty(Be,"passive",{get:function(){$e=!0}}),window.addEventListener("test",Be,Be),window.removeEventListener("test",Be,Be)}catch(ve){$e=!1}function Ve(e,t,n,r,a,o,l,i,u){var c=Array.prototype.slice.call(arguments,3);try{t.apply(n,c)}catch(s){this.onError(s)}}var We=!1,He=null,Qe=!1,qe=null,Ke={onError:function(e){We=!0,He=e}};function Ye(e,t,n,r,a,o,l,i,u){We=!1,He=null,Ve.apply(Ke,arguments)}function Xe(e){var t=e,n=e;if(e.alternate)for(;t.return;)t=t.return;else{e=t;do{0!==(1026&(t=e).flags)&&(n=t.return),e=t.return}while(e)}return 3===t.tag?n:null}function Ge(e){if(13===e.tag){var t=e.memoizedState;if(null===t&&(null!==(e=e.alternate)&&(t=e.memoizedState)),null!==t)return t.dehydrated}return null}function Je(e){if(Xe(e)!==e)throw Error(l(188))}function Ze(e){if(e=function(e){var t=e.alternate;if(!t){if(null===(t=Xe(e)))throw Error(l(188));return t!==e?null:e}for(var n=e,r=t;;){var a=n.return;if(null===a)break;var o=a.alternate;if(null===o){if(null!==(r=a.return)){n=r;continue}break}if(a.child===o.child){for(o=a.child;o;){if(o===n)return Je(a),e;if(o===r)return Je(a),t;o=o.sibling}throw Error(l(188))}if(n.return!==r.return)n=a,r=o;else{for(var i=!1,u=a.child;u;){if(u===n){i=!0,n=a,r=o;break}if(u===r){i=!0,r=a,n=o;break}u=u.sibling}if(!i){for(u=o.child;u;){if(u===n){i=!0,n=o,r=a;break}if(u===r){i=!0,r=o,n=a;break}u=u.sibling}if(!i)throw Error(l(189))}}if(n.alternate!==r)throw Error(l(190))}if(3!==n.tag)throw Error(l(188));return n.stateNode.current===n?e:t}(e),!e)return null;for(var t=e;;){if(5===t.tag||6===t.tag)return t;if(t.child)t.child.return=t,t=t.child;else{if(t===e)break;for(;!t.sibling;){if(!t.return||t.return===e)return null;t=t.return}t.sibling.return=t.return,t=t.sibling}}return null}function et(e,t){for(var n=e.alternate;null!==t;){if(t===e||t===n)return!0;t=t.return}return!1}var tt,nt,rt,at,ot=!1,lt=[],it=null,ut=null,ct=null,st=new Map,ft=new Map,dt=[],pt="mousedown mouseup touchcancel touchend touchstart auxclick dblclick pointercancel pointerdown pointerup dragend dragstart drop compositionend compositionstart keydown keypress keyup input textInput copy cut paste click change contextmenu reset submit".split(" ");function ht(e,t,n,r,a){return{blockedOn:e,domEventName:t,eventSystemFlags:16|n,nativeEvent:a,targetContainers:[r]}}function mt(e,t){switch(e){case"focusin":case"focusout":it=null;break;case"dragenter":case"dragleave":ut=null;break;case"mouseover":case"mouseout":ct=null;break;case"pointerover":case"pointerout":st.delete(t.pointerId);break;case"gotpointercapture":case"lostpointercapture":ft.delete(t.pointerId)}}function vt(e,t,n,r,a,o){return null===e||e.nativeEvent!==o?(e=ht(t,n,r,a,o),null!==t&&(null!==(t=ra(t))&&nt(t)),e):(e.eventSystemFlags|=r,t=e.targetContainers,null!==a&&-1===t.indexOf(a)&&t.push(a),e)}function gt(e){var t=na(e.target);if(null!==t){var n=Xe(t);if(null!==n)if(13===(t=n.tag)){if(null!==(t=Ge(n)))return e.blockedOn=t,void at(e.lanePriority,(function(){o.unstable_runWithPriority(e.priority,(function(){rt(n)}))}))}else if(3===t&&n.stateNode.hydrate)return void(e.blockedOn=3===n.tag?n.stateNode.containerInfo:null)}e.blockedOn=null}function yt(e){if(null!==e.blockedOn)return!1;for(var t=e.targetContainers;0<t.length;){var n=Zt(e.domEventName,e.eventSystemFlags,t[0],e.nativeEvent);if(null!==n)return null!==(t=ra(n))&&nt(t),e.blockedOn=n,!1;t.shift()}return!0}function bt(e,t,n){yt(e)&&n.delete(t)}function _t(){for(ot=!1;0<lt.length;){var e=lt[0];if(null!==e.blockedOn){null!==(e=ra(e.blockedOn))&&tt(e);break}for(var t=e.targetContainers;0<t.length;){var n=Zt(e.domEventName,e.eventSystemFlags,t[0],e.nativeEvent);if(null!==n){e.blockedOn=n;break}t.shift()}null===e.blockedOn&&lt.shift()}null!==it&&yt(it)&&(it=null),null!==ut&&yt(ut)&&(ut=null),null!==ct&&yt(ct)&&(ct=null),st.forEach(bt),ft.forEach(bt)}function xt(e,t){e.blockedOn===t&&(e.blockedOn=null,ot||(ot=!0,o.unstable_scheduleCallback(o.unstable_NormalPriority,_t)))}function wt(e){function t(t){return xt(t,e)}if(0<lt.length){xt(lt[0],e);for(var n=1;n<lt.length;n++){var r=lt[n];r.blockedOn===e&&(r.blockedOn=null)}}for(null!==it&&xt(it,e),null!==ut&&xt(ut,e),null!==ct&&xt(ct,e),st.forEach(t),ft.forEach(t),n=0;n<dt.length;n++)(r=dt[n]).blockedOn===e&&(r.blockedOn=null);for(;0<dt.length&&null===(n=dt[0]).blockedOn;)gt(n),null===n.blockedOn&&dt.shift()}function kt(e,t){var n={};return n[e.toLowerCase()]=t.toLowerCase(),n["Webkit"+e]="webkit"+t,n["Moz"+e]="moz"+t,n}var St={animationend:kt("Animation","AnimationEnd"),animationiteration:kt("Animation","AnimationIteration"),animationstart:kt("Animation","AnimationStart"),transitionend:kt("Transition","TransitionEnd")},Ct={},Et={};function Nt(e){if(Ct[e])return Ct[e];if(!St[e])return e;var t,n=St[e];for(t in n)if(n.hasOwnProperty(t)&&t in Et)return Ct[e]=n[t];return e}f&&(Et=document.createElement("div").style,"AnimationEvent"in window||(delete St.animationend.animation,delete St.animationiteration.animation,delete St.animationstart.animation),"TransitionEvent"in window||delete St.transitionend.transition);var Pt=Nt("animationend"),jt=Nt("animationiteration"),Ot=Nt("animationstart"),Tt=Nt("transitionend"),Lt=new Map,Ft=new Map,zt=["abort","abort",Pt,"animationEnd",jt,"animationIteration",Ot,"animationStart","canplay","canPlay","canplaythrough","canPlayThrough","durationchange","durationChange","emptied","emptied","encrypted","encrypted","ended","ended","error","error","gotpointercapture","gotPointerCapture","load","load","loadeddata","loadedData","loadedmetadata","loadedMetadata","loadstart","loadStart","lostpointercapture","lostPointerCapture","playing","playing","progress","progress","seeking","seeking","stalled","stalled","suspend","suspend","timeupdate","timeUpdate",Tt,"transitionEnd","waiting","waiting"];function Rt(e,t){for(var n=0;n<e.length;n+=2){var r=e[n],a=e[n+1];a="on"+(a[0].toUpperCase()+a.slice(1)),Ft.set(r,t),Lt.set(r,a),c(a,[r])}}(0,o.unstable_now)();var Mt=8;function It(e){if(0!==(1&e))return Mt=15,1;if(0!==(2&e))return Mt=14,2;if(0!==(4&e))return Mt=13,4;var t=24&e;return 0!==t?(Mt=12,t):0!==(32&e)?(Mt=11,32):0!==(t=192&e)?(Mt=10,t):0!==(256&e)?(Mt=9,256):0!==(t=3584&e)?(Mt=8,t):0!==(4096&e)?(Mt=7,4096):0!==(t=4186112&e)?(Mt=6,t):0!==(t=62914560&e)?(Mt=5,t):67108864&e?(Mt=4,67108864):0!==(134217728&e)?(Mt=3,134217728):0!==(t=805306368&e)?(Mt=2,t):0!==(1073741824&e)?(Mt=1,1073741824):(Mt=8,e)}function At(e,t){var n=e.pendingLanes;if(0===n)return Mt=0;var r=0,a=0,o=e.expiredLanes,l=e.suspendedLanes,i=e.pingedLanes;if(0!==o)r=o,a=Mt=15;else if(0!==(o=134217727&n)){var u=o&~l;0!==u?(r=It(u),a=Mt):0!==(i&=o)&&(r=It(i),a=Mt)}else 0!==(o=n&~l)?(r=It(o),a=Mt):0!==i&&(r=It(i),a=Mt);if(0===r)return 0;if(r=n&((0>(r=31-Wt(r))?0:1<<r)<<1)-1,0!==t&&t!==r&&0===(t&l)){if(It(t),a<=Mt)return t;Mt=a}if(0!==(t=e.entangledLanes))for(e=e.entanglements,t&=r;0<t;)a=1<<(n=31-Wt(t)),r|=e[n],t&=~a;return r}function Dt(e){return 0!==(e=-1073741825&e.pendingLanes)?e:1073741824&e?1073741824:0}function Ut(e,t){switch(e){case 15:return 1;case 14:return 2;case 12:return 0===(e=$t(24&~t))?Ut(10,t):e;case 10:return 0===(e=$t(192&~t))?Ut(8,t):e;case 8:return 0===(e=$t(3584&~t))&&(0===(e=$t(4186112&~t))&&(e=512)),e;case 2:return 0===(t=$t(805306368&~t))&&(t=268435456),t}throw Error(l(358,e))}function $t(e){return e&-e}function Bt(e){for(var t=[],n=0;31>n;n++)t.push(e);return t}function Vt(e,t,n){e.pendingLanes|=t;var r=t-1;e.suspendedLanes&=r,e.pingedLanes&=r,(e=e.eventTimes)[t=31-Wt(t)]=n}var Wt=Math.clz32?Math.clz32:function(e){return 0===e?32:31-(Ht(e)/Qt|0)|0},Ht=Math.log,Qt=Math.LN2;var qt=o.unstable_UserBlockingPriority,Kt=o.unstable_runWithPriority,Yt=!0;function Xt(e,t,n,r){Ie||Re();var a=Jt,o=Ie;Ie=!0;try{ze(a,e,t,n,r)}finally{(Ie=o)||De()}}function Gt(e,t,n,r){Kt(qt,Jt.bind(null,e,t,n,r))}function Jt(e,t,n,r){var a;if(Yt)if((a=0===(4&t))&&0<lt.length&&-1<pt.indexOf(e))e=ht(null,e,t,n,r),lt.push(e);else{var o=Zt(e,t,n,r);if(null===o)a&&mt(e,r);else{if(a){if(-1<pt.indexOf(e))return e=ht(o,e,t,n,r),void lt.push(e);if(function(e,t,n,r,a){switch(t){case"focusin":return it=vt(it,e,t,n,r,a),!0;case"dragenter":return ut=vt(ut,e,t,n,r,a),!0;case"mouseover":return ct=vt(ct,e,t,n,r,a),!0;case"pointerover":var o=a.pointerId;return st.set(o,vt(st.get(o)||null,e,t,n,r,a)),!0;case"gotpointercapture":return o=a.pointerId,ft.set(o,vt(ft.get(o)||null,e,t,n,r,a)),!0}return!1}(o,e,t,n,r))return;mt(e,r)}Rr(e,t,r,null,n)}}}function Zt(e,t,n,r){var a=Ee(r);if(null!==(a=na(a))){var o=Xe(a);if(null===o)a=null;else{var l=o.tag;if(13===l){if(null!==(a=Ge(o)))return a;a=null}else if(3===l){if(o.stateNode.hydrate)return 3===o.tag?o.stateNode.containerInfo:null;a=null}else o!==a&&(a=null)}}return Rr(e,t,r,a,n),null}var en=null,tn=null,nn=null;function rn(){if(nn)return nn;var e,t,n=tn,r=n.length,a="value"in en?en.value:en.textContent,o=a.length;for(e=0;e<r&&n[e]===a[e];e++);var l=r-e;for(t=1;t<=l&&n[r-t]===a[o-t];t++);return nn=a.slice(e,1<t?1-t:void 0)}function an(e){var t=e.keyCode;return"charCode"in e?0===(e=e.charCode)&&13===t&&(e=13):e=t,10===e&&(e=13),32<=e||13===e?e:0}function on(){return!0}function ln(){return!1}function un(e){function t(t,n,r,a,o){for(var l in this._reactName=t,this._targetInst=r,this.type=n,this.nativeEvent=a,this.target=o,this.currentTarget=null,e)e.hasOwnProperty(l)&&(t=e[l],this[l]=t?t(a):a[l]);return this.isDefaultPrevented=(null!=a.defaultPrevented?a.defaultPrevented:!1===a.returnValue)?on:ln,this.isPropagationStopped=ln,this}return a(t.prototype,{preventDefault:function(){this.defaultPrevented=!0;var e=this.nativeEvent;e&&(e.preventDefault?e.preventDefault():"unknown"!==typeof e.returnValue&&(e.returnValue=!1),this.isDefaultPrevented=on)},stopPropagation:function(){var e=this.nativeEvent;e&&(e.stopPropagation?e.stopPropagation():"unknown"!==typeof e.cancelBubble&&(e.cancelBubble=!0),this.isPropagationStopped=on)},persist:function(){},isPersistent:on}),t}var cn,sn,fn,dn={eventPhase:0,bubbles:0,cancelable:0,timeStamp:function(e){return e.timeStamp||Date.now()},defaultPrevented:0,isTrusted:0},pn=un(dn),hn=a({},dn,{view:0,detail:0}),mn=un(hn),vn=a({},hn,{screenX:0,screenY:0,clientX:0,clientY:0,pageX:0,pageY:0,ctrlKey:0,shiftKey:0,altKey:0,metaKey:0,getModifierState:Pn,button:0,buttons:0,relatedTarget:function(e){return void 0===e.relatedTarget?e.fromElement===e.srcElement?e.toElement:e.fromElement:e.relatedTarget},movementX:function(e){return"movementX"in e?e.movementX:(e!==fn&&(fn&&"mousemove"===e.type?(cn=e.screenX-fn.screenX,sn=e.screenY-fn.screenY):sn=cn=0,fn=e),cn)},movementY:function(e){return"movementY"in e?e.movementY:sn}}),gn=un(vn),yn=un(a({},vn,{dataTransfer:0})),bn=un(a({},hn,{relatedTarget:0})),_n=un(a({},dn,{animationName:0,elapsedTime:0,pseudoElement:0})),xn=a({},dn,{clipboardData:function(e){return"clipboardData"in e?e.clipboardData:window.clipboardData}}),wn=un(xn),kn=un(a({},dn,{data:0})),Sn={Esc:"Escape",Spacebar:" ",Left:"ArrowLeft",Up:"ArrowUp",Right:"ArrowRight",Down:"ArrowDown",Del:"Delete",Win:"OS",Menu:"ContextMenu",Apps:"ContextMenu",Scroll:"ScrollLock",MozPrintableKey:"Unidentified"},Cn={8:"Backspace",9:"Tab",12:"Clear",13:"Enter",16:"Shift",17:"Control",18:"Alt",19:"Pause",20:"CapsLock",27:"Escape",32:" ",33:"PageUp",34:"PageDown",35:"End",36:"Home",37:"ArrowLeft",38:"ArrowUp",39:"ArrowRight",40:"ArrowDown",45:"Insert",46:"Delete",112:"F1",113:"F2",114:"F3",115:"F4",116:"F5",117:"F6",118:"F7",119:"F8",120:"F9",121:"F10",122:"F11",123:"F12",144:"NumLock",145:"ScrollLock",224:"Meta"},En={Alt:"altKey",Control:"ctrlKey",Meta:"metaKey",Shift:"shiftKey"};function Nn(e){var t=this.nativeEvent;return t.getModifierState?t.getModifierState(e):!!(e=En[e])&&!!t[e]}function Pn(){return Nn}var jn=a({},hn,{key:function(e){if(e.key){var t=Sn[e.key]||e.key;if("Unidentified"!==t)return t}return"keypress"===e.type?13===(e=an(e))?"Enter":String.fromCharCode(e):"keydown"===e.type||"keyup"===e.type?Cn[e.keyCode]||"Unidentified":""},code:0,location:0,ctrlKey:0,shiftKey:0,altKey:0,metaKey:0,repeat:0,locale:0,getModifierState:Pn,charCode:function(e){return"keypress"===e.type?an(e):0},keyCode:function(e){return"keydown"===e.type||"keyup"===e.type?e.keyCode:0},which:function(e){return"keypress"===e.type?an(e):"keydown"===e.type||"keyup"===e.type?e.keyCode:0}}),On=un(jn),Tn=un(a({},vn,{pointerId:0,width:0,height:0,pressure:0,tangentialPressure:0,tiltX:0,tiltY:0,twist:0,pointerType:0,isPrimary:0})),Ln=un(a({},hn,{touches:0,targetTouches:0,changedTouches:0,altKey:0,metaKey:0,ctrlKey:0,shiftKey:0,getModifierState:Pn})),Fn=un(a({},dn,{propertyName:0,elapsedTime:0,pseudoElement:0})),zn=a({},vn,{deltaX:function(e){return"deltaX"in e?e.deltaX:"wheelDeltaX"in e?-e.wheelDeltaX:0},deltaY:function(e){return"deltaY"in e?e.deltaY:"wheelDeltaY"in e?-e.wheelDeltaY:"wheelDelta"in e?-e.wheelDelta:0},deltaZ:0,deltaMode:0}),Rn=un(zn),Mn=[9,13,27,32],In=f&&"CompositionEvent"in window,An=null;f&&"documentMode"in document&&(An=document.documentMode);var Dn=f&&"TextEvent"in window&&!An,Un=f&&(!In||An&&8<An&&11>=An),$n=String.fromCharCode(32),Bn=!1;function Vn(e,t){switch(e){case"keyup":return-1!==Mn.indexOf(t.keyCode);case"keydown":return 229!==t.keyCode;case"keypress":case"mousedown":case"focusout":return!0;default:return!1}}function Wn(e){return"object"===typeof(e=e.detail)&&"data"in e?e.data:null}var Hn=!1;var Qn={color:!0,date:!0,datetime:!0,"datetime-local":!0,email:!0,month:!0,number:!0,password:!0,range:!0,search:!0,tel:!0,text:!0,time:!0,url:!0,week:!0};function qn(e){var t=e&&e.nodeName&&e.nodeName.toLowerCase();return"input"===t?!!Qn[e.type]:"textarea"===t}function Kn(e,t,n,r){Te(r),0<(t=Ir(t,"onChange")).length&&(n=new pn("onChange","change",null,n,r),e.push({event:n,listeners:t}))}var Yn=null,Xn=null;function Gn(e){jr(e,0)}function Jn(e){if(G(aa(e)))return e}function Zn(e,t){if("change"===e)return t}var er=!1;if(f){var tr;if(f){var nr="oninput"in document;if(!nr){var rr=document.createElement("div");rr.setAttribute("oninput","return;"),nr="function"===typeof rr.oninput}tr=nr}else tr=!1;er=tr&&(!document.documentMode||9<document.documentMode)}function ar(){Yn&&(Yn.detachEvent("onpropertychange",or),Xn=Yn=null)}function or(e){if("value"===e.propertyName&&Jn(Xn)){var t=[];if(Kn(t,Xn,e,Ee(e)),e=Gn,Ie)e(t);else{Ie=!0;try{Fe(e,t)}finally{Ie=!1,De()}}}}function lr(e,t,n){"focusin"===e?(ar(),Xn=n,(Yn=t).attachEvent("onpropertychange",or)):"focusout"===e&&ar()}function ir(e){if("selectionchange"===e||"keyup"===e||"keydown"===e)return Jn(Xn)}function ur(e,t){if("click"===e)return Jn(t)}function cr(e,t){if("input"===e||"change"===e)return Jn(t)}var sr="function"===typeof Object.is?Object.is:function(e,t){return e===t&&(0!==e||1/e===1/t)||e!==e&&t!==t},fr=Object.prototype.hasOwnProperty;function dr(e,t){if(sr(e,t))return!0;if("object"!==typeof e||null===e||"object"!==typeof t||null===t)return!1;var n=Object.keys(e),r=Object.keys(t);if(n.length!==r.length)return!1;for(r=0;r<n.length;r++)if(!fr.call(t,n[r])||!sr(e[n[r]],t[n[r]]))return!1;return!0}function pr(e){for(;e&&e.firstChild;)e=e.firstChild;return e}function hr(e,t){var n,r=pr(e);for(e=0;r;){if(3===r.nodeType){if(n=e+r.textContent.length,e<=t&&n>=t)return{node:r,offset:t-e};e=n}e:{for(;r;){if(r.nextSibling){r=r.nextSibling;break e}r=r.parentNode}r=void 0}r=pr(r)}}function mr(e,t){return!(!e||!t)&&(e===t||(!e||3!==e.nodeType)&&(t&&3===t.nodeType?mr(e,t.parentNode):"contains"in e?e.contains(t):!!e.compareDocumentPosition&&!!(16&e.compareDocumentPosition(t))))}function vr(){for(var e=window,t=J();t instanceof e.HTMLIFrameElement;){try{var n="string"===typeof t.contentWindow.location.href}catch(r){n=!1}if(!n)break;t=J((e=t.contentWindow).document)}return t}function gr(e){var t=e&&e.nodeName&&e.nodeName.toLowerCase();return t&&("input"===t&&("text"===e.type||"search"===e.type||"tel"===e.type||"url"===e.type||"password"===e.type)||"textarea"===t||"true"===e.contentEditable)}var yr=f&&"documentMode"in document&&11>=document.documentMode,br=null,_r=null,xr=null,wr=!1;function kr(e,t,n){var r=n.window===n?n.document:9===n.nodeType?n:n.ownerDocument;wr||null==br||br!==J(r)||("selectionStart"in(r=br)&&gr(r)?r={start:r.selectionStart,end:r.selectionEnd}:r={anchorNode:(r=(r.ownerDocument&&r.ownerDocument.defaultView||window).getSelection()).anchorNode,anchorOffset:r.anchorOffset,focusNode:r.focusNode,focusOffset:r.focusOffset},xr&&dr(xr,r)||(xr=r,0<(r=Ir(_r,"onSelect")).length&&(t=new pn("onSelect","select",null,t,n),e.push({event:t,listeners:r}),t.target=br)))}Rt("cancel cancel click click close close contextmenu contextMenu copy copy cut cut auxclick auxClick dblclick doubleClick dragend dragEnd dragstart dragStart drop drop focusin focus focusout blur input input invalid invalid keydown keyDown keypress keyPress keyup keyUp mousedown mouseDown mouseup mouseUp paste paste pause pause play play pointercancel pointerCancel pointerdown pointerDown pointerup pointerUp ratechange rateChange reset reset seeked seeked submit submit touchcancel touchCancel touchend touchEnd touchstart touchStart volumechange volumeChange".split(" "),0),Rt("drag drag dragenter dragEnter dragexit dragExit dragleave dragLeave dragover dragOver mousemove mouseMove mouseout mouseOut mouseover mouseOver pointermove pointerMove pointerout pointerOut pointerover pointerOver scroll scroll toggle toggle touchmove touchMove wheel wheel".split(" "),1),Rt(zt,2);for(var Sr="change selectionchange textInput compositionstart compositionend compositionupdate".split(" "),Cr=0;Cr<Sr.length;Cr++)Ft.set(Sr[Cr],0);s("onMouseEnter",["mouseout","mouseover"]),s("onMouseLeave",["mouseout","mouseover"]),s("onPointerEnter",["pointerout","pointerover"]),s("onPointerLeave",["pointerout","pointerover"]),c("onChange","change click focusin focusout input keydown keyup selectionchange".split(" ")),c("onSelect","focusout contextmenu dragend focusin keydown keyup mousedown mouseup selectionchange".split(" ")),c("onBeforeInput",["compositionend","keypress","textInput","paste"]),c("onCompositionEnd","compositionend focusout keydown keypress keyup mousedown".split(" ")),c("onCompositionStart","compositionstart focusout keydown keypress keyup mousedown".split(" ")),c("onCompositionUpdate","compositionupdate focusout keydown keypress keyup mousedown".split(" "));var Er="abort canplay canplaythrough durationchange emptied encrypted ended error loadeddata loadedmetadata loadstart pause play playing progress ratechange seeked seeking stalled suspend timeupdate volumechange waiting".split(" "),Nr=new Set("cancel close invalid load scroll toggle".split(" ").concat(Er));function Pr(e,t,n){var r=e.type||"unknown-event";e.currentTarget=n,function(e,t,n,r,a,o,i,u,c){if(Ye.apply(this,arguments),We){if(!We)throw Error(l(198));var s=He;We=!1,He=null,Qe||(Qe=!0,qe=s)}}(r,t,void 0,e),e.currentTarget=null}function jr(e,t){t=0!==(4&t);for(var n=0;n<e.length;n++){var r=e[n],a=r.event;r=r.listeners;e:{var o=void 0;if(t)for(var l=r.length-1;0<=l;l--){var i=r[l],u=i.instance,c=i.currentTarget;if(i=i.listener,u!==o&&a.isPropagationStopped())break e;Pr(a,i,c),o=u}else for(l=0;l<r.length;l++){if(u=(i=r[l]).instance,c=i.currentTarget,i=i.listener,u!==o&&a.isPropagationStopped())break e;Pr(a,i,c),o=u}}}if(Qe)throw e=qe,Qe=!1,qe=null,e}function Or(e,t){var n=la(t),r=e+"__bubble";n.has(r)||(zr(t,e,2,!1),n.add(r))}var Tr="_reactListening"+Math.random().toString(36).slice(2);function Lr(e){e[Tr]||(e[Tr]=!0,i.forEach((function(t){Nr.has(t)||Fr(t,!1,e,null),Fr(t,!0,e,null)})))}function Fr(e,t,n,r){var a=4<arguments.length&&void 0!==arguments[4]?arguments[4]:0,o=n;if("selectionchange"===e&&9!==n.nodeType&&(o=n.ownerDocument),null!==r&&!t&&Nr.has(e)){if("scroll"!==e)return;a|=2,o=r}var l=la(o),i=e+"__"+(t?"capture":"bubble");l.has(i)||(t&&(a|=4),zr(o,e,a,t),l.add(i))}function zr(e,t,n,r){var a=Ft.get(t);switch(void 0===a?2:a){case 0:a=Xt;break;case 1:a=Gt;break;default:a=Jt}n=a.bind(null,t,n,e),a=void 0,!$e||"touchstart"!==t&&"touchmove"!==t&&"wheel"!==t||(a=!0),r?void 0!==a?e.addEventListener(t,n,{capture:!0,passive:a}):e.addEventListener(t,n,!0):void 0!==a?e.addEventListener(t,n,{passive:a}):e.addEventListener(t,n,!1)}function Rr(e,t,n,r,a){var o=r;if(0===(1&t)&&0===(2&t)&&null!==r)e:for(;;){if(null===r)return;var l=r.tag;if(3===l||4===l){var i=r.stateNode.containerInfo;if(i===a||8===i.nodeType&&i.parentNode===a)break;if(4===l)for(l=r.return;null!==l;){var u=l.tag;if((3===u||4===u)&&((u=l.stateNode.containerInfo)===a||8===u.nodeType&&u.parentNode===a))return;l=l.return}for(;null!==i;){if(null===(l=na(i)))return;if(5===(u=l.tag)||6===u){r=o=l;continue e}i=i.parentNode}}r=r.return}!function(e,t,n){if(Ae)return e(t,n);Ae=!0;try{Me(e,t,n)}finally{Ae=!1,De()}}((function(){var r=o,a=Ee(n),l=[];e:{var i=Lt.get(e);if(void 0!==i){var u=pn,c=e;switch(e){case"keypress":if(0===an(n))break e;case"keydown":case"keyup":u=On;break;case"focusin":c="focus",u=bn;break;case"focusout":c="blur",u=bn;break;case"beforeblur":case"afterblur":u=bn;break;case"click":if(2===n.button)break e;case"auxclick":case"dblclick":case"mousedown":case"mousemove":case"mouseup":case"mouseout":case"mouseover":case"contextmenu":u=gn;break;case"drag":case"dragend":case"dragenter":case"dragexit":case"dragleave":case"dragover":case"dragstart":case"drop":u=yn;break;case"touchcancel":case"touchend":case"touchmove":case"touchstart":u=Ln;break;case Pt:case jt:case Ot:u=_n;break;case Tt:u=Fn;break;case"scroll":u=mn;break;case"wheel":u=Rn;break;case"copy":case"cut":case"paste":u=wn;break;case"gotpointercapture":case"lostpointercapture":case"pointercancel":case"pointerdown":case"pointermove":case"pointerout":case"pointerover":case"pointerup":u=Tn}var s=0!==(4&t),f=!s&&"scroll"===e,d=s?null!==i?i+"Capture":null:i;s=[];for(var p,h=r;null!==h;){var m=(p=h).stateNode;if(5===p.tag&&null!==m&&(p=m,null!==d&&(null!=(m=Ue(h,d))&&s.push(Mr(h,m,p)))),f)break;h=h.return}0<s.length&&(i=new u(i,c,null,n,a),l.push({event:i,listeners:s}))}}if(0===(7&t)){if(u="mouseout"===e||"pointerout"===e,(!(i="mouseover"===e||"pointerover"===e)||0!==(16&t)||!(c=n.relatedTarget||n.fromElement)||!na(c)&&!c[ea])&&(u||i)&&(i=a.window===a?a:(i=a.ownerDocument)?i.defaultView||i.parentWindow:window,u?(u=r,null!==(c=(c=n.relatedTarget||n.toElement)?na(c):null)&&(c!==(f=Xe(c))||5!==c.tag&&6!==c.tag)&&(c=null)):(u=null,c=r),u!==c)){if(s=gn,m="onMouseLeave",d="onMouseEnter",h="mouse","pointerout"!==e&&"pointerover"!==e||(s=Tn,m="onPointerLeave",d="onPointerEnter",h="pointer"),f=null==u?i:aa(u),p=null==c?i:aa(c),(i=new s(m,h+"leave",u,n,a)).target=f,i.relatedTarget=p,m=null,na(a)===r&&((s=new s(d,h+"enter",c,n,a)).target=p,s.relatedTarget=f,m=s),f=m,u&&c)e:{for(d=c,h=0,p=s=u;p;p=Ar(p))h++;for(p=0,m=d;m;m=Ar(m))p++;for(;0<h-p;)s=Ar(s),h--;for(;0<p-h;)d=Ar(d),p--;for(;h--;){if(s===d||null!==d&&s===d.alternate)break e;s=Ar(s),d=Ar(d)}s=null}else s=null;null!==u&&Dr(l,i,u,s,!1),null!==c&&null!==f&&Dr(l,f,c,s,!0)}if("select"===(u=(i=r?aa(r):window).nodeName&&i.nodeName.toLowerCase())||"input"===u&&"file"===i.type)var v=Zn;else if(qn(i))if(er)v=cr;else{v=ir;var g=lr}else(u=i.nodeName)&&"input"===u.toLowerCase()&&("checkbox"===i.type||"radio"===i.type)&&(v=ur);switch(v&&(v=v(e,r))?Kn(l,v,n,a):(g&&g(e,i,r),"focusout"===e&&(g=i._wrapperState)&&g.controlled&&"number"===i.type&&ae(i,"number",i.value)),g=r?aa(r):window,e){case"focusin":(qn(g)||"true"===g.contentEditable)&&(br=g,_r=r,xr=null);break;case"focusout":xr=_r=br=null;break;case"mousedown":wr=!0;break;case"contextmenu":case"mouseup":case"dragend":wr=!1,kr(l,n,a);break;case"selectionchange":if(yr)break;case"keydown":case"keyup":kr(l,n,a)}var y;if(In)e:{switch(e){case"compositionstart":var b="onCompositionStart";break e;case"compositionend":b="onCompositionEnd";break e;case"compositionupdate":b="onCompositionUpdate";break e}b=void 0}else Hn?Vn(e,n)&&(b="onCompositionEnd"):"keydown"===e&&229===n.keyCode&&(b="onCompositionStart");b&&(Un&&"ko"!==n.locale&&(Hn||"onCompositionStart"!==b?"onCompositionEnd"===b&&Hn&&(y=rn()):(tn="value"in(en=a)?en.value:en.textContent,Hn=!0)),0<(g=Ir(r,b)).length&&(b=new kn(b,e,null,n,a),l.push({event:b,listeners:g}),y?b.data=y:null!==(y=Wn(n))&&(b.data=y))),(y=Dn?function(e,t){switch(e){case"compositionend":return Wn(t);case"keypress":return 32!==t.which?null:(Bn=!0,$n);case"textInput":return(e=t.data)===$n&&Bn?null:e;default:return null}}(e,n):function(e,t){if(Hn)return"compositionend"===e||!In&&Vn(e,t)?(e=rn(),nn=tn=en=null,Hn=!1,e):null;switch(e){case"paste":default:return null;case"keypress":if(!(t.ctrlKey||t.altKey||t.metaKey)||t.ctrlKey&&t.altKey){if(t.char&&1<t.char.length)return t.char;if(t.which)return String.fromCharCode(t.which)}return null;case"compositionend":return Un&&"ko"!==t.locale?null:t.data}}(e,n))&&(0<(r=Ir(r,"onBeforeInput")).length&&(a=new kn("onBeforeInput","beforeinput",null,n,a),l.push({event:a,listeners:r}),a.data=y))}jr(l,t)}))}function Mr(e,t,n){return{instance:e,listener:t,currentTarget:n}}function Ir(e,t){for(var n=t+"Capture",r=[];null!==e;){var a=e,o=a.stateNode;5===a.tag&&null!==o&&(a=o,null!=(o=Ue(e,n))&&r.unshift(Mr(e,o,a)),null!=(o=Ue(e,t))&&r.push(Mr(e,o,a))),e=e.return}return r}function Ar(e){if(null===e)return null;do{e=e.return}while(e&&5!==e.tag);return e||null}function Dr(e,t,n,r,a){for(var o=t._reactName,l=[];null!==n&&n!==r;){var i=n,u=i.alternate,c=i.stateNode;if(null!==u&&u===r)break;5===i.tag&&null!==c&&(i=c,a?null!=(u=Ue(n,o))&&l.unshift(Mr(n,u,i)):a||null!=(u=Ue(n,o))&&l.push(Mr(n,u,i))),n=n.return}0!==l.length&&e.push({event:t,listeners:l})}function Ur(){}var $r=null,Br=null;function Vr(e,t){switch(e){case"button":case"input":case"select":case"textarea":return!!t.autoFocus}return!1}function Wr(e,t){return"textarea"===e||"option"===e||"noscript"===e||"string"===typeof t.children||"number"===typeof t.children||"object"===typeof t.dangerouslySetInnerHTML&&null!==t.dangerouslySetInnerHTML&&null!=t.dangerouslySetInnerHTML.__html}var Hr="function"===typeof setTimeout?setTimeout:void 0,Qr="function"===typeof clearTimeout?clearTimeout:void 0;function qr(e){1===e.nodeType?e.textContent="":9===e.nodeType&&(null!=(e=e.body)&&(e.textContent=""))}function Kr(e){for(;null!=e;e=e.nextSibling){var t=e.nodeType;if(1===t||3===t)break}return e}function Yr(e){e=e.previousSibling;for(var t=0;e;){if(8===e.nodeType){var n=e.data;if("$"===n||"$!"===n||"$?"===n){if(0===t)return e;t--}else"/$"===n&&t++}e=e.previousSibling}return null}var Xr=0;var Gr=Math.random().toString(36).slice(2),Jr="__reactFiber$"+Gr,Zr="__reactProps$"+Gr,ea="__reactContainer$"+Gr,ta="__reactEvents$"+Gr;function na(e){var t=e[Jr];if(t)return t;for(var n=e.parentNode;n;){if(t=n[ea]||n[Jr]){if(n=t.alternate,null!==t.child||null!==n&&null!==n.child)for(e=Yr(e);null!==e;){if(n=e[Jr])return n;e=Yr(e)}return t}n=(e=n).parentNode}return null}function ra(e){return!(e=e[Jr]||e[ea])||5!==e.tag&&6!==e.tag&&13!==e.tag&&3!==e.tag?null:e}function aa(e){if(5===e.tag||6===e.tag)return e.stateNode;throw Error(l(33))}function oa(e){return e[Zr]||null}function la(e){var t=e[ta];return void 0===t&&(t=e[ta]=new Set),t}var ia=[],ua=-1;function ca(e){return{current:e}}function sa(e){0>ua||(e.current=ia[ua],ia[ua]=null,ua--)}function fa(e,t){ua++,ia[ua]=e.current,e.current=t}var da={},pa=ca(da),ha=ca(!1),ma=da;function va(e,t){var n=e.type.contextTypes;if(!n)return da;var r=e.stateNode;if(r&&r.__reactInternalMemoizedUnmaskedChildContext===t)return r.__reactInternalMemoizedMaskedChildContext;var a,o={};for(a in n)o[a]=t[a];return r&&((e=e.stateNode).__reactInternalMemoizedUnmaskedChildContext=t,e.__reactInternalMemoizedMaskedChildContext=o),o}function ga(e){return null!==(e=e.childContextTypes)&&void 0!==e}function ya(){sa(ha),sa(pa)}function ba(e,t,n){if(pa.current!==da)throw Error(l(168));fa(pa,t),fa(ha,n)}function _a(e,t,n){var r=e.stateNode;if(e=t.childContextTypes,"function"!==typeof r.getChildContext)return n;for(var o in r=r.getChildContext())if(!(o in e))throw Error(l(108,q(t)||"Unknown",o));return a({},n,r)}function xa(e){return e=(e=e.stateNode)&&e.__reactInternalMemoizedMergedChildContext||da,ma=pa.current,fa(pa,e),fa(ha,ha.current),!0}function wa(e,t,n){var r=e.stateNode;if(!r)throw Error(l(169));n?(e=_a(e,t,ma),r.__reactInternalMemoizedMergedChildContext=e,sa(ha),sa(pa),fa(pa,e)):sa(ha),fa(ha,n)}var ka=null,Sa=null,Ca=o.unstable_runWithPriority,Ea=o.unstable_scheduleCallback,Na=o.unstable_cancelCallback,Pa=o.unstable_shouldYield,ja=o.unstable_requestPaint,Oa=o.unstable_now,Ta=o.unstable_getCurrentPriorityLevel,La=o.unstable_ImmediatePriority,Fa=o.unstable_UserBlockingPriority,za=o.unstable_NormalPriority,Ra=o.unstable_LowPriority,Ma=o.unstable_IdlePriority,Ia={},Aa=void 0!==ja?ja:function(){},Da=null,Ua=null,$a=!1,Ba=Oa(),Va=1e4>Ba?Oa:function(){return Oa()-Ba};function Wa(){switch(Ta()){case La:return 99;case Fa:return 98;case za:return 97;case Ra:return 96;case Ma:return 95;default:throw Error(l(332))}}function Ha(e){switch(e){case 99:return La;case 98:return Fa;case 97:return za;case 96:return Ra;case 95:return Ma;default:throw Error(l(332))}}function Qa(e,t){return e=Ha(e),Ca(e,t)}function qa(e,t,n){return e=Ha(e),Ea(e,t,n)}function Ka(){if(null!==Ua){var e=Ua;Ua=null,Na(e)}Ya()}function Ya(){if(!$a&&null!==Da){$a=!0;var e=0;try{var t=Da;Qa(99,(function(){for(;e<t.length;e++){var n=t[e];do{n=n(!0)}while(null!==n)}})),Da=null}catch(n){throw null!==Da&&(Da=Da.slice(e+1)),Ea(La,Ka),n}finally{$a=!1}}}var Xa=x.ReactCurrentBatchConfig;function Ga(e,t){if(e&&e.defaultProps){for(var n in t=a({},t),e=e.defaultProps)void 0===t[n]&&(t[n]=e[n]);return t}return t}var Ja=ca(null),Za=null,eo=null,to=null;function no(){to=eo=Za=null}function ro(e){var t=Ja.current;sa(Ja),e.type._context._currentValue=t}function ao(e,t){for(;null!==e;){var n=e.alternate;if((e.childLanes&t)===t){if(null===n||(n.childLanes&t)===t)break;n.childLanes|=t}else e.childLanes|=t,null!==n&&(n.childLanes|=t);e=e.return}}function oo(e,t){Za=e,to=eo=null,null!==(e=e.dependencies)&&null!==e.firstContext&&(0!==(e.lanes&t)&&(Il=!0),e.firstContext=null)}function lo(e,t){if(to!==e&&!1!==t&&0!==t)if("number"===typeof t&&1073741823!==t||(to=e,t=1073741823),t={context:e,observedBits:t,next:null},null===eo){if(null===Za)throw Error(l(308));eo=t,Za.dependencies={lanes:0,firstContext:t,responders:null}}else eo=eo.next=t;return e._currentValue}var io=!1;function uo(e){e.updateQueue={baseState:e.memoizedState,firstBaseUpdate:null,lastBaseUpdate:null,shared:{pending:null},effects:null}}function co(e,t){e=e.updateQueue,t.updateQueue===e&&(t.updateQueue={baseState:e.baseState,firstBaseUpdate:e.firstBaseUpdate,lastBaseUpdate:e.lastBaseUpdate,shared:e.shared,effects:e.effects})}function so(e,t){return{eventTime:e,lane:t,tag:0,payload:null,callback:null,next:null}}function fo(e,t){if(null!==(e=e.updateQueue)){var n=(e=e.shared).pending;null===n?t.next=t:(t.next=n.next,n.next=t),e.pending=t}}function po(e,t){var n=e.updateQueue,r=e.alternate;if(null!==r&&n===(r=r.updateQueue)){var a=null,o=null;if(null!==(n=n.firstBaseUpdate)){do{var l={eventTime:n.eventTime,lane:n.lane,tag:n.tag,payload:n.payload,callback:n.callback,next:null};null===o?a=o=l:o=o.next=l,n=n.next}while(null!==n);null===o?a=o=t:o=o.next=t}else a=o=t;return n={baseState:r.baseState,firstBaseUpdate:a,lastBaseUpdate:o,shared:r.shared,effects:r.effects},void(e.updateQueue=n)}null===(e=n.lastBaseUpdate)?n.firstBaseUpdate=t:e.next=t,n.lastBaseUpdate=t}function ho(e,t,n,r){var o=e.updateQueue;io=!1;var l=o.firstBaseUpdate,i=o.lastBaseUpdate,u=o.shared.pending;if(null!==u){o.shared.pending=null;var c=u,s=c.next;c.next=null,null===i?l=s:i.next=s,i=c;var f=e.alternate;if(null!==f){var d=(f=f.updateQueue).lastBaseUpdate;d!==i&&(null===d?f.firstBaseUpdate=s:d.next=s,f.lastBaseUpdate=c)}}if(null!==l){for(d=o.baseState,i=0,f=s=c=null;;){u=l.lane;var p=l.eventTime;if((r&u)===u){null!==f&&(f=f.next={eventTime:p,lane:0,tag:l.tag,payload:l.payload,callback:l.callback,next:null});e:{var h=e,m=l;switch(u=t,p=n,m.tag){case 1:if("function"===typeof(h=m.payload)){d=h.call(p,d,u);break e}d=h;break e;case 3:h.flags=-4097&h.flags|64;case 0:if(null===(u="function"===typeof(h=m.payload)?h.call(p,d,u):h)||void 0===u)break e;d=a({},d,u);break e;case 2:io=!0}}null!==l.callback&&(e.flags|=32,null===(u=o.effects)?o.effects=[l]:u.push(l))}else p={eventTime:p,lane:u,tag:l.tag,payload:l.payload,callback:l.callback,next:null},null===f?(s=f=p,c=d):f=f.next=p,i|=u;if(null===(l=l.next)){if(null===(u=o.shared.pending))break;l=u.next,u.next=null,o.lastBaseUpdate=u,o.shared.pending=null}}null===f&&(c=d),o.baseState=c,o.firstBaseUpdate=s,o.lastBaseUpdate=f,$i|=i,e.lanes=i,e.memoizedState=d}}function mo(e,t,n){if(e=t.effects,t.effects=null,null!==e)for(t=0;t<e.length;t++){var r=e[t],a=r.callback;if(null!==a){if(r.callback=null,r=n,"function"!==typeof a)throw Error(l(191,a));a.call(r)}}}var vo=(new r.Component).refs;function go(e,t,n,r){n=null===(n=n(r,t=e.memoizedState))||void 0===n?t:a({},t,n),e.memoizedState=n,0===e.lanes&&(e.updateQueue.baseState=n)}var yo={isMounted:function(e){return!!(e=e._reactInternals)&&Xe(e)===e},enqueueSetState:function(e,t,n){e=e._reactInternals;var r=du(),a=pu(e),o=so(r,a);o.payload=t,void 0!==n&&null!==n&&(o.callback=n),fo(e,o),hu(e,a,r)},enqueueReplaceState:function(e,t,n){e=e._reactInternals;var r=du(),a=pu(e),o=so(r,a);o.tag=1,o.payload=t,void 0!==n&&null!==n&&(o.callback=n),fo(e,o),hu(e,a,r)},enqueueForceUpdate:function(e,t){e=e._reactInternals;var n=du(),r=pu(e),a=so(n,r);a.tag=2,void 0!==t&&null!==t&&(a.callback=t),fo(e,a),hu(e,r,n)}};function bo(e,t,n,r,a,o,l){return"function"===typeof(e=e.stateNode).shouldComponentUpdate?e.shouldComponentUpdate(r,o,l):!t.prototype||!t.prototype.isPureReactComponent||(!dr(n,r)||!dr(a,o))}function _o(e,t,n){var r=!1,a=da,o=t.contextType;return"object"===typeof o&&null!==o?o=lo(o):(a=ga(t)?ma:pa.current,o=(r=null!==(r=t.contextTypes)&&void 0!==r)?va(e,a):da),t=new t(n,o),e.memoizedState=null!==t.state&&void 0!==t.state?t.state:null,t.updater=yo,e.stateNode=t,t._reactInternals=e,r&&((e=e.stateNode).__reactInternalMemoizedUnmaskedChildContext=a,e.__reactInternalMemoizedMaskedChildContext=o),t}function xo(e,t,n,r){e=t.state,"function"===typeof t.componentWillReceiveProps&&t.componentWillReceiveProps(n,r),"function"===typeof t.UNSAFE_componentWillReceiveProps&&t.UNSAFE_componentWillReceiveProps(n,r),t.state!==e&&yo.enqueueReplaceState(t,t.state,null)}function wo(e,t,n,r){var a=e.stateNode;a.props=n,a.state=e.memoizedState,a.refs=vo,uo(e);var o=t.contextType;"object"===typeof o&&null!==o?a.context=lo(o):(o=ga(t)?ma:pa.current,a.context=va(e,o)),ho(e,n,a,r),a.state=e.memoizedState,"function"===typeof(o=t.getDerivedStateFromProps)&&(go(e,t,o,n),a.state=e.memoizedState),"function"===typeof t.getDerivedStateFromProps||"function"===typeof a.getSnapshotBeforeUpdate||"function"!==typeof a.UNSAFE_componentWillMount&&"function"!==typeof a.componentWillMount||(t=a.state,"function"===typeof a.componentWillMount&&a.componentWillMount(),"function"===typeof a.UNSAFE_componentWillMount&&a.UNSAFE_componentWillMount(),t!==a.state&&yo.enqueueReplaceState(a,a.state,null),ho(e,n,a,r),a.state=e.memoizedState),"function"===typeof a.componentDidMount&&(e.flags|=4)}var ko=Array.isArray;function So(e,t,n){if(null!==(e=n.ref)&&"function"!==typeof e&&"object"!==typeof e){if(n._owner){if(n=n._owner){if(1!==n.tag)throw Error(l(309));var r=n.stateNode}if(!r)throw Error(l(147,e));var a=""+e;return null!==t&&null!==t.ref&&"function"===typeof t.ref&&t.ref._stringRef===a?t.ref:(t=function(e){var t=r.refs;t===vo&&(t=r.refs={}),null===e?delete t[a]:t[a]=e},t._stringRef=a,t)}if("string"!==typeof e)throw Error(l(284));if(!n._owner)throw Error(l(290,e))}return e}function Co(e,t){if("textarea"!==e.type)throw Error(l(31,"[object Object]"===Object.prototype.toString.call(t)?"object with keys {"+Object.keys(t).join(", ")+"}":t))}function Eo(e){function t(t,n){if(e){var r=t.lastEffect;null!==r?(r.nextEffect=n,t.lastEffect=n):t.firstEffect=t.lastEffect=n,n.nextEffect=null,n.flags=8}}function n(n,r){if(!e)return null;for(;null!==r;)t(n,r),r=r.sibling;return null}function r(e,t){for(e=new Map;null!==t;)null!==t.key?e.set(t.key,t):e.set(t.index,t),t=t.sibling;return e}function a(e,t){return(e=Qu(e,t)).index=0,e.sibling=null,e}function o(t,n,r){return t.index=r,e?null!==(r=t.alternate)?(r=r.index)<n?(t.flags=2,n):r:(t.flags=2,n):n}function i(t){return e&&null===t.alternate&&(t.flags=2),t}function u(e,t,n,r){return null===t||6!==t.tag?((t=Xu(n,e.mode,r)).return=e,t):((t=a(t,n)).return=e,t)}function c(e,t,n,r){return null!==t&&t.elementType===n.type?((r=a(t,n.props)).ref=So(e,t,n),r.return=e,r):((r=qu(n.type,n.key,n.props,null,e.mode,r)).ref=So(e,t,n),r.return=e,r)}function s(e,t,n,r){return null===t||4!==t.tag||t.stateNode.containerInfo!==n.containerInfo||t.stateNode.implementation!==n.implementation?((t=Gu(n,e.mode,r)).return=e,t):((t=a(t,n.children||[])).return=e,t)}function f(e,t,n,r,o){return null===t||7!==t.tag?((t=Ku(n,e.mode,r,o)).return=e,t):((t=a(t,n)).return=e,t)}function d(e,t,n){if("string"===typeof t||"number"===typeof t)return(t=Xu(""+t,e.mode,n)).return=e,t;if("object"===typeof t&&null!==t){switch(t.$$typeof){case w:return(n=qu(t.type,t.key,t.props,null,e.mode,n)).ref=So(e,null,t),n.return=e,n;case k:return(t=Gu(t,e.mode,n)).return=e,t}if(ko(t)||B(t))return(t=Ku(t,e.mode,n,null)).return=e,t;Co(e,t)}return null}function p(e,t,n,r){var a=null!==t?t.key:null;if("string"===typeof n||"number"===typeof n)return null!==a?null:u(e,t,""+n,r);if("object"===typeof n&&null!==n){switch(n.$$typeof){case w:return n.key===a?n.type===S?f(e,t,n.props.children,r,a):c(e,t,n,r):null;case k:return n.key===a?s(e,t,n,r):null}if(ko(n)||B(n))return null!==a?null:f(e,t,n,r,null);Co(e,n)}return null}function h(e,t,n,r,a){if("string"===typeof r||"number"===typeof r)return u(t,e=e.get(n)||null,""+r,a);if("object"===typeof r&&null!==r){switch(r.$$typeof){case w:return e=e.get(null===r.key?n:r.key)||null,r.type===S?f(t,e,r.props.children,a,r.key):c(t,e,r,a);case k:return s(t,e=e.get(null===r.key?n:r.key)||null,r,a)}if(ko(r)||B(r))return f(t,e=e.get(n)||null,r,a,null);Co(t,r)}return null}function m(a,l,i,u){for(var c=null,s=null,f=l,m=l=0,v=null;null!==f&&m<i.length;m++){f.index>m?(v=f,f=null):v=f.sibling;var g=p(a,f,i[m],u);if(null===g){null===f&&(f=v);break}e&&f&&null===g.alternate&&t(a,f),l=o(g,l,m),null===s?c=g:s.sibling=g,s=g,f=v}if(m===i.length)return n(a,f),c;if(null===f){for(;m<i.length;m++)null!==(f=d(a,i[m],u))&&(l=o(f,l,m),null===s?c=f:s.sibling=f,s=f);return c}for(f=r(a,f);m<i.length;m++)null!==(v=h(f,a,m,i[m],u))&&(e&&null!==v.alternate&&f.delete(null===v.key?m:v.key),l=o(v,l,m),null===s?c=v:s.sibling=v,s=v);return e&&f.forEach((function(e){return t(a,e)})),c}function v(a,i,u,c){var s=B(u);if("function"!==typeof s)throw Error(l(150));if(null==(u=s.call(u)))throw Error(l(151));for(var f=s=null,m=i,v=i=0,g=null,y=u.next();null!==m&&!y.done;v++,y=u.next()){m.index>v?(g=m,m=null):g=m.sibling;var b=p(a,m,y.value,c);if(null===b){null===m&&(m=g);break}e&&m&&null===b.alternate&&t(a,m),i=o(b,i,v),null===f?s=b:f.sibling=b,f=b,m=g}if(y.done)return n(a,m),s;if(null===m){for(;!y.done;v++,y=u.next())null!==(y=d(a,y.value,c))&&(i=o(y,i,v),null===f?s=y:f.sibling=y,f=y);return s}for(m=r(a,m);!y.done;v++,y=u.next())null!==(y=h(m,a,v,y.value,c))&&(e&&null!==y.alternate&&m.delete(null===y.key?v:y.key),i=o(y,i,v),null===f?s=y:f.sibling=y,f=y);return e&&m.forEach((function(e){return t(a,e)})),s}return function(e,r,o,u){var c="object"===typeof o&&null!==o&&o.type===S&&null===o.key;c&&(o=o.props.children);var s="object"===typeof o&&null!==o;if(s)switch(o.$$typeof){case w:e:{for(s=o.key,c=r;null!==c;){if(c.key===s){if(7===c.tag){if(o.type===S){n(e,c.sibling),(r=a(c,o.props.children)).return=e,e=r;break e}}else if(c.elementType===o.type){n(e,c.sibling),(r=a(c,o.props)).ref=So(e,c,o),r.return=e,e=r;break e}n(e,c);break}t(e,c),c=c.sibling}o.type===S?((r=Ku(o.props.children,e.mode,u,o.key)).return=e,e=r):((u=qu(o.type,o.key,o.props,null,e.mode,u)).ref=So(e,r,o),u.return=e,e=u)}return i(e);case k:e:{for(c=o.key;null!==r;){if(r.key===c){if(4===r.tag&&r.stateNode.containerInfo===o.containerInfo&&r.stateNode.implementation===o.implementation){n(e,r.sibling),(r=a(r,o.children||[])).return=e,e=r;break e}n(e,r);break}t(e,r),r=r.sibling}(r=Gu(o,e.mode,u)).return=e,e=r}return i(e)}if("string"===typeof o||"number"===typeof o)return o=""+o,null!==r&&6===r.tag?(n(e,r.sibling),(r=a(r,o)).return=e,e=r):(n(e,r),(r=Xu(o,e.mode,u)).return=e,e=r),i(e);if(ko(o))return m(e,r,o,u);if(B(o))return v(e,r,o,u);if(s&&Co(e,o),"undefined"===typeof o&&!c)switch(e.tag){case 1:case 22:case 0:case 11:case 15:throw Error(l(152,q(e.type)||"Component"))}return n(e,r)}}var No=Eo(!0),Po=Eo(!1),jo={},Oo=ca(jo),To=ca(jo),Lo=ca(jo);function Fo(e){if(e===jo)throw Error(l(174));return e}function zo(e,t){switch(fa(Lo,t),fa(To,e),fa(Oo,jo),e=t.nodeType){case 9:case 11:t=(t=t.documentElement)?t.namespaceURI:he(null,"");break;default:t=he(t=(e=8===e?t.parentNode:t).namespaceURI||null,e=e.tagName)}sa(Oo),fa(Oo,t)}function Ro(){sa(Oo),sa(To),sa(Lo)}function Mo(e){Fo(Lo.current);var t=Fo(Oo.current),n=he(t,e.type);t!==n&&(fa(To,e),fa(Oo,n))}function Io(e){To.current===e&&(sa(Oo),sa(To))}var Ao=ca(0);function Do(e){for(var t=e;null!==t;){if(13===t.tag){var n=t.memoizedState;if(null!==n&&(null===(n=n.dehydrated)||"$?"===n.data||"$!"===n.data))return t}else if(19===t.tag&&void 0!==t.memoizedProps.revealOrder){if(0!==(64&t.flags))return t}else if(null!==t.child){t.child.return=t,t=t.child;continue}if(t===e)break;for(;null===t.sibling;){if(null===t.return||t.return===e)return null;t=t.return}t.sibling.return=t.return,t=t.sibling}return null}var Uo=null,$o=null,Bo=!1;function Vo(e,t){var n=Wu(5,null,null,0);n.elementType="DELETED",n.type="DELETED",n.stateNode=t,n.return=e,n.flags=8,null!==e.lastEffect?(e.lastEffect.nextEffect=n,e.lastEffect=n):e.firstEffect=e.lastEffect=n}function Wo(e,t){switch(e.tag){case 5:var n=e.type;return null!==(t=1!==t.nodeType||n.toLowerCase()!==t.nodeName.toLowerCase()?null:t)&&(e.stateNode=t,!0);case 6:return null!==(t=""===e.pendingProps||3!==t.nodeType?null:t)&&(e.stateNode=t,!0);default:return!1}}function Ho(e){if(Bo){var t=$o;if(t){var n=t;if(!Wo(e,t)){if(!(t=Kr(n.nextSibling))||!Wo(e,t))return e.flags=-1025&e.flags|2,Bo=!1,void(Uo=e);Vo(Uo,n)}Uo=e,$o=Kr(t.firstChild)}else e.flags=-1025&e.flags|2,Bo=!1,Uo=e}}function Qo(e){for(e=e.return;null!==e&&5!==e.tag&&3!==e.tag&&13!==e.tag;)e=e.return;Uo=e}function qo(e){if(e!==Uo)return!1;if(!Bo)return Qo(e),Bo=!0,!1;var t=e.type;if(5!==e.tag||"head"!==t&&"body"!==t&&!Wr(t,e.memoizedProps))for(t=$o;t;)Vo(e,t),t=Kr(t.nextSibling);if(Qo(e),13===e.tag){if(!(e=null!==(e=e.memoizedState)?e.dehydrated:null))throw Error(l(317));e:{for(e=e.nextSibling,t=0;e;){if(8===e.nodeType){var n=e.data;if("/$"===n){if(0===t){$o=Kr(e.nextSibling);break e}t--}else"$"!==n&&"$!"!==n&&"$?"!==n||t++}e=e.nextSibling}$o=null}}else $o=Uo?Kr(e.stateNode.nextSibling):null;return!0}function Ko(){$o=Uo=null,Bo=!1}var Yo=[];function Xo(){for(var e=0;e<Yo.length;e++)Yo[e]._workInProgressVersionPrimary=null;Yo.length=0}var Go=x.ReactCurrentDispatcher,Jo=x.ReactCurrentBatchConfig,Zo=0,el=null,tl=null,nl=null,rl=!1,al=!1;function ol(){throw Error(l(321))}function ll(e,t){if(null===t)return!1;for(var n=0;n<t.length&&n<e.length;n++)if(!sr(e[n],t[n]))return!1;return!0}function il(e,t,n,r,a,o){if(Zo=o,el=t,t.memoizedState=null,t.updateQueue=null,t.lanes=0,Go.current=null===e||null===e.memoizedState?Fl:zl,e=n(r,a),al){o=0;do{if(al=!1,!(25>o))throw Error(l(301));o+=1,nl=tl=null,t.updateQueue=null,Go.current=Rl,e=n(r,a)}while(al)}if(Go.current=Ll,t=null!==tl&&null!==tl.next,Zo=0,nl=tl=el=null,rl=!1,t)throw Error(l(300));return e}function ul(){var e={memoizedState:null,baseState:null,baseQueue:null,queue:null,next:null};return null===nl?el.memoizedState=nl=e:nl=nl.next=e,nl}function cl(){if(null===tl){var e=el.alternate;e=null!==e?e.memoizedState:null}else e=tl.next;var t=null===nl?el.memoizedState:nl.next;if(null!==t)nl=t,tl=e;else{if(null===e)throw Error(l(310));e={memoizedState:(tl=e).memoizedState,baseState:tl.baseState,baseQueue:tl.baseQueue,queue:tl.queue,next:null},null===nl?el.memoizedState=nl=e:nl=nl.next=e}return nl}function sl(e,t){return"function"===typeof t?t(e):t}function fl(e){var t=cl(),n=t.queue;if(null===n)throw Error(l(311));n.lastRenderedReducer=e;var r=tl,a=r.baseQueue,o=n.pending;if(null!==o){if(null!==a){var i=a.next;a.next=o.next,o.next=i}r.baseQueue=a=o,n.pending=null}if(null!==a){a=a.next,r=r.baseState;var u=i=o=null,c=a;do{var s=c.lane;if((Zo&s)===s)null!==u&&(u=u.next={lane:0,action:c.action,eagerReducer:c.eagerReducer,eagerState:c.eagerState,next:null}),r=c.eagerReducer===e?c.eagerState:e(r,c.action);else{var f={lane:s,action:c.action,eagerReducer:c.eagerReducer,eagerState:c.eagerState,next:null};null===u?(i=u=f,o=r):u=u.next=f,el.lanes|=s,$i|=s}c=c.next}while(null!==c&&c!==a);null===u?o=r:u.next=i,sr(r,t.memoizedState)||(Il=!0),t.memoizedState=r,t.baseState=o,t.baseQueue=u,n.lastRenderedState=r}return[t.memoizedState,n.dispatch]}function dl(e){var t=cl(),n=t.queue;if(null===n)throw Error(l(311));n.lastRenderedReducer=e;var r=n.dispatch,a=n.pending,o=t.memoizedState;if(null!==a){n.pending=null;var i=a=a.next;do{o=e(o,i.action),i=i.next}while(i!==a);sr(o,t.memoizedState)||(Il=!0),t.memoizedState=o,null===t.baseQueue&&(t.baseState=o),n.lastRenderedState=o}return[o,r]}function pl(e,t,n){var r=t._getVersion;r=r(t._source);var a=t._workInProgressVersionPrimary;if(null!==a?e=a===r:(e=e.mutableReadLanes,(e=(Zo&e)===e)&&(t._workInProgressVersionPrimary=r,Yo.push(t))),e)return n(t._source);throw Yo.push(t),Error(l(350))}function hl(e,t,n,r){var a=Fi;if(null===a)throw Error(l(349));var o=t._getVersion,i=o(t._source),u=Go.current,c=u.useState((function(){return pl(a,t,n)})),s=c[1],f=c[0];c=nl;var d=e.memoizedState,p=d.refs,h=p.getSnapshot,m=d.source;d=d.subscribe;var v=el;return e.memoizedState={refs:p,source:t,subscribe:r},u.useEffect((function(){p.getSnapshot=n,p.setSnapshot=s;var e=o(t._source);if(!sr(i,e)){e=n(t._source),sr(f,e)||(s(e),e=pu(v),a.mutableReadLanes|=e&a.pendingLanes),e=a.mutableReadLanes,a.entangledLanes|=e;for(var r=a.entanglements,l=e;0<l;){var u=31-Wt(l),c=1<<u;r[u]|=e,l&=~c}}}),[n,t,r]),u.useEffect((function(){return r(t._source,(function(){var e=p.getSnapshot,n=p.setSnapshot;try{n(e(t._source));var r=pu(v);a.mutableReadLanes|=r&a.pendingLanes}catch(o){n((function(){throw o}))}}))}),[t,r]),sr(h,n)&&sr(m,t)&&sr(d,r)||((e={pending:null,dispatch:null,lastRenderedReducer:sl,lastRenderedState:f}).dispatch=s=Tl.bind(null,el,e),c.queue=e,c.baseQueue=null,f=pl(a,t,n),c.memoizedState=c.baseState=f),f}function ml(e,t,n){return hl(cl(),e,t,n)}function vl(e){var t=ul();return"function"===typeof e&&(e=e()),t.memoizedState=t.baseState=e,e=(e=t.queue={pending:null,dispatch:null,lastRenderedReducer:sl,lastRenderedState:e}).dispatch=Tl.bind(null,el,e),[t.memoizedState,e]}function gl(e,t,n,r){return e={tag:e,create:t,destroy:n,deps:r,next:null},null===(t=el.updateQueue)?(t={lastEffect:null},el.updateQueue=t,t.lastEffect=e.next=e):null===(n=t.lastEffect)?t.lastEffect=e.next=e:(r=n.next,n.next=e,e.next=r,t.lastEffect=e),e}function yl(e){return e={current:e},ul().memoizedState=e}function bl(){return cl().memoizedState}function _l(e,t,n,r){var a=ul();el.flags|=e,a.memoizedState=gl(1|t,n,void 0,void 0===r?null:r)}function xl(e,t,n,r){var a=cl();r=void 0===r?null:r;var o=void 0;if(null!==tl){var l=tl.memoizedState;if(o=l.destroy,null!==r&&ll(r,l.deps))return void gl(t,n,o,r)}el.flags|=e,a.memoizedState=gl(1|t,n,o,r)}function wl(e,t){return _l(516,4,e,t)}function kl(e,t){return xl(516,4,e,t)}function Sl(e,t){return xl(4,2,e,t)}function Cl(e,t){return"function"===typeof t?(e=e(),t(e),function(){t(null)}):null!==t&&void 0!==t?(e=e(),t.current=e,function(){t.current=null}):void 0}function El(e,t,n){return n=null!==n&&void 0!==n?n.concat([e]):null,xl(4,2,Cl.bind(null,t,e),n)}function Nl(){}function Pl(e,t){var n=cl();t=void 0===t?null:t;var r=n.memoizedState;return null!==r&&null!==t&&ll(t,r[1])?r[0]:(n.memoizedState=[e,t],e)}function jl(e,t){var n=cl();t=void 0===t?null:t;var r=n.memoizedState;return null!==r&&null!==t&&ll(t,r[1])?r[0]:(e=e(),n.memoizedState=[e,t],e)}function Ol(e,t){var n=Wa();Qa(98>n?98:n,(function(){e(!0)})),Qa(97<n?97:n,(function(){var n=Jo.transition;Jo.transition=1;try{e(!1),t()}finally{Jo.transition=n}}))}function Tl(e,t,n){var r=du(),a=pu(e),o={lane:a,action:n,eagerReducer:null,eagerState:null,next:null},l=t.pending;if(null===l?o.next=o:(o.next=l.next,l.next=o),t.pending=o,l=e.alternate,e===el||null!==l&&l===el)al=rl=!0;else{if(0===e.lanes&&(null===l||0===l.lanes)&&null!==(l=t.lastRenderedReducer))try{var i=t.lastRenderedState,u=l(i,n);if(o.eagerReducer=l,o.eagerState=u,sr(u,i))return}catch(c){}hu(e,a,r)}}var Ll={readContext:lo,useCallback:ol,useContext:ol,useEffect:ol,useImperativeHandle:ol,useLayoutEffect:ol,useMemo:ol,useReducer:ol,useRef:ol,useState:ol,useDebugValue:ol,useDeferredValue:ol,useTransition:ol,useMutableSource:ol,useOpaqueIdentifier:ol,unstable_isNewReconciler:!1},Fl={readContext:lo,useCallback:function(e,t){return ul().memoizedState=[e,void 0===t?null:t],e},useContext:lo,useEffect:wl,useImperativeHandle:function(e,t,n){return n=null!==n&&void 0!==n?n.concat([e]):null,_l(4,2,Cl.bind(null,t,e),n)},useLayoutEffect:function(e,t){return _l(4,2,e,t)},useMemo:function(e,t){var n=ul();return t=void 0===t?null:t,e=e(),n.memoizedState=[e,t],e},useReducer:function(e,t,n){var r=ul();return t=void 0!==n?n(t):t,r.memoizedState=r.baseState=t,e=(e=r.queue={pending:null,dispatch:null,lastRenderedReducer:e,lastRenderedState:t}).dispatch=Tl.bind(null,el,e),[r.memoizedState,e]},useRef:yl,useState:vl,useDebugValue:Nl,useDeferredValue:function(e){var t=vl(e),n=t[0],r=t[1];return wl((function(){var t=Jo.transition;Jo.transition=1;try{r(e)}finally{Jo.transition=t}}),[e]),n},useTransition:function(){var e=vl(!1),t=e[0];return yl(e=Ol.bind(null,e[1])),[e,t]},useMutableSource:function(e,t,n){var r=ul();return r.memoizedState={refs:{getSnapshot:t,setSnapshot:null},source:e,subscribe:n},hl(r,e,t,n)},useOpaqueIdentifier:function(){if(Bo){var e=!1,t=function(e){return{$$typeof:R,toString:e,valueOf:e}}((function(){throw e||(e=!0,n("r:"+(Xr++).toString(36))),Error(l(355))})),n=vl(t)[1];return 0===(2&el.mode)&&(el.flags|=516,gl(5,(function(){n("r:"+(Xr++).toString(36))}),void 0,null)),t}return vl(t="r:"+(Xr++).toString(36)),t},unstable_isNewReconciler:!1},zl={readContext:lo,useCallback:Pl,useContext:lo,useEffect:kl,useImperativeHandle:El,useLayoutEffect:Sl,useMemo:jl,useReducer:fl,useRef:bl,useState:function(){return fl(sl)},useDebugValue:Nl,useDeferredValue:function(e){var t=fl(sl),n=t[0],r=t[1];return kl((function(){var t=Jo.transition;Jo.transition=1;try{r(e)}finally{Jo.transition=t}}),[e]),n},useTransition:function(){var e=fl(sl)[0];return[bl().current,e]},useMutableSource:ml,useOpaqueIdentifier:function(){return fl(sl)[0]},unstable_isNewReconciler:!1},Rl={readContext:lo,useCallback:Pl,useContext:lo,useEffect:kl,useImperativeHandle:El,useLayoutEffect:Sl,useMemo:jl,useReducer:dl,useRef:bl,useState:function(){return dl(sl)},useDebugValue:Nl,useDeferredValue:function(e){var t=dl(sl),n=t[0],r=t[1];return kl((function(){var t=Jo.transition;Jo.transition=1;try{r(e)}finally{Jo.transition=t}}),[e]),n},useTransition:function(){var e=dl(sl)[0];return[bl().current,e]},useMutableSource:ml,useOpaqueIdentifier:function(){return dl(sl)[0]},unstable_isNewReconciler:!1},Ml=x.ReactCurrentOwner,Il=!1;function Al(e,t,n,r){t.child=null===e?Po(t,null,n,r):No(t,e.child,n,r)}function Dl(e,t,n,r,a){n=n.render;var o=t.ref;return oo(t,a),r=il(e,t,n,r,o,a),null===e||Il?(t.flags|=1,Al(e,t,r,a),t.child):(t.updateQueue=e.updateQueue,t.flags&=-517,e.lanes&=~a,oi(e,t,a))}function Ul(e,t,n,r,a,o){if(null===e){var l=n.type;return"function"!==typeof l||Hu(l)||void 0!==l.defaultProps||null!==n.compare||void 0!==n.defaultProps?((e=qu(n.type,null,r,t,t.mode,o)).ref=t.ref,e.return=t,t.child=e):(t.tag=15,t.type=l,$l(e,t,l,r,a,o))}return l=e.child,0===(a&o)&&(a=l.memoizedProps,(n=null!==(n=n.compare)?n:dr)(a,r)&&e.ref===t.ref)?oi(e,t,o):(t.flags|=1,(e=Qu(l,r)).ref=t.ref,e.return=t,t.child=e)}function $l(e,t,n,r,a,o){if(null!==e&&dr(e.memoizedProps,r)&&e.ref===t.ref){if(Il=!1,0===(o&a))return t.lanes=e.lanes,oi(e,t,o);0!==(16384&e.flags)&&(Il=!0)}return Wl(e,t,n,r,o)}function Bl(e,t,n){var r=t.pendingProps,a=r.children,o=null!==e?e.memoizedState:null;if("hidden"===r.mode||"unstable-defer-without-hiding"===r.mode)if(0===(4&t.mode))t.memoizedState={baseLanes:0},wu(t,n);else{if(0===(1073741824&n))return e=null!==o?o.baseLanes|n:n,t.lanes=t.childLanes=1073741824,t.memoizedState={baseLanes:e},wu(t,e),null;t.memoizedState={baseLanes:0},wu(t,null!==o?o.baseLanes:n)}else null!==o?(r=o.baseLanes|n,t.memoizedState=null):r=n,wu(t,r);return Al(e,t,a,n),t.child}function Vl(e,t){var n=t.ref;(null===e&&null!==n||null!==e&&e.ref!==n)&&(t.flags|=128)}function Wl(e,t,n,r,a){var o=ga(n)?ma:pa.current;return o=va(t,o),oo(t,a),n=il(e,t,n,r,o,a),null===e||Il?(t.flags|=1,Al(e,t,n,a),t.child):(t.updateQueue=e.updateQueue,t.flags&=-517,e.lanes&=~a,oi(e,t,a))}function Hl(e,t,n,r,a){if(ga(n)){var o=!0;xa(t)}else o=!1;if(oo(t,a),null===t.stateNode)null!==e&&(e.alternate=null,t.alternate=null,t.flags|=2),_o(t,n,r),wo(t,n,r,a),r=!0;else if(null===e){var l=t.stateNode,i=t.memoizedProps;l.props=i;var u=l.context,c=n.contextType;"object"===typeof c&&null!==c?c=lo(c):c=va(t,c=ga(n)?ma:pa.current);var s=n.getDerivedStateFromProps,f="function"===typeof s||"function"===typeof l.getSnapshotBeforeUpdate;f||"function"!==typeof l.UNSAFE_componentWillReceiveProps&&"function"!==typeof l.componentWillReceiveProps||(i!==r||u!==c)&&xo(t,l,r,c),io=!1;var d=t.memoizedState;l.state=d,ho(t,r,l,a),u=t.memoizedState,i!==r||d!==u||ha.current||io?("function"===typeof s&&(go(t,n,s,r),u=t.memoizedState),(i=io||bo(t,n,i,r,d,u,c))?(f||"function"!==typeof l.UNSAFE_componentWillMount&&"function"!==typeof l.componentWillMount||("function"===typeof l.componentWillMount&&l.componentWillMount(),"function"===typeof l.UNSAFE_componentWillMount&&l.UNSAFE_componentWillMount()),"function"===typeof l.componentDidMount&&(t.flags|=4)):("function"===typeof l.componentDidMount&&(t.flags|=4),t.memoizedProps=r,t.memoizedState=u),l.props=r,l.state=u,l.context=c,r=i):("function"===typeof l.componentDidMount&&(t.flags|=4),r=!1)}else{l=t.stateNode,co(e,t),i=t.memoizedProps,c=t.type===t.elementType?i:Ga(t.type,i),l.props=c,f=t.pendingProps,d=l.context,"object"===typeof(u=n.contextType)&&null!==u?u=lo(u):u=va(t,u=ga(n)?ma:pa.current);var p=n.getDerivedStateFromProps;(s="function"===typeof p||"function"===typeof l.getSnapshotBeforeUpdate)||"function"!==typeof l.UNSAFE_componentWillReceiveProps&&"function"!==typeof l.componentWillReceiveProps||(i!==f||d!==u)&&xo(t,l,r,u),io=!1,d=t.memoizedState,l.state=d,ho(t,r,l,a);var h=t.memoizedState;i!==f||d!==h||ha.current||io?("function"===typeof p&&(go(t,n,p,r),h=t.memoizedState),(c=io||bo(t,n,c,r,d,h,u))?(s||"function"!==typeof l.UNSAFE_componentWillUpdate&&"function"!==typeof l.componentWillUpdate||("function"===typeof l.componentWillUpdate&&l.componentWillUpdate(r,h,u),"function"===typeof l.UNSAFE_componentWillUpdate&&l.UNSAFE_componentWillUpdate(r,h,u)),"function"===typeof l.componentDidUpdate&&(t.flags|=4),"function"===typeof l.getSnapshotBeforeUpdate&&(t.flags|=256)):("function"!==typeof l.componentDidUpdate||i===e.memoizedProps&&d===e.memoizedState||(t.flags|=4),"function"!==typeof l.getSnapshotBeforeUpdate||i===e.memoizedProps&&d===e.memoizedState||(t.flags|=256),t.memoizedProps=r,t.memoizedState=h),l.props=r,l.state=h,l.context=u,r=c):("function"!==typeof l.componentDidUpdate||i===e.memoizedProps&&d===e.memoizedState||(t.flags|=4),"function"!==typeof l.getSnapshotBeforeUpdate||i===e.memoizedProps&&d===e.memoizedState||(t.flags|=256),r=!1)}return Ql(e,t,n,r,o,a)}function Ql(e,t,n,r,a,o){Vl(e,t);var l=0!==(64&t.flags);if(!r&&!l)return a&&wa(t,n,!1),oi(e,t,o);r=t.stateNode,Ml.current=t;var i=l&&"function"!==typeof n.getDerivedStateFromError?null:r.render();return t.flags|=1,null!==e&&l?(t.child=No(t,e.child,null,o),t.child=No(t,null,i,o)):Al(e,t,i,o),t.memoizedState=r.state,a&&wa(t,n,!0),t.child}function ql(e){var t=e.stateNode;t.pendingContext?ba(0,t.pendingContext,t.pendingContext!==t.context):t.context&&ba(0,t.context,!1),zo(e,t.containerInfo)}var Kl,Yl,Xl,Gl={dehydrated:null,retryLane:0};function Jl(e,t,n){var r,a=t.pendingProps,o=Ao.current,l=!1;return(r=0!==(64&t.flags))||(r=(null===e||null!==e.memoizedState)&&0!==(2&o)),r?(l=!0,t.flags&=-65):null!==e&&null===e.memoizedState||void 0===a.fallback||!0===a.unstable_avoidThisFallback||(o|=1),fa(Ao,1&o),null===e?(void 0!==a.fallback&&Ho(t),e=a.children,o=a.fallback,l?(e=Zl(t,e,o,n),t.child.memoizedState={baseLanes:n},t.memoizedState=Gl,e):"number"===typeof a.unstable_expectedLoadTime?(e=Zl(t,e,o,n),t.child.memoizedState={baseLanes:n},t.memoizedState=Gl,t.lanes=33554432,e):((n=Yu({mode:"visible",children:e},t.mode,n,null)).return=t,t.child=n)):(e.memoizedState,l?(a=ti(e,t,a.children,a.fallback,n),l=t.child,o=e.child.memoizedState,l.memoizedState=null===o?{baseLanes:n}:{baseLanes:o.baseLanes|n},l.childLanes=e.childLanes&~n,t.memoizedState=Gl,a):(n=ei(e,t,a.children,n),t.memoizedState=null,n))}function Zl(e,t,n,r){var a=e.mode,o=e.child;return t={mode:"hidden",children:t},0===(2&a)&&null!==o?(o.childLanes=0,o.pendingProps=t):o=Yu(t,a,0,null),n=Ku(n,a,r,null),o.return=e,n.return=e,o.sibling=n,e.child=o,n}function ei(e,t,n,r){var a=e.child;return e=a.sibling,n=Qu(a,{mode:"visible",children:n}),0===(2&t.mode)&&(n.lanes=r),n.return=t,n.sibling=null,null!==e&&(e.nextEffect=null,e.flags=8,t.firstEffect=t.lastEffect=e),t.child=n}function ti(e,t,n,r,a){var o=t.mode,l=e.child;e=l.sibling;var i={mode:"hidden",children:n};return 0===(2&o)&&t.child!==l?((n=t.child).childLanes=0,n.pendingProps=i,null!==(l=n.lastEffect)?(t.firstEffect=n.firstEffect,t.lastEffect=l,l.nextEffect=null):t.firstEffect=t.lastEffect=null):n=Qu(l,i),null!==e?r=Qu(e,r):(r=Ku(r,o,a,null)).flags|=2,r.return=t,n.return=t,n.sibling=r,t.child=n,r}function ni(e,t){e.lanes|=t;var n=e.alternate;null!==n&&(n.lanes|=t),ao(e.return,t)}function ri(e,t,n,r,a,o){var l=e.memoizedState;null===l?e.memoizedState={isBackwards:t,rendering:null,renderingStartTime:0,last:r,tail:n,tailMode:a,lastEffect:o}:(l.isBackwards=t,l.rendering=null,l.renderingStartTime=0,l.last=r,l.tail=n,l.tailMode=a,l.lastEffect=o)}function ai(e,t,n){var r=t.pendingProps,a=r.revealOrder,o=r.tail;if(Al(e,t,r.children,n),0!==(2&(r=Ao.current)))r=1&r|2,t.flags|=64;else{if(null!==e&&0!==(64&e.flags))e:for(e=t.child;null!==e;){if(13===e.tag)null!==e.memoizedState&&ni(e,n);else if(19===e.tag)ni(e,n);else if(null!==e.child){e.child.return=e,e=e.child;continue}if(e===t)break e;for(;null===e.sibling;){if(null===e.return||e.return===t)break e;e=e.return}e.sibling.return=e.return,e=e.sibling}r&=1}if(fa(Ao,r),0===(2&t.mode))t.memoizedState=null;else switch(a){case"forwards":for(n=t.child,a=null;null!==n;)null!==(e=n.alternate)&&null===Do(e)&&(a=n),n=n.sibling;null===(n=a)?(a=t.child,t.child=null):(a=n.sibling,n.sibling=null),ri(t,!1,a,n,o,t.lastEffect);break;case"backwards":for(n=null,a=t.child,t.child=null;null!==a;){if(null!==(e=a.alternate)&&null===Do(e)){t.child=a;break}e=a.sibling,a.sibling=n,n=a,a=e}ri(t,!0,n,null,o,t.lastEffect);break;case"together":ri(t,!1,null,null,void 0,t.lastEffect);break;default:t.memoizedState=null}return t.child}function oi(e,t,n){if(null!==e&&(t.dependencies=e.dependencies),$i|=t.lanes,0!==(n&t.childLanes)){if(null!==e&&t.child!==e.child)throw Error(l(153));if(null!==t.child){for(n=Qu(e=t.child,e.pendingProps),t.child=n,n.return=t;null!==e.sibling;)e=e.sibling,(n=n.sibling=Qu(e,e.pendingProps)).return=t;n.sibling=null}return t.child}return null}function li(e,t){if(!Bo)switch(e.tailMode){case"hidden":t=e.tail;for(var n=null;null!==t;)null!==t.alternate&&(n=t),t=t.sibling;null===n?e.tail=null:n.sibling=null;break;case"collapsed":n=e.tail;for(var r=null;null!==n;)null!==n.alternate&&(r=n),n=n.sibling;null===r?t||null===e.tail?e.tail=null:e.tail.sibling=null:r.sibling=null}}function ii(e,t,n){var r=t.pendingProps;switch(t.tag){case 2:case 16:case 15:case 0:case 11:case 7:case 8:case 12:case 9:case 14:return null;case 1:case 17:return ga(t.type)&&ya(),null;case 3:return Ro(),sa(ha),sa(pa),Xo(),(r=t.stateNode).pendingContext&&(r.context=r.pendingContext,r.pendingContext=null),null!==e&&null!==e.child||(qo(t)?t.flags|=4:r.hydrate||(t.flags|=256)),null;case 5:Io(t);var o=Fo(Lo.current);if(n=t.type,null!==e&&null!=t.stateNode)Yl(e,t,n,r),e.ref!==t.ref&&(t.flags|=128);else{if(!r){if(null===t.stateNode)throw Error(l(166));return null}if(e=Fo(Oo.current),qo(t)){r=t.stateNode,n=t.type;var i=t.memoizedProps;switch(r[Jr]=t,r[Zr]=i,n){case"dialog":Or("cancel",r),Or("close",r);break;case"iframe":case"object":case"embed":Or("load",r);break;case"video":case"audio":for(e=0;e<Er.length;e++)Or(Er[e],r);break;case"source":Or("error",r);break;case"img":case"image":case"link":Or("error",r),Or("load",r);break;case"details":Or("toggle",r);break;case"input":ee(r,i),Or("invalid",r);break;case"select":r._wrapperState={wasMultiple:!!i.multiple},Or("invalid",r);break;case"textarea":ue(r,i),Or("invalid",r)}for(var c in Se(n,i),e=null,i)i.hasOwnProperty(c)&&(o=i[c],"children"===c?"string"===typeof o?r.textContent!==o&&(e=["children",o]):"number"===typeof o&&r.textContent!==""+o&&(e=["children",""+o]):u.hasOwnProperty(c)&&null!=o&&"onScroll"===c&&Or("scroll",r));switch(n){case"input":X(r),re(r,i,!0);break;case"textarea":X(r),se(r);break;case"select":case"option":break;default:"function"===typeof i.onClick&&(r.onclick=Ur)}r=e,t.updateQueue=r,null!==r&&(t.flags|=4)}else{switch(c=9===o.nodeType?o:o.ownerDocument,e===fe&&(e=pe(n)),e===fe?"script"===n?((e=c.createElement("div")).innerHTML="<script><\\/script>",e=e.removeChild(e.firstChild)):"string"===typeof r.is?e=c.createElement(n,{is:r.is}):(e=c.createElement(n),"select"===n&&(c=e,r.multiple?c.multiple=!0:r.size&&(c.size=r.size))):e=c.createElementNS(e,n),e[Jr]=t,e[Zr]=r,Kl(e,t),t.stateNode=e,c=Ce(n,r),n){case"dialog":Or("cancel",e),Or("close",e),o=r;break;case"iframe":case"object":case"embed":Or("load",e),o=r;break;case"video":case"audio":for(o=0;o<Er.length;o++)Or(Er[o],e);o=r;break;case"source":Or("error",e),o=r;break;case"img":case"image":case"link":Or("error",e),Or("load",e),o=r;break;case"details":Or("toggle",e),o=r;break;case"input":ee(e,r),o=Z(e,r),Or("invalid",e);break;case"option":o=oe(e,r);break;case"select":e._wrapperState={wasMultiple:!!r.multiple},o=a({},r,{value:void 0}),Or("invalid",e);break;case"textarea":ue(e,r),o=ie(e,r),Or("invalid",e);break;default:o=r}Se(n,o);var s=o;for(i in s)if(s.hasOwnProperty(i)){var f=s[i];"style"===i?we(e,f):"dangerouslySetInnerHTML"===i?null!=(f=f?f.__html:void 0)&&ge(e,f):"children"===i?"string"===typeof f?("textarea"!==n||""!==f)&&ye(e,f):"number"===typeof f&&ye(e,""+f):"suppressContentEditableWarning"!==i&&"suppressHydrationWarning"!==i&&"autoFocus"!==i&&(u.hasOwnProperty(i)?null!=f&&"onScroll"===i&&Or("scroll",e):null!=f&&_(e,i,f,c))}switch(n){case"input":X(e),re(e,r,!1);break;case"textarea":X(e),se(e);break;case"option":null!=r.value&&e.setAttribute("value",""+K(r.value));break;case"select":e.multiple=!!r.multiple,null!=(i=r.value)?le(e,!!r.multiple,i,!1):null!=r.defaultValue&&le(e,!!r.multiple,r.defaultValue,!0);break;default:"function"===typeof o.onClick&&(e.onclick=Ur)}Vr(n,r)&&(t.flags|=4)}null!==t.ref&&(t.flags|=128)}return null;case 6:if(e&&null!=t.stateNode)Xl(0,t,e.memoizedProps,r);else{if("string"!==typeof r&&null===t.stateNode)throw Error(l(166));n=Fo(Lo.current),Fo(Oo.current),qo(t)?(r=t.stateNode,n=t.memoizedProps,r[Jr]=t,r.nodeValue!==n&&(t.flags|=4)):((r=(9===n.nodeType?n:n.ownerDocument).createTextNode(r))[Jr]=t,t.stateNode=r)}return null;case 13:return sa(Ao),r=t.memoizedState,0!==(64&t.flags)?(t.lanes=n,t):(r=null!==r,n=!1,null===e?void 0!==t.memoizedProps.fallback&&qo(t):n=null!==e.memoizedState,r&&!n&&0!==(2&t.mode)&&(null===e&&!0!==t.memoizedProps.unstable_avoidThisFallback||0!==(1&Ao.current)?0===Ai&&(Ai=3):(0!==Ai&&3!==Ai||(Ai=4),null===Fi||0===(134217727&$i)&&0===(134217727&Bi)||yu(Fi,Ri))),(r||n)&&(t.flags|=4),null);case 4:return Ro(),null===e&&Lr(t.stateNode.containerInfo),null;case 10:return ro(t),null;case 19:if(sa(Ao),null===(r=t.memoizedState))return null;if(i=0!==(64&t.flags),null===(c=r.rendering))if(i)li(r,!1);else{if(0!==Ai||null!==e&&0!==(64&e.flags))for(e=t.child;null!==e;){if(null!==(c=Do(e))){for(t.flags|=64,li(r,!1),null!==(i=c.updateQueue)&&(t.updateQueue=i,t.flags|=4),null===r.lastEffect&&(t.firstEffect=null),t.lastEffect=r.lastEffect,r=n,n=t.child;null!==n;)e=r,(i=n).flags&=2,i.nextEffect=null,i.firstEffect=null,i.lastEffect=null,null===(c=i.alternate)?(i.childLanes=0,i.lanes=e,i.child=null,i.memoizedProps=null,i.memoizedState=null,i.updateQueue=null,i.dependencies=null,i.stateNode=null):(i.childLanes=c.childLanes,i.lanes=c.lanes,i.child=c.child,i.memoizedProps=c.memoizedProps,i.memoizedState=c.memoizedState,i.updateQueue=c.updateQueue,i.type=c.type,e=c.dependencies,i.dependencies=null===e?null:{lanes:e.lanes,firstContext:e.firstContext}),n=n.sibling;return fa(Ao,1&Ao.current|2),t.child}e=e.sibling}null!==r.tail&&Va()>Qi&&(t.flags|=64,i=!0,li(r,!1),t.lanes=33554432)}else{if(!i)if(null!==(e=Do(c))){if(t.flags|=64,i=!0,null!==(n=e.updateQueue)&&(t.updateQueue=n,t.flags|=4),li(r,!0),null===r.tail&&"hidden"===r.tailMode&&!c.alternate&&!Bo)return null!==(t=t.lastEffect=r.lastEffect)&&(t.nextEffect=null),null}else 2*Va()-r.renderingStartTime>Qi&&1073741824!==n&&(t.flags|=64,i=!0,li(r,!1),t.lanes=33554432);r.isBackwards?(c.sibling=t.child,t.child=c):(null!==(n=r.last)?n.sibling=c:t.child=c,r.last=c)}return null!==r.tail?(n=r.tail,r.rendering=n,r.tail=n.sibling,r.lastEffect=t.lastEffect,r.renderingStartTime=Va(),n.sibling=null,t=Ao.current,fa(Ao,i?1&t|2:1&t),n):null;case 23:case 24:return ku(),null!==e&&null!==e.memoizedState!==(null!==t.memoizedState)&&"unstable-defer-without-hiding"!==r.mode&&(t.flags|=4),null}throw Error(l(156,t.tag))}function ui(e){switch(e.tag){case 1:ga(e.type)&&ya();var t=e.flags;return 4096&t?(e.flags=-4097&t|64,e):null;case 3:if(Ro(),sa(ha),sa(pa),Xo(),0!==(64&(t=e.flags)))throw Error(l(285));return e.flags=-4097&t|64,e;case 5:return Io(e),null;case 13:return sa(Ao),4096&(t=e.flags)?(e.flags=-4097&t|64,e):null;case 19:return sa(Ao),null;case 4:return Ro(),null;case 10:return ro(e),null;case 23:case 24:return ku(),null;default:return null}}function ci(e,t){try{var n="",r=t;do{n+=Q(r),r=r.return}while(r);var a=n}catch(o){a="\\nError generating stack: "+o.message+"\\n"+o.stack}return{value:e,source:t,stack:a}}function si(e,t){try{console.error(t.value)}catch(n){setTimeout((function(){throw n}))}}Kl=function(e,t){for(var n=t.child;null!==n;){if(5===n.tag||6===n.tag)e.appendChild(n.stateNode);else if(4!==n.tag&&null!==n.child){n.child.return=n,n=n.child;continue}if(n===t)break;for(;null===n.sibling;){if(null===n.return||n.return===t)return;n=n.return}n.sibling.return=n.return,n=n.sibling}},Yl=function(e,t,n,r){var o=e.memoizedProps;if(o!==r){e=t.stateNode,Fo(Oo.current);var l,i=null;switch(n){case"input":o=Z(e,o),r=Z(e,r),i=[];break;case"option":o=oe(e,o),r=oe(e,r),i=[];break;case"select":o=a({},o,{value:void 0}),r=a({},r,{value:void 0}),i=[];break;case"textarea":o=ie(e,o),r=ie(e,r),i=[];break;default:"function"!==typeof o.onClick&&"function"===typeof r.onClick&&(e.onclick=Ur)}for(f in Se(n,r),n=null,o)if(!r.hasOwnProperty(f)&&o.hasOwnProperty(f)&&null!=o[f])if("style"===f){var c=o[f];for(l in c)c.hasOwnProperty(l)&&(n||(n={}),n[l]="")}else"dangerouslySetInnerHTML"!==f&&"children"!==f&&"suppressContentEditableWarning"!==f&&"suppressHydrationWarning"!==f&&"autoFocus"!==f&&(u.hasOwnProperty(f)?i||(i=[]):(i=i||[]).push(f,null));for(f in r){var s=r[f];if(c=null!=o?o[f]:void 0,r.hasOwnProperty(f)&&s!==c&&(null!=s||null!=c))if("style"===f)if(c){for(l in c)!c.hasOwnProperty(l)||s&&s.hasOwnProperty(l)||(n||(n={}),n[l]="");for(l in s)s.hasOwnProperty(l)&&c[l]!==s[l]&&(n||(n={}),n[l]=s[l])}else n||(i||(i=[]),i.push(f,n)),n=s;else"dangerouslySetInnerHTML"===f?(s=s?s.__html:void 0,c=c?c.__html:void 0,null!=s&&c!==s&&(i=i||[]).push(f,s)):"children"===f?"string"!==typeof s&&"number"!==typeof s||(i=i||[]).push(f,""+s):"suppressContentEditableWarning"!==f&&"suppressHydrationWarning"!==f&&(u.hasOwnProperty(f)?(null!=s&&"onScroll"===f&&Or("scroll",e),i||c===s||(i=[])):"object"===typeof s&&null!==s&&s.$$typeof===R?s.toString():(i=i||[]).push(f,s))}n&&(i=i||[]).push("style",n);var f=i;(t.updateQueue=f)&&(t.flags|=4)}},Xl=function(e,t,n,r){n!==r&&(t.flags|=4)};var fi="function"===typeof WeakMap?WeakMap:Map;function di(e,t,n){(n=so(-1,n)).tag=3,n.payload={element:null};var r=t.value;return n.callback=function(){Xi||(Xi=!0,Gi=r),si(0,t)},n}function pi(e,t,n){(n=so(-1,n)).tag=3;var r=e.type.getDerivedStateFromError;if("function"===typeof r){var a=t.value;n.payload=function(){return si(0,t),r(a)}}var o=e.stateNode;return null!==o&&"function"===typeof o.componentDidCatch&&(n.callback=function(){"function"!==typeof r&&(null===Ji?Ji=new Set([this]):Ji.add(this),si(0,t));var e=t.stack;this.componentDidCatch(t.value,{componentStack:null!==e?e:""})}),n}var hi="function"===typeof WeakSet?WeakSet:Set;function mi(e){var t=e.ref;if(null!==t)if("function"===typeof t)try{t(null)}catch(n){Uu(e,n)}else t.current=null}function vi(e,t){switch(t.tag){case 0:case 11:case 15:case 22:case 5:case 6:case 4:case 17:return;case 1:if(256&t.flags&&null!==e){var n=e.memoizedProps,r=e.memoizedState;t=(e=t.stateNode).getSnapshotBeforeUpdate(t.elementType===t.type?n:Ga(t.type,n),r),e.__reactInternalSnapshotBeforeUpdate=t}return;case 3:return void(256&t.flags&&qr(t.stateNode.containerInfo))}throw Error(l(163))}function gi(e,t,n){switch(n.tag){case 0:case 11:case 15:case 22:if(null!==(t=null!==(t=n.updateQueue)?t.lastEffect:null)){e=t=t.next;do{if(3===(3&e.tag)){var r=e.create;e.destroy=r()}e=e.next}while(e!==t)}if(null!==(t=null!==(t=n.updateQueue)?t.lastEffect:null)){e=t=t.next;do{var a=e;r=a.next,0!==(4&(a=a.tag))&&0!==(1&a)&&(Iu(n,e),Mu(n,e)),e=r}while(e!==t)}return;case 1:return e=n.stateNode,4&n.flags&&(null===t?e.componentDidMount():(r=n.elementType===n.type?t.memoizedProps:Ga(n.type,t.memoizedProps),e.componentDidUpdate(r,t.memoizedState,e.__reactInternalSnapshotBeforeUpdate))),void(null!==(t=n.updateQueue)&&mo(n,t,e));case 3:if(null!==(t=n.updateQueue)){if(e=null,null!==n.child)switch(n.child.tag){case 5:case 1:e=n.child.stateNode}mo(n,t,e)}return;case 5:return e=n.stateNode,void(null===t&&4&n.flags&&Vr(n.type,n.memoizedProps)&&e.focus());case 6:case 4:case 12:case 19:case 17:case 20:case 21:case 23:case 24:return;case 13:return void(null===n.memoizedState&&(n=n.alternate,null!==n&&(n=n.memoizedState,null!==n&&(n=n.dehydrated,null!==n&&wt(n)))))}throw Error(l(163))}function yi(e,t){for(var n=e;;){if(5===n.tag){var r=n.stateNode;if(t)"function"===typeof(r=r.style).setProperty?r.setProperty("display","none","important"):r.display="none";else{r=n.stateNode;var a=n.memoizedProps.style;a=void 0!==a&&null!==a&&a.hasOwnProperty("display")?a.display:null,r.style.display=xe("display",a)}}else if(6===n.tag)n.stateNode.nodeValue=t?"":n.memoizedProps;else if((23!==n.tag&&24!==n.tag||null===n.memoizedState||n===e)&&null!==n.child){n.child.return=n,n=n.child;continue}if(n===e)break;for(;null===n.sibling;){if(null===n.return||n.return===e)return;n=n.return}n.sibling.return=n.return,n=n.sibling}}function bi(e,t){if(Sa&&"function"===typeof Sa.onCommitFiberUnmount)try{Sa.onCommitFiberUnmount(ka,t)}catch(o){}switch(t.tag){case 0:case 11:case 14:case 15:case 22:if(null!==(e=t.updateQueue)&&null!==(e=e.lastEffect)){var n=e=e.next;do{var r=n,a=r.destroy;if(r=r.tag,void 0!==a)if(0!==(4&r))Iu(t,n);else{r=t;try{a()}catch(o){Uu(r,o)}}n=n.next}while(n!==e)}break;case 1:if(mi(t),"function"===typeof(e=t.stateNode).componentWillUnmount)try{e.props=t.memoizedProps,e.state=t.memoizedState,e.componentWillUnmount()}catch(o){Uu(t,o)}break;case 5:mi(t);break;case 4:Ci(e,t)}}function _i(e){e.alternate=null,e.child=null,e.dependencies=null,e.firstEffect=null,e.lastEffect=null,e.memoizedProps=null,e.memoizedState=null,e.pendingProps=null,e.return=null,e.updateQueue=null}function xi(e){return 5===e.tag||3===e.tag||4===e.tag}function wi(e){e:{for(var t=e.return;null!==t;){if(xi(t))break e;t=t.return}throw Error(l(160))}var n=t;switch(t=n.stateNode,n.tag){case 5:var r=!1;break;case 3:case 4:t=t.containerInfo,r=!0;break;default:throw Error(l(161))}16&n.flags&&(ye(t,""),n.flags&=-17);e:t:for(n=e;;){for(;null===n.sibling;){if(null===n.return||xi(n.return)){n=null;break e}n=n.return}for(n.sibling.return=n.return,n=n.sibling;5!==n.tag&&6!==n.tag&&18!==n.tag;){if(2&n.flags)continue t;if(null===n.child||4===n.tag)continue t;n.child.return=n,n=n.child}if(!(2&n.flags)){n=n.stateNode;break e}}r?ki(e,n,t):Si(e,n,t)}function ki(e,t,n){var r=e.tag,a=5===r||6===r;if(a)e=a?e.stateNode:e.stateNode.instance,t?8===n.nodeType?n.parentNode.insertBefore(e,t):n.insertBefore(e,t):(8===n.nodeType?(t=n.parentNode).insertBefore(e,n):(t=n).appendChild(e),null!==(n=n._reactRootContainer)&&void 0!==n||null!==t.onclick||(t.onclick=Ur));else if(4!==r&&null!==(e=e.child))for(ki(e,t,n),e=e.sibling;null!==e;)ki(e,t,n),e=e.sibling}function Si(e,t,n){var r=e.tag,a=5===r||6===r;if(a)e=a?e.stateNode:e.stateNode.instance,t?n.insertBefore(e,t):n.appendChild(e);else if(4!==r&&null!==(e=e.child))for(Si(e,t,n),e=e.sibling;null!==e;)Si(e,t,n),e=e.sibling}function Ci(e,t){for(var n,r,a=t,o=!1;;){if(!o){o=a.return;e:for(;;){if(null===o)throw Error(l(160));switch(n=o.stateNode,o.tag){case 5:r=!1;break e;case 3:case 4:n=n.containerInfo,r=!0;break e}o=o.return}o=!0}if(5===a.tag||6===a.tag){e:for(var i=e,u=a,c=u;;)if(bi(i,c),null!==c.child&&4!==c.tag)c.child.return=c,c=c.child;else{if(c===u)break e;for(;null===c.sibling;){if(null===c.return||c.return===u)break e;c=c.return}c.sibling.return=c.return,c=c.sibling}r?(i=n,u=a.stateNode,8===i.nodeType?i.parentNode.removeChild(u):i.removeChild(u)):n.removeChild(a.stateNode)}else if(4===a.tag){if(null!==a.child){n=a.stateNode.containerInfo,r=!0,a.child.return=a,a=a.child;continue}}else if(bi(e,a),null!==a.child){a.child.return=a,a=a.child;continue}if(a===t)break;for(;null===a.sibling;){if(null===a.return||a.return===t)return;4===(a=a.return).tag&&(o=!1)}a.sibling.return=a.return,a=a.sibling}}function Ei(e,t){switch(t.tag){case 0:case 11:case 14:case 15:case 22:var n=t.updateQueue;if(null!==(n=null!==n?n.lastEffect:null)){var r=n=n.next;do{3===(3&r.tag)&&(e=r.destroy,r.destroy=void 0,void 0!==e&&e()),r=r.next}while(r!==n)}return;case 1:case 12:case 17:return;case 5:if(null!=(n=t.stateNode)){r=t.memoizedProps;var a=null!==e?e.memoizedProps:r;e=t.type;var o=t.updateQueue;if(t.updateQueue=null,null!==o){for(n[Zr]=r,"input"===e&&"radio"===r.type&&null!=r.name&&te(n,r),Ce(e,a),t=Ce(e,r),a=0;a<o.length;a+=2){var i=o[a],u=o[a+1];"style"===i?we(n,u):"dangerouslySetInnerHTML"===i?ge(n,u):"children"===i?ye(n,u):_(n,i,u,t)}switch(e){case"input":ne(n,r);break;case"textarea":ce(n,r);break;case"select":e=n._wrapperState.wasMultiple,n._wrapperState.wasMultiple=!!r.multiple,null!=(o=r.value)?le(n,!!r.multiple,o,!1):e!==!!r.multiple&&(null!=r.defaultValue?le(n,!!r.multiple,r.defaultValue,!0):le(n,!!r.multiple,r.multiple?[]:"",!1))}}}return;case 6:if(null===t.stateNode)throw Error(l(162));return void(t.stateNode.nodeValue=t.memoizedProps);case 3:return void((n=t.stateNode).hydrate&&(n.hydrate=!1,wt(n.containerInfo)));case 13:return null!==t.memoizedState&&(Hi=Va(),yi(t.child,!0)),void Ni(t);case 19:return void Ni(t);case 23:case 24:return void yi(t,null!==t.memoizedState)}throw Error(l(163))}function Ni(e){var t=e.updateQueue;if(null!==t){e.updateQueue=null;var n=e.stateNode;null===n&&(n=e.stateNode=new hi),t.forEach((function(t){var r=Bu.bind(null,e,t);n.has(t)||(n.add(t),t.then(r,r))}))}}function Pi(e,t){return null!==e&&(null===(e=e.memoizedState)||null!==e.dehydrated)&&(null!==(t=t.memoizedState)&&null===t.dehydrated)}var ji=Math.ceil,Oi=x.ReactCurrentDispatcher,Ti=x.ReactCurrentOwner,Li=0,Fi=null,zi=null,Ri=0,Mi=0,Ii=ca(0),Ai=0,Di=null,Ui=0,$i=0,Bi=0,Vi=0,Wi=null,Hi=0,Qi=1/0;function qi(){Qi=Va()+500}var Ki,Yi=null,Xi=!1,Gi=null,Ji=null,Zi=!1,eu=null,tu=90,nu=[],ru=[],au=null,ou=0,lu=null,iu=-1,uu=0,cu=0,su=null,fu=!1;function du(){return 0!==(48&Li)?Va():-1!==iu?iu:iu=Va()}function pu(e){if(0===(2&(e=e.mode)))return 1;if(0===(4&e))return 99===Wa()?1:2;if(0===uu&&(uu=Ui),0!==Xa.transition){0!==cu&&(cu=null!==Wi?Wi.pendingLanes:0),e=uu;var t=4186112&~cu;return 0===(t&=-t)&&(0===(t=(e=4186112&~e)&-e)&&(t=8192)),t}return e=Wa(),0!==(4&Li)&&98===e?e=Ut(12,uu):e=Ut(e=function(e){switch(e){case 99:return 15;case 98:return 10;case 97:case 96:return 8;case 95:return 2;default:return 0}}(e),uu),e}function hu(e,t,n){if(50<ou)throw ou=0,lu=null,Error(l(185));if(null===(e=mu(e,t)))return null;Vt(e,t,n),e===Fi&&(Bi|=t,4===Ai&&yu(e,Ri));var r=Wa();1===t?0!==(8&Li)&&0===(48&Li)?bu(e):(vu(e,n),0===Li&&(qi(),Ka())):(0===(4&Li)||98!==r&&99!==r||(null===au?au=new Set([e]):au.add(e)),vu(e,n)),Wi=e}function mu(e,t){e.lanes|=t;var n=e.alternate;for(null!==n&&(n.lanes|=t),n=e,e=e.return;null!==e;)e.childLanes|=t,null!==(n=e.alternate)&&(n.childLanes|=t),n=e,e=e.return;return 3===n.tag?n.stateNode:null}function vu(e,t){for(var n=e.callbackNode,r=e.suspendedLanes,a=e.pingedLanes,o=e.expirationTimes,i=e.pendingLanes;0<i;){var u=31-Wt(i),c=1<<u,s=o[u];if(-1===s){if(0===(c&r)||0!==(c&a)){s=t,It(c);var f=Mt;o[u]=10<=f?s+250:6<=f?s+5e3:-1}}else s<=t&&(e.expiredLanes|=c);i&=~c}if(r=At(e,e===Fi?Ri:0),t=Mt,0===r)null!==n&&(n!==Ia&&Na(n),e.callbackNode=null,e.callbackPriority=0);else{if(null!==n){if(e.callbackPriority===t)return;n!==Ia&&Na(n)}15===t?(n=bu.bind(null,e),null===Da?(Da=[n],Ua=Ea(La,Ya)):Da.push(n),n=Ia):14===t?n=qa(99,bu.bind(null,e)):(n=function(e){switch(e){case 15:case 14:return 99;case 13:case 12:case 11:case 10:return 98;case 9:case 8:case 7:case 6:case 4:case 5:return 97;case 3:case 2:case 1:return 95;case 0:return 90;default:throw Error(l(358,e))}}(t),n=qa(n,gu.bind(null,e))),e.callbackPriority=t,e.callbackNode=n}}function gu(e){if(iu=-1,cu=uu=0,0!==(48&Li))throw Error(l(327));var t=e.callbackNode;if(Ru()&&e.callbackNode!==t)return null;var n=At(e,e===Fi?Ri:0);if(0===n)return null;var r=n,a=Li;Li|=16;var o=Eu();for(Fi===e&&Ri===r||(qi(),Su(e,r));;)try{ju();break}catch(u){Cu(e,u)}if(no(),Oi.current=o,Li=a,null!==zi?r=0:(Fi=null,Ri=0,r=Ai),0!==(Ui&Bi))Su(e,0);else if(0!==r){if(2===r&&(Li|=64,e.hydrate&&(e.hydrate=!1,qr(e.containerInfo)),0!==(n=Dt(e))&&(r=Nu(e,n))),1===r)throw t=Di,Su(e,0),yu(e,n),vu(e,Va()),t;switch(e.finishedWork=e.current.alternate,e.finishedLanes=n,r){case 0:case 1:throw Error(l(345));case 2:case 5:Lu(e);break;case 3:if(yu(e,n),(62914560&n)===n&&10<(r=Hi+500-Va())){if(0!==At(e,0))break;if(((a=e.suspendedLanes)&n)!==n){du(),e.pingedLanes|=e.suspendedLanes&a;break}e.timeoutHandle=Hr(Lu.bind(null,e),r);break}Lu(e);break;case 4:if(yu(e,n),(4186112&n)===n)break;for(r=e.eventTimes,a=-1;0<n;){var i=31-Wt(n);o=1<<i,(i=r[i])>a&&(a=i),n&=~o}if(n=a,10<(n=(120>(n=Va()-n)?120:480>n?480:1080>n?1080:1920>n?1920:3e3>n?3e3:4320>n?4320:1960*ji(n/1960))-n)){e.timeoutHandle=Hr(Lu.bind(null,e),n);break}Lu(e);break;default:throw Error(l(329))}}return vu(e,Va()),e.callbackNode===t?gu.bind(null,e):null}function yu(e,t){for(t&=~Vi,t&=~Bi,e.suspendedLanes|=t,e.pingedLanes&=~t,e=e.expirationTimes;0<t;){var n=31-Wt(t),r=1<<n;e[n]=-1,t&=~r}}function bu(e){if(0!==(48&Li))throw Error(l(327));if(Ru(),e===Fi&&0!==(e.expiredLanes&Ri)){var t=Ri,n=Nu(e,t);0!==(Ui&Bi)&&(n=Nu(e,t=At(e,t)))}else n=Nu(e,t=At(e,0));if(0!==e.tag&&2===n&&(Li|=64,e.hydrate&&(e.hydrate=!1,qr(e.containerInfo)),0!==(t=Dt(e))&&(n=Nu(e,t))),1===n)throw n=Di,Su(e,0),yu(e,t),vu(e,Va()),n;return e.finishedWork=e.current.alternate,e.finishedLanes=t,Lu(e),vu(e,Va()),null}function _u(e,t){var n=Li;Li|=1;try{return e(t)}finally{0===(Li=n)&&(qi(),Ka())}}function xu(e,t){var n=Li;Li&=-2,Li|=8;try{return e(t)}finally{0===(Li=n)&&(qi(),Ka())}}function wu(e,t){fa(Ii,Mi),Mi|=t,Ui|=t}function ku(){Mi=Ii.current,sa(Ii)}function Su(e,t){e.finishedWork=null,e.finishedLanes=0;var n=e.timeoutHandle;if(-1!==n&&(e.timeoutHandle=-1,Qr(n)),null!==zi)for(n=zi.return;null!==n;){var r=n;switch(r.tag){case 1:null!==(r=r.type.childContextTypes)&&void 0!==r&&ya();break;case 3:Ro(),sa(ha),sa(pa),Xo();break;case 5:Io(r);break;case 4:Ro();break;case 13:case 19:sa(Ao);break;case 10:ro(r);break;case 23:case 24:ku()}n=n.return}Fi=e,zi=Qu(e.current,null),Ri=Mi=Ui=t,Ai=0,Di=null,Vi=Bi=$i=0}function Cu(e,t){for(;;){var n=zi;try{if(no(),Go.current=Ll,rl){for(var r=el.memoizedState;null!==r;){var a=r.queue;null!==a&&(a.pending=null),r=r.next}rl=!1}if(Zo=0,nl=tl=el=null,al=!1,Ti.current=null,null===n||null===n.return){Ai=1,Di=t,zi=null;break}e:{var o=e,l=n.return,i=n,u=t;if(t=Ri,i.flags|=2048,i.firstEffect=i.lastEffect=null,null!==u&&"object"===typeof u&&"function"===typeof u.then){var c=u;if(0===(2&i.mode)){var s=i.alternate;s?(i.updateQueue=s.updateQueue,i.memoizedState=s.memoizedState,i.lanes=s.lanes):(i.updateQueue=null,i.memoizedState=null)}var f=0!==(1&Ao.current),d=l;do{var p;if(p=13===d.tag){var h=d.memoizedState;if(null!==h)p=null!==h.dehydrated;else{var m=d.memoizedProps;p=void 0!==m.fallback&&(!0!==m.unstable_avoidThisFallback||!f)}}if(p){var v=d.updateQueue;if(null===v){var g=new Set;g.add(c),d.updateQueue=g}else v.add(c);if(0===(2&d.mode)){if(d.flags|=64,i.flags|=16384,i.flags&=-2981,1===i.tag)if(null===i.alternate)i.tag=17;else{var y=so(-1,1);y.tag=2,fo(i,y)}i.lanes|=1;break e}u=void 0,i=t;var b=o.pingCache;if(null===b?(b=o.pingCache=new fi,u=new Set,b.set(c,u)):void 0===(u=b.get(c))&&(u=new Set,b.set(c,u)),!u.has(i)){u.add(i);var _=$u.bind(null,o,c,i);c.then(_,_)}d.flags|=4096,d.lanes=t;break e}d=d.return}while(null!==d);u=Error((q(i.type)||"A React component")+" suspended while rendering, but no fallback UI was specified.\\n\\nAdd a <Suspense fallback=...> component higher in the tree to provide a loading indicator or placeholder to display.")}5!==Ai&&(Ai=2),u=ci(u,i),d=l;do{switch(d.tag){case 3:o=u,d.flags|=4096,t&=-t,d.lanes|=t,po(d,di(0,o,t));break e;case 1:o=u;var x=d.type,w=d.stateNode;if(0===(64&d.flags)&&("function"===typeof x.getDerivedStateFromError||null!==w&&"function"===typeof w.componentDidCatch&&(null===Ji||!Ji.has(w)))){d.flags|=4096,t&=-t,d.lanes|=t,po(d,pi(d,o,t));break e}}d=d.return}while(null!==d)}Tu(n)}catch(k){t=k,zi===n&&null!==n&&(zi=n=n.return);continue}break}}function Eu(){var e=Oi.current;return Oi.current=Ll,null===e?Ll:e}function Nu(e,t){var n=Li;Li|=16;var r=Eu();for(Fi===e&&Ri===t||Su(e,t);;)try{Pu();break}catch(a){Cu(e,a)}if(no(),Li=n,Oi.current=r,null!==zi)throw Error(l(261));return Fi=null,Ri=0,Ai}function Pu(){for(;null!==zi;)Ou(zi)}function ju(){for(;null!==zi&&!Pa();)Ou(zi)}function Ou(e){var t=Ki(e.alternate,e,Mi);e.memoizedProps=e.pendingProps,null===t?Tu(e):zi=t,Ti.current=null}function Tu(e){var t=e;do{var n=t.alternate;if(e=t.return,0===(2048&t.flags)){if(null!==(n=ii(n,t,Mi)))return void(zi=n);if(24!==(n=t).tag&&23!==n.tag||null===n.memoizedState||0!==(1073741824&Mi)||0===(4&n.mode)){for(var r=0,a=n.child;null!==a;)r|=a.lanes|a.childLanes,a=a.sibling;n.childLanes=r}null!==e&&0===(2048&e.flags)&&(null===e.firstEffect&&(e.firstEffect=t.firstEffect),null!==t.lastEffect&&(null!==e.lastEffect&&(e.lastEffect.nextEffect=t.firstEffect),e.lastEffect=t.lastEffect),1<t.flags&&(null!==e.lastEffect?e.lastEffect.nextEffect=t:e.firstEffect=t,e.lastEffect=t))}else{if(null!==(n=ui(t)))return n.flags&=2047,void(zi=n);null!==e&&(e.firstEffect=e.lastEffect=null,e.flags|=2048)}if(null!==(t=t.sibling))return void(zi=t);zi=t=e}while(null!==t);0===Ai&&(Ai=5)}function Lu(e){var t=Wa();return Qa(99,Fu.bind(null,e,t)),null}function Fu(e,t){do{Ru()}while(null!==eu);if(0!==(48&Li))throw Error(l(327));var n=e.finishedWork;if(null===n)return null;if(e.finishedWork=null,e.finishedLanes=0,n===e.current)throw Error(l(177));e.callbackNode=null;var r=n.lanes|n.childLanes,a=r,o=e.pendingLanes&~a;e.pendingLanes=a,e.suspendedLanes=0,e.pingedLanes=0,e.expiredLanes&=a,e.mutableReadLanes&=a,e.entangledLanes&=a,a=e.entanglements;for(var i=e.eventTimes,u=e.expirationTimes;0<o;){var c=31-Wt(o),s=1<<c;a[c]=0,i[c]=-1,u[c]=-1,o&=~s}if(null!==au&&0===(24&r)&&au.has(e)&&au.delete(e),e===Fi&&(zi=Fi=null,Ri=0),1<n.flags?null!==n.lastEffect?(n.lastEffect.nextEffect=n,r=n.firstEffect):r=n:r=n.firstEffect,null!==r){if(a=Li,Li|=32,Ti.current=null,$r=Yt,gr(i=vr())){if("selectionStart"in i)u={start:i.selectionStart,end:i.selectionEnd};else e:if(u=(u=i.ownerDocument)&&u.defaultView||window,(s=u.getSelection&&u.getSelection())&&0!==s.rangeCount){u=s.anchorNode,o=s.anchorOffset,c=s.focusNode,s=s.focusOffset;try{u.nodeType,c.nodeType}catch(E){u=null;break e}var f=0,d=-1,p=-1,h=0,m=0,v=i,g=null;t:for(;;){for(var y;v!==u||0!==o&&3!==v.nodeType||(d=f+o),v!==c||0!==s&&3!==v.nodeType||(p=f+s),3===v.nodeType&&(f+=v.nodeValue.length),null!==(y=v.firstChild);)g=v,v=y;for(;;){if(v===i)break t;if(g===u&&++h===o&&(d=f),g===c&&++m===s&&(p=f),null!==(y=v.nextSibling))break;g=(v=g).parentNode}v=y}u=-1===d||-1===p?null:{start:d,end:p}}else u=null;u=u||{start:0,end:0}}else u=null;Br={focusedElem:i,selectionRange:u},Yt=!1,su=null,fu=!1,Yi=r;do{try{zu()}catch(E){if(null===Yi)throw Error(l(330));Uu(Yi,E),Yi=Yi.nextEffect}}while(null!==Yi);su=null,Yi=r;do{try{for(i=e;null!==Yi;){var b=Yi.flags;if(16&b&&ye(Yi.stateNode,""),128&b){var _=Yi.alternate;if(null!==_){var x=_.ref;null!==x&&("function"===typeof x?x(null):x.current=null)}}switch(1038&b){case 2:wi(Yi),Yi.flags&=-3;break;case 6:wi(Yi),Yi.flags&=-3,Ei(Yi.alternate,Yi);break;case 1024:Yi.flags&=-1025;break;case 1028:Yi.flags&=-1025,Ei(Yi.alternate,Yi);break;case 4:Ei(Yi.alternate,Yi);break;case 8:Ci(i,u=Yi);var w=u.alternate;_i(u),null!==w&&_i(w)}Yi=Yi.nextEffect}}catch(E){if(null===Yi)throw Error(l(330));Uu(Yi,E),Yi=Yi.nextEffect}}while(null!==Yi);if(x=Br,_=vr(),b=x.focusedElem,i=x.selectionRange,_!==b&&b&&b.ownerDocument&&mr(b.ownerDocument.documentElement,b)){null!==i&&gr(b)&&(_=i.start,void 0===(x=i.end)&&(x=_),"selectionStart"in b?(b.selectionStart=_,b.selectionEnd=Math.min(x,b.value.length)):(x=(_=b.ownerDocument||document)&&_.defaultView||window).getSelection&&(x=x.getSelection(),u=b.textContent.length,w=Math.min(i.start,u),i=void 0===i.end?w:Math.min(i.end,u),!x.extend&&w>i&&(u=i,i=w,w=u),u=hr(b,w),o=hr(b,i),u&&o&&(1!==x.rangeCount||x.anchorNode!==u.node||x.anchorOffset!==u.offset||x.focusNode!==o.node||x.focusOffset!==o.offset)&&((_=_.createRange()).setStart(u.node,u.offset),x.removeAllRanges(),w>i?(x.addRange(_),x.extend(o.node,o.offset)):(_.setEnd(o.node,o.offset),x.addRange(_))))),_=[];for(x=b;x=x.parentNode;)1===x.nodeType&&_.push({element:x,left:x.scrollLeft,top:x.scrollTop});for("function"===typeof b.focus&&b.focus(),b=0;b<_.length;b++)(x=_[b]).element.scrollLeft=x.left,x.element.scrollTop=x.top}Yt=!!$r,Br=$r=null,e.current=n,Yi=r;do{try{for(b=e;null!==Yi;){var k=Yi.flags;if(36&k&&gi(b,Yi.alternate,Yi),128&k){_=void 0;var S=Yi.ref;if(null!==S){var C=Yi.stateNode;Yi.tag,_=C,"function"===typeof S?S(_):S.current=_}}Yi=Yi.nextEffect}}catch(E){if(null===Yi)throw Error(l(330));Uu(Yi,E),Yi=Yi.nextEffect}}while(null!==Yi);Yi=null,Aa(),Li=a}else e.current=n;if(Zi)Zi=!1,eu=e,tu=t;else for(Yi=r;null!==Yi;)t=Yi.nextEffect,Yi.nextEffect=null,8&Yi.flags&&((k=Yi).sibling=null,k.stateNode=null),Yi=t;if(0===(r=e.pendingLanes)&&(Ji=null),1===r?e===lu?ou++:(ou=0,lu=e):ou=0,n=n.stateNode,Sa&&"function"===typeof Sa.onCommitFiberRoot)try{Sa.onCommitFiberRoot(ka,n,void 0,64===(64&n.current.flags))}catch(E){}if(vu(e,Va()),Xi)throw Xi=!1,e=Gi,Gi=null,e;return 0!==(8&Li)||Ka(),null}function zu(){for(;null!==Yi;){var e=Yi.alternate;fu||null===su||(0!==(8&Yi.flags)?et(Yi,su)&&(fu=!0):13===Yi.tag&&Pi(e,Yi)&&et(Yi,su)&&(fu=!0));var t=Yi.flags;0!==(256&t)&&vi(e,Yi),0===(512&t)||Zi||(Zi=!0,qa(97,(function(){return Ru(),null}))),Yi=Yi.nextEffect}}function Ru(){if(90!==tu){var e=97<tu?97:tu;return tu=90,Qa(e,Au)}return!1}function Mu(e,t){nu.push(t,e),Zi||(Zi=!0,qa(97,(function(){return Ru(),null})))}function Iu(e,t){ru.push(t,e),Zi||(Zi=!0,qa(97,(function(){return Ru(),null})))}function Au(){if(null===eu)return!1;var e=eu;if(eu=null,0!==(48&Li))throw Error(l(331));var t=Li;Li|=32;var n=ru;ru=[];for(var r=0;r<n.length;r+=2){var a=n[r],o=n[r+1],i=a.destroy;if(a.destroy=void 0,"function"===typeof i)try{i()}catch(c){if(null===o)throw Error(l(330));Uu(o,c)}}for(n=nu,nu=[],r=0;r<n.length;r+=2){a=n[r],o=n[r+1];try{var u=a.create;a.destroy=u()}catch(c){if(null===o)throw Error(l(330));Uu(o,c)}}for(u=e.current.firstEffect;null!==u;)e=u.nextEffect,u.nextEffect=null,8&u.flags&&(u.sibling=null,u.stateNode=null),u=e;return Li=t,Ka(),!0}function Du(e,t,n){fo(e,t=di(0,t=ci(n,t),1)),t=du(),null!==(e=mu(e,1))&&(Vt(e,1,t),vu(e,t))}function Uu(e,t){if(3===e.tag)Du(e,e,t);else for(var n=e.return;null!==n;){if(3===n.tag){Du(n,e,t);break}if(1===n.tag){var r=n.stateNode;if("function"===typeof n.type.getDerivedStateFromError||"function"===typeof r.componentDidCatch&&(null===Ji||!Ji.has(r))){var a=pi(n,e=ci(t,e),1);if(fo(n,a),a=du(),null!==(n=mu(n,1)))Vt(n,1,a),vu(n,a);else if("function"===typeof r.componentDidCatch&&(null===Ji||!Ji.has(r)))try{r.componentDidCatch(t,e)}catch(o){}break}}n=n.return}}function $u(e,t,n){var r=e.pingCache;null!==r&&r.delete(t),t=du(),e.pingedLanes|=e.suspendedLanes&n,Fi===e&&(Ri&n)===n&&(4===Ai||3===Ai&&(62914560&Ri)===Ri&&500>Va()-Hi?Su(e,0):Vi|=n),vu(e,t)}function Bu(e,t){var n=e.stateNode;null!==n&&n.delete(t),0===(t=0)&&(0===(2&(t=e.mode))?t=1:0===(4&t)?t=99===Wa()?1:2:(0===uu&&(uu=Ui),0===(t=$t(62914560&~uu))&&(t=4194304))),n=du(),null!==(e=mu(e,t))&&(Vt(e,t,n),vu(e,n))}function Vu(e,t,n,r){this.tag=e,this.key=n,this.sibling=this.child=this.return=this.stateNode=this.type=this.elementType=null,this.index=0,this.ref=null,this.pendingProps=t,this.dependencies=this.memoizedState=this.updateQueue=this.memoizedProps=null,this.mode=r,this.flags=0,this.lastEffect=this.firstEffect=this.nextEffect=null,this.childLanes=this.lanes=0,this.alternate=null}function Wu(e,t,n,r){return new Vu(e,t,n,r)}function Hu(e){return!(!(e=e.prototype)||!e.isReactComponent)}function Qu(e,t){var n=e.alternate;return null===n?((n=Wu(e.tag,t,e.key,e.mode)).elementType=e.elementType,n.type=e.type,n.stateNode=e.stateNode,n.alternate=e,e.alternate=n):(n.pendingProps=t,n.type=e.type,n.flags=0,n.nextEffect=null,n.firstEffect=null,n.lastEffect=null),n.childLanes=e.childLanes,n.lanes=e.lanes,n.child=e.child,n.memoizedProps=e.memoizedProps,n.memoizedState=e.memoizedState,n.updateQueue=e.updateQueue,t=e.dependencies,n.dependencies=null===t?null:{lanes:t.lanes,firstContext:t.firstContext},n.sibling=e.sibling,n.index=e.index,n.ref=e.ref,n}function qu(e,t,n,r,a,o){var i=2;if(r=e,"function"===typeof e)Hu(e)&&(i=1);else if("string"===typeof e)i=5;else e:switch(e){case S:return Ku(n.children,a,o,t);case M:i=8,a|=16;break;case C:i=8,a|=1;break;case E:return(e=Wu(12,n,t,8|a)).elementType=E,e.type=E,e.lanes=o,e;case O:return(e=Wu(13,n,t,a)).type=O,e.elementType=O,e.lanes=o,e;case T:return(e=Wu(19,n,t,a)).elementType=T,e.lanes=o,e;case I:return Yu(n,a,o,t);case A:return(e=Wu(24,n,t,a)).elementType=A,e.lanes=o,e;default:if("object"===typeof e&&null!==e)switch(e.$$typeof){case N:i=10;break e;case P:i=9;break e;case j:i=11;break e;case L:i=14;break e;case F:i=16,r=null;break e;case z:i=22;break e}throw Error(l(130,null==e?e:typeof e,""))}return(t=Wu(i,n,t,a)).elementType=e,t.type=r,t.lanes=o,t}function Ku(e,t,n,r){return(e=Wu(7,e,r,t)).lanes=n,e}function Yu(e,t,n,r){return(e=Wu(23,e,r,t)).elementType=I,e.lanes=n,e}function Xu(e,t,n){return(e=Wu(6,e,null,t)).lanes=n,e}function Gu(e,t,n){return(t=Wu(4,null!==e.children?e.children:[],e.key,t)).lanes=n,t.stateNode={containerInfo:e.containerInfo,pendingChildren:null,implementation:e.implementation},t}function Ju(e,t,n){this.tag=t,this.containerInfo=e,this.finishedWork=this.pingCache=this.current=this.pendingChildren=null,this.timeoutHandle=-1,this.pendingContext=this.context=null,this.hydrate=n,this.callbackNode=null,this.callbackPriority=0,this.eventTimes=Bt(0),this.expirationTimes=Bt(-1),this.entangledLanes=this.finishedLanes=this.mutableReadLanes=this.expiredLanes=this.pingedLanes=this.suspendedLanes=this.pendingLanes=0,this.entanglements=Bt(0),this.mutableSourceEagerHydrationData=null}function Zu(e,t,n){var r=3<arguments.length&&void 0!==arguments[3]?arguments[3]:null;return{$$typeof:k,key:null==r?null:""+r,children:e,containerInfo:t,implementation:n}}function ec(e,t,n,r){var a=t.current,o=du(),i=pu(a);e:if(n){t:{if(Xe(n=n._reactInternals)!==n||1!==n.tag)throw Error(l(170));var u=n;do{switch(u.tag){case 3:u=u.stateNode.context;break t;case 1:if(ga(u.type)){u=u.stateNode.__reactInternalMemoizedMergedChildContext;break t}}u=u.return}while(null!==u);throw Error(l(171))}if(1===n.tag){var c=n.type;if(ga(c)){n=_a(n,c,u);break e}}n=u}else n=da;return null===t.context?t.context=n:t.pendingContext=n,(t=so(o,i)).payload={element:e},null!==(r=void 0===r?null:r)&&(t.callback=r),fo(a,t),hu(a,i,o),i}function tc(e){return(e=e.current).child?(e.child.tag,e.child.stateNode):null}function nc(e,t){if(null!==(e=e.memoizedState)&&null!==e.dehydrated){var n=e.retryLane;e.retryLane=0!==n&&n<t?n:t}}function rc(e,t){nc(e,t),(e=e.alternate)&&nc(e,t)}function ac(e,t,n){var r=null!=n&&null!=n.hydrationOptions&&n.hydrationOptions.mutableSources||null;if(n=new Ju(e,t,null!=n&&!0===n.hydrate),t=Wu(3,null,null,2===t?7:1===t?3:0),n.current=t,t.stateNode=n,uo(t),e[ea]=n.current,Lr(8===e.nodeType?e.parentNode:e),r)for(e=0;e<r.length;e++){var a=(t=r[e])._getVersion;a=a(t._source),null==n.mutableSourceEagerHydrationData?n.mutableSourceEagerHydrationData=[t,a]:n.mutableSourceEagerHydrationData.push(t,a)}this._internalRoot=n}function oc(e){return!(!e||1!==e.nodeType&&9!==e.nodeType&&11!==e.nodeType&&(8!==e.nodeType||" react-mount-point-unstable "!==e.nodeValue))}function lc(e,t,n,r,a){var o=n._reactRootContainer;if(o){var l=o._internalRoot;if("function"===typeof a){var i=a;a=function(){var e=tc(l);i.call(e)}}ec(t,l,e,a)}else{if(o=n._reactRootContainer=function(e,t){if(t||(t=!(!(t=e?9===e.nodeType?e.documentElement:e.firstChild:null)||1!==t.nodeType||!t.hasAttribute("data-reactroot"))),!t)for(var n;n=e.lastChild;)e.removeChild(n);return new ac(e,0,t?{hydrate:!0}:void 0)}(n,r),l=o._internalRoot,"function"===typeof a){var u=a;a=function(){var e=tc(l);u.call(e)}}xu((function(){ec(t,l,e,a)}))}return tc(l)}function ic(e,t){var n=2<arguments.length&&void 0!==arguments[2]?arguments[2]:null;if(!oc(t))throw Error(l(200));return Zu(e,t,null,n)}Ki=function(e,t,n){var r=t.lanes;if(null!==e)if(e.memoizedProps!==t.pendingProps||ha.current)Il=!0;else{if(0===(n&r)){switch(Il=!1,t.tag){case 3:ql(t),Ko();break;case 5:Mo(t);break;case 1:ga(t.type)&&xa(t);break;case 4:zo(t,t.stateNode.containerInfo);break;case 10:r=t.memoizedProps.value;var a=t.type._context;fa(Ja,a._currentValue),a._currentValue=r;break;case 13:if(null!==t.memoizedState)return 0!==(n&t.child.childLanes)?Jl(e,t,n):(fa(Ao,1&Ao.current),null!==(t=oi(e,t,n))?t.sibling:null);fa(Ao,1&Ao.current);break;case 19:if(r=0!==(n&t.childLanes),0!==(64&e.flags)){if(r)return ai(e,t,n);t.flags|=64}if(null!==(a=t.memoizedState)&&(a.rendering=null,a.tail=null,a.lastEffect=null),fa(Ao,Ao.current),r)break;return null;case 23:case 24:return t.lanes=0,Bl(e,t,n)}return oi(e,t,n)}Il=0!==(16384&e.flags)}else Il=!1;switch(t.lanes=0,t.tag){case 2:if(r=t.type,null!==e&&(e.alternate=null,t.alternate=null,t.flags|=2),e=t.pendingProps,a=va(t,pa.current),oo(t,n),a=il(null,t,r,e,a,n),t.flags|=1,"object"===typeof a&&null!==a&&"function"===typeof a.render&&void 0===a.$$typeof){if(t.tag=1,t.memoizedState=null,t.updateQueue=null,ga(r)){var o=!0;xa(t)}else o=!1;t.memoizedState=null!==a.state&&void 0!==a.state?a.state:null,uo(t);var i=r.getDerivedStateFromProps;"function"===typeof i&&go(t,r,i,e),a.updater=yo,t.stateNode=a,a._reactInternals=t,wo(t,r,e,n),t=Ql(null,t,r,!0,o,n)}else t.tag=0,Al(null,t,a,n),t=t.child;return t;case 16:a=t.elementType;e:{switch(null!==e&&(e.alternate=null,t.alternate=null,t.flags|=2),e=t.pendingProps,a=(o=a._init)(a._payload),t.type=a,o=t.tag=function(e){if("function"===typeof e)return Hu(e)?1:0;if(void 0!==e&&null!==e){if((e=e.$$typeof)===j)return 11;if(e===L)return 14}return 2}(a),e=Ga(a,e),o){case 0:t=Wl(null,t,a,e,n);break e;case 1:t=Hl(null,t,a,e,n);break e;case 11:t=Dl(null,t,a,e,n);break e;case 14:t=Ul(null,t,a,Ga(a.type,e),r,n);break e}throw Error(l(306,a,""))}return t;case 0:return r=t.type,a=t.pendingProps,Wl(e,t,r,a=t.elementType===r?a:Ga(r,a),n);case 1:return r=t.type,a=t.pendingProps,Hl(e,t,r,a=t.elementType===r?a:Ga(r,a),n);case 3:if(ql(t),r=t.updateQueue,null===e||null===r)throw Error(l(282));if(r=t.pendingProps,a=null!==(a=t.memoizedState)?a.element:null,co(e,t),ho(t,r,null,n),(r=t.memoizedState.element)===a)Ko(),t=oi(e,t,n);else{if((o=(a=t.stateNode).hydrate)&&($o=Kr(t.stateNode.containerInfo.firstChild),Uo=t,o=Bo=!0),o){if(null!=(e=a.mutableSourceEagerHydrationData))for(a=0;a<e.length;a+=2)(o=e[a])._workInProgressVersionPrimary=e[a+1],Yo.push(o);for(n=Po(t,null,r,n),t.child=n;n;)n.flags=-3&n.flags|1024,n=n.sibling}else Al(e,t,r,n),Ko();t=t.child}return t;case 5:return Mo(t),null===e&&Ho(t),r=t.type,a=t.pendingProps,o=null!==e?e.memoizedProps:null,i=a.children,Wr(r,a)?i=null:null!==o&&Wr(r,o)&&(t.flags|=16),Vl(e,t),Al(e,t,i,n),t.child;case 6:return null===e&&Ho(t),null;case 13:return Jl(e,t,n);case 4:return zo(t,t.stateNode.containerInfo),r=t.pendingProps,null===e?t.child=No(t,null,r,n):Al(e,t,r,n),t.child;case 11:return r=t.type,a=t.pendingProps,Dl(e,t,r,a=t.elementType===r?a:Ga(r,a),n);case 7:return Al(e,t,t.pendingProps,n),t.child;case 8:case 12:return Al(e,t,t.pendingProps.children,n),t.child;case 10:e:{r=t.type._context,a=t.pendingProps,i=t.memoizedProps,o=a.value;var u=t.type._context;if(fa(Ja,u._currentValue),u._currentValue=o,null!==i)if(u=i.value,0===(o=sr(u,o)?0:0|("function"===typeof r._calculateChangedBits?r._calculateChangedBits(u,o):1073741823))){if(i.children===a.children&&!ha.current){t=oi(e,t,n);break e}}else for(null!==(u=t.child)&&(u.return=t);null!==u;){var c=u.dependencies;if(null!==c){i=u.child;for(var s=c.firstContext;null!==s;){if(s.context===r&&0!==(s.observedBits&o)){1===u.tag&&((s=so(-1,n&-n)).tag=2,fo(u,s)),u.lanes|=n,null!==(s=u.alternate)&&(s.lanes|=n),ao(u.return,n),c.lanes|=n;break}s=s.next}}else i=10===u.tag&&u.type===t.type?null:u.child;if(null!==i)i.return=u;else for(i=u;null!==i;){if(i===t){i=null;break}if(null!==(u=i.sibling)){u.return=i.return,i=u;break}i=i.return}u=i}Al(e,t,a.children,n),t=t.child}return t;case 9:return a=t.type,r=(o=t.pendingProps).children,oo(t,n),r=r(a=lo(a,o.unstable_observedBits)),t.flags|=1,Al(e,t,r,n),t.child;case 14:return o=Ga(a=t.type,t.pendingProps),Ul(e,t,a,o=Ga(a.type,o),r,n);case 15:return $l(e,t,t.type,t.pendingProps,r,n);case 17:return r=t.type,a=t.pendingProps,a=t.elementType===r?a:Ga(r,a),null!==e&&(e.alternate=null,t.alternate=null,t.flags|=2),t.tag=1,ga(r)?(e=!0,xa(t)):e=!1,oo(t,n),_o(t,r,a),wo(t,r,a,n),Ql(null,t,r,!0,e,n);case 19:return ai(e,t,n);case 23:case 24:return Bl(e,t,n)}throw Error(l(156,t.tag))},ac.prototype.render=function(e){ec(e,this._internalRoot,null,null)},ac.prototype.unmount=function(){var e=this._internalRoot,t=e.containerInfo;ec(null,e,null,(function(){t[ea]=null}))},tt=function(e){13===e.tag&&(hu(e,4,du()),rc(e,4))},nt=function(e){13===e.tag&&(hu(e,67108864,du()),rc(e,67108864))},rt=function(e){if(13===e.tag){var t=du(),n=pu(e);hu(e,n,t),rc(e,n)}},at=function(e,t){return t()},Ne=function(e,t,n){switch(t){case"input":if(ne(e,n),t=n.name,"radio"===n.type&&null!=t){for(n=e;n.parentNode;)n=n.parentNode;for(n=n.querySelectorAll("input[name="+JSON.stringify(""+t)+\'][type="radio"]\'),t=0;t<n.length;t++){var r=n[t];if(r!==e&&r.form===e.form){var a=oa(r);if(!a)throw Error(l(90));G(r),ne(r,a)}}}break;case"textarea":ce(e,n);break;case"select":null!=(t=n.value)&&le(e,!!n.multiple,t,!1)}},Fe=_u,ze=function(e,t,n,r,a){var o=Li;Li|=4;try{return Qa(98,e.bind(null,t,n,r,a))}finally{0===(Li=o)&&(qi(),Ka())}},Re=function(){0===(49&Li)&&(function(){if(null!==au){var e=au;au=null,e.forEach((function(e){e.expiredLanes|=24&e.pendingLanes,vu(e,Va())}))}Ka()}(),Ru())},Me=function(e,t){var n=Li;Li|=2;try{return e(t)}finally{0===(Li=n)&&(qi(),Ka())}};var uc={Events:[ra,aa,oa,Te,Le,Ru,{current:!1}]},cc={findFiberByHostInstance:na,bundleType:0,version:"17.0.2",rendererPackageName:"react-dom"},sc={bundleType:cc.bundleType,version:cc.version,rendererPackageName:cc.rendererPackageName,rendererConfig:cc.rendererConfig,overrideHookState:null,overrideHookStateDeletePath:null,overrideHookStateRenamePath:null,overrideProps:null,overridePropsDeletePath:null,overridePropsRenamePath:null,setSuspenseHandler:null,scheduleUpdate:null,currentDispatcherRef:x.ReactCurrentDispatcher,findHostInstanceByFiber:function(e){return null===(e=Ze(e))?null:e.stateNode},findFiberByHostInstance:cc.findFiberByHostInstance||function(){return null},findHostInstancesForRefresh:null,scheduleRefresh:null,scheduleRoot:null,setRefreshHandler:null,getCurrentFiber:null};if("undefined"!==typeof __REACT_DEVTOOLS_GLOBAL_HOOK__){var fc=__REACT_DEVTOOLS_GLOBAL_HOOK__;if(!fc.isDisabled&&fc.supportsFiber)try{ka=fc.inject(sc),Sa=fc}catch(ve){}}t.__SECRET_INTERNALS_DO_NOT_USE_OR_YOU_WILL_BE_FIRED=uc,t.createPortal=ic,t.findDOMNode=function(e){if(null==e)return null;if(1===e.nodeType)return e;var t=e._reactInternals;if(void 0===t){if("function"===typeof e.render)throw Error(l(188));throw Error(l(268,Object.keys(e)))}return e=null===(e=Ze(t))?null:e.stateNode},t.flushSync=function(e,t){var n=Li;if(0!==(48&n))return e(t);Li|=1;try{if(e)return Qa(99,e.bind(null,t))}finally{Li=n,Ka()}},t.hydrate=function(e,t,n){if(!oc(t))throw Error(l(200));return lc(null,e,t,!0,n)},t.render=function(e,t,n){if(!oc(t))throw Error(l(200));return lc(null,e,t,!1,n)},t.unmountComponentAtNode=function(e){if(!oc(e))throw Error(l(40));return!!e._reactRootContainer&&(xu((function(){lc(null,null,e,!1,(function(){e._reactRootContainer=null,e[ea]=null}))})),!0)},t.unstable_batchedUpdates=_u,t.unstable_createPortal=function(e,t){return ic(e,t,2<arguments.length&&void 0!==arguments[2]?arguments[2]:null)},t.unstable_renderSubtreeIntoContainer=function(e,t,n,r){if(!oc(n))throw Error(l(200));if(null==e||void 0===e._reactInternals)throw Error(l(38));return lc(e,t,n,!1,r)},t.version="17.0.2"},164:function(e,t,n){"use strict";!function e(){if("undefined"!==typeof __REACT_DEVTOOLS_GLOBAL_HOOK__&&"function"===typeof __REACT_DEVTOOLS_GLOBAL_HOOK__.checkDCE)try{__REACT_DEVTOOLS_GLOBAL_HOOK__.checkDCE(e)}catch(t){console.error(t)}}(),e.exports=n(463)},381:function(e){e.exports=Array.isArray||function(e){return"[object Array]"==Object.prototype.toString.call(e)}},239:function(e,t,n){var r=n(381);e.exports=p,e.exports.parse=o,e.exports.compile=function(e,t){return i(o(e,t),t)},e.exports.tokensToFunction=i,e.exports.tokensToRegExp=d;var a=new RegExp(["(\\\\\\\\.)","([\\\\/.])?(?:(?:\\\\:(\\\\w+)(?:\\\\(((?:\\\\\\\\.|[^\\\\\\\\()])+)\\\\))?|\\\\(((?:\\\\\\\\.|[^\\\\\\\\()])+)\\\\))([+*?])?|(\\\\*))"].join("|"),"g");function o(e,t){for(var n,r=[],o=0,l=0,i="",s=t&&t.delimiter||"/";null!=(n=a.exec(e));){var f=n[0],d=n[1],p=n.index;if(i+=e.slice(l,p),l=p+f.length,d)i+=d[1];else{var h=e[l],m=n[2],v=n[3],g=n[4],y=n[5],b=n[6],_=n[7];i&&(r.push(i),i="");var x=null!=m&&null!=h&&h!==m,w="+"===b||"*"===b,k="?"===b||"*"===b,S=n[2]||s,C=g||y;r.push({name:v||o++,prefix:m||"",delimiter:S,optional:k,repeat:w,partial:x,asterisk:!!_,pattern:C?c(C):_?".*":"[^"+u(S)+"]+?"})}}return l<e.length&&(i+=e.substr(l)),i&&r.push(i),r}function l(e){return encodeURI(e).replace(/[\\/?#]/g,(function(e){return"%"+e.charCodeAt(0).toString(16).toUpperCase()}))}function i(e,t){for(var n=new Array(e.length),a=0;a<e.length;a++)"object"===typeof e[a]&&(n[a]=new RegExp("^(?:"+e[a].pattern+")$",f(t)));return function(t,a){for(var o="",i=t||{},u=(a||{}).pretty?l:encodeURIComponent,c=0;c<e.length;c++){var s=e[c];if("string"!==typeof s){var f,d=i[s.name];if(null==d){if(s.optional){s.partial&&(o+=s.prefix);continue}throw new TypeError(\'Expected "\'+s.name+\'" to be defined\')}if(r(d)){if(!s.repeat)throw new TypeError(\'Expected "\'+s.name+\'" to not repeat, but received `\'+JSON.stringify(d)+"`");if(0===d.length){if(s.optional)continue;throw new TypeError(\'Expected "\'+s.name+\'" to not be empty\')}for(var p=0;p<d.length;p++){if(f=u(d[p]),!n[c].test(f))throw new TypeError(\'Expected all "\'+s.name+\'" to match "\'+s.pattern+\'", but received `\'+JSON.stringify(f)+"`");o+=(0===p?s.prefix:s.delimiter)+f}}else{if(f=s.asterisk?encodeURI(d).replace(/[?#]/g,(function(e){return"%"+e.charCodeAt(0).toString(16).toUpperCase()})):u(d),!n[c].test(f))throw new TypeError(\'Expected "\'+s.name+\'" to match "\'+s.pattern+\'", but received "\'+f+\'"\');o+=s.prefix+f}}else o+=s}return o}}function u(e){return e.replace(/([.+*?=^!:${}()[\\]|\\/\\\\])/g,"\\\\$1")}function c(e){return e.replace(/([=!:$\\/()])/g,"\\\\$1")}function s(e,t){return e.keys=t,e}function f(e){return e&&e.sensitive?"":"i"}function d(e,t,n){r(t)||(n=t||n,t=[]);for(var a=(n=n||{}).strict,o=!1!==n.end,l="",i=0;i<e.length;i++){var c=e[i];if("string"===typeof c)l+=u(c);else{var d=u(c.prefix),p="(?:"+c.pattern+")";t.push(c),c.repeat&&(p+="(?:"+d+p+")*"),l+=p=c.optional?c.partial?d+"("+p+")?":"(?:"+d+"("+p+"))?":d+"("+p+")"}}var h=u(n.delimiter||"/"),m=l.slice(-h.length)===h;return a||(l=(m?l.slice(0,-h.length):l)+"(?:"+h+"(?=$))?"),l+=o?"$":a&&m?"":"(?="+h+"|$)",s(new RegExp("^"+l,f(n)),t)}function p(e,t,n){return r(t)||(n=t||n,t=[]),n=n||{},e instanceof RegExp?function(e,t){var n=e.source.match(/\\((?!\\?)/g);if(n)for(var r=0;r<n.length;r++)t.push({name:r,prefix:null,delimiter:null,optional:!1,repeat:!1,partial:!1,asterisk:!1,pattern:null});return s(e,t)}(e,t):r(e)?function(e,t,n){for(var r=[],a=0;a<e.length;a++)r.push(p(e[a],t,n).source);return s(new RegExp("(?:"+r.join("|")+")",f(n)),t)}(e,t,n):function(e,t,n){return d(o(e,n),t,n)}(e,t,n)}},195:function(e,t){"use strict";var n="function"===typeof Symbol&&Symbol.for,r=n?Symbol.for("react.element"):60103,a=n?Symbol.for("react.portal"):60106,o=n?Symbol.for("react.fragment"):60107,l=n?Symbol.for("react.strict_mode"):60108,i=n?Symbol.for("react.profiler"):60114,u=n?Symbol.for("react.provider"):60109,c=n?Symbol.for("react.context"):60110,s=n?Symbol.for("react.async_mode"):60111,f=n?Symbol.for("react.concurrent_mode"):60111,d=n?Symbol.for("react.forward_ref"):60112,p=n?Symbol.for("react.suspense"):60113,h=n?Symbol.for("react.suspense_list"):60120,m=n?Symbol.for("react.memo"):60115,v=n?Symbol.for("react.lazy"):60116,g=n?Symbol.for("react.block"):60121,y=n?Symbol.for("react.fundamental"):60117,b=n?Symbol.for("react.responder"):60118,_=n?Symbol.for("react.scope"):60119;function x(e){if("object"===typeof e&&null!==e){var t=e.$$typeof;switch(t){case r:switch(e=e.type){case s:case f:case o:case i:case l:case p:return e;default:switch(e=e&&e.$$typeof){case c:case d:case v:case m:case u:return e;default:return t}}case a:return t}}}function w(e){return x(e)===f}},228:function(e,t,n){"use strict";n(195)},374:function(e,t,n){"use strict";n(725);var r=n(791),a=60103;if(t.Fragment=60107,"function"===typeof Symbol&&Symbol.for){var o=Symbol.for;a=o("react.element"),t.Fragment=o("react.fragment")}var l=r.__SECRET_INTERNALS_DO_NOT_USE_OR_YOU_WILL_BE_FIRED.ReactCurrentOwner,i=Object.prototype.hasOwnProperty,u={key:!0,ref:!0,__self:!0,__source:!0};function c(e,t,n){var r,o={},c=null,s=null;for(r in void 0!==n&&(c=""+n),void 0!==t.key&&(c=""+t.key),void 0!==t.ref&&(s=t.ref),t)i.call(t,r)&&!u.hasOwnProperty(r)&&(o[r]=t[r]);if(e&&e.defaultProps)for(r in t=e.defaultProps)void 0===o[r]&&(o[r]=t[r]);return{$$typeof:a,type:e,key:c,ref:s,props:o,_owner:l.current}}t.jsx=c,t.jsxs=c},117:function(e,t,n){"use strict";var r=n(725),a=60103,o=60106;t.Fragment=60107,t.StrictMode=60108,t.Profiler=60114;var l=60109,i=60110,u=60112;t.Suspense=60113;var c=60115,s=60116;if("function"===typeof Symbol&&Symbol.for){var f=Symbol.for;a=f("react.element"),o=f("react.portal"),t.Fragment=f("react.fragment"),t.StrictMode=f("react.strict_mode"),t.Profiler=f("react.profiler"),l=f("react.provider"),i=f("react.context"),u=f("react.forward_ref"),t.Suspense=f("react.suspense"),c=f("react.memo"),s=f("react.lazy")}var d="function"===typeof Symbol&&Symbol.iterator;function p(e){for(var t="https://reactjs.org/docs/error-decoder.html?invariant="+e,n=1;n<arguments.length;n++)t+="&args[]="+encodeURIComponent(arguments[n]);return"Minified React error #"+e+"; visit "+t+" for the full message or use the non-minified dev environment for full errors and additional helpful warnings."}var h={isMounted:function(){return!1},enqueueForceUpdate:function(){},enqueueReplaceState:function(){},enqueueSetState:function(){}},m={};function v(e,t,n){this.props=e,this.context=t,this.refs=m,this.updater=n||h}function g(){}function y(e,t,n){this.props=e,this.context=t,this.refs=m,this.updater=n||h}v.prototype.isReactComponent={},v.prototype.setState=function(e,t){if("object"!==typeof e&&"function"!==typeof e&&null!=e)throw Error(p(85));this.updater.enqueueSetState(this,e,t,"setState")},v.prototype.forceUpdate=function(e){this.updater.enqueueForceUpdate(this,e,"forceUpdate")},g.prototype=v.prototype;var b=y.prototype=new g;b.constructor=y,r(b,v.prototype),b.isPureReactComponent=!0;var _={current:null},x=Object.prototype.hasOwnProperty,w={key:!0,ref:!0,__self:!0,__source:!0};function k(e,t,n){var r,o={},l=null,i=null;if(null!=t)for(r in void 0!==t.ref&&(i=t.ref),void 0!==t.key&&(l=""+t.key),t)x.call(t,r)&&!w.hasOwnProperty(r)&&(o[r]=t[r]);var u=arguments.length-2;if(1===u)o.children=n;else if(1<u){for(var c=Array(u),s=0;s<u;s++)c[s]=arguments[s+2];o.children=c}if(e&&e.defaultProps)for(r in u=e.defaultProps)void 0===o[r]&&(o[r]=u[r]);return{$$typeof:a,type:e,key:l,ref:i,props:o,_owner:_.current}}function S(e){return"object"===typeof e&&null!==e&&e.$$typeof===a}var C=/\\/+/g;function E(e,t){return"object"===typeof e&&null!==e&&null!=e.key?function(e){var t={"=":"=0",":":"=2"};return"$"+e.replace(/[=:]/g,(function(e){return t[e]}))}(""+e.key):t.toString(36)}function N(e,t,n,r,l){var i=typeof e;"undefined"!==i&&"boolean"!==i||(e=null);var u=!1;if(null===e)u=!0;else switch(i){case"string":case"number":u=!0;break;case"object":switch(e.$$typeof){case a:case o:u=!0}}if(u)return l=l(u=e),e=""===r?"."+E(u,0):r,Array.isArray(l)?(n="",null!=e&&(n=e.replace(C,"$&/")+"/"),N(l,t,n,"",(function(e){return e}))):null!=l&&(S(l)&&(l=function(e,t){return{$$typeof:a,type:e.type,key:t,ref:e.ref,props:e.props,_owner:e._owner}}(l,n+(!l.key||u&&u.key===l.key?"":(""+l.key).replace(C,"$&/")+"/")+e)),t.push(l)),1;if(u=0,r=""===r?".":r+":",Array.isArray(e))for(var c=0;c<e.length;c++){var s=r+E(i=e[c],c);u+=N(i,t,n,s,l)}else if(s=function(e){return null===e||"object"!==typeof e?null:"function"===typeof(e=d&&e[d]||e["@@iterator"])?e:null}(e),"function"===typeof s)for(e=s.call(e),c=0;!(i=e.next()).done;)u+=N(i=i.value,t,n,s=r+E(i,c++),l);else if("object"===i)throw t=""+e,Error(p(31,"[object Object]"===t?"object with keys {"+Object.keys(e).join(", ")+"}":t));return u}function P(e,t,n){if(null==e)return e;var r=[],a=0;return N(e,r,"","",(function(e){return t.call(n,e,a++)})),r}function j(e){if(-1===e._status){var t=e._result;t=t(),e._status=0,e._result=t,t.then((function(t){0===e._status&&(t=t.default,e._status=1,e._result=t)}),(function(t){0===e._status&&(e._status=2,e._result=t)}))}if(1===e._status)return e._result;throw e._result}var O={current:null};function T(){var e=O.current;if(null===e)throw Error(p(321));return e}var L={ReactCurrentDispatcher:O,ReactCurrentBatchConfig:{transition:0},ReactCurrentOwner:_,IsSomeRendererActing:{current:!1},assign:r};t.Children={map:P,forEach:function(e,t,n){P(e,(function(){t.apply(this,arguments)}),n)},count:function(e){var t=0;return P(e,(function(){t++})),t},toArray:function(e){return P(e,(function(e){return e}))||[]},only:function(e){if(!S(e))throw Error(p(143));return e}},t.Component=v,t.PureComponent=y,t.__SECRET_INTERNALS_DO_NOT_USE_OR_YOU_WILL_BE_FIRED=L,t.cloneElement=function(e,t,n){if(null===e||void 0===e)throw Error(p(267,e));var o=r({},e.props),l=e.key,i=e.ref,u=e._owner;if(null!=t){if(void 0!==t.ref&&(i=t.ref,u=_.current),void 0!==t.key&&(l=""+t.key),e.type&&e.type.defaultProps)var c=e.type.defaultProps;for(s in t)x.call(t,s)&&!w.hasOwnProperty(s)&&(o[s]=void 0===t[s]&&void 0!==c?c[s]:t[s])}var s=arguments.length-2;if(1===s)o.children=n;else if(1<s){c=Array(s);for(var f=0;f<s;f++)c[f]=arguments[f+2];o.children=c}return{$$typeof:a,type:e.type,key:l,ref:i,props:o,_owner:u}},t.createContext=function(e,t){return void 0===t&&(t=null),(e={$$typeof:i,_calculateChangedBits:t,_currentValue:e,_currentValue2:e,_threadCount:0,Provider:null,Consumer:null}).Provider={$$typeof:l,_context:e},e.Consumer=e},t.createElement=k,t.createFactory=function(e){var t=k.bind(null,e);return t.type=e,t},t.createRef=function(){return{current:null}},t.forwardRef=function(e){return{$$typeof:u,render:e}},t.isValidElement=S,t.lazy=function(e){return{$$typeof:s,_payload:{_status:-1,_result:e},_init:j}},t.memo=function(e,t){return{$$typeof:c,type:e,compare:void 0===t?null:t}},t.useCallback=function(e,t){return T().useCallback(e,t)},t.useContext=function(e,t){return T().useContext(e,t)},t.useDebugValue=function(){},t.useEffect=function(e,t){return T().useEffect(e,t)},t.useImperativeHandle=function(e,t,n){return T().useImperativeHandle(e,t,n)},t.useLayoutEffect=function(e,t){return T().useLayoutEffect(e,t)},t.useMemo=function(e,t){return T().useMemo(e,t)},t.useReducer=function(e,t,n){return T().useReducer(e,t,n)},t.useRef=function(e){return T().useRef(e)},t.useState=function(e){return T().useState(e)},t.version="17.0.2"},791:function(e,t,n){"use strict";e.exports=n(117)},184:function(e,t,n){"use strict";e.exports=n(374)},813:function(e,t){"use strict";var n,r,a,o;if("object"===typeof performance&&"function"===typeof performance.now){var l=performance;t.unstable_now=function(){return l.now()}}else{var i=Date,u=i.now();t.unstable_now=function(){return i.now()-u}}if("undefined"===typeof window||"function"!==typeof MessageChannel){var c=null,s=null,f=function e(){if(null!==c)try{var n=t.unstable_now();c(!0,n),c=null}catch(r){throw setTimeout(e,0),r}};n=function(e){null!==c?setTimeout(n,0,e):(c=e,setTimeout(f,0))},r=function(e,t){s=setTimeout(e,t)},a=function(){clearTimeout(s)},t.unstable_shouldYield=function(){return!1},o=t.unstable_forceFrameRate=function(){}}else{var d=window.setTimeout,p=window.clearTimeout;if("undefined"!==typeof console){var h=window.cancelAnimationFrame;"function"!==typeof window.requestAnimationFrame&&console.error("This browser doesn\'t support requestAnimationFrame. Make sure that you load a polyfill in older browsers. https://reactjs.org/link/react-polyfills"),"function"!==typeof h&&console.error("This browser doesn\'t support cancelAnimationFrame. Make sure that you load a polyfill in older browsers. https://reactjs.org/link/react-polyfills")}var m=!1,v=null,g=-1,y=5,b=0;t.unstable_shouldYield=function(){return t.unstable_now()>=b},o=function(){},t.unstable_forceFrameRate=function(e){0>e||125<e?console.error("forceFrameRate takes a positive int between 0 and 125, forcing frame rates higher than 125 fps is not supported"):y=0<e?Math.floor(1e3/e):5};var _=new MessageChannel,x=_.port2;_.port1.onmessage=function(){if(null!==v){var e=t.unstable_now();b=e+y;try{v(!0,e)?x.postMessage(null):(m=!1,v=null)}catch(n){throw x.postMessage(null),n}}else m=!1},n=function(e){v=e,m||(m=!0,x.postMessage(null))},r=function(e,n){g=d((function(){e(t.unstable_now())}),n)},a=function(){p(g),g=-1}}function w(e,t){var n=e.length;e.push(t);e:for(;;){var r=n-1>>>1,a=e[r];if(!(void 0!==a&&0<C(a,t)))break e;e[r]=t,e[n]=a,n=r}}function k(e){return void 0===(e=e[0])?null:e}function S(e){var t=e[0];if(void 0!==t){var n=e.pop();if(n!==t){e[0]=n;e:for(var r=0,a=e.length;r<a;){var o=2*(r+1)-1,l=e[o],i=o+1,u=e[i];if(void 0!==l&&0>C(l,n))void 0!==u&&0>C(u,l)?(e[r]=u,e[i]=n,r=i):(e[r]=l,e[o]=n,r=o);else{if(!(void 0!==u&&0>C(u,n)))break e;e[r]=u,e[i]=n,r=i}}}return t}return null}function C(e,t){var n=e.sortIndex-t.sortIndex;return 0!==n?n:e.id-t.id}var E=[],N=[],P=1,j=null,O=3,T=!1,L=!1,F=!1;function z(e){for(var t=k(N);null!==t;){if(null===t.callback)S(N);else{if(!(t.startTime<=e))break;S(N),t.sortIndex=t.expirationTime,w(E,t)}t=k(N)}}function R(e){if(F=!1,z(e),!L)if(null!==k(E))L=!0,n(M);else{var t=k(N);null!==t&&r(R,t.startTime-e)}}function M(e,n){L=!1,F&&(F=!1,a()),T=!0;var o=O;try{for(z(n),j=k(E);null!==j&&(!(j.expirationTime>n)||e&&!t.unstable_shouldYield());){var l=j.callback;if("function"===typeof l){j.callback=null,O=j.priorityLevel;var i=l(j.expirationTime<=n);n=t.unstable_now(),"function"===typeof i?j.callback=i:j===k(E)&&S(E),z(n)}else S(E);j=k(E)}if(null!==j)var u=!0;else{var c=k(N);null!==c&&r(R,c.startTime-n),u=!1}return u}finally{j=null,O=o,T=!1}}var I=o;t.unstable_IdlePriority=5,t.unstable_ImmediatePriority=1,t.unstable_LowPriority=4,t.unstable_NormalPriority=3,t.unstable_Profiling=null,t.unstable_UserBlockingPriority=2,t.unstable_cancelCallback=function(e){e.callback=null},t.unstable_continueExecution=function(){L||T||(L=!0,n(M))},t.unstable_getCurrentPriorityLevel=function(){return O},t.unstable_getFirstCallbackNode=function(){return k(E)},t.unstable_next=function(e){switch(O){case 1:case 2:case 3:var t=3;break;default:t=O}var n=O;O=t;try{return e()}finally{O=n}},t.unstable_pauseExecution=function(){},t.unstable_requestPaint=I,t.unstable_runWithPriority=function(e,t){switch(e){case 1:case 2:case 3:case 4:case 5:break;default:e=3}var n=O;O=e;try{return t()}finally{O=n}},t.unstable_scheduleCallback=function(e,o,l){var i=t.unstable_now();switch("object"===typeof l&&null!==l?l="number"===typeof(l=l.delay)&&0<l?i+l:i:l=i,e){case 1:var u=-1;break;case 2:u=250;break;case 5:u=1073741823;break;case 4:u=1e4;break;default:u=5e3}return e={id:P++,callback:o,priorityLevel:e,startTime:l,expirationTime:u=l+u,sortIndex:-1},l>i?(e.sortIndex=l,w(N,e),null===k(E)&&e===k(N)&&(F?a():F=!0,r(R,l-i))):(e.sortIndex=u,w(E,e),L||T||(L=!0,n(M))),e},t.unstable_wrapCallback=function(e){var t=O;return function(){var n=O;O=t;try{return e.apply(this,arguments)}finally{O=n}}}},296:function(e,t,n){"use strict";e.exports=n(813)},216:function(e,t,n){"use strict";e.exports=n.p+"static/media/default-kitty.8de3ec2fefe82e844764.jpg"}},t={};function n(r){var a=t[r];if(void 0!==a)return a.exports;var o=t[r]={exports:{}};return e[r](o,o.exports,n),o.exports}n.m=e,n.n=function(e){var t=e&&e.__esModule?function(){return e.default}:function(){return e};return n.d(t,{a:t}),t},n.d=function(e,t){for(var r in t)n.o(t,r)&&!n.o(e,r)&&Object.defineProperty(e,r,{enumerable:!0,get:t[r]})},n.f={},n.e=function(e){return Promise.all(Object.keys(n.f).reduce((function(t,r){return n.f[r](e,t),t}),[]))},n.u=function(e){return"static/js/"+e+".7f0c0923.chunk.js"},n.miniCssF=function(e){},n.g=function(){if("object"===typeof globalThis)return globalThis;try{return this||new Function("return this")()}catch(e){if("object"===typeof window)return window}}(),n.o=function(e,t){return Object.prototype.hasOwnProperty.call(e,t)},function(){var e={},t="kittygram:";n.l=function(r,a,o,l){if(e[r])e[r].push(a);else{var i,u;if(void 0!==o)for(var c=document.getElementsByTagName("script"),s=0;s<c.length;s++){var f=c[s];if(f.getAttribute("src")==r||f.getAttribute("data-webpack")==t+o){i=f;break}}i||(u=!0,(i=document.createElement("script")).charset="utf-8",i.timeout=120,n.nc&&i.setAttribute("nonce",n.nc),i.setAttribute("data-webpack",t+o),i.src=r),e[r]=[a];var d=function(t,n){i.onerror=i.onload=null,clearTimeout(p);var a=e[r];if(delete e[r],i.parentNode&&i.parentNode.removeChild(i),a&&a.forEach((function(e){return e(n)})),t)return t(n)},p=setTimeout(d.bind(null,void 0,{type:"timeout",target:i}),12e4);i.onerror=d.bind(null,i.onerror),i.onload=d.bind(null,i.onload),u&&document.head.appendChild(i)}}}(),n.r=function(e){"undefined"!==typeof Symbol&&Symbol.toStringTag&&Object.defineProperty(e,Symbol.toStringTag,{value:"Module"}),Object.defineProperty(e,"__esModule",{value:!0})},n.p="/",function(){var e={179:0};n.f.j=function(t,r){var a=n.o(e,t)?e[t]:void 0;if(0!==a)if(a)r.push(a[2]);else{var o=new Promise((function(n,r){a=e[t]=[n,r]}));r.push(a[2]=o);var l=n.p+n.u(t),i=new Error;n.l(l,(function(r){if(n.o(e,t)&&(0!==(a=e[t])&&(e[t]=void 0),a)){var o=r&&("load"===r.type?"missing":r.type),l=r&&r.target&&r.target.src;i.message="Loading chunk "+t+" failed.\\n("+o+": "+l+")",i.name="ChunkLoadError",i.type=o,i.request=l,a[1](i)}}),"chunk-"+t,t)}};var t=function(t,r){var a,o,l=r[0],i=r[1],u=r[2],c=0;if(l.some((function(t){return 0!==e[t]}))){for(a in i)n.o(i,a)&&(n.m[a]=i[a]);if(u)u(n)}for(t&&t(r);c<l.length;c++)o=l[c],n.o(e,o)&&e[o]&&e[o][0](),e[l[c]]=0},r=self.webpackChunkkittygram=self.webpackChunkkittygram||[];r.forEach(t.bind(null,0)),r.push=t.bind(null,r.push.bind(r))}(),function(){"use strict";var e=n(791),t=n(164);function r(e,t){(null==t||t>e.length)&&(t=e.length);for(var n=0,r=new Array(t);n<t;n++)r[n]=e[n];return r}function a(e,t){if(e){if("string"===typeof e)return r(e,t);var n=Object.prototype.toString.call(e).slice(8,-1);return"Object"===n&&e.constructor&&(n=e.constructor.name),"Map"===n||"Set"===n?Array.from(e):"Arguments"===n||/^(?:Ui|I)nt(?:8|16|32)(?:Clamped)?Array$/.test(n)?r(e,t):void 0}}function o(e,t){return function(e){if(Array.isArray(e))return e}(e)||function(e,t){var n=null==e?null:"undefined"!==typeof Symbol&&e[Symbol.iterator]||e["@@iterator"];if(null!=n){var r,a,o=[],l=!0,i=!1;try{for(n=n.call(e);!(l=(r=n.next()).done)&&(o.push(r.value),!t||o.length!==t);l=!0);}catch(u){i=!0,a=u}finally{try{l||null==n.return||n.return()}finally{if(i)throw a}}return o}}(e,t)||a(e,t)||function(){throw new TypeError("Invalid attempt to destructure non-iterable instance.\\nIn order to be iterable, non-array objects must have a [Symbol.iterator]() method.")}()}function l(e,t){return l=Object.setPrototypeOf||function(e,t){return e.__proto__=t,e},l(e,t)}function i(e,t){e.prototype=Object.create(t.prototype),e.prototype.constructor=e,l(e,t)}function u(){return u=Object.assign||function(e){for(var t=1;t<arguments.length;t++){var n=arguments[t];for(var r in n)Object.prototype.hasOwnProperty.call(n,r)&&(e[r]=n[r])}return e},u.apply(this,arguments)}function c(e){return"/"===e.charAt(0)}function s(e,t){for(var n=t,r=n+1,a=e.length;r<a;n+=1,r+=1)e[n]=e[r];e.pop()}var f=function(e,t){void 0===t&&(t="");var n,r=e&&e.split("/")||[],a=t&&t.split("/")||[],o=e&&c(e),l=t&&c(t),i=o||l;if(e&&c(e)?a=r:r.length&&(a.pop(),a=a.concat(r)),!a.length)return"/";if(a.length){var u=a[a.length-1];n="."===u||".."===u||""===u}else n=!1;for(var f=0,d=a.length;d>=0;d--){var p=a[d];"."===p?s(a,d):".."===p?(s(a,d),f++):f&&(s(a,d),f--)}if(!i)for(;f--;f)a.unshift("..");!i||""===a[0]||a[0]&&c(a[0])||a.unshift("");var h=a.join("/");return n&&"/"!==h.substr(-1)&&(h+="/"),h};function d(e){return e.valueOf?e.valueOf():Object.prototype.valueOf.call(e)}var p=function e(t,n){if(t===n)return!0;if(null==t||null==n)return!1;if(Array.isArray(t))return Array.isArray(n)&&t.length===n.length&&t.every((function(t,r){return e(t,n[r])}));if("object"===typeof t||"object"===typeof n){var r=d(t),a=d(n);return r!==t||a!==n?e(r,a):Object.keys(Object.assign({},t,n)).every((function(r){return e(t[r],n[r])}))}return!1},h="Invariant failed";function m(e,t){if(!e)throw new Error(h)}function v(e){return"/"===e.charAt(0)?e:"/"+e}function g(e){return"/"===e.charAt(0)?e.substr(1):e}function y(e,t){return function(e,t){return 0===e.toLowerCase().indexOf(t.toLowerCase())&&-1!=="/?#".indexOf(e.charAt(t.length))}(e,t)?e.substr(t.length):e}function b(e){return"/"===e.charAt(e.length-1)?e.slice(0,-1):e}function _(e){var t=e.pathname,n=e.search,r=e.hash,a=t||"/";return n&&"?"!==n&&(a+="?"===n.charAt(0)?n:"?"+n),r&&"#"!==r&&(a+="#"===r.charAt(0)?r:"#"+r),a}function x(e,t,n,r){var a;"string"===typeof e?(a=function(e){var t=e||"/",n="",r="",a=t.indexOf("#");-1!==a&&(r=t.substr(a),t=t.substr(0,a));var o=t.indexOf("?");return-1!==o&&(n=t.substr(o),t=t.substr(0,o)),{pathname:t,search:"?"===n?"":n,hash:"#"===r?"":r}}(e),a.state=t):(void 0===(a=u({},e)).pathname&&(a.pathname=""),a.search?"?"!==a.search.charAt(0)&&(a.search="?"+a.search):a.search="",a.hash?"#"!==a.hash.charAt(0)&&(a.hash="#"+a.hash):a.hash="",void 0!==t&&void 0===a.state&&(a.state=t));try{a.pathname=decodeURI(a.pathname)}catch(o){throw o instanceof URIError?new URIError(\'Pathname "\'+a.pathname+\'" could not be decoded. This is likely caused by an invalid percent-encoding.\'):o}return n&&(a.key=n),r?a.pathname?"/"!==a.pathname.charAt(0)&&(a.pathname=f(a.pathname,r.pathname)):a.pathname=r.pathname:a.pathname||(a.pathname="/"),a}function w(){var e=null;var t=[];return{setPrompt:function(t){return e=t,function(){e===t&&(e=null)}},confirmTransitionTo:function(t,n,r,a){if(null!=e){var o="function"===typeof e?e(t,n):e;"string"===typeof o?"function"===typeof r?r(o,a):a(!0):a(!1!==o)}else a(!0)},appendListener:function(e){var n=!0;function r(){n&&e.apply(void 0,arguments)}return t.push(r),function(){n=!1,t=t.filter((function(e){return e!==r}))}},notifyListeners:function(){for(var e=arguments.length,n=new Array(e),r=0;r<e;r++)n[r]=arguments[r];t.forEach((function(e){return e.apply(void 0,n)}))}}}var k=!("undefined"===typeof window||!window.document||!window.document.createElement);function S(e,t){t(window.confirm(e))}var C="popstate",E="hashchange";function N(){try{return window.history.state||{}}catch(e){return{}}}function P(e){void 0===e&&(e={}),k||m(!1);var t=window.history,n=function(){var e=window.navigator.userAgent;return(-1===e.indexOf("Android 2.")&&-1===e.indexOf("Android 4.0")||-1===e.indexOf("Mobile Safari")||-1!==e.indexOf("Chrome")||-1!==e.indexOf("Windows Phone"))&&window.history&&"pushState"in window.history}(),r=!(-1===window.navigator.userAgent.indexOf("Trident")),a=e,o=a.forceRefresh,l=void 0!==o&&o,i=a.getUserConfirmation,c=void 0===i?S:i,s=a.keyLength,f=void 0===s?6:s,d=e.basename?b(v(e.basename)):"";function p(e){var t=e||{},n=t.key,r=t.state,a=window.location,o=a.pathname+a.search+a.hash;return d&&(o=y(o,d)),x(o,r,n)}function h(){return Math.random().toString(36).substr(2,f)}var g=w();function P(e){u(U,e),U.length=t.length,g.notifyListeners(U.location,U.action)}function j(e){(function(e){return void 0===e.state&&-1===navigator.userAgent.indexOf("CriOS")})(e)||L(p(e.state))}function O(){L(p(N()))}var T=!1;function L(e){if(T)T=!1,P();else{g.confirmTransitionTo(e,"POP",c,(function(t){t?P({action:"POP",location:e}):function(e){var t=U.location,n=z.indexOf(t.key);-1===n&&(n=0);var r=z.indexOf(e.key);-1===r&&(r=0);var a=n-r;a&&(T=!0,M(a))}(e)}))}}var F=p(N()),z=[F.key];function R(e){return d+_(e)}function M(e){t.go(e)}var I=0;function A(e){1===(I+=e)&&1===e?(window.addEventListener(C,j),r&&window.addEventListener(E,O)):0===I&&(window.removeEventListener(C,j),r&&window.removeEventListener(E,O))}var D=!1;var U={length:t.length,action:"POP",location:F,createHref:R,push:function(e,r){var a="PUSH",o=x(e,r,h(),U.location);g.confirmTransitionTo(o,a,c,(function(e){if(e){var r=R(o),i=o.key,u=o.state;if(n)if(t.pushState({key:i,state:u},null,r),l)window.location.href=r;else{var c=z.indexOf(U.location.key),s=z.slice(0,c+1);s.push(o.key),z=s,P({action:a,location:o})}else window.location.href=r}}))},replace:function(e,r){var a="REPLACE",o=x(e,r,h(),U.location);g.confirmTransitionTo(o,a,c,(function(e){if(e){var r=R(o),i=o.key,u=o.state;if(n)if(t.replaceState({key:i,state:u},null,r),l)window.location.replace(r);else{var c=z.indexOf(U.location.key);-1!==c&&(z[c]=o.key),P({action:a,location:o})}else window.location.replace(r)}}))},go:M,goBack:function(){M(-1)},goForward:function(){M(1)},block:function(e){void 0===e&&(e=!1);var t=g.setPrompt(e);return D||(A(1),D=!0),function(){return D&&(D=!1,A(-1)),t()}},listen:function(e){var t=g.appendListener(e);return A(1),function(){A(-1),t()}}};return U}var j="hashchange",O={hashbang:{encodePath:function(e){return"!"===e.charAt(0)?e:"!/"+g(e)},decodePath:function(e){return"!"===e.charAt(0)?e.substr(1):e}},noslash:{encodePath:g,decodePath:v},slash:{encodePath:v,decodePath:v}};function T(e){var t=e.indexOf("#");return-1===t?e:e.slice(0,t)}function L(){var e=window.location.href,t=e.indexOf("#");return-1===t?"":e.substring(t+1)}function F(e){window.location.replace(T(window.location.href)+"#"+e)}function z(e){void 0===e&&{},k||m(!1);var t=window.history,n=(window.navigator.userAgent.indexOf("Firefox"),e),r=n.getUserConfirmation,a=void 0===r?S:r,o=n.hashType,l=void 0===o?"slash":o,i=e.basename?b(v(e.basename)):"",c=O[l],s=c.encodePath,f=c.decodePath;function d(){var e=f(L());return i&&y(e,i),x(e)}var p=w();function h(e){u(U,e),U.length=t.length,p.notifyListeners(U.location,U.action)}var g=!1,C=null;function E(){var e,t,n=L(),r=s(n);if(n!==r)F(r);else{var o=d(),l=U.location;if(!g&&(o,l.pathname===t.pathname&&e.search===t.search&&e.hash===t.hash))return;if(C===_(o))return;null,function(e){if(g)!1,h();else{var t="POP";p.confirmTransitionTo(e,t,a,(function(n){n?h({action:t,location:e}):function(e){var t=U.location,n=R.lastIndexOf(_(t));-1===n&&0;var r=R.lastIndexOf(_(e));-1===r&&0;var a=n-r;a&&(!0,M(a))}(e)}))}}(o)}}var N=L(),P=s(N);N!==P&&F(P);var z=d(),R=[_(z)];function M(e){t.go(e)}var I=0;function A(e){1===(I+=e)&&1===e?window.addEventListener(j,E):0===I&&window.removeEventListener(j,E)}var D=!1;var U={length:t.length,action:"POP",location:z,createHref:function(e){var t=document.querySelector("base"),n="";return t&&t.getAttribute("href")&&T(window.location.href),n+"#"+s(i+_(e))},push:function(e,t){var n="PUSH",r=x(e,void 0,void 0,U.location);p.confirmTransitionTo(r,n,a,(function(e){if(e){var t=_(r),a=s(i+t);if(L()!==a){t,function(e){window.location.hash=e}(a);var o=R.lastIndexOf(_(U.location)),l=R.slice(0,o+1);l.push(t),l,h({action:n,location:r})}else h()}}))},replace:function(e,t){var n="REPLACE",r=x(e,void 0,void 0,U.location);p.confirmTransitionTo(r,n,a,(function(e){if(e){var t=_(r),a=s(i+t);L()!==a&&(t,F(a));var o=R.indexOf(_(U.location));-1!==o&&(R[o]=t),h({action:n,location:r})}}))},go:M,goBack:function(){M(-1)},goForward:function(){M(1)},block:function(e){void 0===e&&!1;var t=p.setPrompt(e);return D||(A(1),!0),function(){return D&&(!1,A(-1)),t()}},listen:function(e){var t=p.appendListener(e);return A(1),function(){A(-1),t()}}};return U}function R(e,t,n){return Math.min(Math.max(e,t),n)}function M(e){void 0===e&&{};var t=e,n=t.getUserConfirmation,r=t.initialEntries,a=void 0===r?["/"]:r,o=t.initialIndex,l=void 0===o?0:o,i=t.keyLength,c=void 0===i?6:i,s=w();function f(e){u(g,e),g.length=g.entries.length,s.notifyListeners(g.location,g.action)}function d(){return Math.random().toString(36).substr(2,c)}var p=R(l,0,a.length-1),h=a.map((function(e){return x(e,void 0,"string"===typeof e?d():e.key||d())})),m=_;function v(e){var t=R(g.index+e,0,g.entries.length-1),r=g.entries[t];s.confirmTransitionTo(r,"POP",n,(function(e){e?f({action:"POP",location:r,index:t}):f()}))}var g={length:h.length,action:"POP",location:h[p],index:p,entries:h,createHref:m,push:function(e,t){var r="PUSH",a=x(e,t,d(),g.location);s.confirmTransitionTo(a,r,n,(function(e){if(e){var t=g.index+1,n=g.entries.slice(0);n.length>t?n.splice(t,n.length-t,a):n.push(a),f({action:r,location:a,index:t,entries:n})}}))},replace:function(e,t){var r="REPLACE",a=x(e,t,d(),g.location);s.confirmTransitionTo(a,r,n,(function(e){e&&(g.entries[g.index]=a,f({action:r,location:a}))}))},go:v,goBack:function(){v(-1)},goForward:function(){v(1)},canGo:function(e){var t=g.index+e;return t>=0&&t<g.entries.length},block:function(e){return void 0===e&&!1,s.setPrompt(e)},listen:function(e){return s.appendListener(e)}};return g}var I=n(7),A=n.n(I),D=1073741823,U="undefined"!==typeof globalThis?globalThis:"undefined"!==typeof window?window:"undefined"!==typeof n.g?n.g:{};function $(e){var t=[];return{on:function(e){t.push(e)},off:function(e){t=t.filter((function(t){return t!==e}))},get:function(){return e},set:function(n,r){e=n,t.forEach((function(t){return t(e,r)}))}}}var B=e.createContext||function(t,n){var r,a,o="__create-react-context-"+function(){var e="__global_unique_id__";return U[e]=(U[e]||0)+1}()+"__",l=function(e){function t(){var t;return(t=e.apply(this,arguments)||this).emitter=$(t.props.value),t}i(t,e);var r=t.prototype;return r.getChildContext=function(){var e;return(e={})[o]=this.emitter,e},r.componentWillReceiveProps=function(e){if(this.props.value!==e.value){var t,r=this.props.value,a=e.value;((o=r)===(l=a)?0!==o||1/o===1/l:o!==o&&l!==l)?t=0:(t="function"===typeof n?n(r,a):D,0!==(t|=0)&&this.emitter.set(e.value,t))}var o,l},r.render=function(){return this.props.children},t}(e.Component);l.childContextTypes=((r={})[o]=A().object.isRequired,r);var u=function(e){function n(){var t;return(t=e.apply(this,arguments)||this).state={value:t.getValue()},t.onUpdate=function(e,n){0!==((0|t.observedBits)&n)&&t.setState({value:t.getValue()})},t}i(n,e);var r=n.prototype;return r.componentWillReceiveProps=function(e){var t=e.observedBits;this.observedBits=void 0===t||null===t?D:t},r.componentDidMount=function(){this.context[o]&&this.context[o].on(this.onUpdate);var e=this.props.observedBits;this.observedBits=void 0===e||null===e?D:e},r.componentWillUnmount=function(){this.context[o]&&this.context[o].off(this.onUpdate)},r.getValue=function(){return this.context[o]?this.context[o].get():t},r.render=function(){return(e=this.props.children,Array.isArray(e)?e[0]:e)(this.state.value);var e},n}(e.Component);return u.contextTypes=((a={})[o]=A().object,a),{Provider:l,Consumer:u}},V=B,W=n(239),H=n.n(W);n(228);function Q(e,t){if(null==e)return{};var n,r,a={},o=Object.keys(e);for(r=0;r<o.length;r++)n=o[r],t.indexOf(n)>=0||(a[n]=e[n]);return a}n(110);var q=function(e){var t=V();return t.displayName=e,t},K=q("Router-History"),Y=q("Router"),X=function(t){function n(e){var n;return(n=t.call(this,e)||this).state={location:e.history.location},n._isMounted=!1,n._pendingLocation=null,e.staticContext||(n.unlisten=e.history.listen((function(e){n._isMounted?n.setState({location:e}):n._pendingLocation=e}))),n}i(n,t),n.computeRootMatch=function(e){return{path:"/",url:"/",params:{},isExact:"/"===e}};var r=n.prototype;return r.componentDidMount=function(){this._isMounted=!0,this._pendingLocation&&this.setState({location:this._pendingLocation})},r.componentWillUnmount=function(){this.unlisten&&(this.unlisten(),this._isMounted=!1,this._pendingLocation=null)},r.render=function(){return e.createElement(Y.Provider,{value:{history:this.props.history,location:this.state.location,match:n.computeRootMatch(this.state.location.pathname),staticContext:this.props.staticContext}},e.createElement(K.Provider,{children:this.props.children||null,value:this.props.history}))},n}(e.Component);e.Component;var G=function(e){function t(){return e.apply(this,arguments)||this}i(t,e);var n=t.prototype;return n.componentDidMount=function(){this.props.onMount&&this.props.onMount.call(this,this)},n.componentDidUpdate=function(e){this.props.onUpdate&&this.props.onUpdate.call(this,this,e)},n.componentWillUnmount=function(){this.props.onUnmount&&this.props.onUnmount.call(this,this)},n.render=function(){return null},t}(e.Component);var J={},Z=0;function ee(e,t){return void 0===e&&(e="/"),void 0===t&&(t={}),"/"===e?e:function(e){if(J[e])return J[e];var t=H().compile(e);return Z<1e4&&(J[e]=t,Z++),t}(e)(t,{pretty:!0})}function te(t){var n=t.computedMatch,r=t.to,a=t.push,o=void 0!==a&&a;return e.createElement(Y.Consumer,null,(function(t){t||m(!1);var a=t.history,l=t.staticContext,i=o?a.push:a.replace,c=x(n?"string"===typeof r?ee(r,n.params):u({},r,{pathname:ee(r.pathname,n.params)}):r);return l?(i(c),null):e.createElement(G,{onMount:function(){i(c)},onUpdate:function(e,t){var n,r,a=x(t.to);n=a,r=u({},c,{key:a.key}),n.pathname===r.pathname&&n.search===r.search&&n.hash===r.hash&&n.key===r.key&&p(n.state,r.state)||i(c)},to:r})}))}var ne={},re=0;function ae(e,t){void 0===t&&(t={}),("string"===typeof t||Array.isArray(t))&&(t={path:t});var n=t,r=n.path,a=n.exact,o=void 0!==a&&a,l=n.strict,i=void 0!==l&&l,u=n.sensitive,c=void 0!==u&&u;return[].concat(r).reduce((function(t,n){if(!n&&""!==n)return null;if(t)return t;var r=function(e,t){var n=""+t.end+t.strict+t.sensitive,r=ne[n]||(ne[n]={});if(r[e])return r[e];var a=[],o={regexp:H()(e,a,t),keys:a};return re<1e4&&(r[e]=o,re++),o}(n,{end:o,strict:i,sensitive:c}),a=r.regexp,l=r.keys,u=a.exec(e);if(!u)return null;var s=u[0],f=u.slice(1),d=e===s;return o&&!d?null:{path:n,url:"/"===n&&""===s?"/":s,isExact:d,params:l.reduce((function(e,t,n){return e[t.name]=f[n],e}),{})}}),null)}var oe=function(t){function n(){return t.apply(this,arguments)||this}return i(n,t),n.prototype.render=function(){var t=this;return e.createElement(Y.Consumer,null,(function(n){n||m(!1);var r=t.props.location||n.location,a=u({},n,{location:r,match:t.props.computedMatch?t.props.computedMatch:t.props.path?ae(r.pathname,t.props):n.match}),o=t.props,l=o.children,i=o.component,c=o.render;return Array.isArray(l)&&function(t){return 0===e.Children.count(t)}(l)&&(l=null),e.createElement(Y.Provider,{value:a},a.match?l?"function"===typeof l?l(a):l:i?e.createElement(i,a):c?c(a):null:"function"===typeof l?l(a):null)}))},n}(e.Component);function le(e){return"/"===e.charAt(0)?e:"/"+e}function ie(e,t){if(!e)return t;var n=le(e);return 0!==t.pathname.indexOf(n)?t:u({},t,{pathname:t.pathname.substr(n.length)})}function ue(e){return"string"===typeof e?e:_(e)}function ce(e){return function(){m(!1)}}function se(){}e.Component;var fe=function(t){function n(){return t.apply(this,arguments)||this}return i(n,t),n.prototype.render=function(){var t=this;return e.createElement(Y.Consumer,null,(function(n){n||m(!1);var r,a,o=t.props.location||n.location;return e.Children.forEach(t.props.children,(function(t){if(null==a&&e.isValidElement(t)){r=t;var l=t.props.path||t.props.from;a=l?ae(o.pathname,u({},t.props,{path:l})):n.match}})),a?e.cloneElement(r,{location:o,computedMatch:a}):null}))},n}(e.Component);var de=e.useContext;function pe(){return de(K)}function he(){return de(Y).location}var me=function(t){function n(){for(var e,n=arguments.length,r=new Array(n),a=0;a<n;a++)r[a]=arguments[a];return(e=t.call.apply(t,[this].concat(r))||this).history=P(e.props),e}return i(n,t),n.prototype.render=function(){return e.createElement(X,{history:this.history,children:this.props.children})},n}(e.Component);e.Component;var ve=function(e,t){return"function"===typeof e?e(t):e},ge=function(e,t){return"string"===typeof e?x(e,null,null,t):e},ye=function(e){return e},be=e.forwardRef;"undefined"===typeof be&&(be=ye);var _e=be((function(t,n){var r=t.innerRef,a=t.navigate,o=t.onClick,l=Q(t,["innerRef","navigate","onClick"]),i=l.target,c=u({},l,{onClick:function(e){try{o&&o(e)}catch(t){throw e.preventDefault(),t}e.defaultPrevented||0!==e.button||i&&"_self"!==i||function(e){return!!(e.metaKey||e.altKey||e.ctrlKey||e.shiftKey)}(e)||(e.preventDefault(),a())}});return c.ref=ye!==be&&n||r,e.createElement("a",c)}));var xe=be((function(t,n){var r=t.component,a=void 0===r?_e:r,o=t.replace,l=t.to,i=t.innerRef,c=Q(t,["component","replace","to","innerRef"]);return e.createElement(Y.Consumer,null,(function(t){t||m(!1);var r=t.history,s=ge(ve(l,t.location),t.location),f=s?r.createHref(s):"",d=u({},c,{href:f,navigate:function(){var e=ve(l,t.location),n=_(t.location)===_(ge(e));(o||n?r.replace:r.push)(e)}});return ye!==be?d.ref=n||i:d.innerRef=i,e.createElement(a,d)}))})),we=function(e){return e},ke=e.forwardRef;"undefined"===typeof ke&&(ke=we);var Se=ke((function(t,n){var r=t["aria-current"],a=void 0===r?"page":r,o=t.activeClassName,l=void 0===o?"active":o,i=t.activeStyle,c=t.className,s=t.exact,f=t.isActive,d=t.location,p=t.sensitive,h=t.strict,v=t.style,g=t.to,y=t.innerRef,b=Q(t,["aria-current","activeClassName","activeStyle","className","exact","isActive","location","sensitive","strict","style","to","innerRef"]);return e.createElement(Y.Consumer,null,(function(t){t||m(!1);var r=d||t.location,o=ge(ve(g,r),r),_=o.pathname,x=_&&_.replace(/([.+*?=^!:${}()[\\]|/\\\\])/g,"\\\\$1"),w=x?ae(r.pathname,{path:x,exact:s,sensitive:p,strict:h}):null,k=!!(f?f(w,r):w),S="function"===typeof c?c(k):c,C="function"===typeof v?v(k):v;k&&(S=function(){for(var e=arguments.length,t=new Array(e),n=0;n<e;n++)t[n]=arguments[n];return t.filter((function(e){return e})).join(" ")}(S,l),C=u({},C,i));var E=u({"aria-current":k&&a||null,className:S,style:C,to:o},b);return we!==ke?E.ref=n||y:E.innerRef=y,e.createElement(xe,E)}))})),Ce=e.createContext(),Ee="",Ne=["#FFE4C4","#DEB887","#FFA500","#FF8C00","#D2691E","#8B4513","#FFFFFF","#F5F5F5","#DCDCDC","#A9A9A9","#808080","#000000"],Pe={bisque:"#FFE4C4",burlywood:"#DEB887",orange:"#FFA500",darkorange:"#FF8C00",chocolate:"#D2691E",saddlebrown:"#8B4513",white:"#FFFFFF",whitesmoke:"#F5F5F5",gainsboro:"#DCDCDC",darkgrey:"#A9A9A9",gray:"#808080",black:"#000000"},je=function(e){return new Promise((function(t,n){var r=new FileReader;r.readAsDataURL(e),r.onload=function(){return t(r.result)},r.onerror=function(e){return n(e)}}))},Oe=function(e){return e.ok?e.json():e.json().then((function(e){return Promise.reject(e)}))},Te={"Content-Type":"application/json"},Le=function(){return fetch("".concat(Ee,"/api/users/me/"),{method:"GET",headers:{"Content-Type":"application/json",authorization:"Token ".concat(localStorage.getItem("auth_token"))}}).then(Oe)},Fe=function(){var e=arguments.length>0&&void 0!==arguments[0]?arguments[0]:1;return fetch("".concat(Ee,"/api/cats/?page=").concat(e),{method:"GET",headers:{"Content-Type":"application/json",authorization:"Token ".concat(localStorage.getItem("auth_token"))}}).then(Oe)},ze=function(e){return fetch("".concat(Ee,"/api/cats/"),{method:"POST",headers:{"Content-Type":"application/json",authorization:"Token ".concat(localStorage.getItem("auth_token"))},body:JSON.stringify(e)}).then(Oe)},Re=function(e,t){return fetch("".concat(Ee,"/api/cats/").concat(t,"/"),{method:"PATCH",headers:{"Content-Type":"application/json",authorization:"Token ".concat(localStorage.getItem("auth_token"))},body:JSON.stringify(e)}).then(Oe)};function Me(e,t,n){return t in e?Object.defineProperty(e,t,{value:n,enumerable:!0,configurable:!0,writable:!0}):e[t]=n,e}function Ie(e,t){var n=Object.keys(e);if(Object.getOwnPropertySymbols){var r=Object.getOwnPropertySymbols(e);t&&(r=r.filter((function(t){return Object.getOwnPropertyDescriptor(e,t).enumerable}))),n.push.apply(n,r)}return n}function Ae(e){for(var t=1;t<arguments.length;t++){var n=null!=arguments[t]?arguments[t]:{};t%2?Ie(Object(n),!0).forEach((function(t){Me(e,t,n[t])})):Object.getOwnPropertyDescriptors?Object.defineProperties(e,Object.getOwnPropertyDescriptors(n)):Ie(Object(n)).forEach((function(t){Object.defineProperty(e,t,Object.getOwnPropertyDescriptor(n,t))}))}return e}function De(e,t){if(null==e)return{};var n,r,a=Q(e,t);if(Object.getOwnPropertySymbols){var o=Object.getOwnPropertySymbols(e);for(r=0;r<o.length;r++)n=o[r],t.indexOf(n)>=0||Object.prototype.propertyIsEnumerable.call(e,n)&&(a[n]=e[n])}return a}var Ue=n(184),$e=["children"],Be=function(e){var t=e.children,n=De(e,$e);return(0,Ue.jsx)(oe,Ae(Ae({},n),{},{render:function(){return localStorage.getItem("auth_token")?t:(0,Ue.jsx)(te,{to:"/signin"})}}))};var Ve=n.p+"static/media/login.fd91e54728b2a6dfcef8b694ff5fa200.svg";var We=n.p+"static/media/plus.59855b1b9164527df1ebd896c9f827f2.svg";var He=n.p+"static/media/logout.d61d17a46a28107d321d846ff4fd88c4.svg";var Qe=n.p+"static/media/logo.018b6643f3dd14ed8a10432df1ab2a2b.svg",qe="button-header_button__gE5G7",Ke="button-header_hidden__Ay3Pt",Ye="button-header_none__+Bd3A",Xe="button-header_text__1pP0C",Ge="button-header_icon__QsQzj",Je=["isLogin","text","icon","to","extraClass"],Ze=function(e){var t=e.isLogin,n=void 0!==t&&t,r=e.text,a=void 0===r?"":r,o=e.icon,l=e.to,i=void 0===l?"/signin":l,u=e.extraClass,c=void 0===u?"":u,s=De(e,Je);return(0,Ue.jsxs)(Se,Ae(Ae({to:i,className:"".concat(qe," ").concat(c)},s),{},{children:[(0,Ue.jsx)("img",{className:Ge,src:o,alt:"\\u0418\\u043a\\u043e\\u043d\\u043a\\u0430."}),(0,Ue.jsx)("p",{className:"text text_type_large text_color_white pl-8 ".concat(Xe," ").concat(!a&&Ye," ").concat(n&&Ke),children:a})]}))},et="button-secondary_button__rvAvn",tt="button-secondary_icon__3AaNU",nt=["type","icon","extraClass"],rt=function(e){var t=e.type,n=void 0===t?"button":t,r=e.icon,a=e.extraClass,o=void 0===a?"":a,l=De(e,nt);return(0,Ue.jsx)("button",Ae(Ae({className:"".concat(et," ").concat(o),type:n},l),{},{children:(0,Ue.jsx)("img",{className:tt,src:r,alt:"\\u041a\\u043d\\u043e\\u043f\\u043a\\u0430 \\u0432\\u044b\\u0445\\u043e\\u0434\\u0430 \\u0438\\u0437 \\u0430\\u043a\\u043a\\u0430\\u0443\\u043d\\u0442\\u0430."})}))},at={header:"header_header__z8ezc",logo:"header_logo__wLirW",btns_box:"header_btns_box__-8dFL",hidden:"header_hidden__gbYee"},ot=function(t){var n=t.setQueryPage,r=t.extraClass,a=void 0===r?"":r,l=o(e.useContext(Ce),2),i=l[0],u=l[1],c=he(),s="".concat(at.header," ").concat(("/signin"===c.pathname||"/signup"===c.pathname)&&at.hidden," ").concat(a);return(0,Ue.jsxs)("header",{className:s,children:[(0,Ue.jsx)(Se,{className:at.nav,to:"/",onClick:function(){n(1)},children:(0,Ue.jsx)("img",{className:at.logo,src:Qe,alt:"\\u041b\\u043e\\u0433\\u043e\\u0442\\u0438\\u043f."})}),i.id?(0,Ue.jsxs)("div",{className:at.btns_box,children:[(0,Ue.jsx)(Ze,{to:"/cats/add",text:"\\u0414\\u043e\\u0431\\u0430\\u0432\\u0438\\u0442\\u044c \\u043a\\u043e\\u0442\\u0430",icon:We,isLogin:!0}),(0,Ue.jsx)(rt,{icon:He,onClick:function(){fetch("".concat(Ee,"/api/token/logout/"),{method:"POST",headers:{"Content-Type":"application/json",authorization:"Token ".concat(localStorage.getItem("auth_token"))}}).then((function(e){return 204===e.status?(localStorage.removeItem("auth_token"),e):null})).then((function(){u({id:""}),n(1)}))}})]}):(0,Ue.jsx)(Ze,{to:"/signin",text:"\\u0412\\u043e\\u0439\\u0442\\u0438",icon:Ve})]})},lt="footer_footer__XXj-R",it="footer_text__9aNvQ",ut=function(e){var t=e.extraClass,n=void 0===t?"":t;return(0,Ue.jsx)("footer",{className:"".concat(lt," ").concat(n),children:(0,Ue.jsx)("p",{className:"text text_type_medium-20 text_color_input ".concat(it),children:"Kittygram ".concat((new Date).getFullYear())})})},ct="form-container_content__QF6jd",st=function(e){var t=e.children,n=e.extraClass,r=void 0===n?"":n;return(0,Ue.jsx)("div",{className:"".concat(ct," ").concat(r),children:t})};var ft=n.p+"static/media/eye.14d865b3b3ae85ab958b2bb4a49f75e0.svg";var dt=n.p+"static/media/eye-off.fc7a1ff2d14069eb4fd33ce01673c351.svg",pt={content:"input_content__34WpC",input:"input_input__bAnmr",eye_btn:"input_eye_btn__HxGE6",error:"input_error__UV1tM"},ht=["extraClass","extraInputClass","type","id","error"],mt=function(t){var n=t.extraClass,r=void 0===n?"":n,a=t.extraInputClass,l=void 0===a?"":a,i=t.type,u=t.id,c=t.error,s=De(t,ht),f=o(e.useState(!1),2),d=f[0],p=f[1],h="password"===i?d?"text":"password":i,m="password"===h?dt:ft;return(0,Ue.jsxs)("div",{className:"".concat(pt.content," ").concat(r),children:[(0,Ue.jsx)("input",Ae({id:u,type:h,className:"".concat(pt.input," text text_type_medium-16 text_color_primary ").concat(l)},s)),"password"===i&&(0,Ue.jsx)("button",{type:"button",className:pt.eye_btn,onClick:function(){p(!d)},children:(0,Ue.jsx)("img",{className:pt.eye_img,src:m,alt:"\\u041f\\u043e\\u0441\\u043c\\u043e\\u0442\\u0440\\u0435\\u0442\\u044c \\u043f\\u0430\\u0440\\u043e\\u043b\\u044c."})}),c&&(0,Ue.jsx)("span",{className:"text text_type_medium-16 text_color_red mb-4 ".concat(pt.error),children:c})]})},vt={button:"button-form_button__4mpE0"},gt=["text","extraClass","type"],yt=function(e){var t=e.text,n=void 0===t?"":t,r=e.extraClass,a=void 0===r?"":r,o=e.type,l=void 0===o?"button":o,i=De(e,gt);return(0,Ue.jsx)("button",Ae(Ae({className:"".concat(vt.button," ").concat(a),type:l},i),{},{children:(0,Ue.jsx)("p",{className:"text text_type_large text_color_white pl-8 ".concat(vt.text),children:n})}))},bt="sign-up_content__gBA-o",_t="sign-up_logo__uFH+m",xt="sign-up_title__cuAPb",wt="sign-up_subtitle__mhtwA",kt="sign-up_form__fBruE",St="sign-up_agreement__-44AE",Ct="sign-up_footer__5UI9T",Et="sign-up_nav__7NKpQ",Nt=function(t){var n=t.extraClass,r=void 0===n?"":n,a=o(e.useState({}),2),l=a[0],i=a[1],u=o(e.useState(""),2),c=u[0],s=u[1],f=o(e.useState(""),2),d=f[0],p=f[1],h=o(e.useState(""),2),m=h[0],v=h[1],g=pe(),y=function(e){i(Ae(Ae({},l),{},Me({},e.target.name,e.target.value)))};return(0,Ue.jsxs)("section",{className:"".concat(bt," ").concat(r),children:[(0,Ue.jsx)("img",{className:"".concat(_t," mb-16"),src:Qe,alt:"\\u041b\\u043e\\u0433\\u043e\\u0442\\u0438\\u043f"}),(0,Ue.jsx)("h1",{className:"text text_type_h1 text_color_primary mb-20 ".concat(xt),children:"\\u0420\\u0435\\u0433\\u0438\\u0441\\u0442\\u0440\\u0430\\u0446\\u0438\\u044f"}),(0,Ue.jsx)("p",{className:"text text_type_medium-20 text_color_input mb-10 ".concat(wt),children:"\\u0417\\u0430\\u0440\\u0435\\u0433\\u0438\\u0441\\u0442\\u0440\\u0438\\u0440\\u0443\\u0439\\u0442\\u0435\\u0441\\u044c \\u0434\\u043b\\u044f \\u0434\\u043e\\u0441\\u0442\\u0443\\u043f\\u0430 \\u043a Kittygram!"}),(0,Ue.jsxs)(st,{children:[(0,Ue.jsxs)("form",{className:kt,children:[(0,Ue.jsx)(mt,{onChange:y,name:"username",type:"text",id:1,placeholder:"\\u0418\\u043c\\u044f",error:m}),(0,Ue.jsx)(mt,{onChange:y,name:"password",type:"password",id:2,placeholder:"\\u041f\\u0430\\u0440\\u043e\\u043b\\u044c",error:d}),(0,Ue.jsx)(mt,{onChange:y,name:"password2",type:"password",id:3,placeholder:"\\u041f\\u043e\\u0432\\u0442\\u043e\\u0440\\u0438\\u0442\\u0435 \\u043f\\u0430\\u0440\\u043e\\u043b\\u044c",error:c}),(0,Ue.jsx)("p",{className:"text text_type_small text_color_input ".concat(St),children:"\\u0420\\u0435\\u0433\\u0438\\u0441\\u0442\\u0440\\u0438\\u0440\\u0443\\u044f\\u0441\\u044c \\u043d\\u0430 \\u043d\\u0430\\u0448\\u0435\\u043c \\u0441\\u0430\\u0439\\u0442\\u0435, \\u0432\\u044b \\u043e\\u0431\\u0435\\u0449\\u0430\\u0435\\u0442\\u0435 \\u043f\\u043e\\u0441\\u0442\\u0438\\u0442\\u044c \\u0432 \\u0441\\u0435\\u0440\\u0432\\u0438\\u0441 \\u0442\\u043e\\u043b\\u044c\\u043a\\u043e \\u043a\\u043e\\u0442\\u043e\\u0432, \\u043d\\u0438\\u043a\\u0430\\u043a\\u0438\\u0445 \\u0441\\u043e\\u0431\\u0430\\u043a."}),(0,Ue.jsx)(yt,{text:"\\u0417\\u0430\\u0440\\u0435\\u0433\\u0438\\u0441\\u0442\\u0440\\u0438\\u0440\\u043e\\u0432\\u0430\\u0442\\u044c\\u0441\\u044f",onClick:function(){var e,t;c&&s(""),m&&v(""),d&&p(""),(l.username?l.password?l.password2?l.password===l.password2||(s("\\u041f\\u0430\\u0440\\u043e\\u043b\\u0438 \\u043d\\u0435 \\u0441\\u043e\\u0432\\u043f\\u0430\\u0434\\u0430\\u044e\\u0442!"),0):(s("\\u041f\\u043e\\u043b\\u0435 \\u0441 \\u043f\\u0430\\u0440\\u043e\\u043b\\u0435\\u043c \\u044f\\u0432\\u043b\\u044f\\u0435\\u0442\\u0441\\u044f \\u043e\\u0431\\u044f\\u0437\\u0430\\u0442\\u0435\\u043b\\u044c\\u043d\\u044b\\u043c"),0):(p("\\u041f\\u043e\\u043b\\u0435 \\u0441 \\u043f\\u0430\\u0440\\u043e\\u043b\\u0435\\u043c \\u044f\\u0432\\u043b\\u044f\\u0435\\u0442\\u0441\\u044f \\u043e\\u0431\\u044f\\u0437\\u0430\\u0442\\u0435\\u043b\\u044c\\u043d\\u044b\\u043c"),0):(v("\\u041f\\u043e\\u043b\\u0435 \\u0441 \\u0438\\u043c\\u0435\\u043d\\u0435\\u043c \\u044f\\u0432\\u043b\\u044f\\u0435\\u0442\\u0441\\u044f \\u043e\\u0431\\u044f\\u0437\\u0430\\u0442\\u0435\\u043b\\u044c\\u043d\\u044b\\u043c"),0))&&(e=l.username,t=l.password,fetch("".concat(Ee,"/api/users/"),{method:"POST",headers:Te,body:JSON.stringify({username:e,password:t})}).then(Oe)).then((function(e){e&&e.username&&g.replace({pathname:"/signin"})})).catch((function(e){"object"===typeof e.username?v("\\u041f\\u043e\\u043b\\u044c\\u0437\\u043e\\u0432\\u0430\\u0442\\u0435\\u043b\\u044c \\u0441 \\u0442\\u0430\\u043a\\u0438\\u043c \\u0438\\u043c\\u0435\\u043d\\u0435\\u043c \\u0443\\u0436\\u0435 \\u0437\\u0430\\u0440\\u0435\\u0433\\u0438\\u0441\\u0442\\u0440\\u0438\\u0440\\u043e\\u0432\\u0430\\u043d"):"object"===typeof e.password?p("\\u041f\\u0430\\u0440\\u043e\\u043b\\u044c \\u0434\\u043e\\u043b\\u0436\\u0435\\u043d \\u0441\\u043e\\u0434\\u0435\\u0440\\u0436\\u0430\\u0442\\u044c \\u043c\\u0438\\u043d\\u0438\\u043c\\u0443\\u043c 8 \\u0441\\u0438\\u043c\\u0432\\u043e\\u043b\\u043e\\u0432 \\u0438 \\u043d\\u0435 \\u0441\\u043e\\u0441\\u0442\\u043e\\u044f\\u0442\\u044c \\u043f\\u043e\\u043b\\u043d\\u043e\\u0441\\u0442\\u044c\\u044e \\u0438\\u0437 \\u0446\\u0438\\u0444\\u0440"):s("\\u041e\\u0448\\u0438\\u0431\\u043a\\u0430 \\u0441\\u0435\\u0440\\u0432\\u0435\\u0440\\u0430")}))}}),(0,Ue.jsx)("p",{className:"text text_type_small text_color_input mt-5 mb-5",children:"\\u0438\\u043b\\u0438"})]}),(0,Ue.jsx)("div",{className:Ct,children:(0,Ue.jsx)(Se,{to:"/signin",className:"text text_type_medium-16 text_color_link ".concat(Et),children:"\\u0423\\u0436\\u0435 \\u0437\\u0430\\u0440\\u0435\\u0433\\u0438\\u0441\\u0442\\u0440\\u0438\\u0440\\u043e\\u0432\\u0430\\u043d\\u044b? \\u0412\\u043e\\u0439\\u0442\\u0438"})})]})]})},Pt="sign-in_content__NFW4-",jt="sign-in_logo__TLPO8",Ot="sign-in_title__-Rq9N",Tt="sign-in_subtitle__FS2pv",Lt="sign-in_form__lp3-r",Ft="sign-in_btn__oC-J6",zt="sign-in_footer__Lhi8x",Rt="sign-in_nav__yZAbu",Mt=function(t){var n=t.extraClass,r=void 0===n?"":n,a=o(e.useState({}),2),l=a[0],i=a[1],u=o(e.useContext(Ce),2),c=(u[0],u[1]),s=o(e.useState(""),2),f=s[0],d=s[1],p=o(e.useState(""),2),h=p[0],m=p[1],v=pe(),g=function(e){i(Ae(Ae({},l),{},Me({},e.target.name,e.target.value)))};return(0,Ue.jsxs)("section",{className:"".concat(Pt," ").concat(r),children:[(0,Ue.jsx)("img",{className:"".concat(jt," mb-16"),src:Qe,alt:"\\u041b\\u043e\\u0433\\u043e\\u0442\\u0438\\u043f"}),(0,Ue.jsx)("h1",{className:"text text_type_h1 text_color_primary mb-10 ".concat(Ot),children:"\\u0412\\u0445\\u043e\\u0434"}),(0,Ue.jsx)("p",{className:"text text_type_medium-20 text_color_input mb-20 ".concat(Tt),children:"\\u0412\\u043e\\u0439\\u0434\\u0438\\u0442\\u0435 \\u0434\\u043b\\u044f \\u0434\\u043e\\u0441\\u0442\\u0443\\u043f\\u0430 \\u043a Kittygram!"}),(0,Ue.jsxs)(st,{children:[(0,Ue.jsxs)("form",{className:Lt,children:[(0,Ue.jsx)(mt,{name:"username",type:"text",id:1,placeholder:"\\u0418\\u043c\\u044f",onChange:g,error:h}),(0,Ue.jsx)(mt,{name:"password",type:"password",id:2,placeholder:"\\u041f\\u0430\\u0440\\u043e\\u043b\\u044c",onChange:g,error:f}),(0,Ue.jsx)(yt,{extraClass:Ft,text:"\\u0412\\u043e\\u0439\\u0442\\u0438",onClick:function(){var e,t;h&&m(""),f&&d(""),(l.username?l.password||(d("\\u041f\\u043e\\u043b\\u0435 \\u0441 \\u043f\\u0430\\u0440\\u043e\\u043b\\u0435\\u043c \\u044f\\u0432\\u043b\\u044f\\u0435\\u0442\\u0441\\u044f \\u043e\\u0431\\u044f\\u0437\\u0430\\u0442\\u0435\\u043b\\u044c\\u043d\\u044b\\u043c"),0):(m("\\u041f\\u043e\\u043b\\u0435 \\u0441 \\u0438\\u043c\\u0435\\u043d\\u0435\\u043c \\u044f\\u0432\\u043b\\u044f\\u0435\\u0442\\u0441\\u044f \\u043e\\u0431\\u044f\\u0437\\u0430\\u0442\\u0435\\u043b\\u044c\\u043d\\u044b\\u043c"),0))&&(e=l.username,t=l.password,fetch("".concat(Ee,"/api/token/login/"),{method:"POST",headers:Te,body:JSON.stringify({username:e,password:t})}).then(Oe).then((function(e){return e.auth_token?(localStorage.setItem("auth_token",e.auth_token),e):null}))).then((function(e){e&&e.auth_token&&Le().then((function(e){e&&e.id&&(c({id:e.id}),v.replace({pathname:"/"}))}))})).catch((function(e){e.non_field_errors?d("\\u041d\\u0435\\u043f\\u0440\\u0430\\u0432\\u0438\\u043b\\u044c\\u043d\\u044b\\u0439 \\u043b\\u043e\\u0433\\u0438\\u043d \\u0438\\u043b\\u0438 \\u043f\\u0430\\u0440\\u043e\\u043b\\u044c"):d("\\u041e\\u0448\\u0438\\u0431\\u043a\\u0430 \\u0441\\u0435\\u0440\\u0432\\u0435\\u0440\\u0430")}))}}),(0,Ue.jsx)("p",{className:"text text_type_small text_color_input mt-5 mb-5",children:"\\u0438\\u043b\\u0438"})]}),(0,Ue.jsx)("div",{className:zt,children:(0,Ue.jsx)(Se,{to:"/signup",className:"text text_type_medium-16 text_color_link ".concat(Rt),children:"\\u0415\\u0449\\u0451 \\u043d\\u0435 \\u0437\\u0430\\u0440\\u0435\\u0433\\u0438\\u0441\\u0442\\u0440\\u0438\\u0440\\u043e\\u0432\\u0430\\u043d\\u044b? \\u0417\\u0430\\u0440\\u0435\\u0433\\u0438\\u0441\\u0442\\u0440\\u0438\\u0440\\u0443\\u0439\\u0442\\u0435\\u0441\\u044c"})})]})]})},It=n(216),At="main-card_content__jspn3",Dt="main-card_img__FF6td",Ut="main-card_cat_color_box__CSxEU",$t="main-card_cat_color__E7AhF",Bt="main-card_name_n_date_box__7NIhR",Vt="main-card_link__w9JZe",Wt="main-card_data_box__icWmC",Ht="main-card_name__YLdqh",Qt="main-card_date__-7YrD",qt=function(e){var t=e.cardId,n=e.name,r=void 0===n?"":n,a=e.date,o=void 0===a?"":a,l=e.color,i=void 0===l?"\\u0411\\u0435\\u0436\\u0435\\u0432\\u044b\\u0439":l,u=e.img,c=e.extraClass,s=void 0===c?"":c,f="black"===i||"saddlebrown"===i||"gray"===i||"darkgray"===i?"white":"primary";return(0,Ue.jsxs)("article",{className:"".concat(At," ").concat(s),children:[(0,Ue.jsx)(xe,{className:Vt,to:"/cats/".concat(t),children:(0,Ue.jsx)("img",{className:Dt,src:null!==u&&void 0!==u?u:It,alt:"\\u0424\\u043e\\u0442\\u043e \\u043a\\u043e\\u0442\\u0438\\u043a\\u0430."})}),(0,Ue.jsxs)("div",{className:Wt,children:[(0,Ue.jsxs)("div",{className:Bt,children:[(0,Ue.jsx)("p",{className:"text text_type_h3 text_color_primary mt-8 mb-3 ".concat(Ht),children:r}),(0,Ue.jsx)("p",{className:"text text_type_medium-20 text_color_secondary mb-8 ".concat(Qt),children:o})]}),(0,Ue.jsx)("div",{className:Ut,style:{backgroundColor:i},children:(0,Ue.jsx)("p",{className:"text text_type_medium-20 text_color_".concat(f," ").concat($t),children:i})})]})]})};var Kt=n.p+"static/media/arrow-left.6ff1d49a90339020f94d1421135f7fa6.svg";var Yt=n.p+"static/media/arrow-right.2452b64f6b61cdab22f430e1a3c2b883.svg",Xt="pagination-box_content__1CsCN",Gt="pagination-box_btn_box__EgxZv",Jt="pagination-box_btn__T9ku2",Zt="pagination-box_num_btn__xqcVb",en=function(t){var n=t.data,r=t.queryPage,a=t.setQueryPage,l=t.extraClass,i=void 0===l?"":l,u=o(e.useState([]),2),c=u[0],s=u[1],f=function(e){var t=e.target.closest("button");t&&t.name!==r&&a(+t.name)};return e.useEffect((function(){var e=[];if(n.pages<6)for(var t=1;t<=n.pages;t++)e.push(t);else 1===r?(e.push(1),e.push(2),e.push("..."),e.push(n.pages)):2===r||3===r?(e.push(1),e.push(2),e.push(3),e.push("..."),e.push(n.pages)):r===n.pages-2||r===n.pages-1?(e.push(1),e.push("..."),e.push(n.pages-2),e.push(n.pages-1),e.push(n.pages)):r===n.pages?(e.push(1),e.push("..."),e.push(n.pages-1),e.push(n.pages)):(e.push(1),e.push("..."),e.push(r),e.push("..."),e.push(n.pages));s(e)}),[n,r]),(0,Ue.jsxs)("div",{className:"".concat(Xt," ").concat(i),children:[(0,Ue.jsx)("button",{className:Jt,type:"button",onClick:function(){r>1&&a(r-1)},disabled:1===r,children:(0,Ue.jsx)("img",{src:Kt,alt:"\\u041f\\u0440\\u0435\\u0434\\u044b\\u0434\\u0443\\u0449\\u0430\\u044f \\u0441\\u0442\\u0440\\u0430\\u043d\\u0438\\u0446\\u0430."})}),(0,Ue.jsx)("div",{className:Gt,children:c.map((function(e,t){var n=r===e,a=n?600:500,o=n?"primary":"additional",l="..."!==e?e:"";return(0,Ue.jsx)("button",{name:l,className:Zt,type:"button",onClick:f,disabled:n||"..."===e,children:(0,Ue.jsx)("p",{className:"text text_type_medium text_color_".concat(o),style:{fontWeight:a,letterSpacing:"0.2px"},children:e})},t)}))}),(0,Ue.jsx)("button",{className:Jt,type:"button",onClick:function(){r<n.pages&&a(r+1)},disabled:r===n.pages,children:(0,Ue.jsx)("img",{src:Yt,alt:"\\u0421\\u043b\\u0435\\u0434\\u0443\\u044e\\u0449\\u0430\\u044f \\u0441\\u0442\\u0440\\u0430\\u043d\\u0438\\u0446\\u0430."})})]})},tn="main-page_content__jSflQ",nn="main-page_box__gof+4",rn="main-page_title__0Limq",an=function(t){var n=t.queryPage,r=t.setQueryPage,a=t.extraClass,l=void 0===a?"":a,i=o(e.useState([]),2),u=i[0],c=i[1],s=o(e.useState({}),2),f=s[0],d=s[1];return e.useEffect((function(){Fe(n).then((function(e){d({count:e.count,pages:Math.ceil(e.count/10)}),c(e.results)})).catch((function(e){"Invalid page."===e.detail?Fe(n-1).then((function(e){r(n-1),d({count:e.count,pages:Math.ceil(e.count/10)}),c(e.results)})).catch((function(e){console.error(e)})):console.error(e)}))}),[n,r]),(0,Ue.jsxs)("section",{className:"".concat(tn," ").concat(l),children:[(0,Ue.jsx)("h2",{className:"text text_type_h2 text_color_primary mt-25 mb-20 ".concat(rn),children:"\\u0417\\u0430\\u043c\\u0435\\u0447\\u0430\\u0442\\u0435\\u043b\\u044c\\u043d\\u044b\\u0435 \\u043a\\u043e\\u0442\\u044b"}),(0,Ue.jsx)("div",{className:nn,children:u.map((function(e,t){return(0,Ue.jsx)(qt,{cardId:e.id,img:e.image_url,name:e.name,date:e.birth_year,color:e.color},t)}))}),f.count>10&&(0,Ue.jsx)(en,{data:f,queryPage:n,setQueryPage:r})]})};var on=n.p+"static/media/left.ba3f3318a460c4b00226ae3ce7fd4e7b.svg";var ln=n.p+"static/media/edit.611e483e59ff026c004ea5a187429270.svg";var un=n.p+"static/media/trash.350e8fbd4c1c8ce9100b349c5bfe4405.svg",cn="card-page_content__-QS-g",sn="card-page_container__AWIda",fn="card-page_desktop_btn__L8ADJ",dn="card-page_desk_return__SM2fy",pn="card-page_desk_edit__+i1bX",hn="card-page_desk_remove__p7dW8",mn="card-page_btns_box_mobile__3wsK5",vn="card-page_img_box__hm8nt",gn="card-page_img__Fvt-D",yn="card-page_cat_color_box__Pnna0",bn="card-page_cat_color__SmQIB",_n="card-page_date__jGVcr",xn="card-page_achievements__uXTAy",wn="card-page_mobile_btn__zPSOM",kn="card-page_name__MhHql",Sn=function(t){var n,r=t.data,a=t.setData,l=t.extraClass,i=void 0===l?"":l,u=o(e.useState(""),2),c=u[0],s=u[1],f=o(e.useContext(Ce),1)[0],d=pe(),p=function(){var e=de(Y).match;return e?e.params:{}}();e.useEffect((function(){var e;(e=p.id,fetch("".concat(Ee,"/api/cats/").concat(e,"/"),{method:"GET",headers:{"Content-Type":"application/json",authorization:"Token ".concat(localStorage.getItem("auth_token"))}}).then(Oe)).then((function(e){if(e&&e.id){a(e);var t="";e.achievements.forEach((function(e){t?t+=", ".concat(e.achievement_name):t=e.achievement_name})),s(t)}}))}),[p.id,a]);var h=function(){a({}),d.push("/")},m=function(){var e;(e=r.id,fetch("".concat(Ee,"/api/cats/").concat(e,"/"),{method:"DELETE",headers:{"Content-Type":"application/json",authorization:"Token ".concat(localStorage.getItem("auth_token"))}}).then((function(e){return 204===e.status?{status:!0}:{status:!1}}))).then((function(e){e.status&&d.replace({pathname:"/"})})).catch((function(e){console.log(e.message)}))},v="black"===r.color||"saddlebrown"===r.color||"gray"===r.color||"darkgray"===r.color?"white":"primary";return(0,Ue.jsxs)("article",{className:"".concat(cn," ").concat(i),children:[(0,Ue.jsxs)("div",{className:sn,children:[(0,Ue.jsxs)("div",{className:mn,children:[(0,Ue.jsx)(rt,{extraClass:wn,icon:on,onClick:h}),r.owner&&r.owner===f.id&&(0,Ue.jsxs)(Ue.Fragment,{children:[(0,Ue.jsx)(Ze,{extraClass:"".concat(wn),icon:ln,to:"/cats/edit"}),(0,Ue.jsx)(rt,{extraClass:wn,icon:un,onClick:m})]})]}),(0,Ue.jsx)("div",{className:vn,children:(0,Ue.jsx)("img",{className:gn,src:null!==(n=r.image_url)&&void 0!==n?n:It,alt:"\\u0424\\u043e\\u0442\\u043e \\u043a\\u043e\\u0442\\u0438\\u043a\\u0430."})}),(0,Ue.jsx)(rt,{extraClass:"".concat(fn," ").concat(dn),icon:on,onClick:h}),r.owner&&r.owner===f.id&&(0,Ue.jsxs)(Ue.Fragment,{children:[(0,Ue.jsx)(Ze,{extraClass:"".concat(fn," ").concat(pn),icon:ln,to:"/cats/edit"}),(0,Ue.jsx)(rt,{extraClass:"".concat(fn," ").concat(hn),icon:un,onClick:m})]})]}),(0,Ue.jsx)("p",{className:"text text_type_h2-5 text_color_primary mt-35 mb-10 ".concat(kn),children:r.name}),(0,Ue.jsx)("p",{className:"text text_type_h3 text_color_secondary ".concat(_n),children:r.birth_year}),(0,Ue.jsx)("div",{className:yn,style:{backgroundColor:r.color},children:(0,Ue.jsx)("p",{className:"text text_type_medium-20 text_color_".concat(v," ").concat(bn),children:r.color})}),(0,Ue.jsx)("p",{className:"text text_type_h3 ".concat(xn),children:c})]})};var Cn=n.p+"static/media/image.1f8fb69e23a2923346dc85614ee781ed.svg";function En(e){return function(e){if(Array.isArray(e))return r(e)}(e)||function(e){if("undefined"!==typeof Symbol&&null!=e[Symbol.iterator]||null!=e["@@iterator"])return Array.from(e)}(e)||a(e)||function(){throw new TypeError("Invalid attempt to spread non-iterable instance.\\nIn order to be iterable, non-array objects must have a [Symbol.iterator]() method.")}()}var Nn=n.p+"static/media/arrow-down.97c71208e13653cf3de6706849402549.svg";var Pn=n.p+"static/media/arrow-up.6e99cc6c25ac1acbc8151883d979de6b.svg";var jn=n.p+"static/media/add.2268b30ae31e86e7e894d9f9c5882de4.svg",On="checkbox_content__bSpqE",Tn="checkbox_input__Qgwuf",Ln="checkbox_label__n26zZ",Fn=function(e){var t=e.name,n=e.id,r=e.checked,a=void 0!==r&&r,o=e.label,l=e.onChange,i=e.extraClass,u=void 0===i?"":i,c="text text_type_medium-16 text_color_option ".concat(Ln);return(0,Ue.jsxs)("div",{className:"".concat(On," ").concat(u),children:[(0,Ue.jsx)("input",{className:Tn,checked:a,onChange:l,type:"checkbox",name:t,id:n}),(0,Ue.jsx)("label",{className:c,htmlFor:n,children:o})]})};var zn=n.p+"static/media/cross.14f09e31cbcb140a369cc9725a225c59.svg",Rn="modal_content__LKJPu",Mn="modal_overlay__+jqTW",In=document.getElementById("react-modals"),An=function(e){var n=e.children,r=e.onClose,a=e.extraClass,o=void 0===a?"":a;return t.createPortal((0,Ue.jsxs)(Ue.Fragment,{children:[(0,Ue.jsx)("div",{className:"".concat(Rn," ").concat(o),children:n}),(0,Ue.jsx)("div",{className:Mn,onClick:r})]}),In)},Dn="popup_popup__8kICL",Un="popup_title__iBMkt",$n="popup_btn__fZdrU",Bn="popup_close_btn__QqZL3",Vn=function(e){var t=e.onClose,n=e.onChange,r=e.onSubmit,a=e.extraClass,o=void 0===a?"":a;return(0,Ue.jsx)(An,{onClose:t,children:(0,Ue.jsxs)("div",{className:"".concat(Dn," ").concat(o),children:[(0,Ue.jsx)("h3",{className:"text text_type_h3 text_color_primary mb-10 ".concat(Un),children:"\\u041d\\u043e\\u0432\\u043e\\u0435 \\u0434\\u043e\\u0441\\u0442\\u0438\\u0436\\u0435\\u043d\\u0438\\u0435"}),(0,Ue.jsx)(mt,{type:"text",onChange:n}),(0,Ue.jsx)(yt,{text:"\\u0414\\u043e\\u0431\\u0430\\u0432\\u0438\\u0442\\u044c",extraClass:$n,onClick:r}),(0,Ue.jsx)("button",{className:Bn,type:"button",onClick:t,children:(0,Ue.jsx)("img",{src:zn,alt:"\\u041a\\u043d\\u043e\\u043f\\u043a\\u0430 \\u0437\\u0430\\u043a\\u0440\\u044b\\u0442\\u0438\\u044f."})})]})})},Wn={content:"select_content__5esgk",btn:"select_btn__FGpZO",achievements_box:"select_achievements_box__ZWAOv",achievements_list:"select_achievements_list__IUARU",search_box:"select_search_box__NqOa2",search_input_box:"select_search_input_box__4OAz7",search_input:"select_search_input__mEvI8",add_btn:"select_add_btn__hsURC",text:"select_text__MkEZ8"},Hn=function(t){var n=t.card,r=t.setCard,a=t.userAchievements,l=t.extraClass,i=void 0===l?"":l,u=o(e.useState(!1),2),c=u[0],s=u[1],f=o(e.useState({}),2),d=f[0],p=f[1],h=o(e.useState(a||"\\u0414\\u043e\\u0441\\u0442\\u0438\\u0436\\u0435\\u043d\\u0438\\u044f"),2),m=h[0],v=h[1],g=o(e.useState([]),2),y=g[0],b=g[1],_=o(e.useState([]),2),x=_[0],w=_[1],k=o(e.useState(!1),2),S=k[0],C=k[1],E=o(e.useState(""),2),N=E[0],P=E[1],j=c?Pn:Nn,O=function(e){if(c){var t=[];for(var a in e)e[a]&&t.push({achievement_name:a});r(Ae(Ae({},n),{},{achievements:t}))}},T=function(e){p(Ae(Ae({},d),{},Me({},e.target.name,e.target.checked))),L(Ae(Ae({},d),{},Me({},e.target.name,e.target.checked))),O(Ae(Ae({},d),{},Me({},e.target.name,e.target.checked)))},L=function(e){var t=[];for(var n in e)e[n]&&t.push(n);t.length?v(t.join(", ")):v("\\u0414\\u043e\\u0441\\u0442\\u0438\\u0436\\u0435\\u043d\\u0438\\u044f")},F=function(){fetch("".concat(Ee,"/api/achievements/"),{method:"GET",headers:{"Content-Type":"application/json",authorization:"Token ".concat(localStorage.getItem("auth_token"))}}).then(Oe).then((function(e){var t=[];e.forEach((function(e){t.push(e.achievement_name)})),b(t),w(t)}))},z=function(){C(!1)};return e.useEffect((function(){if(F(),a){var e=a.split(", "),t={};e.forEach((function(e){t[e]=!0})),p(t),v(a)}}),[a]),(0,Ue.jsxs)("div",{className:"".concat(Wn.content," ").concat(i),children:[(0,Ue.jsxs)("button",{onClick:function(){O(d),s(!c)},type:"button",className:Wn.btn,children:[(0,Ue.jsx)("p",{className:"text text_type_medium-16 text_color_".concat("\\u0414\\u043e\\u0441\\u0442\\u0438\\u0436\\u0435\\u043d\\u0438\\u044f"===m?"secondary":"primary"," ").concat(Wn.text),children:m}),(0,Ue.jsx)("img",{className:Wn.img,src:j,alt:"\\u041e\\u0442\\u043a\\u0440\\u044b\\u0442\\u044c \\u0441\\u043f\\u0438\\u0441\\u043e\\u043a."})]}),c&&(0,Ue.jsxs)("div",{className:Wn.achievements_box,children:[(0,Ue.jsxs)("div",{className:Wn.search_box,children:[(0,Ue.jsx)(mt,{placeholder:"\\u041f\\u043e\\u0438\\u0441\\u043a",type:"text",extraClass:Wn.search_input_box,extraInputClass:Wn.search_input,onChange:function(e){b(x.filter((function(t){return-1!==t.toLowerCase().indexOf(e.target.value.toLowerCase())})))}}),(0,Ue.jsx)("button",{className:Wn.add_btn,onClick:function(){C(!0)},children:(0,Ue.jsx)("img",{src:jn,alt:"\\u041a\\u043d\\u043e\\u043f\\u043a\\u0430 \\u0434\\u043e\\u0431\\u0430\\u0432\\u043b\\u0435\\u043d\\u0438\\u044f \\u0434\\u043e\\u0441\\u0442\\u0438\\u0436\\u0435\\u043d\\u0438\\u044f."})})]}),(0,Ue.jsx)("div",{className:Wn.achievements_list,children:y.map((function(e,t){return(0,Ue.jsx)(Fn,{name:e,id:t,checked:d[e],label:e,onChange:T},t)}))})]}),S&&(0,Ue.jsx)(Vn,{onClose:z,onChange:function(e){P(e.target.value)},onSubmit:function(){b([].concat(En(y),[N])),w([].concat(En(x),[N])),z()}})]})},Qn="colors-box_colors_box__03yxD",qn="colors-box_colors_grid__ex9hE",Kn="colors-box_color_item__xc664",Yn="colors-box_cat_color__+lf25",Xn=function(e){var t=e.colorsList,n=e.currentColor,r=e.setCard,a=e.setCurrentColor,o=e.card,l=e.extraClass,i=void 0===l?"":l;return(0,Ue.jsxs)("div",{className:"".concat(Qn," ").concat(i),children:[(0,Ue.jsx)("div",{className:qn,children:t.map((function(e,t){var l={backgroundColor:e,border:e===n?"1px solid #FF5A26":"none"};return(0,Ue.jsx)("div",{style:l,className:Kn,onClick:function(){a(e),r(Ae(Ae({},o),{},{color:e}))}},t)}))}),(0,Ue.jsxs)("p",{className:"text text_type_medium-16 text_color_input ".concat(Yn),children:["\\u0426\\u0432\\u0435\\u0442 \\u043a\\u043e\\u0442\\u0430: ",(0,Ue.jsx)("span",{className:"text_color_primary",children:n})]})]})},Gn="add-card-page_content__m+Iro",Jn="add-card-page_container__MoYoa",Zn="add-card-page_return_btn__NsYn3",er="add-card-page_img_box__p4XHq",tr="add-card-page_img__isrMT",nr="add-card-page_submit_btn__np9UM",rr="add-card-page_return_btn_mobile__VksY1",ar="add-card-page_file_input__1bHTc",or=function(t){var n=t.extraClass,r=void 0===n?"":n,a=o(e.useState("#FFFFFF"),2),l=a[0],i=a[1],u=o(e.useState(""),2),c=u[0],s=u[1],f=o(e.useState({color:l,achievements:[]}),2),d=f[0],p=f[1],h=o(e.useState(""),2),m=h[0],v=h[1],g=o(e.useState(""),2),y=g[0],b=g[1],_=pe(),x=function(){_.goBack()},w=function(e){p(Ae(Ae({},d),{},Me({},e.target.name,e.target.value))),"image"===e.target.name&&s(e.target.value)},k=function(e){"object"===typeof e.name?v("\\u041f\\u043e\\u043b\\u0435 \\u0441 \\u0438\\u043c\\u0435\\u043d\\u0435\\u043c \\u044f\\u0432\\u043b\\u044f\\u0435\\u0442\\u0441\\u044f \\u043e\\u0431\\u044f\\u0437\\u0430\\u0442\\u0435\\u043b\\u044c\\u043d\\u044b\\u043c"):"object"===typeof e.birth_year&&b("\\u041f\\u043e\\u043b\\u0435 \\u0441 \\u0433\\u043e\\u0434\\u043e\\u043c \\u0440\\u043e\\u0436\\u0434\\u0435\\u043d\\u0438\\u044f \\u044f\\u0432\\u043b\\u044f\\u0435\\u0442\\u0441\\u044f \\u043e\\u0431\\u044f\\u0437\\u0430\\u0442\\u0435\\u043b\\u044c\\u043d\\u044b\\u043c")};return(0,Ue.jsxs)("div",{className:"".concat(Gn," ").concat(r),children:[(0,Ue.jsx)("h2",{className:"text text_type_h2 text_color_primary mt-25 mb-9",children:"\\u041d\\u043e\\u0432\\u044b\\u0439 \\u043a\\u043e\\u0442"}),(0,Ue.jsx)(rt,{extraClass:rr,icon:on,onClick:x}),(0,Ue.jsxs)("div",{className:Jn,children:[(0,Ue.jsxs)("label",{htmlFor:"image",className:er,children:[(0,Ue.jsx)("img",{className:tr,src:Cn,alt:"\\u0414\\u043e\\u0431\\u0430\\u0432\\u0438\\u0442\\u044c \\u0444\\u043e\\u0442\\u043e \\u043a\\u043e\\u0442\\u0438\\u043a\\u0430."}),(0,Ue.jsx)("p",{className:"text text_type_medium-16 text_color_primary",children:c||"\\u0417\\u0430\\u0433\\u0440\\u0443\\u0437\\u0438\\u0442\\u0435 \\u0444\\u043e\\u0442\\u043e \\u0432 \\u0444\\u043e\\u0440\\u043c\\u0430\\u0442\\u0435 JPG"})]}),(0,Ue.jsx)("input",{type:"file",className:ar,name:"image",id:"image",onChange:w}),(0,Ue.jsx)(mt,{onChange:w,name:"name",type:"text",placeholder:"\\u0418\\u043c\\u044f \\u043a\\u043e\\u0442\\u0430",error:m}),(0,Ue.jsx)(mt,{onChange:w,name:"birth_year",type:"text",placeholder:"\\u0413\\u043e\\u0434 \\u0440\\u043e\\u0436\\u0434\\u0435\\u043d\\u0438\\u044f",error:y}),(0,Ue.jsx)(Xn,{colorsList:Ne,currentColor:l,setCurrentColor:i,card:d,setCard:p}),(0,Ue.jsx)(Hn,{card:d,setCard:p}),(0,Ue.jsx)(yt,{extraClass:nr,text:"\\u0421\\u043e\\u0445\\u0440\\u0430\\u043d\\u0438\\u0442\\u044c",onClick:function(){y&&b(""),m&&v("");var e=document.querySelector(\'input[type="file"]\').files[0];e?je(e).then((function(e){d.image=e,ze(d).then((function(e){e&&e.id&&_.push("/cats/".concat(e.id))})).catch(k)})):ze(d).then((function(e){e&&e.id&&_.push("/cats/".concat(e.id))})).catch(k)}}),(0,Ue.jsx)(rt,{extraClass:Zn,icon:on,onClick:x})]})]})},lr="edit-card-page_content__La6IE",ir="edit-card-page_container__GcWvq",ur="edit-card-page_return_btn__KY1P2",cr="edit-card-page_img_box__7tS6H",sr="edit-card-page_img__k7OYu",fr="edit-card-page_current_img__sXwr2",dr="edit-card-page_remove_btn__OhWS1",pr="edit-card-page_submit_btn__zkld2",hr="edit-card-page_return_btn_mobile__ym8sf",mr="edit-card-page_file_input__06ah4",vr=function(t){var n=t.data,r=t.setData,a=t.extraClass,l=void 0===a?"":a,i=o(e.useState("#FFFFFF"),2),u=i[0],c=i[1],s=o(e.useState({}),2),f=s[0],d=s[1],p=o(e.useState(""),2),h=p[0],m=p[1],v=o(e.useState(""),2),g=v[0],y=v[1],b=o(e.useState(""),2),_=b[0],x=b[1],w=o(e.useState(""),2),k=w[0],S=w[1],C=pe();e.useEffect((function(){if(n.id){d(n),c(Pe[n.color]);var e="";n.achievements.forEach((function(t){e?e+=", ".concat(t.achievement_name):e=t.achievement_name})),m(e)}}),[n,r]);var E=function(e){d(Ae(Ae({},f),{},Me({},e.target.name,e.target.value))),"image"===e.target.name&&y(e.target.value)},N=function(){C.goBack()},P=function(e){"object"===typeof e.name?x("\\u041f\\u043e\\u043b\\u0435 \\u0441 \\u0438\\u043c\\u0435\\u043d\\u0435\\u043c \\u044f\\u0432\\u043b\\u044f\\u0435\\u0442\\u0441\\u044f \\u043e\\u0431\\u044f\\u0437\\u0430\\u0442\\u0435\\u043b\\u044c\\u043d\\u044b\\u043c"):"object"===typeof e.birth_year&&S("\\u041f\\u043e\\u043b\\u0435 \\u0441 \\u0433\\u043e\\u0434\\u043e\\u043c \\u0440\\u043e\\u0436\\u0434\\u0435\\u043d\\u0438\\u044f \\u044f\\u0432\\u043b\\u044f\\u0435\\u0442\\u0441\\u044f \\u043e\\u0431\\u044f\\u0437\\u0430\\u0442\\u0435\\u043b\\u044c\\u043d\\u044b\\u043c")};return(0,Ue.jsxs)("div",{className:"".concat(lr," ").concat(l),children:[(0,Ue.jsx)("h2",{className:"text text_type_h2 text_color_primary mt-25 mb-9",children:"\\u0420\\u0435\\u0434\\u0430\\u043a\\u0442\\u0438\\u0440\\u043e\\u0432\\u0430\\u0442\\u044c \\u043a\\u043e\\u0442\\u0430"}),(0,Ue.jsx)(rt,{extraClass:hr,icon:on,onClick:N}),(0,Ue.jsxs)("div",{className:ir,children:[!g&&f.image?(0,Ue.jsxs)("div",{className:cr,children:[(0,Ue.jsx)("img",{className:fr,src:f.image_url,alt:"\\u0424\\u043e\\u0442\\u043e \\u043a\\u043e\\u0442\\u0438\\u043a\\u0430."}),(0,Ue.jsx)(rt,{extraClass:dr,icon:un,onClick:function(){d(Ae(Ae({},f),{},{image:null}))}})]}):(0,Ue.jsxs)("label",{htmlFor:"image",className:cr,children:[(0,Ue.jsx)("img",{className:sr,src:Cn,alt:"\\u0414\\u043e\\u0431\\u0430\\u0432\\u0438\\u0442\\u044c \\u0444\\u043e\\u0442\\u043e \\u043a\\u043e\\u0442\\u0438\\u043a\\u0430."}),(0,Ue.jsx)("p",{className:"text text_type_medium-16 text_color_primary",children:g||"\\u0417\\u0430\\u0433\\u0440\\u0443\\u0437\\u0438\\u0442\\u0435 \\u0444\\u043e\\u0442\\u043e \\u0432 \\u0444\\u043e\\u0440\\u043c\\u0430\\u0442\\u0435 JPG"})]}),(0,Ue.jsx)("input",{type:"file",className:mr,name:"image",id:"image",onChange:E}),(0,Ue.jsx)(mt,{type:"text",placeholder:"\\u0418\\u043c\\u044f \\u043a\\u043e\\u0442\\u0430",name:"name",defaultValue:f.name,onChange:E,error:_}),(0,Ue.jsx)(mt,{type:"text",placeholder:"\\u0413\\u043e\\u0434 \\u0440\\u043e\\u0436\\u0434\\u0435\\u043d\\u0438\\u044f",name:"birth_year",defaultValue:f.birth_year,onChange:E,error:k}),(0,Ue.jsx)(Xn,{colorsList:Ne,currentColor:u,setCurrentColor:c,card:f,setCard:d}),(0,Ue.jsx)(Hn,{card:f,setCard:d,userAchievements:h}),(0,Ue.jsx)(yt,{extraClass:pr,text:"\\u0421\\u043e\\u0445\\u0440\\u0430\\u043d\\u0438\\u0442\\u044c",onClick:function(){k&&S(""),_&&x("");var e={},t=document.querySelector(\'input[type="file"]\').files[0];n.name!==f.name&&(e.name=f.name),n.color!==f.color&&(e.color=f.color),n.birth_year!==f.birth_year&&(e.birth_year=f.birth_year),n.image!==f.image&&null===f.image&&(e.image=f.image),JSON.stringify(n.achievements)!==JSON.stringify(f.achievements)&&(e.achievements=f.achievements),t?je(t).then((function(t){e.image=t,Re(e,f.id).then((function(e){e&&e.id&&C.replace({pathname:"/cats/".concat(e.id)})})).catch(P)})):Re(e,f.id).then((function(e){e&&e.id&&C.replace({pathname:"/cats/".concat(e.id)})})).catch(P)}}),(0,Ue.jsx)(rt,{extraClass:ur,icon:on,onClick:N})]})]})},gr="app_app__ZSdIq",yr="app_content__T+cwl";var br=function(){var t=o(e.useState({}),2),n=t[0],r=t[1],a=o(e.useState({}),2),l=a[0],i=a[1],u=o(e.useState(1),2),c=u[0],s=u[1];return e.useEffect((function(){localStorage.getItem("auth_token")&&Le().then((function(e){e&&e.id&&r({id:e.id})}))}),[]),(0,Ue.jsx)("div",{className:gr,children:(0,Ue.jsx)(Ce.Provider,{value:[n,r],children:(0,Ue.jsxs)(me,{children:[(0,Ue.jsx)(ot,{setQueryPage:s}),(0,Ue.jsx)("main",{className:yr,children:(0,Ue.jsxs)(fe,{children:[(0,Ue.jsx)(Be,{exact:!0,path:"/",children:(0,Ue.jsx)(an,{queryPage:c,setQueryPage:s})}),(0,Ue.jsx)(oe,{path:"/signin",children:(0,Ue.jsx)(Mt,{})}),(0,Ue.jsx)(oe,{path:"/signup",children:(0,Ue.jsx)(Nt,{})}),(0,Ue.jsx)(Be,{path:"/cats/add",children:(0,Ue.jsx)(or,{})}),(0,Ue.jsx)(Be,{path:"/cats/edit",children:(0,Ue.jsx)(vr,{data:l,setData:i})}),(0,Ue.jsx)(Be,{path:"/cats/:id",children:(0,Ue.jsx)(Sn,{data:l,setData:i})})]})}),(0,Ue.jsx)(ut,{})]})})})},_r=function(e){e&&e instanceof Function&&n.e(787).then(n.bind(n,787)).then((function(t){var n=t.getCLS,r=t.getFID,a=t.getFCP,o=t.getLCP,l=t.getTTFB;n(e),r(e),a(e),o(e),l(e)}))};t.render((0,Ue.jsx)(e.StrictMode,{children:(0,Ue.jsx)(br,{})}),document.getElementById("root")),_r()}()}();\n//# sourceMappingURL=main.8fbb4784.js.map' = <Response [200]>.text
========================= 1 failed, 5 passed in 1.75s ==========================
